172.23.141.100 - - [16/Jul/2022:23:17:43 +0800] "GET /nacos/v1/cs/health HTTP/1.1" 200 2 291 Apache-HttpAsyncClient/4.1.3 (Java/11.0.2)
172.23.141.100 - - [16/Jul/2022:23:17:48 +0800] "GET /nacos/v1/cs/health HTTP/1.1" 200 2 11 Apache-HttpAsyncClient/4.1.3 (Java/11.0.2)
172.23.141.100 - - [16/Jul/2022:23:17:53 +0800] "GET /nacos/v1/cs/health HTTP/1.1" 200 2 13 Apache-HttpAsyncClient/4.1.3 (Java/11.0.2)
172.23.141.100 - - [16/Jul/2022:23:17:58 +0800] "GET /nacos/v1/cs/health HTTP/1.1" 200 2 12 Apache-HttpAsyncClient/4.1.3 (Java/11.0.2)
172.23.141.100 - - [16/Jul/2022:23:18:03 +0800] "GET /nacos/v1/cs/health HTTP/1.1" 200 2 6 Apache-HttpAsyncClient/4.1.3 (Java/11.0.2)
172.23.141.100 - - [16/Jul/2022:23:18:08 +0800] "GET /nacos/v1/cs/health HTTP/1.1" 200 2 11 Apache-HttpAsyncClient/4.1.3 (Java/11.0.2)
172.23.141.100 - - [16/Jul/2022:23:18:13 +0800] "GET /nacos/v1/cs/health HTTP/1.1" 200 2 6 Apache-HttpAsyncClient/4.1.3 (Java/11.0.2)
172.23.141.100 - - [16/Jul/2022:23:18:18 +0800] "GET /nacos/v1/cs/health HTTP/1.1" 200 2 12 Apache-HttpAsyncClient/4.1.3 (Java/11.0.2)
172.23.141.100 - - [16/Jul/2022:23:18:23 +0800] "GET /nacos/v1/cs/health HTTP/1.1" 200 2 18 Apache-HttpAsyncClient/4.1.3 (Java/11.0.2)
172.23.141.100 - - [16/Jul/2022:23:18:28 +0800] "GET /nacos/v1/cs/health HTTP/1.1" 200 2 21 Apache-HttpAsyncClient/4.1.3 (Java/11.0.2)
172.23.141.100 - - [16/Jul/2022:23:18:33 +0800] "GET /nacos/v1/cs/health HTTP/1.1" 200 2 24 Apache-HttpAsyncClient/4.1.3 (Java/11.0.2)
172.23.141.100 - - [16/Jul/2022:23:18:38 +0800] "GET /nacos/v1/cs/health HTTP/1.1" 200 2 19 Apache-HttpAsyncClient/4.1.3 (Java/11.0.2)
172.23.141.100 - - [16/Jul/2022:23:18:43 +0800] "GET /nacos/v1/cs/health HTTP/1.1" 200 2 19 Apache-HttpAsyncClient/4.1.3 (Java/11.0.2)
172.23.141.100 - - [16/Jul/2022:23:18:48 +0800] "GET /nacos/v1/cs/health HTTP/1.1" 200 2 21 Apache-HttpAsyncClient/4.1.3 (Java/11.0.2)
0:0:0:0:0:0:0:1 - - [16/Jul/2022:23:18:48 +0800] "GET /nacos HTTP/1.1" 302 - 0 Mozilla/5.0 (Macintosh; Intel Mac OS X 10_15_7) AppleWebKit/537.36 (KHTML, like Gecko) Chrome/103.0.5060.114 Safari/537.36 Edg/103.0.1264.62
0:0:0:0:0:0:0:1 - - [16/Jul/2022:23:18:48 +0800] "GET /nacos/ HTTP/1.1" 200 2611 87 Mozilla/5.0 (Macintosh; Intel Mac OS X 10_15_7) AppleWebKit/537.36 (KHTML, like Gecko) Chrome/103.0.5060.114 Safari/537.36 Edg/103.0.1264.62
0:0:0:0:0:0:0:1 - - [16/Jul/2022:23:18:48 +0800] "GET /nacos/console-fe/public/css/codemirror.css HTTP/1.1" 200 8849 115 Mozilla/5.0 (Macintosh; Intel Mac OS X 10_15_7) AppleWebKit/537.36 (KHTML, like Gecko) Chrome/103.0.5060.114 Safari/537.36 Edg/103.0.1264.62
0:0:0:0:0:0:0:1 - - [16/Jul/2022:23:18:48 +0800] "GET /nacos/console-fe/public/css/icon.css HTTP/1.1" 200 5166 115 Mozilla/5.0 (Macintosh; Intel Mac OS X 10_15_7) AppleWebKit/537.36 (KHTML, like Gecko) Chrome/103.0.5060.114 Safari/537.36 Edg/103.0.1264.62
0:0:0:0:0:0:0:1 - - [16/Jul/2022:23:18:48 +0800] "GET /nacos/console-fe/public/css/bootstrap.css HTTP/1.1" 200 123285 139 Mozilla/5.0 (Macintosh; Intel Mac OS X 10_15_7) AppleWebKit/537.36 (KHTML, like Gecko) Chrome/103.0.5060.114 Safari/537.36 Edg/103.0.1264.62
0:0:0:0:0:0:0:1 - - [16/Jul/2022:23:18:48 +0800] "GET /nacos/console-fe/public/css/font-awesome.css HTTP/1.1" 200 33841 130 Mozilla/5.0 (Macintosh; Intel Mac OS X 10_15_7) AppleWebKit/537.36 (KHTML, like Gecko) Chrome/103.0.5060.114 Safari/537.36 Edg/103.0.1264.62
0:0:0:0:0:0:0:1 - - [16/Jul/2022:23:18:48 +0800] "GET /nacos/console-fe/public/css/console1412.css HTTP/1.1" 200 156959 130 Mozilla/5.0 (Macintosh; Intel Mac OS X 10_15_7) AppleWebKit/537.36 (KHTML, like Gecko) Chrome/103.0.5060.114 Safari/537.36 Edg/103.0.1264.62
0:0:0:0:0:0:0:1 - - [16/Jul/2022:23:18:48 +0800] "GET /nacos/console-fe/public/css/merge.css HTTP/1.1" 200 3857 130 Mozilla/5.0 (Macintosh; Intel Mac OS X 10_15_7) AppleWebKit/537.36 (KHTML, like Gecko) Chrome/103.0.5060.114 Safari/537.36 Edg/103.0.1264.62
0:0:0:0:0:0:0:1 - - [16/Jul/2022:23:18:48 +0800] "GET /nacos/console-fe/public/js/xml.js HTTP/1.1" 200 13050 62 Mozilla/5.0 (Macintosh; Intel Mac OS X 10_15_7) AppleWebKit/537.36 (KHTML, like Gecko) Chrome/103.0.5060.114 Safari/537.36 Edg/103.0.1264.62
0:0:0:0:0:0:0:1 - - [16/Jul/2022:23:18:48 +0800] "GET /nacos/console-fe/public/js/codemirror.addone.fullscreen.js HTTP/1.1" 200 1973 64 Mozilla/5.0 (Macintosh; Intel Mac OS X 10_15_7) AppleWebKit/537.36 (KHTML, like Gecko) Chrome/103.0.5060.114 Safari/537.36 Edg/103.0.1264.62
0:0:0:0:0:0:0:1 - - [16/Jul/2022:23:18:48 +0800] "GET /nacos/console-fe/public/js/jquery.js HTTP/1.1" 200 86658 76 Mozilla/5.0 (Macintosh; Intel Mac OS X 10_15_7) AppleWebKit/537.36 (KHTML, like Gecko) Chrome/103.0.5060.114 Safari/537.36 Edg/103.0.1264.62
0:0:0:0:0:0:0:1 - - [16/Jul/2022:23:18:48 +0800] "GET /nacos/console-fe/public/js/javascript.js HTTP/1.1" 200 32200 67 Mozilla/5.0 (Macintosh; Intel Mac OS X 10_15_7) AppleWebKit/537.36 (KHTML, like Gecko) Chrome/103.0.5060.114 Safari/537.36 Edg/103.0.1264.62
0:0:0:0:0:0:0:1 - - [16/Jul/2022:23:18:48 +0800] "GET /nacos/console-fe/public/js/codemirror.js HTTP/1.1" 200 366237 84 Mozilla/5.0 (Macintosh; Intel Mac OS X 10_15_7) AppleWebKit/537.36 (KHTML, like Gecko) Chrome/103.0.5060.114 Safari/537.36 Edg/103.0.1264.62
0:0:0:0:0:0:0:1 - - [16/Jul/2022:23:18:48 +0800] "GET /nacos/css/main.css HTTP/1.1" 200 376874 109 Mozilla/5.0 (Macintosh; Intel Mac OS X 10_15_7) AppleWebKit/537.36 (KHTML, like Gecko) Chrome/103.0.5060.114 Safari/537.36 Edg/103.0.1264.62
0:0:0:0:0:0:0:1 - - [16/Jul/2022:23:18:48 +0800] "GET /nacos/console-fe/public/js/codemirror.addone.json-lint.js HTTP/1.1" 200 1433 77 Mozilla/5.0 (Macintosh; Intel Mac OS X 10_15_7) AppleWebKit/537.36 (KHTML, like Gecko) Chrome/103.0.5060.114 Safari/537.36 Edg/103.0.1264.62
0:0:0:0:0:0:0:1 - - [16/Jul/2022:23:18:48 +0800] "GET /nacos/console-fe/public/js/merge.js HTTP/1.1" 200 37874 64 Mozilla/5.0 (Macintosh; Intel Mac OS X 10_15_7) AppleWebKit/537.36 (KHTML, like Gecko) Chrome/103.0.5060.114 Safari/537.36 Edg/103.0.1264.62
0:0:0:0:0:0:0:1 - - [16/Jul/2022:23:18:48 +0800] "GET /nacos/console-fe/public/js/codemirror.addone.lint.js HTTP/1.1" 200 8511 97 Mozilla/5.0 (Macintosh; Intel Mac OS X 10_15_7) AppleWebKit/537.36 (KHTML, like Gecko) Chrome/103.0.5060.114 Safari/537.36 Edg/103.0.1264.62
0:0:0:0:0:0:0:1 - - [16/Jul/2022:23:18:48 +0800] "GET /nacos/console-fe/public/js/codemirror.lib.json-lint.js HTTP/1.1" 200 16797 96 Mozilla/5.0 (Macintosh; Intel Mac OS X 10_15_7) AppleWebKit/537.36 (KHTML, like Gecko) Chrome/103.0.5060.114 Safari/537.36 Edg/103.0.1264.62
0:0:0:0:0:0:0:1 - - [16/Jul/2022:23:18:48 +0800] "GET /nacos/console-fe/public/js/diff_match_patch.js HTTP/1.1" 200 19192 67 Mozilla/5.0 (Macintosh; Intel Mac OS X 10_15_7) AppleWebKit/537.36 (KHTML, like Gecko) Chrome/103.0.5060.114 Safari/537.36 Edg/103.0.1264.62
0:0:0:0:0:0:0:1 - - [16/Jul/2022:23:18:48 +0800] "GET /nacos/console-fe/public/js/codemirror.lib.clike-lint.js HTTP/1.1" 200 31521 104 Mozilla/5.0 (Macintosh; Intel Mac OS X 10_15_7) AppleWebKit/537.36 (KHTML, like Gecko) Chrome/103.0.5060.114 Safari/537.36 Edg/103.0.1264.62
0:0:0:0:0:0:0:1 - - [16/Jul/2022:23:18:48 +0800] "GET /nacos/console-fe/public/js/loader.js HTTP/1.1" 200 28899 48 Mozilla/5.0 (Macintosh; Intel Mac OS X 10_15_7) AppleWebKit/537.36 (KHTML, like Gecko) Chrome/103.0.5060.114 Safari/537.36 Edg/103.0.1264.62
0:0:0:0:0:0:0:1 - - [16/Jul/2022:23:18:48 +0800] "GET /nacos/js/main.js HTTP/1.1" 200 1413779 67 Mozilla/5.0 (Macintosh; Intel Mac OS X 10_15_7) AppleWebKit/537.36 (KHTML, like Gecko) Chrome/103.0.5060.114 Safari/537.36 Edg/103.0.1264.62
0:0:0:0:0:0:0:1 - - [16/Jul/2022:23:18:48 +0800] "GET /nacos/console-fe/public/js/vs/editor/editor.main.js HTTP/1.1" 200 1824086 74 Mozilla/5.0 (Macintosh; Intel Mac OS X 10_15_7) AppleWebKit/537.36 (KHTML, like Gecko) Chrome/103.0.5060.114 Safari/537.36 Edg/103.0.1264.62
0:0:0:0:0:0:0:1 - - [16/Jul/2022:23:18:48 +0800] "GET /nacos/img/logo-2000-390.svg HTTP/1.1" 200 2106 105 Mozilla/5.0 (Macintosh; Intel Mac OS X 10_15_7) AppleWebKit/537.36 (KHTML, like Gecko) Chrome/103.0.5060.114 Safari/537.36 Edg/103.0.1264.62
0:0:0:0:0:0:0:1 - - [16/Jul/2022:23:18:49 +0800] "GET /nacos/console-fe/public/js/vs/editor/editor.main.nls.zh-cn.js HTTP/1.1" 200 22854 131 Mozilla/5.0 (Macintosh; Intel Mac OS X 10_15_7) AppleWebKit/537.36 (KHTML, like Gecko) Chrome/103.0.5060.114 Safari/537.36 Edg/103.0.1264.62
0:0:0:0:0:0:0:1 - - [16/Jul/2022:23:18:49 +0800] "GET /nacos/console-fe/public/js/vs/editor/editor.main.css HTTP/1.1" 200 172199 147 Mozilla/5.0 (Macintosh; Intel Mac OS X 10_15_7) AppleWebKit/537.36 (KHTML, like Gecko) Chrome/103.0.5060.114 Safari/537.36 Edg/103.0.1264.62
0:0:0:0:0:0:0:1 - - [16/Jul/2022:23:18:49 +0800] "GET /nacos/v1/console/server/state HTTP/1.1" 200 82 256 Mozilla/5.0 (Macintosh; Intel Mac OS X 10_15_7) AppleWebKit/537.36 (KHTML, like Gecko) Chrome/103.0.5060.114 Safari/537.36 Edg/103.0.1264.62
0:0:0:0:0:0:0:1 - - [16/Jul/2022:23:18:49 +0800] "GET /nacos/console-fe/public/icons/icon-font.woff HTTP/1.1" 200 5504 66 Mozilla/5.0 (Macintosh; Intel Mac OS X 10_15_7) AppleWebKit/537.36 (KHTML, like Gecko) Chrome/103.0.5060.114 Safari/537.36 Edg/103.0.1264.62
0:0:0:0:0:0:0:1 - - [16/Jul/2022:23:18:49 +0800] "GET /nacos/console-fe/public/css/fonts/aliyun-console-font.ttf?t91au5 HTTP/1.1" 200 169536 66 Mozilla/5.0 (Macintosh; Intel Mac OS X 10_15_7) AppleWebKit/537.36 (KHTML, like Gecko) Chrome/103.0.5060.114 Safari/537.36 Edg/103.0.1264.62
0:0:0:0:0:0:0:1 - - [16/Jul/2022:23:18:49 +0800] "GET /nacos/console-fe/public/img/favicon.ico HTTP/1.1" 200 4286 48 Mozilla/5.0 (Macintosh; Intel Mac OS X 10_15_7) AppleWebKit/537.36 (KHTML, like Gecko) Chrome/103.0.5060.114 Safari/537.36 Edg/103.0.1264.62
0:0:0:0:0:0:0:1 - - [16/Jul/2022:23:18:49 +0800] "GET /nacos/v1/console/namespaces?namespaceId= HTTP/1.1" 401 154 283 Mozilla/5.0 (Macintosh; Intel Mac OS X 10_15_7) AppleWebKit/537.36 (KHTML, like Gecko) Chrome/103.0.5060.114 Safari/537.36 Edg/103.0.1264.62
0:0:0:0:0:0:0:1 - - [16/Jul/2022:23:18:49 +0800] "GET /nacos/img/nacos.png HTTP/1.1" 200 3588 52 Mozilla/5.0 (Macintosh; Intel Mac OS X 10_15_7) AppleWebKit/537.36 (KHTML, like Gecko) Chrome/103.0.5060.114 Safari/537.36 Edg/103.0.1264.62
0:0:0:0:0:0:0:1 - - [16/Jul/2022:23:18:49 +0800] "GET /nacos/img/black_dot.png HTTP/1.1" 200 114 68 Mozilla/5.0 (Macintosh; Intel Mac OS X 10_15_7) AppleWebKit/537.36 (KHTML, like Gecko) Chrome/103.0.5060.114 Safari/537.36 Edg/103.0.1264.62
0:0:0:0:0:0:0:1 - - [16/Jul/2022:23:18:49 +0800] "GET /nacos/v1/cs/configs?search=accurate&dataId=&group=&appName=&config_tags=&pageNo=1&pageSize=10&tenant=&namespaceId= HTTP/1.1" 200 - 314 Mozilla/5.0 (Macintosh; Intel Mac OS X 10_15_7) AppleWebKit/537.36 (KHTML, like Gecko) Chrome/103.0.5060.114 Safari/537.36 Edg/103.0.1264.62
172.23.141.100 - - [16/Jul/2022:23:18:53 +0800] "GET /nacos/v1/cs/health HTTP/1.1" 200 2 37 Apache-HttpAsyncClient/4.1.3 (Java/11.0.2)
172.23.141.100 - - [16/Jul/2022:23:18:58 +0800] "GET /nacos/v1/cs/health HTTP/1.1" 200 2 19 Apache-HttpAsyncClient/4.1.3 (Java/11.0.2)
0:0:0:0:0:0:0:1 - - [16/Jul/2022:23:19:02 +0800] "POST /nacos/v1/auth/login HTTP/1.1" 200 60 270 Mozilla/5.0 (Macintosh; Intel Mac OS X 10_15_7) AppleWebKit/537.36 (KHTML, like Gecko) Chrome/103.0.5060.114 Safari/537.36 Edg/103.0.1264.62
172.23.141.100 - - [16/Jul/2022:23:19:03 +0800] "GET /nacos/v1/cs/health HTTP/1.1" 200 2 17 Apache-HttpAsyncClient/4.1.3 (Java/11.0.2)
0:0:0:0:0:0:0:1 - - [16/Jul/2022:23:19:07 +0800] "POST /nacos/v1/auth/login HTTP/1.1" 200 176 327 Mozilla/5.0 (Macintosh; Intel Mac OS X 10_15_7) AppleWebKit/537.36 (KHTML, like Gecko) Chrome/103.0.5060.114 Safari/537.36 Edg/103.0.1264.62
0:0:0:0:0:0:0:1 - - [16/Jul/2022:23:19:07 +0800] "GET /nacos/v1/console/server/state HTTP/1.1" 200 82 10 Mozilla/5.0 (Macintosh; Intel Mac OS X 10_15_7) AppleWebKit/537.36 (KHTML, like Gecko) Chrome/103.0.5060.114 Safari/537.36 Edg/103.0.1264.62
172.23.141.100 - - [16/Jul/2022:23:19:08 +0800] "GET /nacos/v1/cs/health HTTP/1.1" 200 2 21 Apache-HttpAsyncClient/4.1.3 (Java/11.0.2)
0:0:0:0:0:0:0:1 - - [16/Jul/2022:23:19:08 +0800] "GET /nacos/v1/console/namespaces?namespaceId= HTTP/1.1" 200 130 275 Mozilla/5.0 (Macintosh; Intel Mac OS X 10_15_7) AppleWebKit/537.36 (KHTML, like Gecko) Chrome/103.0.5060.114 Safari/537.36 Edg/103.0.1264.62
0:0:0:0:0:0:0:1 - - [16/Jul/2022:23:19:08 +0800] "GET /nacos/v1/cs/configs?search=accurate&dataId=&group=&appName=&config_tags=&pageNo=1&pageSize=10&tenant=&namespaceId= HTTP/1.1" 200 - 26 Mozilla/5.0 (Macintosh; Intel Mac OS X 10_15_7) AppleWebKit/537.36 (KHTML, like Gecko) Chrome/103.0.5060.114 Safari/537.36 Edg/103.0.1264.62
172.23.141.100 - - [16/Jul/2022:23:19:13 +0800] "GET /nacos/v1/cs/health HTTP/1.1" 200 2 15 Apache-HttpAsyncClient/4.1.3 (Java/11.0.2)
172.23.141.100 - - [16/Jul/2022:23:19:18 +0800] "GET /nacos/v1/cs/health HTTP/1.1" 200 2 23 Apache-HttpAsyncClient/4.1.3 (Java/11.0.2)
172.23.141.100 - - [16/Jul/2022:23:19:23 +0800] "GET /nacos/v1/cs/health HTTP/1.1" 200 2 17 Apache-HttpAsyncClient/4.1.3 (Java/11.0.2)
172.23.141.100 - - [16/Jul/2022:23:19:28 +0800] "GET /nacos/v1/cs/health HTTP/1.1" 200 2 21 Apache-HttpAsyncClient/4.1.3 (Java/11.0.2)
0:0:0:0:0:0:0:1 - - [16/Jul/2022:23:19:30 +0800] "GET /nacos/v1/ns/catalog/services?hasIpCount=true&withInstances=false&pageNo=1&pageSize=10&serviceNameParam=&groupNameParam=&namespaceId= HTTP/1.1" 200 39 61 Mozilla/5.0 (Macintosh; Intel Mac OS X 10_15_7) AppleWebKit/537.36 (KHTML, like Gecko) Chrome/103.0.5060.114 Safari/537.36 Edg/103.0.1264.62
172.23.141.100 - - [16/Jul/2022:23:19:33 +0800] "GET /nacos/v1/cs/health HTTP/1.1" 200 2 9 Apache-HttpAsyncClient/4.1.3 (Java/11.0.2)
172.23.141.100 - - [16/Jul/2022:23:19:38 +0800] "GET /nacos/v1/cs/health HTTP/1.1" 200 2 41 Apache-HttpAsyncClient/4.1.3 (Java/11.0.2)
172.23.141.100 - - [16/Jul/2022:23:19:43 +0800] "GET /nacos/v1/cs/health HTTP/1.1" 200 2 48 Apache-HttpAsyncClient/4.1.3 (Java/11.0.2)
172.23.141.100 - - [16/Jul/2022:23:19:48 +0800] "GET /nacos/v1/cs/health HTTP/1.1" 200 2 7 Apache-HttpAsyncClient/4.1.3 (Java/11.0.2)
172.23.141.100 - - [16/Jul/2022:23:19:53 +0800] "GET /nacos/v1/cs/health HTTP/1.1" 200 2 16 Apache-HttpAsyncClient/4.1.3 (Java/11.0.2)
172.23.141.100 - - [16/Jul/2022:23:19:58 +0800] "GET /nacos/v1/cs/health HTTP/1.1" 200 2 7 Apache-HttpAsyncClient/4.1.3 (Java/11.0.2)
172.23.141.100 - - [16/Jul/2022:23:20:03 +0800] "GET /nacos/v1/cs/health HTTP/1.1" 200 2 24 Apache-HttpAsyncClient/4.1.3 (Java/11.0.2)
172.23.141.100 - - [16/Jul/2022:23:20:08 +0800] "GET /nacos/v1/cs/health HTTP/1.1" 200 2 8 Apache-HttpAsyncClient/4.1.3 (Java/11.0.2)
172.23.141.100 - - [16/Jul/2022:23:20:13 +0800] "GET /nacos/v1/cs/health HTTP/1.1" 200 2 15 Apache-HttpAsyncClient/4.1.3 (Java/11.0.2)
172.23.141.100 - - [16/Jul/2022:23:20:18 +0800] "GET /nacos/v1/cs/health HTTP/1.1" 200 2 14 Apache-HttpAsyncClient/4.1.3 (Java/11.0.2)
172.23.141.100 - - [16/Jul/2022:23:20:23 +0800] "GET /nacos/v1/cs/health HTTP/1.1" 200 2 16 Apache-HttpAsyncClient/4.1.3 (Java/11.0.2)
172.23.141.100 - - [16/Jul/2022:23:20:28 +0800] "GET /nacos/v1/cs/health HTTP/1.1" 200 2 32 Apache-HttpAsyncClient/4.1.3 (Java/11.0.2)
172.23.141.100 - - [16/Jul/2022:23:20:33 +0800] "GET /nacos/v1/cs/health HTTP/1.1" 200 2 17 Apache-HttpAsyncClient/4.1.3 (Java/11.0.2)
172.23.141.100 - - [16/Jul/2022:23:20:38 +0800] "GET /nacos/v1/cs/health HTTP/1.1" 200 2 13 Apache-HttpAsyncClient/4.1.3 (Java/11.0.2)
172.23.141.100 - - [16/Jul/2022:23:20:43 +0800] "GET /nacos/v1/cs/health HTTP/1.1" 200 2 7 Apache-HttpAsyncClient/4.1.3 (Java/11.0.2)
172.23.141.100 - - [16/Jul/2022:23:20:48 +0800] "GET /nacos/v1/cs/health HTTP/1.1" 200 2 14 Apache-HttpAsyncClient/4.1.3 (Java/11.0.2)
172.23.141.100 - - [16/Jul/2022:23:20:53 +0800] "GET /nacos/v1/cs/health HTTP/1.1" 200 2 16 Apache-HttpAsyncClient/4.1.3 (Java/11.0.2)
172.23.141.100 - - [16/Jul/2022:23:20:58 +0800] "GET /nacos/v1/cs/health HTTP/1.1" 200 2 31 Apache-HttpAsyncClient/4.1.3 (Java/11.0.2)
172.23.141.100 - - [16/Jul/2022:23:21:03 +0800] "GET /nacos/v1/cs/health HTTP/1.1" 200 2 17 Apache-HttpAsyncClient/4.1.3 (Java/11.0.2)
172.23.141.100 - - [16/Jul/2022:23:21:08 +0800] "GET /nacos/v1/cs/health HTTP/1.1" 200 2 25 Apache-HttpAsyncClient/4.1.3 (Java/11.0.2)
172.23.141.100 - - [16/Jul/2022:23:21:13 +0800] "GET /nacos/v1/cs/health HTTP/1.1" 200 2 6 Apache-HttpAsyncClient/4.1.3 (Java/11.0.2)
172.23.141.100 - - [16/Jul/2022:23:21:18 +0800] "GET /nacos/v1/cs/health HTTP/1.1" 200 2 10 Apache-HttpAsyncClient/4.1.3 (Java/11.0.2)
172.23.141.100 - - [16/Jul/2022:23:21:23 +0800] "GET /nacos/v1/cs/health HTTP/1.1" 200 2 9 Apache-HttpAsyncClient/4.1.3 (Java/11.0.2)
172.23.141.100 - - [16/Jul/2022:23:21:28 +0800] "GET /nacos/v1/cs/health HTTP/1.1" 200 2 24 Apache-HttpAsyncClient/4.1.3 (Java/11.0.2)
172.23.141.100 - - [16/Jul/2022:23:21:33 +0800] "GET /nacos/v1/cs/health HTTP/1.1" 200 2 17 Apache-HttpAsyncClient/4.1.3 (Java/11.0.2)
172.23.141.100 - - [16/Jul/2022:23:21:38 +0800] "GET /nacos/v1/cs/health HTTP/1.1" 200 2 33 Apache-HttpAsyncClient/4.1.3 (Java/11.0.2)
172.23.141.100 - - [16/Jul/2022:23:21:43 +0800] "GET /nacos/v1/cs/health HTTP/1.1" 200 2 23 Apache-HttpAsyncClient/4.1.3 (Java/11.0.2)
172.23.141.100 - - [16/Jul/2022:23:21:48 +0800] "GET /nacos/v1/cs/health HTTP/1.1" 200 2 8 Apache-HttpAsyncClient/4.1.3 (Java/11.0.2)
172.23.141.100 - - [16/Jul/2022:23:21:53 +0800] "GET /nacos/v1/cs/health HTTP/1.1" 200 2 8 Apache-HttpAsyncClient/4.1.3 (Java/11.0.2)
172.23.141.100 - - [16/Jul/2022:23:21:58 +0800] "GET /nacos/v1/cs/health HTTP/1.1" 200 2 5 Apache-HttpAsyncClient/4.1.3 (Java/11.0.2)
172.23.141.100 - - [16/Jul/2022:23:22:03 +0800] "GET /nacos/v1/cs/health HTTP/1.1" 200 2 8 Apache-HttpAsyncClient/4.1.3 (Java/11.0.2)
172.23.141.100 - - [16/Jul/2022:23:22:08 +0800] "GET /nacos/v1/cs/health HTTP/1.1" 200 2 22 Apache-HttpAsyncClient/4.1.3 (Java/11.0.2)
172.23.141.100 - - [16/Jul/2022:23:22:13 +0800] "GET /nacos/v1/cs/health HTTP/1.1" 200 2 23 Apache-HttpAsyncClient/4.1.3 (Java/11.0.2)
172.23.141.100 - - [16/Jul/2022:23:22:18 +0800] "GET /nacos/v1/cs/health HTTP/1.1" 200 2 9 Apache-HttpAsyncClient/4.1.3 (Java/11.0.2)
172.23.141.100 - - [16/Jul/2022:23:22:23 +0800] "GET /nacos/v1/cs/health HTTP/1.1" 200 2 13 Apache-HttpAsyncClient/4.1.3 (Java/11.0.2)
172.23.141.100 - - [16/Jul/2022:23:22:28 +0800] "GET /nacos/v1/cs/health HTTP/1.1" 200 2 30 Apache-HttpAsyncClient/4.1.3 (Java/11.0.2)
172.23.141.100 - - [16/Jul/2022:23:22:33 +0800] "GET /nacos/v1/cs/health HTTP/1.1" 200 2 7 Apache-HttpAsyncClient/4.1.3 (Java/11.0.2)
172.23.141.100 - - [16/Jul/2022:23:22:38 +0800] "GET /nacos/v1/cs/health HTTP/1.1" 200 2 6 Apache-HttpAsyncClient/4.1.3 (Java/11.0.2)
172.23.141.100 - - [16/Jul/2022:23:22:43 +0800] "GET /nacos/v1/cs/health HTTP/1.1" 200 2 5 Apache-HttpAsyncClient/4.1.3 (Java/11.0.2)
172.23.141.100 - - [16/Jul/2022:23:22:48 +0800] "GET /nacos/v1/cs/health HTTP/1.1" 200 2 27 Apache-HttpAsyncClient/4.1.3 (Java/11.0.2)
172.23.141.100 - - [16/Jul/2022:23:22:53 +0800] "GET /nacos/v1/cs/health HTTP/1.1" 200 2 15 Apache-HttpAsyncClient/4.1.3 (Java/11.0.2)
172.23.141.100 - - [16/Jul/2022:23:22:58 +0800] "GET /nacos/v1/cs/health HTTP/1.1" 200 2 21 Apache-HttpAsyncClient/4.1.3 (Java/11.0.2)
172.23.141.100 - - [16/Jul/2022:23:23:03 +0800] "GET /nacos/v1/cs/health HTTP/1.1" 200 2 20 Apache-HttpAsyncClient/4.1.3 (Java/11.0.2)
172.23.141.100 - - [16/Jul/2022:23:23:08 +0800] "GET /nacos/v1/cs/health HTTP/1.1" 200 2 12 Apache-HttpAsyncClient/4.1.3 (Java/11.0.2)
172.23.141.100 - - [16/Jul/2022:23:23:13 +0800] "GET /nacos/v1/cs/health HTTP/1.1" 200 2 7 Apache-HttpAsyncClient/4.1.3 (Java/11.0.2)
172.23.141.100 - - [16/Jul/2022:23:23:18 +0800] "GET /nacos/v1/cs/health HTTP/1.1" 200 2 6 Apache-HttpAsyncClient/4.1.3 (Java/11.0.2)
172.23.141.100 - - [16/Jul/2022:23:23:23 +0800] "GET /nacos/v1/cs/health HTTP/1.1" 200 2 11 Apache-HttpAsyncClient/4.1.3 (Java/11.0.2)
172.23.141.100 - - [16/Jul/2022:23:23:28 +0800] "GET /nacos/v1/cs/health HTTP/1.1" 200 2 10 Apache-HttpAsyncClient/4.1.3 (Java/11.0.2)
172.23.141.100 - - [16/Jul/2022:23:23:33 +0800] "GET /nacos/v1/cs/health HTTP/1.1" 200 2 6 Apache-HttpAsyncClient/4.1.3 (Java/11.0.2)
127.0.0.1 - - [16/Jul/2022:23:23:36 +0800] "GET /nacos/v1/ns/service/list?pageSize=2147483647&groupName=DEFAULT_GROUP&encoding=UTF-8&namespaceId=public&pageNo=1 HTTP/1.1" 200 32 138 Nacos-Java-Client:v1.0.0
127.0.0.1 - - [16/Jul/2022:23:23:37 +0800] "POST /nacos/v1/ns/instance?groupName=DEFAULT_GROUP&metadata=%7B%22preserved.register.source%22%3A%22SPRING_CLOUD%22%7D&namespaceId=public&port=8001&enable=true&healthy=true&clusterName=DEFAULT&ip=172.23.141.100&weight=1.0&ephemeral=true&serviceName=DEFAULT_GROUP%40%40service-edu&encoding=UTF-8 HTTP/1.1" 200 2 335 Nacos-Java-Client:v1.0.0
172.23.141.100 - - [16/Jul/2022:23:23:38 +0800] "GET /nacos/v1/cs/health HTTP/1.1" 200 2 16 Apache-HttpAsyncClient/4.1.3 (Java/11.0.2)
127.0.0.1 - - [16/Jul/2022:23:23:41 +0800] "PUT /nacos/v1/ns/instance/beat?beat=%7B%22cluster%22%3A%22DEFAULT%22%2C%22ip%22%3A%22172.23.141.100%22%2C%22metadata%22%3A%7B%22preserved.register.source%22%3A%22SPRING_CLOUD%22%7D%2C%22port%22%3A8001%2C%22scheduled%22%3Atrue%2C%22serviceName%22%3A%22DEFAULT_GROUP%40%40service-edu%22%2C%22weight%22%3A1.0%7D&serviceName=DEFAULT_GROUP%40%40service-edu&encoding=UTF-8&namespaceId=public HTTP/1.1" 200 38 90 Nacos-Java-Client:v1.0.0
172.23.141.100 - - [16/Jul/2022:23:23:43 +0800] "GET /nacos/v1/cs/health HTTP/1.1" 200 2 30 Apache-HttpAsyncClient/4.1.3 (Java/11.0.2)
127.0.0.1 - - [16/Jul/2022:23:23:46 +0800] "PUT /nacos/v1/ns/instance/beat?beat=%7B%22cluster%22%3A%22DEFAULT%22%2C%22ip%22%3A%22172.23.141.100%22%2C%22metadata%22%3A%7B%22preserved.register.source%22%3A%22SPRING_CLOUD%22%7D%2C%22port%22%3A8001%2C%22scheduled%22%3Atrue%2C%22serviceName%22%3A%22DEFAULT_GROUP%40%40service-edu%22%2C%22weight%22%3A1.0%7D&serviceName=DEFAULT_GROUP%40%40service-edu&encoding=UTF-8&namespaceId=public HTTP/1.1" 200 38 21 Nacos-Java-Client:v1.0.0
172.23.141.100 - - [16/Jul/2022:23:23:48 +0800] "GET /nacos/v1/cs/health HTTP/1.1" 200 2 8 Apache-HttpAsyncClient/4.1.3 (Java/11.0.2)
0:0:0:0:0:0:0:1 - - [16/Jul/2022:23:23:50 +0800] "GET /nacos/v1/ns/catalog/services?hasIpCount=true&withInstances=false&pageNo=1&pageSize=10&serviceNameParam=&groupNameParam=&namespaceId= HTTP/1.1" 200 165 147 Mozilla/5.0 (Macintosh; Intel Mac OS X 10_15_7) AppleWebKit/537.36 (KHTML, like Gecko) Chrome/103.0.5060.114 Safari/537.36 Edg/103.0.1264.62
127.0.0.1 - - [16/Jul/2022:23:23:51 +0800] "PUT /nacos/v1/ns/instance/beat?beat=%7B%22cluster%22%3A%22DEFAULT%22%2C%22ip%22%3A%22172.23.141.100%22%2C%22metadata%22%3A%7B%22preserved.register.source%22%3A%22SPRING_CLOUD%22%7D%2C%22port%22%3A8001%2C%22scheduled%22%3Atrue%2C%22serviceName%22%3A%22DEFAULT_GROUP%40%40service-edu%22%2C%22weight%22%3A1.0%7D&serviceName=DEFAULT_GROUP%40%40service-edu&encoding=UTF-8&namespaceId=public HTTP/1.1" 200 38 21 Nacos-Java-Client:v1.0.0
172.23.141.100 - - [16/Jul/2022:23:23:53 +0800] "GET /nacos/v1/cs/health HTTP/1.1" 200 2 8 Apache-HttpAsyncClient/4.1.3 (Java/11.0.2)
127.0.0.1 - - [16/Jul/2022:23:23:56 +0800] "PUT /nacos/v1/ns/instance/beat?beat=%7B%22cluster%22%3A%22DEFAULT%22%2C%22ip%22%3A%22172.23.141.100%22%2C%22metadata%22%3A%7B%22preserved.register.source%22%3A%22SPRING_CLOUD%22%7D%2C%22port%22%3A8001%2C%22scheduled%22%3Atrue%2C%22serviceName%22%3A%22DEFAULT_GROUP%40%40service-edu%22%2C%22weight%22%3A1.0%7D&serviceName=DEFAULT_GROUP%40%40service-edu&encoding=UTF-8&namespaceId=public HTTP/1.1" 200 38 19 Nacos-Java-Client:v1.0.0
172.23.141.100 - - [16/Jul/2022:23:23:58 +0800] "GET /nacos/v1/cs/health HTTP/1.1" 200 2 6 Apache-HttpAsyncClient/4.1.3 (Java/11.0.2)
127.0.0.1 - - [16/Jul/2022:23:24:01 +0800] "PUT /nacos/v1/ns/instance/beat?beat=%7B%22cluster%22%3A%22DEFAULT%22%2C%22ip%22%3A%22172.23.141.100%22%2C%22metadata%22%3A%7B%22preserved.register.source%22%3A%22SPRING_CLOUD%22%7D%2C%22port%22%3A8001%2C%22scheduled%22%3Atrue%2C%22serviceName%22%3A%22DEFAULT_GROUP%40%40service-edu%22%2C%22weight%22%3A1.0%7D&serviceName=DEFAULT_GROUP%40%40service-edu&encoding=UTF-8&namespaceId=public HTTP/1.1" 200 38 32 Nacos-Java-Client:v1.0.0
172.23.141.100 - - [16/Jul/2022:23:24:03 +0800] "GET /nacos/v1/cs/health HTTP/1.1" 200 2 31 Apache-HttpAsyncClient/4.1.3 (Java/11.0.2)
127.0.0.1 - - [16/Jul/2022:23:24:06 +0800] "PUT /nacos/v1/ns/instance/beat?beat=%7B%22cluster%22%3A%22DEFAULT%22%2C%22ip%22%3A%22172.23.141.100%22%2C%22metadata%22%3A%7B%22preserved.register.source%22%3A%22SPRING_CLOUD%22%7D%2C%22port%22%3A8001%2C%22scheduled%22%3Atrue%2C%22serviceName%22%3A%22DEFAULT_GROUP%40%40service-edu%22%2C%22weight%22%3A1.0%7D&serviceName=DEFAULT_GROUP%40%40service-edu&encoding=UTF-8&namespaceId=public HTTP/1.1" 200 38 34 Nacos-Java-Client:v1.0.0
127.0.0.1 - - [16/Jul/2022:23:24:06 +0800] "GET /nacos/v1/ns/service/list?pageSize=2147483647&groupName=DEFAULT_GROUP&encoding=UTF-8&namespaceId=public&pageNo=1 HTTP/1.1" 200 45 28 Nacos-Java-Client:v1.0.0
127.0.0.1 - - [16/Jul/2022:23:24:06 +0800] "GET /nacos/v1/ns/instance/list?healthyOnly=false&namespaceId=public&clientIP=172.23.141.100&serviceName=DEFAULT_GROUP%40%40service-edu&udpPort=64798&encoding=UTF-8 HTTP/1.1" 200 566 40 Nacos-Java-Client:v1.0.0
127.0.0.1 - - [16/Jul/2022:23:24:08 +0800] "GET /nacos/v1/ns/instance/list?healthyOnly=false&namespaceId=public&clientIP=172.23.141.100&serviceName=DEFAULT_GROUP%40%40service-edu&udpPort=64798&encoding=UTF-8 HTTP/1.1" 200 566 24 Nacos-Java-Client:v1.0.0
172.23.141.100 - - [16/Jul/2022:23:24:08 +0800] "GET /nacos/v1/cs/health HTTP/1.1" 200 2 17 Apache-HttpAsyncClient/4.1.3 (Java/11.0.2)
127.0.0.1 - - [16/Jul/2022:23:24:11 +0800] "PUT /nacos/v1/ns/instance/beat?beat=%7B%22cluster%22%3A%22DEFAULT%22%2C%22ip%22%3A%22172.23.141.100%22%2C%22metadata%22%3A%7B%22preserved.register.source%22%3A%22SPRING_CLOUD%22%7D%2C%22port%22%3A8001%2C%22scheduled%22%3Atrue%2C%22serviceName%22%3A%22DEFAULT_GROUP%40%40service-edu%22%2C%22weight%22%3A1.0%7D&serviceName=DEFAULT_GROUP%40%40service-edu&encoding=UTF-8&namespaceId=public HTTP/1.1" 200 38 23 Nacos-Java-Client:v1.0.0
172.23.141.100 - - [16/Jul/2022:23:24:13 +0800] "GET /nacos/v1/cs/health HTTP/1.1" 200 2 18 Apache-HttpAsyncClient/4.1.3 (Java/11.0.2)
127.0.0.1 - - [16/Jul/2022:23:24:16 +0800] "PUT /nacos/v1/ns/instance/beat?beat=%7B%22cluster%22%3A%22DEFAULT%22%2C%22ip%22%3A%22172.23.141.100%22%2C%22metadata%22%3A%7B%22preserved.register.source%22%3A%22SPRING_CLOUD%22%7D%2C%22port%22%3A8001%2C%22scheduled%22%3Atrue%2C%22serviceName%22%3A%22DEFAULT_GROUP%40%40service-edu%22%2C%22weight%22%3A1.0%7D&serviceName=DEFAULT_GROUP%40%40service-edu&encoding=UTF-8&namespaceId=public HTTP/1.1" 200 38 22 Nacos-Java-Client:v1.0.0
127.0.0.1 - - [16/Jul/2022:23:24:18 +0800] "GET /nacos/v1/ns/instance/list?healthyOnly=false&namespaceId=public&clientIP=172.23.141.100&serviceName=DEFAULT_GROUP%40%40service-edu&udpPort=64798&encoding=UTF-8 HTTP/1.1" 200 566 17 Nacos-Java-Client:v1.0.0
172.23.141.100 - - [16/Jul/2022:23:24:18 +0800] "GET /nacos/v1/cs/health HTTP/1.1" 200 2 4 Apache-HttpAsyncClient/4.1.3 (Java/11.0.2)
127.0.0.1 - - [16/Jul/2022:23:24:21 +0800] "PUT /nacos/v1/ns/instance/beat?beat=%7B%22cluster%22%3A%22DEFAULT%22%2C%22ip%22%3A%22172.23.141.100%22%2C%22metadata%22%3A%7B%22preserved.register.source%22%3A%22SPRING_CLOUD%22%7D%2C%22port%22%3A8001%2C%22scheduled%22%3Atrue%2C%22serviceName%22%3A%22DEFAULT_GROUP%40%40service-edu%22%2C%22weight%22%3A1.0%7D&serviceName=DEFAULT_GROUP%40%40service-edu&encoding=UTF-8&namespaceId=public HTTP/1.1" 200 38 14 Nacos-Java-Client:v1.0.0
172.23.141.100 - - [16/Jul/2022:23:24:23 +0800] "GET /nacos/v1/cs/health HTTP/1.1" 200 2 17 Apache-HttpAsyncClient/4.1.3 (Java/11.0.2)
127.0.0.1 - - [16/Jul/2022:23:24:26 +0800] "PUT /nacos/v1/ns/instance/beat?beat=%7B%22cluster%22%3A%22DEFAULT%22%2C%22ip%22%3A%22172.23.141.100%22%2C%22metadata%22%3A%7B%22preserved.register.source%22%3A%22SPRING_CLOUD%22%7D%2C%22port%22%3A8001%2C%22scheduled%22%3Atrue%2C%22serviceName%22%3A%22DEFAULT_GROUP%40%40service-edu%22%2C%22weight%22%3A1.0%7D&serviceName=DEFAULT_GROUP%40%40service-edu&encoding=UTF-8&namespaceId=public HTTP/1.1" 200 38 15 Nacos-Java-Client:v1.0.0
127.0.0.1 - - [16/Jul/2022:23:24:28 +0800] "GET /nacos/v1/ns/instance/list?healthyOnly=false&namespaceId=public&clientIP=172.23.141.100&serviceName=DEFAULT_GROUP%40%40service-edu&udpPort=64798&encoding=UTF-8 HTTP/1.1" 200 566 18 Nacos-Java-Client:v1.0.0
172.23.141.100 - - [16/Jul/2022:23:24:28 +0800] "GET /nacos/v1/cs/health HTTP/1.1" 200 2 27 Apache-HttpAsyncClient/4.1.3 (Java/11.0.2)
127.0.0.1 - - [16/Jul/2022:23:24:31 +0800] "PUT /nacos/v1/ns/instance/beat?beat=%7B%22cluster%22%3A%22DEFAULT%22%2C%22ip%22%3A%22172.23.141.100%22%2C%22metadata%22%3A%7B%22preserved.register.source%22%3A%22SPRING_CLOUD%22%7D%2C%22port%22%3A8001%2C%22scheduled%22%3Atrue%2C%22serviceName%22%3A%22DEFAULT_GROUP%40%40service-edu%22%2C%22weight%22%3A1.0%7D&serviceName=DEFAULT_GROUP%40%40service-edu&encoding=UTF-8&namespaceId=public HTTP/1.1" 200 38 17 Nacos-Java-Client:v1.0.0
172.23.141.100 - - [16/Jul/2022:23:24:33 +0800] "GET /nacos/v1/cs/health HTTP/1.1" 200 2 9 Apache-HttpAsyncClient/4.1.3 (Java/11.0.2)
127.0.0.1 - - [16/Jul/2022:23:24:36 +0800] "PUT /nacos/v1/ns/instance/beat?beat=%7B%22cluster%22%3A%22DEFAULT%22%2C%22ip%22%3A%22172.23.141.100%22%2C%22metadata%22%3A%7B%22preserved.register.source%22%3A%22SPRING_CLOUD%22%7D%2C%22port%22%3A8001%2C%22scheduled%22%3Atrue%2C%22serviceName%22%3A%22DEFAULT_GROUP%40%40service-edu%22%2C%22weight%22%3A1.0%7D&serviceName=DEFAULT_GROUP%40%40service-edu&encoding=UTF-8&namespaceId=public HTTP/1.1" 200 38 10 Nacos-Java-Client:v1.0.0
127.0.0.1 - - [16/Jul/2022:23:24:37 +0800] "GET /nacos/v1/ns/service/list?pageSize=2147483647&groupName=DEFAULT_GROUP&encoding=UTF-8&namespaceId=public&pageNo=1 HTTP/1.1" 200 45 20 Nacos-Java-Client:v1.0.0
127.0.0.1 - - [16/Jul/2022:23:24:38 +0800] "GET /nacos/v1/ns/instance/list?healthyOnly=false&namespaceId=public&clientIP=172.23.141.100&serviceName=DEFAULT_GROUP%40%40service-edu&udpPort=64798&encoding=UTF-8 HTTP/1.1" 200 566 25 Nacos-Java-Client:v1.0.0
172.23.141.100 - - [16/Jul/2022:23:24:38 +0800] "GET /nacos/v1/cs/health HTTP/1.1" 200 2 15 Apache-HttpAsyncClient/4.1.3 (Java/11.0.2)
127.0.0.1 - - [16/Jul/2022:23:24:41 +0800] "PUT /nacos/v1/ns/instance/beat?beat=%7B%22cluster%22%3A%22DEFAULT%22%2C%22ip%22%3A%22172.23.141.100%22%2C%22metadata%22%3A%7B%22preserved.register.source%22%3A%22SPRING_CLOUD%22%7D%2C%22port%22%3A8001%2C%22scheduled%22%3Atrue%2C%22serviceName%22%3A%22DEFAULT_GROUP%40%40service-edu%22%2C%22weight%22%3A1.0%7D&serviceName=DEFAULT_GROUP%40%40service-edu&encoding=UTF-8&namespaceId=public HTTP/1.1" 200 38 9 Nacos-Java-Client:v1.0.0
172.23.141.100 - - [16/Jul/2022:23:24:43 +0800] "GET /nacos/v1/cs/health HTTP/1.1" 200 2 5 Apache-HttpAsyncClient/4.1.3 (Java/11.0.2)
127.0.0.1 - - [16/Jul/2022:23:24:46 +0800] "PUT /nacos/v1/ns/instance/beat?beat=%7B%22cluster%22%3A%22DEFAULT%22%2C%22ip%22%3A%22172.23.141.100%22%2C%22metadata%22%3A%7B%22preserved.register.source%22%3A%22SPRING_CLOUD%22%7D%2C%22port%22%3A8001%2C%22scheduled%22%3Atrue%2C%22serviceName%22%3A%22DEFAULT_GROUP%40%40service-edu%22%2C%22weight%22%3A1.0%7D&serviceName=DEFAULT_GROUP%40%40service-edu&encoding=UTF-8&namespaceId=public HTTP/1.1" 200 38 16 Nacos-Java-Client:v1.0.0
127.0.0.1 - - [16/Jul/2022:23:24:48 +0800] "GET /nacos/v1/ns/instance/list?healthyOnly=false&namespaceId=public&clientIP=172.23.141.100&serviceName=DEFAULT_GROUP%40%40service-edu&udpPort=64798&encoding=UTF-8 HTTP/1.1" 200 566 13 Nacos-Java-Client:v1.0.0
172.23.141.100 - - [16/Jul/2022:23:24:48 +0800] "GET /nacos/v1/cs/health HTTP/1.1" 200 2 7 Apache-HttpAsyncClient/4.1.3 (Java/11.0.2)
127.0.0.1 - - [16/Jul/2022:23:24:51 +0800] "PUT /nacos/v1/ns/instance/beat?beat=%7B%22cluster%22%3A%22DEFAULT%22%2C%22ip%22%3A%22172.23.141.100%22%2C%22metadata%22%3A%7B%22preserved.register.source%22%3A%22SPRING_CLOUD%22%7D%2C%22port%22%3A8001%2C%22scheduled%22%3Atrue%2C%22serviceName%22%3A%22DEFAULT_GROUP%40%40service-edu%22%2C%22weight%22%3A1.0%7D&serviceName=DEFAULT_GROUP%40%40service-edu&encoding=UTF-8&namespaceId=public HTTP/1.1" 200 38 12 Nacos-Java-Client:v1.0.0
172.23.141.100 - - [16/Jul/2022:23:24:53 +0800] "GET /nacos/v1/cs/health HTTP/1.1" 200 2 13 Apache-HttpAsyncClient/4.1.3 (Java/11.0.2)
127.0.0.1 - - [16/Jul/2022:23:24:56 +0800] "PUT /nacos/v1/ns/instance/beat?beat=%7B%22cluster%22%3A%22DEFAULT%22%2C%22ip%22%3A%22172.23.141.100%22%2C%22metadata%22%3A%7B%22preserved.register.source%22%3A%22SPRING_CLOUD%22%7D%2C%22port%22%3A8001%2C%22scheduled%22%3Atrue%2C%22serviceName%22%3A%22DEFAULT_GROUP%40%40service-edu%22%2C%22weight%22%3A1.0%7D&serviceName=DEFAULT_GROUP%40%40service-edu&encoding=UTF-8&namespaceId=public HTTP/1.1" 200 38 21 Nacos-Java-Client:v1.0.0
127.0.0.1 - - [16/Jul/2022:23:24:58 +0800] "GET /nacos/v1/ns/instance/list?healthyOnly=false&namespaceId=public&clientIP=172.23.141.100&serviceName=DEFAULT_GROUP%40%40service-edu&udpPort=64798&encoding=UTF-8 HTTP/1.1" 200 566 17 Nacos-Java-Client:v1.0.0
172.23.141.100 - - [16/Jul/2022:23:24:58 +0800] "GET /nacos/v1/cs/health HTTP/1.1" 200 2 14 Apache-HttpAsyncClient/4.1.3 (Java/11.0.2)
127.0.0.1 - - [16/Jul/2022:23:25:01 +0800] "PUT /nacos/v1/ns/instance/beat?beat=%7B%22cluster%22%3A%22DEFAULT%22%2C%22ip%22%3A%22172.23.141.100%22%2C%22metadata%22%3A%7B%22preserved.register.source%22%3A%22SPRING_CLOUD%22%7D%2C%22port%22%3A8001%2C%22scheduled%22%3Atrue%2C%22serviceName%22%3A%22DEFAULT_GROUP%40%40service-edu%22%2C%22weight%22%3A1.0%7D&serviceName=DEFAULT_GROUP%40%40service-edu&encoding=UTF-8&namespaceId=public HTTP/1.1" 200 38 24 Nacos-Java-Client:v1.0.0
172.23.141.100 - - [16/Jul/2022:23:25:03 +0800] "GET /nacos/v1/cs/health HTTP/1.1" 200 2 6 Apache-HttpAsyncClient/4.1.3 (Java/11.0.2)
127.0.0.1 - - [16/Jul/2022:23:25:06 +0800] "PUT /nacos/v1/ns/instance/beat?beat=%7B%22cluster%22%3A%22DEFAULT%22%2C%22ip%22%3A%22172.23.141.100%22%2C%22metadata%22%3A%7B%22preserved.register.source%22%3A%22SPRING_CLOUD%22%7D%2C%22port%22%3A8001%2C%22scheduled%22%3Atrue%2C%22serviceName%22%3A%22DEFAULT_GROUP%40%40service-edu%22%2C%22weight%22%3A1.0%7D&serviceName=DEFAULT_GROUP%40%40service-edu&encoding=UTF-8&namespaceId=public HTTP/1.1" 200 38 21 Nacos-Java-Client:v1.0.0
127.0.0.1 - - [16/Jul/2022:23:25:07 +0800] "GET /nacos/v1/ns/service/list?pageSize=2147483647&groupName=DEFAULT_GROUP&encoding=UTF-8&namespaceId=public&pageNo=1 HTTP/1.1" 200 45 42 Nacos-Java-Client:v1.0.0
127.0.0.1 - - [16/Jul/2022:23:25:08 +0800] "GET /nacos/v1/ns/instance/list?healthyOnly=false&namespaceId=public&clientIP=172.23.141.100&serviceName=DEFAULT_GROUP%40%40service-edu&udpPort=64798&encoding=UTF-8 HTTP/1.1" 200 566 24 Nacos-Java-Client:v1.0.0
172.23.141.100 - - [16/Jul/2022:23:25:08 +0800] "GET /nacos/v1/cs/health HTTP/1.1" 200 2 18 Apache-HttpAsyncClient/4.1.3 (Java/11.0.2)
127.0.0.1 - - [16/Jul/2022:23:25:11 +0800] "PUT /nacos/v1/ns/instance/beat?beat=%7B%22cluster%22%3A%22DEFAULT%22%2C%22ip%22%3A%22172.23.141.100%22%2C%22metadata%22%3A%7B%22preserved.register.source%22%3A%22SPRING_CLOUD%22%7D%2C%22port%22%3A8001%2C%22scheduled%22%3Atrue%2C%22serviceName%22%3A%22DEFAULT_GROUP%40%40service-edu%22%2C%22weight%22%3A1.0%7D&serviceName=DEFAULT_GROUP%40%40service-edu&encoding=UTF-8&namespaceId=public HTTP/1.1" 200 38 25 Nacos-Java-Client:v1.0.0
172.23.141.100 - - [16/Jul/2022:23:25:13 +0800] "GET /nacos/v1/cs/health HTTP/1.1" 200 2 11 Apache-HttpAsyncClient/4.1.3 (Java/11.0.2)
127.0.0.1 - - [16/Jul/2022:23:25:16 +0800] "PUT /nacos/v1/ns/instance/beat?beat=%7B%22cluster%22%3A%22DEFAULT%22%2C%22ip%22%3A%22172.23.141.100%22%2C%22metadata%22%3A%7B%22preserved.register.source%22%3A%22SPRING_CLOUD%22%7D%2C%22port%22%3A8001%2C%22scheduled%22%3Atrue%2C%22serviceName%22%3A%22DEFAULT_GROUP%40%40service-edu%22%2C%22weight%22%3A1.0%7D&serviceName=DEFAULT_GROUP%40%40service-edu&encoding=UTF-8&namespaceId=public HTTP/1.1" 200 38 37 Nacos-Java-Client:v1.0.0
127.0.0.1 - - [16/Jul/2022:23:25:18 +0800] "GET /nacos/v1/ns/instance/list?healthyOnly=false&namespaceId=public&clientIP=172.23.141.100&serviceName=DEFAULT_GROUP%40%40service-edu&udpPort=64798&encoding=UTF-8 HTTP/1.1" 200 566 14 Nacos-Java-Client:v1.0.0
172.23.141.100 - - [16/Jul/2022:23:25:18 +0800] "GET /nacos/v1/cs/health HTTP/1.1" 200 2 5 Apache-HttpAsyncClient/4.1.3 (Java/11.0.2)
127.0.0.1 - - [16/Jul/2022:23:25:21 +0800] "PUT /nacos/v1/ns/instance/beat?beat=%7B%22cluster%22%3A%22DEFAULT%22%2C%22ip%22%3A%22172.23.141.100%22%2C%22metadata%22%3A%7B%22preserved.register.source%22%3A%22SPRING_CLOUD%22%7D%2C%22port%22%3A8001%2C%22scheduled%22%3Atrue%2C%22serviceName%22%3A%22DEFAULT_GROUP%40%40service-edu%22%2C%22weight%22%3A1.0%7D&serviceName=DEFAULT_GROUP%40%40service-edu&encoding=UTF-8&namespaceId=public HTTP/1.1" 200 38 26 Nacos-Java-Client:v1.0.0
172.23.141.100 - - [16/Jul/2022:23:25:23 +0800] "GET /nacos/v1/cs/health HTTP/1.1" 200 2 26 Apache-HttpAsyncClient/4.1.3 (Java/11.0.2)
127.0.0.1 - - [16/Jul/2022:23:25:26 +0800] "PUT /nacos/v1/ns/instance/beat?beat=%7B%22cluster%22%3A%22DEFAULT%22%2C%22ip%22%3A%22172.23.141.100%22%2C%22metadata%22%3A%7B%22preserved.register.source%22%3A%22SPRING_CLOUD%22%7D%2C%22port%22%3A8001%2C%22scheduled%22%3Atrue%2C%22serviceName%22%3A%22DEFAULT_GROUP%40%40service-edu%22%2C%22weight%22%3A1.0%7D&serviceName=DEFAULT_GROUP%40%40service-edu&encoding=UTF-8&namespaceId=public HTTP/1.1" 200 38 6 Nacos-Java-Client:v1.0.0
127.0.0.1 - - [16/Jul/2022:23:25:28 +0800] "GET /nacos/v1/ns/instance/list?healthyOnly=false&namespaceId=public&clientIP=172.23.141.100&serviceName=DEFAULT_GROUP%40%40service-edu&udpPort=64798&encoding=UTF-8 HTTP/1.1" 200 566 34 Nacos-Java-Client:v1.0.0
172.23.141.100 - - [16/Jul/2022:23:25:28 +0800] "GET /nacos/v1/cs/health HTTP/1.1" 200 2 17 Apache-HttpAsyncClient/4.1.3 (Java/11.0.2)
127.0.0.1 - - [16/Jul/2022:23:25:31 +0800] "PUT /nacos/v1/ns/instance/beat?beat=%7B%22cluster%22%3A%22DEFAULT%22%2C%22ip%22%3A%22172.23.141.100%22%2C%22metadata%22%3A%7B%22preserved.register.source%22%3A%22SPRING_CLOUD%22%7D%2C%22port%22%3A8001%2C%22scheduled%22%3Atrue%2C%22serviceName%22%3A%22DEFAULT_GROUP%40%40service-edu%22%2C%22weight%22%3A1.0%7D&serviceName=DEFAULT_GROUP%40%40service-edu&encoding=UTF-8&namespaceId=public HTTP/1.1" 200 38 30 Nacos-Java-Client:v1.0.0
172.23.141.100 - - [16/Jul/2022:23:25:33 +0800] "GET /nacos/v1/cs/health HTTP/1.1" 200 2 21 Apache-HttpAsyncClient/4.1.3 (Java/11.0.2)
127.0.0.1 - - [16/Jul/2022:23:25:36 +0800] "PUT /nacos/v1/ns/instance/beat?beat=%7B%22cluster%22%3A%22DEFAULT%22%2C%22ip%22%3A%22172.23.141.100%22%2C%22metadata%22%3A%7B%22preserved.register.source%22%3A%22SPRING_CLOUD%22%7D%2C%22port%22%3A8001%2C%22scheduled%22%3Atrue%2C%22serviceName%22%3A%22DEFAULT_GROUP%40%40service-edu%22%2C%22weight%22%3A1.0%7D&serviceName=DEFAULT_GROUP%40%40service-edu&encoding=UTF-8&namespaceId=public HTTP/1.1" 200 38 22 Nacos-Java-Client:v1.0.0
127.0.0.1 - - [16/Jul/2022:23:25:37 +0800] "GET /nacos/v1/ns/service/list?pageSize=2147483647&groupName=DEFAULT_GROUP&encoding=UTF-8&namespaceId=public&pageNo=1 HTTP/1.1" 200 45 17 Nacos-Java-Client:v1.0.0
127.0.0.1 - - [16/Jul/2022:23:25:38 +0800] "GET /nacos/v1/ns/instance/list?healthyOnly=false&namespaceId=public&clientIP=172.23.141.100&serviceName=DEFAULT_GROUP%40%40service-edu&udpPort=64798&encoding=UTF-8 HTTP/1.1" 200 566 17 Nacos-Java-Client:v1.0.0
172.23.141.100 - - [16/Jul/2022:23:25:38 +0800] "GET /nacos/v1/cs/health HTTP/1.1" 200 2 12 Apache-HttpAsyncClient/4.1.3 (Java/11.0.2)
127.0.0.1 - - [16/Jul/2022:23:25:41 +0800] "PUT /nacos/v1/ns/instance/beat?beat=%7B%22cluster%22%3A%22DEFAULT%22%2C%22ip%22%3A%22172.23.141.100%22%2C%22metadata%22%3A%7B%22preserved.register.source%22%3A%22SPRING_CLOUD%22%7D%2C%22port%22%3A8001%2C%22scheduled%22%3Atrue%2C%22serviceName%22%3A%22DEFAULT_GROUP%40%40service-edu%22%2C%22weight%22%3A1.0%7D&serviceName=DEFAULT_GROUP%40%40service-edu&encoding=UTF-8&namespaceId=public HTTP/1.1" 200 38 15 Nacos-Java-Client:v1.0.0
172.23.141.100 - - [16/Jul/2022:23:25:43 +0800] "GET /nacos/v1/cs/health HTTP/1.1" 200 2 8 Apache-HttpAsyncClient/4.1.3 (Java/11.0.2)
127.0.0.1 - - [16/Jul/2022:23:25:46 +0800] "PUT /nacos/v1/ns/instance/beat?beat=%7B%22cluster%22%3A%22DEFAULT%22%2C%22ip%22%3A%22172.23.141.100%22%2C%22metadata%22%3A%7B%22preserved.register.source%22%3A%22SPRING_CLOUD%22%7D%2C%22port%22%3A8001%2C%22scheduled%22%3Atrue%2C%22serviceName%22%3A%22DEFAULT_GROUP%40%40service-edu%22%2C%22weight%22%3A1.0%7D&serviceName=DEFAULT_GROUP%40%40service-edu&encoding=UTF-8&namespaceId=public HTTP/1.1" 200 38 21 Nacos-Java-Client:v1.0.0
127.0.0.1 - - [16/Jul/2022:23:25:48 +0800] "GET /nacos/v1/ns/instance/list?healthyOnly=false&namespaceId=public&clientIP=172.23.141.100&serviceName=DEFAULT_GROUP%40%40service-edu&udpPort=64798&encoding=UTF-8 HTTP/1.1" 200 566 18 Nacos-Java-Client:v1.0.0
172.23.141.100 - - [16/Jul/2022:23:25:48 +0800] "GET /nacos/v1/cs/health HTTP/1.1" 200 2 17 Apache-HttpAsyncClient/4.1.3 (Java/11.0.2)
127.0.0.1 - - [16/Jul/2022:23:25:51 +0800] "PUT /nacos/v1/ns/instance/beat?beat=%7B%22cluster%22%3A%22DEFAULT%22%2C%22ip%22%3A%22172.23.141.100%22%2C%22metadata%22%3A%7B%22preserved.register.source%22%3A%22SPRING_CLOUD%22%7D%2C%22port%22%3A8001%2C%22scheduled%22%3Atrue%2C%22serviceName%22%3A%22DEFAULT_GROUP%40%40service-edu%22%2C%22weight%22%3A1.0%7D&serviceName=DEFAULT_GROUP%40%40service-edu&encoding=UTF-8&namespaceId=public HTTP/1.1" 200 38 24 Nacos-Java-Client:v1.0.0
172.23.141.100 - - [16/Jul/2022:23:25:53 +0800] "GET /nacos/v1/cs/health HTTP/1.1" 200 2 14 Apache-HttpAsyncClient/4.1.3 (Java/11.0.2)
127.0.0.1 - - [16/Jul/2022:23:25:56 +0800] "PUT /nacos/v1/ns/instance/beat?beat=%7B%22cluster%22%3A%22DEFAULT%22%2C%22ip%22%3A%22172.23.141.100%22%2C%22metadata%22%3A%7B%22preserved.register.source%22%3A%22SPRING_CLOUD%22%7D%2C%22port%22%3A8001%2C%22scheduled%22%3Atrue%2C%22serviceName%22%3A%22DEFAULT_GROUP%40%40service-edu%22%2C%22weight%22%3A1.0%7D&serviceName=DEFAULT_GROUP%40%40service-edu&encoding=UTF-8&namespaceId=public HTTP/1.1" 200 38 19 Nacos-Java-Client:v1.0.0
127.0.0.1 - - [16/Jul/2022:23:25:58 +0800] "GET /nacos/v1/ns/instance/list?healthyOnly=false&namespaceId=public&clientIP=172.23.141.100&serviceName=DEFAULT_GROUP%40%40service-edu&udpPort=64798&encoding=UTF-8 HTTP/1.1" 200 566 26 Nacos-Java-Client:v1.0.0
172.23.141.100 - - [16/Jul/2022:23:25:58 +0800] "GET /nacos/v1/cs/health HTTP/1.1" 200 2 18 Apache-HttpAsyncClient/4.1.3 (Java/11.0.2)
127.0.0.1 - - [16/Jul/2022:23:26:01 +0800] "PUT /nacos/v1/ns/instance/beat?beat=%7B%22cluster%22%3A%22DEFAULT%22%2C%22ip%22%3A%22172.23.141.100%22%2C%22metadata%22%3A%7B%22preserved.register.source%22%3A%22SPRING_CLOUD%22%7D%2C%22port%22%3A8001%2C%22scheduled%22%3Atrue%2C%22serviceName%22%3A%22DEFAULT_GROUP%40%40service-edu%22%2C%22weight%22%3A1.0%7D&serviceName=DEFAULT_GROUP%40%40service-edu&encoding=UTF-8&namespaceId=public HTTP/1.1" 200 38 21 Nacos-Java-Client:v1.0.0
172.23.141.100 - - [16/Jul/2022:23:26:03 +0800] "GET /nacos/v1/cs/health HTTP/1.1" 200 2 7 Apache-HttpAsyncClient/4.1.3 (Java/11.0.2)
127.0.0.1 - - [16/Jul/2022:23:26:06 +0800] "PUT /nacos/v1/ns/instance/beat?beat=%7B%22cluster%22%3A%22DEFAULT%22%2C%22ip%22%3A%22172.23.141.100%22%2C%22metadata%22%3A%7B%22preserved.register.source%22%3A%22SPRING_CLOUD%22%7D%2C%22port%22%3A8001%2C%22scheduled%22%3Atrue%2C%22serviceName%22%3A%22DEFAULT_GROUP%40%40service-edu%22%2C%22weight%22%3A1.0%7D&serviceName=DEFAULT_GROUP%40%40service-edu&encoding=UTF-8&namespaceId=public HTTP/1.1" 200 38 23 Nacos-Java-Client:v1.0.0
127.0.0.1 - - [16/Jul/2022:23:26:07 +0800] "GET /nacos/v1/ns/service/list?pageSize=2147483647&groupName=DEFAULT_GROUP&encoding=UTF-8&namespaceId=public&pageNo=1 HTTP/1.1" 200 45 13 Nacos-Java-Client:v1.0.0
127.0.0.1 - - [16/Jul/2022:23:26:08 +0800] "GET /nacos/v1/ns/instance/list?healthyOnly=false&namespaceId=public&clientIP=172.23.141.100&serviceName=DEFAULT_GROUP%40%40service-edu&udpPort=64798&encoding=UTF-8 HTTP/1.1" 200 566 30 Nacos-Java-Client:v1.0.0
172.23.141.100 - - [16/Jul/2022:23:26:08 +0800] "GET /nacos/v1/cs/health HTTP/1.1" 200 2 13 Apache-HttpAsyncClient/4.1.3 (Java/11.0.2)
127.0.0.1 - - [16/Jul/2022:23:26:11 +0800] "PUT /nacos/v1/ns/instance/beat?beat=%7B%22cluster%22%3A%22DEFAULT%22%2C%22ip%22%3A%22172.23.141.100%22%2C%22metadata%22%3A%7B%22preserved.register.source%22%3A%22SPRING_CLOUD%22%7D%2C%22port%22%3A8001%2C%22scheduled%22%3Atrue%2C%22serviceName%22%3A%22DEFAULT_GROUP%40%40service-edu%22%2C%22weight%22%3A1.0%7D&serviceName=DEFAULT_GROUP%40%40service-edu&encoding=UTF-8&namespaceId=public HTTP/1.1" 200 38 29 Nacos-Java-Client:v1.0.0
172.23.141.100 - - [16/Jul/2022:23:26:13 +0800] "GET /nacos/v1/cs/health HTTP/1.1" 200 2 15 Apache-HttpAsyncClient/4.1.3 (Java/11.0.2)
127.0.0.1 - - [16/Jul/2022:23:26:16 +0800] "PUT /nacos/v1/ns/instance/beat?beat=%7B%22cluster%22%3A%22DEFAULT%22%2C%22ip%22%3A%22172.23.141.100%22%2C%22metadata%22%3A%7B%22preserved.register.source%22%3A%22SPRING_CLOUD%22%7D%2C%22port%22%3A8001%2C%22scheduled%22%3Atrue%2C%22serviceName%22%3A%22DEFAULT_GROUP%40%40service-edu%22%2C%22weight%22%3A1.0%7D&serviceName=DEFAULT_GROUP%40%40service-edu&encoding=UTF-8&namespaceId=public HTTP/1.1" 200 38 21 Nacos-Java-Client:v1.0.0
127.0.0.1 - - [16/Jul/2022:23:26:18 +0800] "GET /nacos/v1/ns/instance/list?healthyOnly=false&namespaceId=public&clientIP=172.23.141.100&serviceName=DEFAULT_GROUP%40%40service-edu&udpPort=64798&encoding=UTF-8 HTTP/1.1" 200 566 15 Nacos-Java-Client:v1.0.0
172.23.141.100 - - [16/Jul/2022:23:26:18 +0800] "GET /nacos/v1/cs/health HTTP/1.1" 200 2 13 Apache-HttpAsyncClient/4.1.3 (Java/11.0.2)
127.0.0.1 - - [16/Jul/2022:23:26:21 +0800] "PUT /nacos/v1/ns/instance/beat?beat=%7B%22cluster%22%3A%22DEFAULT%22%2C%22ip%22%3A%22172.23.141.100%22%2C%22metadata%22%3A%7B%22preserved.register.source%22%3A%22SPRING_CLOUD%22%7D%2C%22port%22%3A8001%2C%22scheduled%22%3Atrue%2C%22serviceName%22%3A%22DEFAULT_GROUP%40%40service-edu%22%2C%22weight%22%3A1.0%7D&serviceName=DEFAULT_GROUP%40%40service-edu&encoding=UTF-8&namespaceId=public HTTP/1.1" 200 38 31 Nacos-Java-Client:v1.0.0
172.23.141.100 - - [16/Jul/2022:23:26:23 +0800] "GET /nacos/v1/cs/health HTTP/1.1" 200 2 17 Apache-HttpAsyncClient/4.1.3 (Java/11.0.2)
127.0.0.1 - - [16/Jul/2022:23:26:26 +0800] "PUT /nacos/v1/ns/instance/beat?beat=%7B%22cluster%22%3A%22DEFAULT%22%2C%22ip%22%3A%22172.23.141.100%22%2C%22metadata%22%3A%7B%22preserved.register.source%22%3A%22SPRING_CLOUD%22%7D%2C%22port%22%3A8001%2C%22scheduled%22%3Atrue%2C%22serviceName%22%3A%22DEFAULT_GROUP%40%40service-edu%22%2C%22weight%22%3A1.0%7D&serviceName=DEFAULT_GROUP%40%40service-edu&encoding=UTF-8&namespaceId=public HTTP/1.1" 200 38 17 Nacos-Java-Client:v1.0.0
127.0.0.1 - - [16/Jul/2022:23:26:28 +0800] "GET /nacos/v1/ns/instance/list?healthyOnly=false&namespaceId=public&clientIP=172.23.141.100&serviceName=DEFAULT_GROUP%40%40service-edu&udpPort=64798&encoding=UTF-8 HTTP/1.1" 200 566 16 Nacos-Java-Client:v1.0.0
172.23.141.100 - - [16/Jul/2022:23:26:28 +0800] "GET /nacos/v1/cs/health HTTP/1.1" 200 2 14 Apache-HttpAsyncClient/4.1.3 (Java/11.0.2)
127.0.0.1 - - [16/Jul/2022:23:26:31 +0800] "PUT /nacos/v1/ns/instance/beat?beat=%7B%22cluster%22%3A%22DEFAULT%22%2C%22ip%22%3A%22172.23.141.100%22%2C%22metadata%22%3A%7B%22preserved.register.source%22%3A%22SPRING_CLOUD%22%7D%2C%22port%22%3A8001%2C%22scheduled%22%3Atrue%2C%22serviceName%22%3A%22DEFAULT_GROUP%40%40service-edu%22%2C%22weight%22%3A1.0%7D&serviceName=DEFAULT_GROUP%40%40service-edu&encoding=UTF-8&namespaceId=public HTTP/1.1" 200 38 8 Nacos-Java-Client:v1.0.0
172.23.141.100 - - [16/Jul/2022:23:26:33 +0800] "GET /nacos/v1/cs/health HTTP/1.1" 200 2 6 Apache-HttpAsyncClient/4.1.3 (Java/11.0.2)
127.0.0.1 - - [16/Jul/2022:23:26:36 +0800] "PUT /nacos/v1/ns/instance/beat?beat=%7B%22cluster%22%3A%22DEFAULT%22%2C%22ip%22%3A%22172.23.141.100%22%2C%22metadata%22%3A%7B%22preserved.register.source%22%3A%22SPRING_CLOUD%22%7D%2C%22port%22%3A8001%2C%22scheduled%22%3Atrue%2C%22serviceName%22%3A%22DEFAULT_GROUP%40%40service-edu%22%2C%22weight%22%3A1.0%7D&serviceName=DEFAULT_GROUP%40%40service-edu&encoding=UTF-8&namespaceId=public HTTP/1.1" 200 38 25 Nacos-Java-Client:v1.0.0
127.0.0.1 - - [16/Jul/2022:23:26:37 +0800] "GET /nacos/v1/ns/service/list?pageSize=2147483647&groupName=DEFAULT_GROUP&encoding=UTF-8&namespaceId=public&pageNo=1 HTTP/1.1" 200 45 18 Nacos-Java-Client:v1.0.0
127.0.0.1 - - [16/Jul/2022:23:26:38 +0800] "GET /nacos/v1/ns/instance/list?healthyOnly=false&namespaceId=public&clientIP=172.23.141.100&serviceName=DEFAULT_GROUP%40%40service-edu&udpPort=64798&encoding=UTF-8 HTTP/1.1" 200 566 26 Nacos-Java-Client:v1.0.0
172.23.141.100 - - [16/Jul/2022:23:26:38 +0800] "GET /nacos/v1/cs/health HTTP/1.1" 200 2 9 Apache-HttpAsyncClient/4.1.3 (Java/11.0.2)
127.0.0.1 - - [16/Jul/2022:23:26:41 +0800] "PUT /nacos/v1/ns/instance/beat?beat=%7B%22cluster%22%3A%22DEFAULT%22%2C%22ip%22%3A%22172.23.141.100%22%2C%22metadata%22%3A%7B%22preserved.register.source%22%3A%22SPRING_CLOUD%22%7D%2C%22port%22%3A8001%2C%22scheduled%22%3Atrue%2C%22serviceName%22%3A%22DEFAULT_GROUP%40%40service-edu%22%2C%22weight%22%3A1.0%7D&serviceName=DEFAULT_GROUP%40%40service-edu&encoding=UTF-8&namespaceId=public HTTP/1.1" 200 38 25 Nacos-Java-Client:v1.0.0
172.23.141.100 - - [16/Jul/2022:23:26:43 +0800] "GET /nacos/v1/cs/health HTTP/1.1" 200 2 15 Apache-HttpAsyncClient/4.1.3 (Java/11.0.2)
127.0.0.1 - - [16/Jul/2022:23:26:46 +0800] "PUT /nacos/v1/ns/instance/beat?beat=%7B%22cluster%22%3A%22DEFAULT%22%2C%22ip%22%3A%22172.23.141.100%22%2C%22metadata%22%3A%7B%22preserved.register.source%22%3A%22SPRING_CLOUD%22%7D%2C%22port%22%3A8001%2C%22scheduled%22%3Atrue%2C%22serviceName%22%3A%22DEFAULT_GROUP%40%40service-edu%22%2C%22weight%22%3A1.0%7D&serviceName=DEFAULT_GROUP%40%40service-edu&encoding=UTF-8&namespaceId=public HTTP/1.1" 200 38 13 Nacos-Java-Client:v1.0.0
