172.23.141.100 - - [17/Jul/2022:11:11:34 +0800] "GET /nacos/v1/cs/health HTTP/1.1" 200 2 4 Apache-HttpAsyncClient/4.1.3 (Java/11.0.2)
172.23.141.100 - - [17/Jul/2022:11:11:39 +0800] "GET /nacos/v1/cs/health HTTP/1.1" 200 2 7 Apache-HttpAsyncClient/4.1.3 (Java/11.0.2)
172.23.141.100 - - [17/Jul/2022:11:11:44 +0800] "GET /nacos/v1/cs/health HTTP/1.1" 200 2 6 Apache-HttpAsyncClient/4.1.3 (Java/11.0.2)
172.23.141.100 - - [17/Jul/2022:11:11:49 +0800] "GET /nacos/v1/cs/health HTTP/1.1" 200 2 7 Apache-HttpAsyncClient/4.1.3 (Java/11.0.2)
172.23.141.100 - - [17/Jul/2022:11:11:54 +0800] "GET /nacos/v1/cs/health HTTP/1.1" 200 2 13 Apache-HttpAsyncClient/4.1.3 (Java/11.0.2)
172.23.141.100 - - [17/Jul/2022:11:11:59 +0800] "GET /nacos/v1/cs/health HTTP/1.1" 200 2 10 Apache-HttpAsyncClient/4.1.3 (Java/11.0.2)
172.23.141.100 - - [17/Jul/2022:11:12:04 +0800] "GET /nacos/v1/cs/health HTTP/1.1" 200 2 3 Apache-HttpAsyncClient/4.1.3 (Java/11.0.2)
172.23.141.100 - - [17/Jul/2022:11:12:09 +0800] "GET /nacos/v1/cs/health HTTP/1.1" 200 2 2 Apache-HttpAsyncClient/4.1.3 (Java/11.0.2)
172.23.141.100 - - [17/Jul/2022:11:12:14 +0800] "GET /nacos/v1/cs/health HTTP/1.1" 200 2 13 Apache-HttpAsyncClient/4.1.3 (Java/11.0.2)
172.23.141.100 - - [17/Jul/2022:11:12:19 +0800] "GET /nacos/v1/cs/health HTTP/1.1" 200 2 7 Apache-HttpAsyncClient/4.1.3 (Java/11.0.2)
172.23.141.100 - - [17/Jul/2022:11:12:24 +0800] "GET /nacos/v1/cs/health HTTP/1.1" 200 2 4 Apache-HttpAsyncClient/4.1.3 (Java/11.0.2)
172.23.141.100 - - [17/Jul/2022:11:12:29 +0800] "GET /nacos/v1/cs/health HTTP/1.1" 200 2 3 Apache-HttpAsyncClient/4.1.3 (Java/11.0.2)
172.23.141.100 - - [17/Jul/2022:11:12:34 +0800] "GET /nacos/v1/cs/health HTTP/1.1" 200 2 3 Apache-HttpAsyncClient/4.1.3 (Java/11.0.2)
172.23.141.100 - - [17/Jul/2022:11:12:39 +0800] "GET /nacos/v1/cs/health HTTP/1.1" 200 2 4 Apache-HttpAsyncClient/4.1.3 (Java/11.0.2)
172.23.141.100 - - [17/Jul/2022:11:12:44 +0800] "GET /nacos/v1/cs/health HTTP/1.1" 200 2 3 Apache-HttpAsyncClient/4.1.3 (Java/11.0.2)
172.23.141.100 - - [17/Jul/2022:11:12:49 +0800] "GET /nacos/v1/cs/health HTTP/1.1" 200 2 6 Apache-HttpAsyncClient/4.1.3 (Java/11.0.2)
172.23.141.100 - - [17/Jul/2022:11:12:54 +0800] "GET /nacos/v1/cs/health HTTP/1.1" 200 2 3 Apache-HttpAsyncClient/4.1.3 (Java/11.0.2)
172.23.141.100 - - [17/Jul/2022:11:12:59 +0800] "GET /nacos/v1/cs/health HTTP/1.1" 200 2 65 Apache-HttpAsyncClient/4.1.3 (Java/11.0.2)
172.23.141.100 - - [17/Jul/2022:11:13:04 +0800] "GET /nacos/v1/cs/health HTTP/1.1" 200 2 4 Apache-HttpAsyncClient/4.1.3 (Java/11.0.2)
172.23.141.100 - - [17/Jul/2022:11:13:09 +0800] "GET /nacos/v1/cs/health HTTP/1.1" 200 2 6 Apache-HttpAsyncClient/4.1.3 (Java/11.0.2)
172.23.141.100 - - [17/Jul/2022:11:13:14 +0800] "GET /nacos/v1/cs/health HTTP/1.1" 200 2 3 Apache-HttpAsyncClient/4.1.3 (Java/11.0.2)
172.23.141.100 - - [17/Jul/2022:11:13:19 +0800] "GET /nacos/v1/cs/health HTTP/1.1" 200 2 3 Apache-HttpAsyncClient/4.1.3 (Java/11.0.2)
172.23.141.100 - - [17/Jul/2022:11:13:24 +0800] "GET /nacos/v1/cs/health HTTP/1.1" 200 2 3 Apache-HttpAsyncClient/4.1.3 (Java/11.0.2)
172.23.141.100 - - [17/Jul/2022:11:13:29 +0800] "GET /nacos/v1/cs/health HTTP/1.1" 200 2 5 Apache-HttpAsyncClient/4.1.3 (Java/11.0.2)
172.23.141.100 - - [17/Jul/2022:11:13:34 +0800] "GET /nacos/v1/cs/health HTTP/1.1" 200 2 3 Apache-HttpAsyncClient/4.1.3 (Java/11.0.2)
172.23.141.100 - - [17/Jul/2022:11:13:39 +0800] "GET /nacos/v1/cs/health HTTP/1.1" 200 2 3 Apache-HttpAsyncClient/4.1.3 (Java/11.0.2)
172.23.141.100 - - [17/Jul/2022:11:13:44 +0800] "GET /nacos/v1/cs/health HTTP/1.1" 200 2 56 Apache-HttpAsyncClient/4.1.3 (Java/11.0.2)
172.23.141.100 - - [17/Jul/2022:11:13:49 +0800] "GET /nacos/v1/cs/health HTTP/1.1" 200 2 7 Apache-HttpAsyncClient/4.1.3 (Java/11.0.2)
172.23.141.100 - - [17/Jul/2022:11:13:54 +0800] "GET /nacos/v1/cs/health HTTP/1.1" 200 2 4 Apache-HttpAsyncClient/4.1.3 (Java/11.0.2)
172.23.141.100 - - [17/Jul/2022:11:13:59 +0800] "GET /nacos/v1/cs/health HTTP/1.1" 200 2 6 Apache-HttpAsyncClient/4.1.3 (Java/11.0.2)
172.23.141.100 - - [17/Jul/2022:11:14:04 +0800] "GET /nacos/v1/cs/health HTTP/1.1" 200 2 3 Apache-HttpAsyncClient/4.1.3 (Java/11.0.2)
172.23.141.100 - - [17/Jul/2022:11:14:09 +0800] "GET /nacos/v1/cs/health HTTP/1.1" 200 2 3 Apache-HttpAsyncClient/4.1.3 (Java/11.0.2)
172.23.141.100 - - [17/Jul/2022:11:14:14 +0800] "GET /nacos/v1/cs/health HTTP/1.1" 200 2 3 Apache-HttpAsyncClient/4.1.3 (Java/11.0.2)
172.23.141.100 - - [17/Jul/2022:11:14:19 +0800] "GET /nacos/v1/cs/health HTTP/1.1" 200 2 3 Apache-HttpAsyncClient/4.1.3 (Java/11.0.2)
172.23.141.100 - - [17/Jul/2022:11:14:24 +0800] "GET /nacos/v1/cs/health HTTP/1.1" 200 2 3 Apache-HttpAsyncClient/4.1.3 (Java/11.0.2)
172.23.141.100 - - [17/Jul/2022:11:14:29 +0800] "GET /nacos/v1/cs/health HTTP/1.1" 200 2 5 Apache-HttpAsyncClient/4.1.3 (Java/11.0.2)
172.23.141.100 - - [17/Jul/2022:11:14:34 +0800] "GET /nacos/v1/cs/health HTTP/1.1" 200 2 5 Apache-HttpAsyncClient/4.1.3 (Java/11.0.2)
172.23.141.100 - - [17/Jul/2022:11:14:39 +0800] "GET /nacos/v1/cs/health HTTP/1.1" 200 2 4 Apache-HttpAsyncClient/4.1.3 (Java/11.0.2)
172.23.141.100 - - [17/Jul/2022:11:14:44 +0800] "GET /nacos/v1/cs/health HTTP/1.1" 200 2 3 Apache-HttpAsyncClient/4.1.3 (Java/11.0.2)
172.23.141.100 - - [17/Jul/2022:11:14:49 +0800] "GET /nacos/v1/cs/health HTTP/1.1" 200 2 4 Apache-HttpAsyncClient/4.1.3 (Java/11.0.2)
172.23.141.100 - - [17/Jul/2022:11:14:54 +0800] "GET /nacos/v1/cs/health HTTP/1.1" 200 2 3 Apache-HttpAsyncClient/4.1.3 (Java/11.0.2)
172.23.141.100 - - [17/Jul/2022:11:14:59 +0800] "GET /nacos/v1/cs/health HTTP/1.1" 200 2 6 Apache-HttpAsyncClient/4.1.3 (Java/11.0.2)
172.23.141.100 - - [17/Jul/2022:11:15:04 +0800] "GET /nacos/v1/cs/health HTTP/1.1" 200 2 3 Apache-HttpAsyncClient/4.1.3 (Java/11.0.2)
172.23.141.100 - - [17/Jul/2022:11:15:09 +0800] "GET /nacos/v1/cs/health HTTP/1.1" 200 2 3 Apache-HttpAsyncClient/4.1.3 (Java/11.0.2)
172.23.141.100 - - [17/Jul/2022:11:15:14 +0800] "GET /nacos/v1/cs/health HTTP/1.1" 200 2 6 Apache-HttpAsyncClient/4.1.3 (Java/11.0.2)
172.23.141.100 - - [17/Jul/2022:11:15:19 +0800] "GET /nacos/v1/cs/health HTTP/1.1" 200 2 3 Apache-HttpAsyncClient/4.1.3 (Java/11.0.2)
172.23.141.100 - - [17/Jul/2022:11:15:24 +0800] "GET /nacos/v1/cs/health HTTP/1.1" 200 2 3 Apache-HttpAsyncClient/4.1.3 (Java/11.0.2)
172.23.141.100 - - [17/Jul/2022:11:15:29 +0800] "GET /nacos/v1/cs/health HTTP/1.1" 200 2 6 Apache-HttpAsyncClient/4.1.3 (Java/11.0.2)
172.23.141.100 - - [17/Jul/2022:11:15:34 +0800] "GET /nacos/v1/cs/health HTTP/1.1" 200 2 3 Apache-HttpAsyncClient/4.1.3 (Java/11.0.2)
172.23.141.100 - - [17/Jul/2022:11:15:39 +0800] "GET /nacos/v1/cs/health HTTP/1.1" 200 2 4 Apache-HttpAsyncClient/4.1.3 (Java/11.0.2)
172.23.141.100 - - [17/Jul/2022:11:15:44 +0800] "GET /nacos/v1/cs/health HTTP/1.1" 200 2 3 Apache-HttpAsyncClient/4.1.3 (Java/11.0.2)
172.23.141.100 - - [17/Jul/2022:11:15:49 +0800] "GET /nacos/v1/cs/health HTTP/1.1" 200 2 2 Apache-HttpAsyncClient/4.1.3 (Java/11.0.2)
172.23.141.100 - - [17/Jul/2022:11:15:54 +0800] "GET /nacos/v1/cs/health HTTP/1.1" 200 2 4 Apache-HttpAsyncClient/4.1.3 (Java/11.0.2)
172.23.141.100 - - [17/Jul/2022:11:15:59 +0800] "GET /nacos/v1/cs/health HTTP/1.1" 200 2 3 Apache-HttpAsyncClient/4.1.3 (Java/11.0.2)
172.23.141.100 - - [17/Jul/2022:11:16:04 +0800] "GET /nacos/v1/cs/health HTTP/1.1" 200 2 2 Apache-HttpAsyncClient/4.1.3 (Java/11.0.2)
172.23.141.100 - - [17/Jul/2022:11:16:09 +0800] "GET /nacos/v1/cs/health HTTP/1.1" 200 2 6 Apache-HttpAsyncClient/4.1.3 (Java/11.0.2)
172.23.141.100 - - [17/Jul/2022:11:16:15 +0800] "GET /nacos/v1/cs/health HTTP/1.1" 200 2 76 Apache-HttpAsyncClient/4.1.3 (Java/11.0.2)
172.23.141.100 - - [17/Jul/2022:11:16:19 +0800] "GET /nacos/v1/cs/health HTTP/1.1" 200 2 6 Apache-HttpAsyncClient/4.1.3 (Java/11.0.2)
172.23.141.100 - - [17/Jul/2022:11:16:24 +0800] "GET /nacos/v1/cs/health HTTP/1.1" 200 2 5 Apache-HttpAsyncClient/4.1.3 (Java/11.0.2)
172.23.141.100 - - [17/Jul/2022:11:16:29 +0800] "GET /nacos/v1/cs/health HTTP/1.1" 200 2 5 Apache-HttpAsyncClient/4.1.3 (Java/11.0.2)
172.23.141.100 - - [17/Jul/2022:11:16:34 +0800] "GET /nacos/v1/cs/health HTTP/1.1" 200 2 3 Apache-HttpAsyncClient/4.1.3 (Java/11.0.2)
172.23.141.100 - - [17/Jul/2022:11:16:39 +0800] "GET /nacos/v1/cs/health HTTP/1.1" 200 2 4 Apache-HttpAsyncClient/4.1.3 (Java/11.0.2)
172.23.141.100 - - [17/Jul/2022:11:16:44 +0800] "GET /nacos/v1/cs/health HTTP/1.1" 200 2 4 Apache-HttpAsyncClient/4.1.3 (Java/11.0.2)
172.23.141.100 - - [17/Jul/2022:11:16:50 +0800] "GET /nacos/v1/cs/health HTTP/1.1" 200 2 72 Apache-HttpAsyncClient/4.1.3 (Java/11.0.2)
172.23.141.100 - - [17/Jul/2022:11:16:55 +0800] "GET /nacos/v1/cs/health HTTP/1.1" 200 2 13 Apache-HttpAsyncClient/4.1.3 (Java/11.0.2)
172.23.141.100 - - [17/Jul/2022:11:17:00 +0800] "GET /nacos/v1/cs/health HTTP/1.1" 200 2 11 Apache-HttpAsyncClient/4.1.3 (Java/11.0.2)
172.23.141.100 - - [17/Jul/2022:11:17:05 +0800] "GET /nacos/v1/cs/health HTTP/1.1" 200 2 5 Apache-HttpAsyncClient/4.1.3 (Java/11.0.2)
172.23.141.100 - - [17/Jul/2022:11:17:10 +0800] "GET /nacos/v1/cs/health HTTP/1.1" 200 2 3 Apache-HttpAsyncClient/4.1.3 (Java/11.0.2)
172.23.141.100 - - [17/Jul/2022:11:17:15 +0800] "GET /nacos/v1/cs/health HTTP/1.1" 200 2 2 Apache-HttpAsyncClient/4.1.3 (Java/11.0.2)
172.23.141.100 - - [17/Jul/2022:11:17:20 +0800] "GET /nacos/v1/cs/health HTTP/1.1" 200 2 5 Apache-HttpAsyncClient/4.1.3 (Java/11.0.2)
172.23.141.100 - - [17/Jul/2022:11:17:25 +0800] "GET /nacos/v1/cs/health HTTP/1.1" 200 2 3 Apache-HttpAsyncClient/4.1.3 (Java/11.0.2)
172.23.141.100 - - [17/Jul/2022:11:17:30 +0800] "GET /nacos/v1/cs/health HTTP/1.1" 200 2 3 Apache-HttpAsyncClient/4.1.3 (Java/11.0.2)
172.23.141.100 - - [17/Jul/2022:11:17:35 +0800] "GET /nacos/v1/cs/health HTTP/1.1" 200 2 3 Apache-HttpAsyncClient/4.1.3 (Java/11.0.2)
172.23.141.100 - - [17/Jul/2022:11:17:40 +0800] "GET /nacos/v1/cs/health HTTP/1.1" 200 2 2 Apache-HttpAsyncClient/4.1.3 (Java/11.0.2)
172.23.141.100 - - [17/Jul/2022:11:17:45 +0800] "GET /nacos/v1/cs/health HTTP/1.1" 200 2 7 Apache-HttpAsyncClient/4.1.3 (Java/11.0.2)
172.23.141.100 - - [17/Jul/2022:11:17:50 +0800] "GET /nacos/v1/cs/health HTTP/1.1" 200 2 5 Apache-HttpAsyncClient/4.1.3 (Java/11.0.2)
172.23.141.100 - - [17/Jul/2022:11:17:55 +0800] "GET /nacos/v1/cs/health HTTP/1.1" 200 2 2 Apache-HttpAsyncClient/4.1.3 (Java/11.0.2)
172.23.141.100 - - [17/Jul/2022:11:18:00 +0800] "GET /nacos/v1/cs/health HTTP/1.1" 200 2 4 Apache-HttpAsyncClient/4.1.3 (Java/11.0.2)
172.23.141.100 - - [17/Jul/2022:11:18:05 +0800] "GET /nacos/v1/cs/health HTTP/1.1" 200 2 5 Apache-HttpAsyncClient/4.1.3 (Java/11.0.2)
172.23.141.100 - - [17/Jul/2022:11:18:10 +0800] "GET /nacos/v1/cs/health HTTP/1.1" 200 2 5 Apache-HttpAsyncClient/4.1.3 (Java/11.0.2)
172.23.141.100 - - [17/Jul/2022:11:18:15 +0800] "GET /nacos/v1/cs/health HTTP/1.1" 200 2 67 Apache-HttpAsyncClient/4.1.3 (Java/11.0.2)
172.23.141.100 - - [17/Jul/2022:11:18:20 +0800] "GET /nacos/v1/cs/health HTTP/1.1" 200 2 4 Apache-HttpAsyncClient/4.1.3 (Java/11.0.2)
172.23.141.100 - - [17/Jul/2022:11:18:25 +0800] "GET /nacos/v1/cs/health HTTP/1.1" 200 2 4 Apache-HttpAsyncClient/4.1.3 (Java/11.0.2)
172.23.141.100 - - [17/Jul/2022:11:18:30 +0800] "GET /nacos/v1/cs/health HTTP/1.1" 200 2 5 Apache-HttpAsyncClient/4.1.3 (Java/11.0.2)
172.23.141.100 - - [17/Jul/2022:11:18:35 +0800] "GET /nacos/v1/cs/health HTTP/1.1" 200 2 5 Apache-HttpAsyncClient/4.1.3 (Java/11.0.2)
172.23.141.100 - - [17/Jul/2022:11:18:40 +0800] "GET /nacos/v1/cs/health HTTP/1.1" 200 2 65 Apache-HttpAsyncClient/4.1.3 (Java/11.0.2)
172.23.141.100 - - [17/Jul/2022:11:18:45 +0800] "GET /nacos/v1/cs/health HTTP/1.1" 200 2 7 Apache-HttpAsyncClient/4.1.3 (Java/11.0.2)
172.23.141.100 - - [17/Jul/2022:11:18:50 +0800] "GET /nacos/v1/cs/health HTTP/1.1" 200 2 3 Apache-HttpAsyncClient/4.1.3 (Java/11.0.2)
172.23.141.100 - - [17/Jul/2022:11:18:55 +0800] "GET /nacos/v1/cs/health HTTP/1.1" 200 2 5 Apache-HttpAsyncClient/4.1.3 (Java/11.0.2)
172.23.141.100 - - [17/Jul/2022:11:19:00 +0800] "GET /nacos/v1/cs/health HTTP/1.1" 200 2 6 Apache-HttpAsyncClient/4.1.3 (Java/11.0.2)
172.23.141.100 - - [17/Jul/2022:11:19:05 +0800] "GET /nacos/v1/cs/health HTTP/1.1" 200 2 3 Apache-HttpAsyncClient/4.1.3 (Java/11.0.2)
172.23.141.100 - - [17/Jul/2022:11:19:10 +0800] "GET /nacos/v1/cs/health HTTP/1.1" 200 2 3 Apache-HttpAsyncClient/4.1.3 (Java/11.0.2)
172.23.141.100 - - [17/Jul/2022:11:19:15 +0800] "GET /nacos/v1/cs/health HTTP/1.1" 200 2 5 Apache-HttpAsyncClient/4.1.3 (Java/11.0.2)
172.23.141.100 - - [17/Jul/2022:11:19:20 +0800] "GET /nacos/v1/cs/health HTTP/1.1" 200 2 4 Apache-HttpAsyncClient/4.1.3 (Java/11.0.2)
172.23.141.100 - - [17/Jul/2022:11:19:25 +0800] "GET /nacos/v1/cs/health HTTP/1.1" 200 2 4 Apache-HttpAsyncClient/4.1.3 (Java/11.0.2)
172.23.141.100 - - [17/Jul/2022:11:19:30 +0800] "GET /nacos/v1/cs/health HTTP/1.1" 200 2 3 Apache-HttpAsyncClient/4.1.3 (Java/11.0.2)
172.23.141.100 - - [17/Jul/2022:11:19:35 +0800] "GET /nacos/v1/cs/health HTTP/1.1" 200 2 3 Apache-HttpAsyncClient/4.1.3 (Java/11.0.2)
172.23.141.100 - - [17/Jul/2022:11:19:40 +0800] "GET /nacos/v1/cs/health HTTP/1.1" 200 2 3 Apache-HttpAsyncClient/4.1.3 (Java/11.0.2)
172.23.141.100 - - [17/Jul/2022:11:19:45 +0800] "GET /nacos/v1/cs/health HTTP/1.1" 200 2 4 Apache-HttpAsyncClient/4.1.3 (Java/11.0.2)
172.23.141.100 - - [17/Jul/2022:11:19:50 +0800] "GET /nacos/v1/cs/health HTTP/1.1" 200 2 4 Apache-HttpAsyncClient/4.1.3 (Java/11.0.2)
172.23.141.100 - - [17/Jul/2022:11:19:55 +0800] "GET /nacos/v1/cs/health HTTP/1.1" 200 2 3 Apache-HttpAsyncClient/4.1.3 (Java/11.0.2)
172.23.141.100 - - [17/Jul/2022:11:20:00 +0800] "GET /nacos/v1/cs/health HTTP/1.1" 200 2 8 Apache-HttpAsyncClient/4.1.3 (Java/11.0.2)
172.23.141.100 - - [17/Jul/2022:11:20:05 +0800] "GET /nacos/v1/cs/health HTTP/1.1" 200 2 3 Apache-HttpAsyncClient/4.1.3 (Java/11.0.2)
172.23.141.100 - - [17/Jul/2022:11:20:10 +0800] "GET /nacos/v1/cs/health HTTP/1.1" 200 2 3 Apache-HttpAsyncClient/4.1.3 (Java/11.0.2)
172.23.141.100 - - [17/Jul/2022:11:20:15 +0800] "GET /nacos/v1/cs/health HTTP/1.1" 200 2 5 Apache-HttpAsyncClient/4.1.3 (Java/11.0.2)
172.23.141.100 - - [17/Jul/2022:11:20:20 +0800] "GET /nacos/v1/cs/health HTTP/1.1" 200 2 3 Apache-HttpAsyncClient/4.1.3 (Java/11.0.2)
0:0:0:0:0:0:0:1 - - [17/Jul/2022:11:20:21 +0800] "GET /nacos/console-fe/public/js/codemirror.js HTTP/1.1" 200 366237 138 Mozilla/5.0 (Macintosh; Intel Mac OS X 10_15_7) AppleWebKit/537.36 (KHTML, like Gecko) Chrome/103.0.5060.114 Safari/537.36 Edg/103.0.1264.62
0:0:0:0:0:0:0:1 - - [17/Jul/2022:11:20:21 +0800] "GET /nacos/css/main.css HTTP/1.1" 200 376874 139 Mozilla/5.0 (Macintosh; Intel Mac OS X 10_15_7) AppleWebKit/537.36 (KHTML, like Gecko) Chrome/103.0.5060.114 Safari/537.36 Edg/103.0.1264.62
0:0:0:0:0:0:0:1 - - [17/Jul/2022:11:20:21 +0800] "GET /nacos/console-fe/public/css/console1412.css HTTP/1.1" 200 156959 140 Mozilla/5.0 (Macintosh; Intel Mac OS X 10_15_7) AppleWebKit/537.36 (KHTML, like Gecko) Chrome/103.0.5060.114 Safari/537.36 Edg/103.0.1264.62
0:0:0:0:0:0:0:1 - - [17/Jul/2022:11:20:21 +0800] "GET /nacos/js/main.js HTTP/1.1" 200 1413779 149 Mozilla/5.0 (Macintosh; Intel Mac OS X 10_15_7) AppleWebKit/537.36 (KHTML, like Gecko) Chrome/103.0.5060.114 Safari/537.36 Edg/103.0.1264.62
0:0:0:0:0:0:0:1 - - [17/Jul/2022:11:20:21 +0800] "GET /nacos/console-fe/public/js/vs/editor/editor.main.js HTTP/1.1" 200 1824086 79 Mozilla/5.0 (Macintosh; Intel Mac OS X 10_15_7) AppleWebKit/537.36 (KHTML, like Gecko) Chrome/103.0.5060.114 Safari/537.36 Edg/103.0.1264.62
0:0:0:0:0:0:0:1 - - [17/Jul/2022:11:20:21 +0800] "GET /nacos/v1/console/server/state HTTP/1.1" 200 82 206 Mozilla/5.0 (Macintosh; Intel Mac OS X 10_15_7) AppleWebKit/537.36 (KHTML, like Gecko) Chrome/103.0.5060.114 Safari/537.36 Edg/103.0.1264.62
0:0:0:0:0:0:0:1 - - [17/Jul/2022:11:20:21 +0800] "GET /nacos/console-fe/public/js/vs/editor/editor.main.css HTTP/1.1" 200 172199 115 Mozilla/5.0 (Macintosh; Intel Mac OS X 10_15_7) AppleWebKit/537.36 (KHTML, like Gecko) Chrome/103.0.5060.114 Safari/537.36 Edg/103.0.1264.62
0:0:0:0:0:0:0:1 - - [17/Jul/2022:11:20:21 +0800] "GET /nacos/v1/console/namespaces?namespaceId= HTTP/1.1" 401 154 331 Mozilla/5.0 (Macintosh; Intel Mac OS X 10_15_7) AppleWebKit/537.36 (KHTML, like Gecko) Chrome/103.0.5060.114 Safari/537.36 Edg/103.0.1264.62
0:0:0:0:0:0:0:1 - - [17/Jul/2022:11:20:21 +0800] "GET /nacos/console-fe/public/css/fonts/aliyun-console-font.ttf?t91au5 HTTP/1.1" 200 169536 62 Mozilla/5.0 (Macintosh; Intel Mac OS X 10_15_7) AppleWebKit/537.36 (KHTML, like Gecko) Chrome/103.0.5060.114 Safari/537.36 Edg/103.0.1264.62
0:0:0:0:0:0:0:1 - - [17/Jul/2022:11:20:21 +0800] "GET /nacos/v1/cs/configs?search=accurate&dataId=&group=&appName=&config_tags=&pageNo=1&pageSize=10&tenant=&namespaceId= HTTP/1.1" 200 - 63 Mozilla/5.0 (Macintosh; Intel Mac OS X 10_15_7) AppleWebKit/537.36 (KHTML, like Gecko) Chrome/103.0.5060.114 Safari/537.36 Edg/103.0.1264.62
172.23.141.100 - - [17/Jul/2022:11:20:25 +0800] "GET /nacos/v1/cs/health HTTP/1.1" 200 2 8 Apache-HttpAsyncClient/4.1.3 (Java/11.0.2)
172.23.141.100 - - [17/Jul/2022:11:20:30 +0800] "GET /nacos/v1/cs/health HTTP/1.1" 200 2 5 Apache-HttpAsyncClient/4.1.3 (Java/11.0.2)
172.23.141.100 - - [17/Jul/2022:11:20:35 +0800] "GET /nacos/v1/cs/health HTTP/1.1" 200 2 6 Apache-HttpAsyncClient/4.1.3 (Java/11.0.2)
172.23.141.100 - - [17/Jul/2022:11:20:40 +0800] "GET /nacos/v1/cs/health HTTP/1.1" 200 2 3 Apache-HttpAsyncClient/4.1.3 (Java/11.0.2)
172.23.141.100 - - [17/Jul/2022:11:20:45 +0800] "GET /nacos/v1/cs/health HTTP/1.1" 200 2 4 Apache-HttpAsyncClient/4.1.3 (Java/11.0.2)
172.23.141.100 - - [17/Jul/2022:11:20:50 +0800] "GET /nacos/v1/cs/health HTTP/1.1" 200 2 3 Apache-HttpAsyncClient/4.1.3 (Java/11.0.2)
172.23.141.100 - - [17/Jul/2022:11:20:55 +0800] "GET /nacos/v1/cs/health HTTP/1.1" 200 2 3 Apache-HttpAsyncClient/4.1.3 (Java/11.0.2)
172.23.141.100 - - [17/Jul/2022:11:21:00 +0800] "GET /nacos/v1/cs/health HTTP/1.1" 200 2 5 Apache-HttpAsyncClient/4.1.3 (Java/11.0.2)
172.23.141.100 - - [17/Jul/2022:11:21:05 +0800] "GET /nacos/v1/cs/health HTTP/1.1" 200 2 61 Apache-HttpAsyncClient/4.1.3 (Java/11.0.2)
172.23.141.100 - - [17/Jul/2022:11:21:10 +0800] "GET /nacos/v1/cs/health HTTP/1.1" 200 2 5 Apache-HttpAsyncClient/4.1.3 (Java/11.0.2)
172.23.141.100 - - [17/Jul/2022:11:21:15 +0800] "GET /nacos/v1/cs/health HTTP/1.1" 200 2 8 Apache-HttpAsyncClient/4.1.3 (Java/11.0.2)
172.23.141.100 - - [17/Jul/2022:11:21:20 +0800] "GET /nacos/v1/cs/health HTTP/1.1" 200 2 3 Apache-HttpAsyncClient/4.1.3 (Java/11.0.2)
172.23.141.100 - - [17/Jul/2022:11:21:25 +0800] "GET /nacos/v1/cs/health HTTP/1.1" 200 2 62 Apache-HttpAsyncClient/4.1.3 (Java/11.0.2)
172.23.141.100 - - [17/Jul/2022:11:21:30 +0800] "GET /nacos/v1/cs/health HTTP/1.1" 200 2 13 Apache-HttpAsyncClient/4.1.3 (Java/11.0.2)
172.23.141.100 - - [17/Jul/2022:11:21:35 +0800] "GET /nacos/v1/cs/health HTTP/1.1" 200 2 14 Apache-HttpAsyncClient/4.1.3 (Java/11.0.2)
172.23.141.100 - - [17/Jul/2022:11:21:40 +0800] "GET /nacos/v1/cs/health HTTP/1.1" 200 2 7 Apache-HttpAsyncClient/4.1.3 (Java/11.0.2)
172.23.141.100 - - [17/Jul/2022:11:21:45 +0800] "GET /nacos/v1/cs/health HTTP/1.1" 200 2 4 Apache-HttpAsyncClient/4.1.3 (Java/11.0.2)
172.23.141.100 - - [17/Jul/2022:11:21:50 +0800] "GET /nacos/v1/cs/health HTTP/1.1" 200 2 3 Apache-HttpAsyncClient/4.1.3 (Java/11.0.2)
172.23.141.100 - - [17/Jul/2022:11:21:55 +0800] "GET /nacos/v1/cs/health HTTP/1.1" 200 2 3 Apache-HttpAsyncClient/4.1.3 (Java/11.0.2)
172.23.141.100 - - [17/Jul/2022:11:22:00 +0800] "GET /nacos/v1/cs/health HTTP/1.1" 200 2 3 Apache-HttpAsyncClient/4.1.3 (Java/11.0.2)
172.23.141.100 - - [17/Jul/2022:11:22:05 +0800] "GET /nacos/v1/cs/health HTTP/1.1" 200 2 5 Apache-HttpAsyncClient/4.1.3 (Java/11.0.2)
172.23.141.100 - - [17/Jul/2022:11:22:10 +0800] "GET /nacos/v1/cs/health HTTP/1.1" 200 2 4 Apache-HttpAsyncClient/4.1.3 (Java/11.0.2)
172.23.141.100 - - [17/Jul/2022:11:22:15 +0800] "GET /nacos/v1/cs/health HTTP/1.1" 200 2 4 Apache-HttpAsyncClient/4.1.3 (Java/11.0.2)
172.23.141.100 - - [17/Jul/2022:11:22:20 +0800] "GET /nacos/v1/cs/health HTTP/1.1" 200 2 65 Apache-HttpAsyncClient/4.1.3 (Java/11.0.2)
172.23.141.100 - - [17/Jul/2022:11:22:25 +0800] "GET /nacos/v1/cs/health HTTP/1.1" 200 2 9 Apache-HttpAsyncClient/4.1.3 (Java/11.0.2)
172.23.141.100 - - [17/Jul/2022:11:22:30 +0800] "GET /nacos/v1/cs/health HTTP/1.1" 200 2 6 Apache-HttpAsyncClient/4.1.3 (Java/11.0.2)
172.23.141.100 - - [17/Jul/2022:11:22:35 +0800] "GET /nacos/v1/cs/health HTTP/1.1" 200 2 6 Apache-HttpAsyncClient/4.1.3 (Java/11.0.2)
172.23.141.100 - - [17/Jul/2022:11:22:40 +0800] "GET /nacos/v1/cs/health HTTP/1.1" 200 2 3 Apache-HttpAsyncClient/4.1.3 (Java/11.0.2)
172.23.141.100 - - [17/Jul/2022:11:22:45 +0800] "GET /nacos/v1/cs/health HTTP/1.1" 200 2 88 Apache-HttpAsyncClient/4.1.3 (Java/11.0.2)
172.23.141.100 - - [17/Jul/2022:11:22:50 +0800] "GET /nacos/v1/cs/health HTTP/1.1" 200 2 11 Apache-HttpAsyncClient/4.1.3 (Java/11.0.2)
172.23.141.100 - - [17/Jul/2022:11:22:55 +0800] "GET /nacos/v1/cs/health HTTP/1.1" 200 2 4 Apache-HttpAsyncClient/4.1.3 (Java/11.0.2)
172.23.141.100 - - [17/Jul/2022:11:23:00 +0800] "GET /nacos/v1/cs/health HTTP/1.1" 200 2 68 Apache-HttpAsyncClient/4.1.3 (Java/11.0.2)
172.23.141.100 - - [17/Jul/2022:11:23:05 +0800] "GET /nacos/v1/cs/health HTTP/1.1" 200 2 14 Apache-HttpAsyncClient/4.1.3 (Java/11.0.2)
172.23.141.100 - - [17/Jul/2022:11:23:10 +0800] "GET /nacos/v1/cs/health HTTP/1.1" 200 2 9 Apache-HttpAsyncClient/4.1.3 (Java/11.0.2)
172.23.141.100 - - [17/Jul/2022:11:23:15 +0800] "GET /nacos/v1/cs/health HTTP/1.1" 200 2 5 Apache-HttpAsyncClient/4.1.3 (Java/11.0.2)
172.23.141.100 - - [17/Jul/2022:11:23:20 +0800] "GET /nacos/v1/cs/health HTTP/1.1" 200 2 18 Apache-HttpAsyncClient/4.1.3 (Java/11.0.2)
172.23.141.100 - - [17/Jul/2022:11:23:25 +0800] "GET /nacos/v1/cs/health HTTP/1.1" 200 2 69 Apache-HttpAsyncClient/4.1.3 (Java/11.0.2)
172.23.141.100 - - [17/Jul/2022:11:23:30 +0800] "GET /nacos/v1/cs/health HTTP/1.1" 200 2 14 Apache-HttpAsyncClient/4.1.3 (Java/11.0.2)
172.23.141.100 - - [17/Jul/2022:11:23:35 +0800] "GET /nacos/v1/cs/health HTTP/1.1" 200 2 13 Apache-HttpAsyncClient/4.1.3 (Java/11.0.2)
172.23.141.100 - - [17/Jul/2022:11:23:40 +0800] "GET /nacos/v1/cs/health HTTP/1.1" 200 2 6 Apache-HttpAsyncClient/4.1.3 (Java/11.0.2)
172.23.141.100 - - [17/Jul/2022:11:23:45 +0800] "GET /nacos/v1/cs/health HTTP/1.1" 200 2 20 Apache-HttpAsyncClient/4.1.3 (Java/11.0.2)
172.23.141.100 - - [17/Jul/2022:11:23:50 +0800] "GET /nacos/v1/cs/health HTTP/1.1" 200 2 26 Apache-HttpAsyncClient/4.1.3 (Java/11.0.2)
172.23.141.100 - - [17/Jul/2022:11:23:55 +0800] "GET /nacos/v1/cs/health HTTP/1.1" 200 2 20 Apache-HttpAsyncClient/4.1.3 (Java/11.0.2)
172.23.141.100 - - [17/Jul/2022:11:24:00 +0800] "GET /nacos/v1/cs/health HTTP/1.1" 200 2 10 Apache-HttpAsyncClient/4.1.3 (Java/11.0.2)
172.23.141.100 - - [17/Jul/2022:11:24:05 +0800] "GET /nacos/v1/cs/health HTTP/1.1" 200 2 3 Apache-HttpAsyncClient/4.1.3 (Java/11.0.2)
172.23.141.100 - - [17/Jul/2022:11:24:10 +0800] "GET /nacos/v1/cs/health HTTP/1.1" 200 2 7 Apache-HttpAsyncClient/4.1.3 (Java/11.0.2)
172.23.141.100 - - [17/Jul/2022:11:24:15 +0800] "GET /nacos/v1/cs/health HTTP/1.1" 200 2 2 Apache-HttpAsyncClient/4.1.3 (Java/11.0.2)
172.23.141.100 - - [17/Jul/2022:11:24:20 +0800] "GET /nacos/v1/cs/health HTTP/1.1" 200 2 4 Apache-HttpAsyncClient/4.1.3 (Java/11.0.2)
172.23.141.100 - - [17/Jul/2022:11:24:25 +0800] "GET /nacos/v1/cs/health HTTP/1.1" 200 2 3 Apache-HttpAsyncClient/4.1.3 (Java/11.0.2)
172.23.141.100 - - [17/Jul/2022:11:24:30 +0800] "GET /nacos/v1/cs/health HTTP/1.1" 200 2 3 Apache-HttpAsyncClient/4.1.3 (Java/11.0.2)
172.23.141.100 - - [17/Jul/2022:11:24:35 +0800] "GET /nacos/v1/cs/health HTTP/1.1" 200 2 5 Apache-HttpAsyncClient/4.1.3 (Java/11.0.2)
172.23.141.100 - - [17/Jul/2022:11:24:40 +0800] "GET /nacos/v1/cs/health HTTP/1.1" 200 2 4 Apache-HttpAsyncClient/4.1.3 (Java/11.0.2)
172.23.141.100 - - [17/Jul/2022:11:24:45 +0800] "GET /nacos/v1/cs/health HTTP/1.1" 200 2 3 Apache-HttpAsyncClient/4.1.3 (Java/11.0.2)
172.23.141.100 - - [17/Jul/2022:11:24:50 +0800] "GET /nacos/v1/cs/health HTTP/1.1" 200 2 3 Apache-HttpAsyncClient/4.1.3 (Java/11.0.2)
172.23.141.100 - - [17/Jul/2022:11:24:55 +0800] "GET /nacos/v1/cs/health HTTP/1.1" 200 2 66 Apache-HttpAsyncClient/4.1.3 (Java/11.0.2)
172.23.141.100 - - [17/Jul/2022:11:25:00 +0800] "GET /nacos/v1/cs/health HTTP/1.1" 200 2 19 Apache-HttpAsyncClient/4.1.3 (Java/11.0.2)
0:0:0:0:0:0:0:1 - - [17/Jul/2022:11:25:02 +0800] "POST /nacos/v1/auth/login HTTP/1.1" 200 176 180 Mozilla/5.0 (Macintosh; Intel Mac OS X 10_15_7) AppleWebKit/537.36 (KHTML, like Gecko) Chrome/103.0.5060.114 Safari/537.36 Edg/103.0.1264.62
0:0:0:0:0:0:0:1 - - [17/Jul/2022:11:25:02 +0800] "GET /nacos/v1/console/server/state HTTP/1.1" 200 82 17 Mozilla/5.0 (Macintosh; Intel Mac OS X 10_15_7) AppleWebKit/537.36 (KHTML, like Gecko) Chrome/103.0.5060.114 Safari/537.36 Edg/103.0.1264.62
0:0:0:0:0:0:0:1 - - [17/Jul/2022:11:25:02 +0800] "GET /nacos/v1/console/namespaces?namespaceId= HTTP/1.1" 200 130 43 Mozilla/5.0 (Macintosh; Intel Mac OS X 10_15_7) AppleWebKit/537.36 (KHTML, like Gecko) Chrome/103.0.5060.114 Safari/537.36 Edg/103.0.1264.62
0:0:0:0:0:0:0:1 - - [17/Jul/2022:11:25:03 +0800] "GET /nacos/v1/cs/configs?search=accurate&dataId=&group=&appName=&config_tags=&pageNo=1&pageSize=10&tenant=&namespaceId= HTTP/1.1" 200 - 16 Mozilla/5.0 (Macintosh; Intel Mac OS X 10_15_7) AppleWebKit/537.36 (KHTML, like Gecko) Chrome/103.0.5060.114 Safari/537.36 Edg/103.0.1264.62
0:0:0:0:0:0:0:1 - - [17/Jul/2022:11:25:05 +0800] "GET /nacos/v1/ns/catalog/services?hasIpCount=true&withInstances=false&pageNo=1&pageSize=10&serviceNameParam=&groupNameParam=&namespaceId= HTTP/1.1" 200 39 30 Mozilla/5.0 (Macintosh; Intel Mac OS X 10_15_7) AppleWebKit/537.36 (KHTML, like Gecko) Chrome/103.0.5060.114 Safari/537.36 Edg/103.0.1264.62
172.23.141.100 - - [17/Jul/2022:11:25:05 +0800] "GET /nacos/v1/cs/health HTTP/1.1" 200 2 8 Apache-HttpAsyncClient/4.1.3 (Java/11.0.2)
0:0:0:0:0:0:0:1 - - [17/Jul/2022:11:25:07 +0800] "GET /nacos/v1/ns/catalog/services?hasIpCount=true&withInstances=false&pageNo=1&pageSize=10&serviceNameParam=&groupNameParam=&namespaceId= HTTP/1.1" 200 39 26 Mozilla/5.0 (Macintosh; Intel Mac OS X 10_15_7) AppleWebKit/537.36 (KHTML, like Gecko) Chrome/103.0.5060.114 Safari/537.36 Edg/103.0.1264.62
172.23.141.100 - - [17/Jul/2022:11:25:10 +0800] "GET /nacos/v1/cs/health HTTP/1.1" 200 2 13 Apache-HttpAsyncClient/4.1.3 (Java/11.0.2)
172.23.141.100 - - [17/Jul/2022:11:25:15 +0800] "GET /nacos/v1/cs/health HTTP/1.1" 200 2 4 Apache-HttpAsyncClient/4.1.3 (Java/11.0.2)
172.23.141.100 - - [17/Jul/2022:11:25:20 +0800] "GET /nacos/v1/cs/health HTTP/1.1" 200 2 3 Apache-HttpAsyncClient/4.1.3 (Java/11.0.2)
172.23.141.100 - - [17/Jul/2022:11:25:25 +0800] "GET /nacos/v1/cs/health HTTP/1.1" 200 2 55 Apache-HttpAsyncClient/4.1.3 (Java/11.0.2)
172.23.141.100 - - [17/Jul/2022:11:25:30 +0800] "GET /nacos/v1/cs/health HTTP/1.1" 200 2 7 Apache-HttpAsyncClient/4.1.3 (Java/11.0.2)
127.0.0.1 - - [17/Jul/2022:11:25:35 +0800] "GET /nacos/v1/ns/service/list?pageSize=2147483647&groupName=DEFAULT_GROUP&encoding=UTF-8&namespaceId=public&pageNo=1 HTTP/1.1" 200 59 27 Nacos-Java-Client:v1.0.0
127.0.0.1 - - [17/Jul/2022:11:25:35 +0800] "GET /nacos/v1/ns/instance/list?healthyOnly=false&namespaceId=public&clientIP=172.23.141.100&serviceName=DEFAULT_GROUP%40%40service-edu&udpPort=61701&encoding=UTF-8 HTTP/1.1" 200 249 19 Nacos-Java-Client:v1.0.0
127.0.0.1 - - [17/Jul/2022:11:25:35 +0800] "GET /nacos/v1/ns/instance/list?healthyOnly=false&namespaceId=public&clientIP=172.23.141.100&serviceName=DEFAULT_GROUP%40%40service-vod&udpPort=61701&encoding=UTF-8 HTTP/1.1" 200 249 11 Nacos-Java-Client:v1.0.0
127.0.0.1 - - [17/Jul/2022:11:25:35 +0800] "POST /nacos/v1/ns/instance?groupName=DEFAULT_GROUP&metadata=%7B%22preserved.register.source%22%3A%22SPRING_CLOUD%22%7D&namespaceId=public&port=8001&enable=true&healthy=true&clusterName=DEFAULT&ip=172.23.141.100&weight=1.0&ephemeral=true&serviceName=DEFAULT_GROUP%40%40service-edu&encoding=UTF-8 HTTP/1.1" 200 2 26 Nacos-Java-Client:v1.0.0
172.23.141.100 - - [17/Jul/2022:11:25:35 +0800] "GET /nacos/v1/cs/health HTTP/1.1" 200 2 9 Apache-HttpAsyncClient/4.1.3 (Java/11.0.2)
127.0.0.1 - - [17/Jul/2022:11:25:36 +0800] "GET /nacos/v1/ns/instance/list?healthyOnly=false&namespaceId=public&clientIP=172.23.141.100&serviceName=DEFAULT_GROUP%40%40service-edu&udpPort=61701&encoding=UTF-8 HTTP/1.1" 200 566 20 Nacos-Java-Client:v1.0.0
127.0.0.1 - - [17/Jul/2022:11:25:36 +0800] "GET /nacos/v1/ns/instance/list?healthyOnly=false&namespaceId=public&clientIP=172.23.141.100&serviceName=DEFAULT_GROUP%40%40service-vod&udpPort=61701&encoding=UTF-8 HTTP/1.1" 200 249 9 Nacos-Java-Client:v1.0.0
127.0.0.1 - - [17/Jul/2022:11:25:39 +0800] "PUT /nacos/v1/ns/instance/beat?beat=%7B%22cluster%22%3A%22DEFAULT%22%2C%22ip%22%3A%22172.23.141.100%22%2C%22metadata%22%3A%7B%22preserved.register.source%22%3A%22SPRING_CLOUD%22%7D%2C%22port%22%3A8001%2C%22scheduled%22%3Atrue%2C%22serviceName%22%3A%22DEFAULT_GROUP%40%40service-edu%22%2C%22weight%22%3A1.0%7D&serviceName=DEFAULT_GROUP%40%40service-edu&encoding=UTF-8&namespaceId=public HTTP/1.1" 200 38 33 Nacos-Java-Client:v1.0.0
172.23.141.100 - - [17/Jul/2022:11:25:40 +0800] "GET /nacos/v1/cs/health HTTP/1.1" 200 2 5 Apache-HttpAsyncClient/4.1.3 (Java/11.0.2)
127.0.0.1 - - [17/Jul/2022:11:25:44 +0800] "PUT /nacos/v1/ns/instance/beat?beat=%7B%22cluster%22%3A%22DEFAULT%22%2C%22ip%22%3A%22172.23.141.100%22%2C%22metadata%22%3A%7B%22preserved.register.source%22%3A%22SPRING_CLOUD%22%7D%2C%22port%22%3A8001%2C%22scheduled%22%3Atrue%2C%22serviceName%22%3A%22DEFAULT_GROUP%40%40service-edu%22%2C%22weight%22%3A1.0%7D&serviceName=DEFAULT_GROUP%40%40service-edu&encoding=UTF-8&namespaceId=public HTTP/1.1" 200 38 5 Nacos-Java-Client:v1.0.0
172.23.141.100 - - [17/Jul/2022:11:25:45 +0800] "GET /nacos/v1/cs/health HTTP/1.1" 200 2 5 Apache-HttpAsyncClient/4.1.3 (Java/11.0.2)
127.0.0.1 - - [17/Jul/2022:11:25:46 +0800] "GET /nacos/v1/ns/instance/list?healthyOnly=false&namespaceId=public&clientIP=172.23.141.100&serviceName=DEFAULT_GROUP%40%40service-vod&udpPort=61701&encoding=UTF-8 HTTP/1.1" 200 249 10 Nacos-Java-Client:v1.0.0
127.0.0.1 - - [17/Jul/2022:11:25:46 +0800] "GET /nacos/v1/ns/instance/list?healthyOnly=false&namespaceId=public&clientIP=172.23.141.100&serviceName=DEFAULT_GROUP%40%40service-edu&udpPort=61701&encoding=UTF-8 HTTP/1.1" 200 566 13 Nacos-Java-Client:v1.0.0
127.0.0.1 - - [17/Jul/2022:11:25:49 +0800] "PUT /nacos/v1/ns/instance/beat?beat=%7B%22cluster%22%3A%22DEFAULT%22%2C%22ip%22%3A%22172.23.141.100%22%2C%22metadata%22%3A%7B%22preserved.register.source%22%3A%22SPRING_CLOUD%22%7D%2C%22port%22%3A8001%2C%22scheduled%22%3Atrue%2C%22serviceName%22%3A%22DEFAULT_GROUP%40%40service-edu%22%2C%22weight%22%3A1.0%7D&serviceName=DEFAULT_GROUP%40%40service-edu&encoding=UTF-8&namespaceId=public HTTP/1.1" 200 38 17 Nacos-Java-Client:v1.0.0
172.23.141.100 - - [17/Jul/2022:11:25:50 +0800] "GET /nacos/v1/cs/health HTTP/1.1" 200 2 65 Apache-HttpAsyncClient/4.1.3 (Java/11.0.2)
127.0.0.1 - - [17/Jul/2022:11:25:54 +0800] "PUT /nacos/v1/ns/instance/beat?beat=%7B%22cluster%22%3A%22DEFAULT%22%2C%22ip%22%3A%22172.23.141.100%22%2C%22metadata%22%3A%7B%22preserved.register.source%22%3A%22SPRING_CLOUD%22%7D%2C%22port%22%3A8001%2C%22scheduled%22%3Atrue%2C%22serviceName%22%3A%22DEFAULT_GROUP%40%40service-edu%22%2C%22weight%22%3A1.0%7D&serviceName=DEFAULT_GROUP%40%40service-edu&encoding=UTF-8&namespaceId=public HTTP/1.1" 200 38 42 Nacos-Java-Client:v1.0.0
172.23.141.100 - - [17/Jul/2022:11:25:55 +0800] "GET /nacos/v1/cs/health HTTP/1.1" 200 2 3 Apache-HttpAsyncClient/4.1.3 (Java/11.0.2)
127.0.0.1 - - [17/Jul/2022:11:25:56 +0800] "GET /nacos/v1/ns/instance/list?healthyOnly=false&namespaceId=public&clientIP=172.23.141.100&serviceName=DEFAULT_GROUP%40%40service-edu&udpPort=61701&encoding=UTF-8 HTTP/1.1" 200 566 17 Nacos-Java-Client:v1.0.0
127.0.0.1 - - [17/Jul/2022:11:25:56 +0800] "GET /nacos/v1/ns/instance/list?healthyOnly=false&namespaceId=public&clientIP=172.23.141.100&serviceName=DEFAULT_GROUP%40%40service-vod&udpPort=61701&encoding=UTF-8 HTTP/1.1" 200 249 15 Nacos-Java-Client:v1.0.0
127.0.0.1 - - [17/Jul/2022:11:25:59 +0800] "PUT /nacos/v1/ns/instance/beat?beat=%7B%22cluster%22%3A%22DEFAULT%22%2C%22ip%22%3A%22172.23.141.100%22%2C%22metadata%22%3A%7B%22preserved.register.source%22%3A%22SPRING_CLOUD%22%7D%2C%22port%22%3A8001%2C%22scheduled%22%3Atrue%2C%22serviceName%22%3A%22DEFAULT_GROUP%40%40service-edu%22%2C%22weight%22%3A1.0%7D&serviceName=DEFAULT_GROUP%40%40service-edu&encoding=UTF-8&namespaceId=public HTTP/1.1" 200 38 6 Nacos-Java-Client:v1.0.0
172.23.141.100 - - [17/Jul/2022:11:26:00 +0800] "GET /nacos/v1/cs/health HTTP/1.1" 200 2 6 Apache-HttpAsyncClient/4.1.3 (Java/11.0.2)
127.0.0.1 - - [17/Jul/2022:11:26:04 +0800] "PUT /nacos/v1/ns/instance/beat?beat=%7B%22cluster%22%3A%22DEFAULT%22%2C%22ip%22%3A%22172.23.141.100%22%2C%22metadata%22%3A%7B%22preserved.register.source%22%3A%22SPRING_CLOUD%22%7D%2C%22port%22%3A8001%2C%22scheduled%22%3Atrue%2C%22serviceName%22%3A%22DEFAULT_GROUP%40%40service-edu%22%2C%22weight%22%3A1.0%7D&serviceName=DEFAULT_GROUP%40%40service-edu&encoding=UTF-8&namespaceId=public HTTP/1.1" 200 38 13 Nacos-Java-Client:v1.0.0
127.0.0.1 - - [17/Jul/2022:11:26:05 +0800] "GET /nacos/v1/ns/service/list?pageSize=2147483647&groupName=DEFAULT_GROUP&encoding=UTF-8&namespaceId=public&pageNo=1 HTTP/1.1" 200 59 10 Nacos-Java-Client:v1.0.0
172.23.141.100 - - [17/Jul/2022:11:26:05 +0800] "GET /nacos/v1/cs/health HTTP/1.1" 200 2 7 Apache-HttpAsyncClient/4.1.3 (Java/11.0.2)
127.0.0.1 - - [17/Jul/2022:11:26:06 +0800] "GET /nacos/v1/ns/instance/list?healthyOnly=false&namespaceId=public&clientIP=172.23.141.100&serviceName=DEFAULT_GROUP%40%40service-vod&udpPort=61701&encoding=UTF-8 HTTP/1.1" 200 249 6 Nacos-Java-Client:v1.0.0
127.0.0.1 - - [17/Jul/2022:11:26:06 +0800] "GET /nacos/v1/ns/instance/list?healthyOnly=false&namespaceId=public&clientIP=172.23.141.100&serviceName=DEFAULT_GROUP%40%40service-edu&udpPort=61701&encoding=UTF-8 HTTP/1.1" 200 566 7 Nacos-Java-Client:v1.0.0
127.0.0.1 - - [17/Jul/2022:11:26:09 +0800] "PUT /nacos/v1/ns/instance/beat?beat=%7B%22cluster%22%3A%22DEFAULT%22%2C%22ip%22%3A%22172.23.141.100%22%2C%22metadata%22%3A%7B%22preserved.register.source%22%3A%22SPRING_CLOUD%22%7D%2C%22port%22%3A8001%2C%22scheduled%22%3Atrue%2C%22serviceName%22%3A%22DEFAULT_GROUP%40%40service-edu%22%2C%22weight%22%3A1.0%7D&serviceName=DEFAULT_GROUP%40%40service-edu&encoding=UTF-8&namespaceId=public HTTP/1.1" 200 38 7 Nacos-Java-Client:v1.0.0
172.23.141.100 - - [17/Jul/2022:11:26:10 +0800] "GET /nacos/v1/cs/health HTTP/1.1" 200 2 3 Apache-HttpAsyncClient/4.1.3 (Java/11.0.2)
127.0.0.1 - - [17/Jul/2022:11:26:14 +0800] "PUT /nacos/v1/ns/instance/beat?beat=%7B%22cluster%22%3A%22DEFAULT%22%2C%22ip%22%3A%22172.23.141.100%22%2C%22metadata%22%3A%7B%22preserved.register.source%22%3A%22SPRING_CLOUD%22%7D%2C%22port%22%3A8001%2C%22scheduled%22%3Atrue%2C%22serviceName%22%3A%22DEFAULT_GROUP%40%40service-edu%22%2C%22weight%22%3A1.0%7D&serviceName=DEFAULT_GROUP%40%40service-edu&encoding=UTF-8&namespaceId=public HTTP/1.1" 200 38 10 Nacos-Java-Client:v1.0.0
172.23.141.100 - - [17/Jul/2022:11:26:15 +0800] "GET /nacos/v1/cs/health HTTP/1.1" 200 2 6 Apache-HttpAsyncClient/4.1.3 (Java/11.0.2)
0:0:0:0:0:0:0:1 - - [17/Jul/2022:11:26:16 +0800] "GET /nacos/ HTTP/1.1" 304 - 51 Mozilla/5.0 (Macintosh; Intel Mac OS X 10_15_7) AppleWebKit/537.36 (KHTML, like Gecko) Chrome/103.0.5060.114 Safari/537.36 Edg/103.0.1264.62
0:0:0:0:0:0:0:1 - - [17/Jul/2022:11:26:16 +0800] "GET /nacos/v1/console/server/state HTTP/1.1" 200 82 17 Mozilla/5.0 (Macintosh; Intel Mac OS X 10_15_7) AppleWebKit/537.36 (KHTML, like Gecko) Chrome/103.0.5060.114 Safari/537.36 Edg/103.0.1264.62
0:0:0:0:0:0:0:1 - - [17/Jul/2022:11:26:16 +0800] "GET /nacos/v1/console/namespaces?namespaceId= HTTP/1.1" 200 130 93 Mozilla/5.0 (Macintosh; Intel Mac OS X 10_15_7) AppleWebKit/537.36 (KHTML, like Gecko) Chrome/103.0.5060.114 Safari/537.36 Edg/103.0.1264.62
127.0.0.1 - - [17/Jul/2022:11:26:16 +0800] "GET /nacos/v1/ns/instance/list?healthyOnly=false&namespaceId=public&clientIP=172.23.141.100&serviceName=DEFAULT_GROUP%40%40service-edu&udpPort=61701&encoding=UTF-8 HTTP/1.1" 200 566 22 Nacos-Java-Client:v1.0.0
127.0.0.1 - - [17/Jul/2022:11:26:16 +0800] "GET /nacos/v1/ns/instance/list?healthyOnly=false&namespaceId=public&clientIP=172.23.141.100&serviceName=DEFAULT_GROUP%40%40service-vod&udpPort=61701&encoding=UTF-8 HTTP/1.1" 200 249 22 Nacos-Java-Client:v1.0.0
0:0:0:0:0:0:0:1 - - [17/Jul/2022:11:26:16 +0800] "GET /nacos/v1/ns/catalog/services?hasIpCount=true&withInstances=false&pageNo=1&pageSize=10&serviceNameParam=&groupNameParam=&namespaceId= HTTP/1.1" 200 165 81 Mozilla/5.0 (Macintosh; Intel Mac OS X 10_15_7) AppleWebKit/537.36 (KHTML, like Gecko) Chrome/103.0.5060.114 Safari/537.36 Edg/103.0.1264.62
127.0.0.1 - - [17/Jul/2022:11:26:19 +0800] "PUT /nacos/v1/ns/instance/beat?beat=%7B%22cluster%22%3A%22DEFAULT%22%2C%22ip%22%3A%22172.23.141.100%22%2C%22metadata%22%3A%7B%22preserved.register.source%22%3A%22SPRING_CLOUD%22%7D%2C%22port%22%3A8001%2C%22scheduled%22%3Atrue%2C%22serviceName%22%3A%22DEFAULT_GROUP%40%40service-edu%22%2C%22weight%22%3A1.0%7D&serviceName=DEFAULT_GROUP%40%40service-edu&encoding=UTF-8&namespaceId=public HTTP/1.1" 200 38 42 Nacos-Java-Client:v1.0.0
172.23.141.100 - - [17/Jul/2022:11:26:20 +0800] "GET /nacos/v1/cs/health HTTP/1.1" 200 2 5 Apache-HttpAsyncClient/4.1.3 (Java/11.0.2)
127.0.0.1 - - [17/Jul/2022:11:26:24 +0800] "PUT /nacos/v1/ns/instance/beat?beat=%7B%22cluster%22%3A%22DEFAULT%22%2C%22ip%22%3A%22172.23.141.100%22%2C%22metadata%22%3A%7B%22preserved.register.source%22%3A%22SPRING_CLOUD%22%7D%2C%22port%22%3A8001%2C%22scheduled%22%3Atrue%2C%22serviceName%22%3A%22DEFAULT_GROUP%40%40service-edu%22%2C%22weight%22%3A1.0%7D&serviceName=DEFAULT_GROUP%40%40service-edu&encoding=UTF-8&namespaceId=public HTTP/1.1" 200 38 7 Nacos-Java-Client:v1.0.0
172.23.141.100 - - [17/Jul/2022:11:26:25 +0800] "GET /nacos/v1/cs/health HTTP/1.1" 200 2 5 Apache-HttpAsyncClient/4.1.3 (Java/11.0.2)
127.0.0.1 - - [17/Jul/2022:11:26:26 +0800] "GET /nacos/v1/ns/instance/list?healthyOnly=false&namespaceId=public&clientIP=172.23.141.100&serviceName=DEFAULT_GROUP%40%40service-edu&udpPort=61701&encoding=UTF-8 HTTP/1.1" 200 566 15 Nacos-Java-Client:v1.0.0
127.0.0.1 - - [17/Jul/2022:11:26:26 +0800] "GET /nacos/v1/ns/instance/list?healthyOnly=false&namespaceId=public&clientIP=172.23.141.100&serviceName=DEFAULT_GROUP%40%40service-vod&udpPort=61701&encoding=UTF-8 HTTP/1.1" 200 249 15 Nacos-Java-Client:v1.0.0
127.0.0.1 - - [17/Jul/2022:11:26:29 +0800] "PUT /nacos/v1/ns/instance/beat?beat=%7B%22cluster%22%3A%22DEFAULT%22%2C%22ip%22%3A%22172.23.141.100%22%2C%22metadata%22%3A%7B%22preserved.register.source%22%3A%22SPRING_CLOUD%22%7D%2C%22port%22%3A8001%2C%22scheduled%22%3Atrue%2C%22serviceName%22%3A%22DEFAULT_GROUP%40%40service-edu%22%2C%22weight%22%3A1.0%7D&serviceName=DEFAULT_GROUP%40%40service-edu&encoding=UTF-8&namespaceId=public HTTP/1.1" 200 38 10 Nacos-Java-Client:v1.0.0
172.23.141.100 - - [17/Jul/2022:11:26:30 +0800] "GET /nacos/v1/cs/health HTTP/1.1" 200 2 4 Apache-HttpAsyncClient/4.1.3 (Java/11.0.2)
127.0.0.1 - - [17/Jul/2022:11:26:34 +0800] "PUT /nacos/v1/ns/instance/beat?beat=%7B%22cluster%22%3A%22DEFAULT%22%2C%22ip%22%3A%22172.23.141.100%22%2C%22metadata%22%3A%7B%22preserved.register.source%22%3A%22SPRING_CLOUD%22%7D%2C%22port%22%3A8001%2C%22scheduled%22%3Atrue%2C%22serviceName%22%3A%22DEFAULT_GROUP%40%40service-edu%22%2C%22weight%22%3A1.0%7D&serviceName=DEFAULT_GROUP%40%40service-edu&encoding=UTF-8&namespaceId=public HTTP/1.1" 200 38 5 Nacos-Java-Client:v1.0.0
127.0.0.1 - - [17/Jul/2022:11:26:35 +0800] "GET /nacos/v1/ns/service/list?pageSize=2147483647&groupName=DEFAULT_GROUP&encoding=UTF-8&namespaceId=public&pageNo=1 HTTP/1.1" 200 59 9 Nacos-Java-Client:v1.0.0
172.23.141.100 - - [17/Jul/2022:11:26:35 +0800] "GET /nacos/v1/cs/health HTTP/1.1" 200 2 4 Apache-HttpAsyncClient/4.1.3 (Java/11.0.2)
127.0.0.1 - - [17/Jul/2022:11:26:36 +0800] "GET /nacos/v1/ns/instance/list?healthyOnly=false&namespaceId=public&clientIP=172.23.141.100&serviceName=DEFAULT_GROUP%40%40service-edu&udpPort=61701&encoding=UTF-8 HTTP/1.1" 200 566 11 Nacos-Java-Client:v1.0.0
127.0.0.1 - - [17/Jul/2022:11:26:36 +0800] "GET /nacos/v1/ns/instance/list?healthyOnly=false&namespaceId=public&clientIP=172.23.141.100&serviceName=DEFAULT_GROUP%40%40service-vod&udpPort=61701&encoding=UTF-8 HTTP/1.1" 200 249 6 Nacos-Java-Client:v1.0.0
127.0.0.1 - - [17/Jul/2022:11:26:39 +0800] "PUT /nacos/v1/ns/instance/beat?beat=%7B%22cluster%22%3A%22DEFAULT%22%2C%22ip%22%3A%22172.23.141.100%22%2C%22metadata%22%3A%7B%22preserved.register.source%22%3A%22SPRING_CLOUD%22%7D%2C%22port%22%3A8001%2C%22scheduled%22%3Atrue%2C%22serviceName%22%3A%22DEFAULT_GROUP%40%40service-edu%22%2C%22weight%22%3A1.0%7D&serviceName=DEFAULT_GROUP%40%40service-edu&encoding=UTF-8&namespaceId=public HTTP/1.1" 200 38 3 Nacos-Java-Client:v1.0.0
172.23.141.100 - - [17/Jul/2022:11:26:41 +0800] "GET /nacos/v1/cs/health HTTP/1.1" 200 2 3 Apache-HttpAsyncClient/4.1.3 (Java/11.0.2)
127.0.0.1 - - [17/Jul/2022:11:26:44 +0800] "PUT /nacos/v1/ns/instance/beat?beat=%7B%22cluster%22%3A%22DEFAULT%22%2C%22ip%22%3A%22172.23.141.100%22%2C%22metadata%22%3A%7B%22preserved.register.source%22%3A%22SPRING_CLOUD%22%7D%2C%22port%22%3A8001%2C%22scheduled%22%3Atrue%2C%22serviceName%22%3A%22DEFAULT_GROUP%40%40service-edu%22%2C%22weight%22%3A1.0%7D&serviceName=DEFAULT_GROUP%40%40service-edu&encoding=UTF-8&namespaceId=public HTTP/1.1" 200 38 7 Nacos-Java-Client:v1.0.0
127.0.0.1 - - [17/Jul/2022:11:26:45 +0800] "GET /nacos/v1/ns/service/list?pageSize=2147483647&groupName=DEFAULT_GROUP&encoding=UTF-8&namespaceId=public&pageNo=1 HTTP/1.1" 200 59 8 Nacos-Java-Client:v1.0.0
127.0.0.1 - - [17/Jul/2022:11:26:45 +0800] "GET /nacos/v1/ns/instance/list?healthyOnly=false&namespaceId=public&clientIP=172.23.141.100&serviceName=DEFAULT_GROUP%40%40service-edu&udpPort=55392&encoding=UTF-8 HTTP/1.1" 200 566 10 Nacos-Java-Client:v1.0.0
127.0.0.1 - - [17/Jul/2022:11:26:46 +0800] "GET /nacos/v1/ns/instance/list?healthyOnly=false&namespaceId=public&clientIP=172.23.141.100&serviceName=DEFAULT_GROUP%40%40service-vod&udpPort=55392&encoding=UTF-8 HTTP/1.1" 200 249 5 Nacos-Java-Client:v1.0.0
172.23.141.100 - - [17/Jul/2022:11:26:46 +0800] "GET /nacos/v1/cs/health HTTP/1.1" 200 2 1 Apache-HttpAsyncClient/4.1.3 (Java/11.0.2)
127.0.0.1 - - [17/Jul/2022:11:26:46 +0800] "POST /nacos/v1/ns/instance?groupName=DEFAULT_GROUP&metadata=%7B%22preserved.register.source%22%3A%22SPRING_CLOUD%22%7D&namespaceId=public&port=8003&enable=true&healthy=true&clusterName=DEFAULT&ip=172.23.141.100&weight=1.0&ephemeral=true&serviceName=DEFAULT_GROUP%40%40service-vod&encoding=UTF-8 HTTP/1.1" 200 2 13 Nacos-Java-Client:v1.0.0
127.0.0.1 - - [17/Jul/2022:11:26:46 +0800] "GET /nacos/v1/ns/instance/list?healthyOnly=false&namespaceId=public&clientIP=172.23.141.100&serviceName=DEFAULT_GROUP%40%40service-vod&udpPort=61701&encoding=UTF-8 HTTP/1.1" 200 566 5 Nacos-Java-Client:v1.0.0
127.0.0.1 - - [17/Jul/2022:11:26:46 +0800] "GET /nacos/v1/ns/instance/list?healthyOnly=false&namespaceId=public&clientIP=172.23.141.100&serviceName=DEFAULT_GROUP%40%40service-edu&udpPort=61701&encoding=UTF-8 HTTP/1.1" 200 566 5 Nacos-Java-Client:v1.0.0
127.0.0.1 - - [17/Jul/2022:11:26:47 +0800] "GET /nacos/v1/ns/instance/list?healthyOnly=false&namespaceId=public&clientIP=172.23.141.100&serviceName=DEFAULT_GROUP%40%40service-edu&udpPort=55392&encoding=UTF-8 HTTP/1.1" 200 566 4 Nacos-Java-Client:v1.0.0
127.0.0.1 - - [17/Jul/2022:11:26:47 +0800] "GET /nacos/v1/ns/instance/list?healthyOnly=false&namespaceId=public&clientIP=172.23.141.100&serviceName=DEFAULT_GROUP%40%40service-vod&udpPort=55392&encoding=UTF-8 HTTP/1.1" 200 566 4 Nacos-Java-Client:v1.0.0
0:0:0:0:0:0:0:1 - - [17/Jul/2022:11:26:49 +0800] "GET /nacos/ HTTP/1.1" 304 - 55 Mozilla/5.0 (Macintosh; Intel Mac OS X 10_15_7) AppleWebKit/537.36 (KHTML, like Gecko) Chrome/103.0.5060.114 Safari/537.36 Edg/103.0.1264.62
0:0:0:0:0:0:0:1 - - [17/Jul/2022:11:26:49 +0800] "GET /nacos/v1/console/server/state HTTP/1.1" 200 82 101 Mozilla/5.0 (Macintosh; Intel Mac OS X 10_15_7) AppleWebKit/537.36 (KHTML, like Gecko) Chrome/103.0.5060.114 Safari/537.36 Edg/103.0.1264.62
0:0:0:0:0:0:0:1 - - [17/Jul/2022:11:26:49 +0800] "GET /nacos/v1/console/namespaces?namespaceId= HTTP/1.1" 200 130 141 Mozilla/5.0 (Macintosh; Intel Mac OS X 10_15_7) AppleWebKit/537.36 (KHTML, like Gecko) Chrome/103.0.5060.114 Safari/537.36 Edg/103.0.1264.62
0:0:0:0:0:0:0:1 - - [17/Jul/2022:11:26:49 +0800] "GET /nacos/v1/ns/catalog/services?hasIpCount=true&withInstances=false&pageNo=1&pageSize=10&serviceNameParam=&groupNameParam=&namespaceId= HTTP/1.1" 200 293 26 Mozilla/5.0 (Macintosh; Intel Mac OS X 10_15_7) AppleWebKit/537.36 (KHTML, like Gecko) Chrome/103.0.5060.114 Safari/537.36 Edg/103.0.1264.62
127.0.0.1 - - [17/Jul/2022:11:26:49 +0800] "PUT /nacos/v1/ns/instance/beat?beat=%7B%22cluster%22%3A%22DEFAULT%22%2C%22ip%22%3A%22172.23.141.100%22%2C%22metadata%22%3A%7B%22preserved.register.source%22%3A%22SPRING_CLOUD%22%7D%2C%22port%22%3A8001%2C%22scheduled%22%3Atrue%2C%22serviceName%22%3A%22DEFAULT_GROUP%40%40service-edu%22%2C%22weight%22%3A1.0%7D&serviceName=DEFAULT_GROUP%40%40service-edu&encoding=UTF-8&namespaceId=public HTTP/1.1" 200 38 17 Nacos-Java-Client:v1.0.0
127.0.0.1 - - [17/Jul/2022:11:26:50 +0800] "PUT /nacos/v1/ns/instance/beat?beat=%7B%22cluster%22%3A%22DEFAULT%22%2C%22ip%22%3A%22172.23.141.100%22%2C%22metadata%22%3A%7B%22preserved.register.source%22%3A%22SPRING_CLOUD%22%7D%2C%22port%22%3A8003%2C%22scheduled%22%3Atrue%2C%22serviceName%22%3A%22DEFAULT_GROUP%40%40service-vod%22%2C%22weight%22%3A1.0%7D&serviceName=DEFAULT_GROUP%40%40service-vod&encoding=UTF-8&namespaceId=public HTTP/1.1" 200 38 9 Nacos-Java-Client:v1.0.0
172.23.141.100 - - [17/Jul/2022:11:26:51 +0800] "GET /nacos/v1/cs/health HTTP/1.1" 200 2 5 Apache-HttpAsyncClient/4.1.3 (Java/11.0.2)
127.0.0.1 - - [17/Jul/2022:11:26:54 +0800] "PUT /nacos/v1/ns/instance/beat?beat=%7B%22cluster%22%3A%22DEFAULT%22%2C%22ip%22%3A%22172.23.141.100%22%2C%22metadata%22%3A%7B%22preserved.register.source%22%3A%22SPRING_CLOUD%22%7D%2C%22port%22%3A8001%2C%22scheduled%22%3Atrue%2C%22serviceName%22%3A%22DEFAULT_GROUP%40%40service-edu%22%2C%22weight%22%3A1.0%7D&serviceName=DEFAULT_GROUP%40%40service-edu&encoding=UTF-8&namespaceId=public HTTP/1.1" 200 38 4 Nacos-Java-Client:v1.0.0
127.0.0.1 - - [17/Jul/2022:11:26:55 +0800] "PUT /nacos/v1/ns/instance/beat?beat=%7B%22cluster%22%3A%22DEFAULT%22%2C%22ip%22%3A%22172.23.141.100%22%2C%22metadata%22%3A%7B%22preserved.register.source%22%3A%22SPRING_CLOUD%22%7D%2C%22port%22%3A8003%2C%22scheduled%22%3Atrue%2C%22serviceName%22%3A%22DEFAULT_GROUP%40%40service-vod%22%2C%22weight%22%3A1.0%7D&serviceName=DEFAULT_GROUP%40%40service-vod&encoding=UTF-8&namespaceId=public HTTP/1.1" 200 38 7 Nacos-Java-Client:v1.0.0
172.23.141.100 - - [17/Jul/2022:11:26:56 +0800] "GET /nacos/v1/cs/health HTTP/1.1" 200 2 5 Apache-HttpAsyncClient/4.1.3 (Java/11.0.2)
127.0.0.1 - - [17/Jul/2022:11:26:56 +0800] "GET /nacos/v1/ns/instance/list?healthyOnly=false&namespaceId=public&clientIP=172.23.141.100&serviceName=DEFAULT_GROUP%40%40service-edu&udpPort=61701&encoding=UTF-8 HTTP/1.1" 200 566 19 Nacos-Java-Client:v1.0.0
127.0.0.1 - - [17/Jul/2022:11:26:56 +0800] "GET /nacos/v1/ns/instance/list?healthyOnly=false&namespaceId=public&clientIP=172.23.141.100&serviceName=DEFAULT_GROUP%40%40service-vod&udpPort=61701&encoding=UTF-8 HTTP/1.1" 200 566 17 Nacos-Java-Client:v1.0.0
127.0.0.1 - - [17/Jul/2022:11:26:57 +0800] "GET /nacos/v1/ns/instance/list?healthyOnly=false&namespaceId=public&clientIP=172.23.141.100&serviceName=DEFAULT_GROUP%40%40service-edu&udpPort=55392&encoding=UTF-8 HTTP/1.1" 200 566 4 Nacos-Java-Client:v1.0.0
127.0.0.1 - - [17/Jul/2022:11:26:57 +0800] "GET /nacos/v1/ns/instance/list?healthyOnly=false&namespaceId=public&clientIP=172.23.141.100&serviceName=DEFAULT_GROUP%40%40service-vod&udpPort=55392&encoding=UTF-8 HTTP/1.1" 200 566 5 Nacos-Java-Client:v1.0.0
127.0.0.1 - - [17/Jul/2022:11:26:59 +0800] "PUT /nacos/v1/ns/instance/beat?beat=%7B%22cluster%22%3A%22DEFAULT%22%2C%22ip%22%3A%22172.23.141.100%22%2C%22metadata%22%3A%7B%22preserved.register.source%22%3A%22SPRING_CLOUD%22%7D%2C%22port%22%3A8001%2C%22scheduled%22%3Atrue%2C%22serviceName%22%3A%22DEFAULT_GROUP%40%40service-edu%22%2C%22weight%22%3A1.0%7D&serviceName=DEFAULT_GROUP%40%40service-edu&encoding=UTF-8&namespaceId=public HTTP/1.1" 200 38 2 Nacos-Java-Client:v1.0.0
127.0.0.1 - - [17/Jul/2022:11:27:00 +0800] "PUT /nacos/v1/ns/instance/beat?beat=%7B%22cluster%22%3A%22DEFAULT%22%2C%22ip%22%3A%22172.23.141.100%22%2C%22metadata%22%3A%7B%22preserved.register.source%22%3A%22SPRING_CLOUD%22%7D%2C%22port%22%3A8003%2C%22scheduled%22%3Atrue%2C%22serviceName%22%3A%22DEFAULT_GROUP%40%40service-vod%22%2C%22weight%22%3A1.0%7D&serviceName=DEFAULT_GROUP%40%40service-vod&encoding=UTF-8&namespaceId=public HTTP/1.1" 200 38 7 Nacos-Java-Client:v1.0.0
172.23.141.100 - - [17/Jul/2022:11:27:01 +0800] "GET /nacos/v1/cs/health HTTP/1.1" 200 2 3 Apache-HttpAsyncClient/4.1.3 (Java/11.0.2)
127.0.0.1 - - [17/Jul/2022:11:27:04 +0800] "PUT /nacos/v1/ns/instance/beat?beat=%7B%22cluster%22%3A%22DEFAULT%22%2C%22ip%22%3A%22172.23.141.100%22%2C%22metadata%22%3A%7B%22preserved.register.source%22%3A%22SPRING_CLOUD%22%7D%2C%22port%22%3A8001%2C%22scheduled%22%3Atrue%2C%22serviceName%22%3A%22DEFAULT_GROUP%40%40service-edu%22%2C%22weight%22%3A1.0%7D&serviceName=DEFAULT_GROUP%40%40service-edu&encoding=UTF-8&namespaceId=public HTTP/1.1" 200 38 7 Nacos-Java-Client:v1.0.0
127.0.0.1 - - [17/Jul/2022:11:27:05 +0800] "GET /nacos/v1/ns/service/list?pageSize=2147483647&groupName=DEFAULT_GROUP&encoding=UTF-8&namespaceId=public&pageNo=1 HTTP/1.1" 200 59 7 Nacos-Java-Client:v1.0.0
