172.23.167.29 - - [17/Sep/2022:22:03:40 +0800] "GET /nacos/v1/cs/health HTTP/1.1" 200 2 293 Apache-HttpAsyncClient/4.1.3 (Java/11.0.2)
127.0.0.1 - - [17/Sep/2022:22:03:40 +0800] "PUT /nacos/v1/ns/instance/beat?beat=%7B%22cluster%22%3A%22DEFAULT%22%2C%22ip%22%3A%22172.23.167.29%22%2C%22metadata%22%3A%7B%22preserved.register.source%22%3A%22SPRING_CLOUD%22%7D%2C%22port%22%3A8009%2C%22scheduled%22%3Atrue%2C%22serviceName%22%3A%22DEFAULT_GROUP%40%40service-acl%22%2C%22weight%22%3A1.0%7D&serviceName=DEFAULT_GROUP%40%40service-acl&encoding=UTF-8&namespaceId=public HTTP/1.1" 200 38 507 Nacos-Java-Client:v1.0.0
0:0:0:0:0:0:0:1 - - [17/Sep/2022:22:03:42 +0800] "GET /nacos/login HTTP/1.1" 401 301 270 Mozilla/5.0 (Macintosh; Intel Mac OS X 10_15_7) AppleWebKit/537.36 (KHTML, like Gecko) Chrome/105.0.0.0 Safari/537.36 Edg/105.0.1343.33
0:0:0:0:0:0:0:1 - - [17/Sep/2022:22:03:42 +0800] "GET /favicon.ico HTTP/1.1" 404 796 11 Mozilla/5.0 (Macintosh; Intel Mac OS X 10_15_7) AppleWebKit/537.36 (KHTML, like Gecko) Chrome/105.0.0.0 Safari/537.36 Edg/105.0.1343.33
127.0.0.1 - - [17/Sep/2022:22:03:45 +0800] "PUT /nacos/v1/ns/instance/beat?beat=%7B%22cluster%22%3A%22DEFAULT%22%2C%22ip%22%3A%22172.23.167.29%22%2C%22metadata%22%3A%7B%22preserved.register.source%22%3A%22SPRING_CLOUD%22%7D%2C%22port%22%3A8009%2C%22scheduled%22%3Atrue%2C%22serviceName%22%3A%22DEFAULT_GROUP%40%40service-acl%22%2C%22weight%22%3A1.0%7D&serviceName=DEFAULT_GROUP%40%40service-acl&encoding=UTF-8&namespaceId=public HTTP/1.1" 200 38 10 Nacos-Java-Client:v1.0.0
172.23.167.29 - - [17/Sep/2022:22:03:45 +0800] "GET /nacos/v1/cs/health HTTP/1.1" 200 2 15 Apache-HttpAsyncClient/4.1.3 (Java/11.0.2)
127.0.0.1 - - [17/Sep/2022:22:03:50 +0800] "PUT /nacos/v1/ns/instance/beat?beat=%7B%22cluster%22%3A%22DEFAULT%22%2C%22ip%22%3A%22172.23.167.29%22%2C%22metadata%22%3A%7B%22preserved.register.source%22%3A%22SPRING_CLOUD%22%7D%2C%22port%22%3A8009%2C%22scheduled%22%3Atrue%2C%22serviceName%22%3A%22DEFAULT_GROUP%40%40service-acl%22%2C%22weight%22%3A1.0%7D&serviceName=DEFAULT_GROUP%40%40service-acl&encoding=UTF-8&namespaceId=public HTTP/1.1" 200 38 12 Nacos-Java-Client:v1.0.0
172.23.167.29 - - [17/Sep/2022:22:03:50 +0800] "GET /nacos/v1/cs/health HTTP/1.1" 200 2 5 Apache-HttpAsyncClient/4.1.3 (Java/11.0.2)
127.0.0.1 - - [17/Sep/2022:22:03:55 +0800] "PUT /nacos/v1/ns/instance/beat?beat=%7B%22cluster%22%3A%22DEFAULT%22%2C%22ip%22%3A%22172.23.167.29%22%2C%22metadata%22%3A%7B%22preserved.register.source%22%3A%22SPRING_CLOUD%22%7D%2C%22port%22%3A8009%2C%22scheduled%22%3Atrue%2C%22serviceName%22%3A%22DEFAULT_GROUP%40%40service-acl%22%2C%22weight%22%3A1.0%7D&serviceName=DEFAULT_GROUP%40%40service-acl&encoding=UTF-8&namespaceId=public HTTP/1.1" 200 38 18 Nacos-Java-Client:v1.0.0
172.23.167.29 - - [17/Sep/2022:22:03:55 +0800] "GET /nacos/v1/cs/health HTTP/1.1" 200 2 9 Apache-HttpAsyncClient/4.1.3 (Java/11.0.2)
127.0.0.1 - - [17/Sep/2022:22:03:55 +0800] "GET /nacos/v1/ns/service/list?pageSize=2147483647&groupName=DEFAULT_GROUP&encoding=UTF-8&namespaceId=public&pageNo=1 HTTP/1.1" 200 45 37 Nacos-Java-Client:v1.0.0
127.0.0.1 - - [17/Sep/2022:22:03:55 +0800] "GET /nacos/v1/ns/instance/list?healthyOnly=false&namespaceId=public&clientIP=127.0.0.1&serviceName=DEFAULT_GROUP%40%40service-acl&udpPort=50875&encoding=UTF-8 HTTP/1.1" 200 564 28 Nacos-Java-Client:v1.0.0
0:0:0:0:0:0:0:1 - - [17/Sep/2022:22:03:56 +0800] "GET /nacos/console-fe/public/css/merge.css HTTP/1.1" 200 3857 178 Mozilla/5.0 (Macintosh; Intel Mac OS X 10_15_7) AppleWebKit/537.36 (KHTML, like Gecko) Chrome/105.0.0.0 Safari/537.36 Edg/105.0.1343.33
0:0:0:0:0:0:0:1 - - [17/Sep/2022:22:03:56 +0800] "GET /nacos/console-fe/public/css/console1412.css HTTP/1.1" 200 156959 223 Mozilla/5.0 (Macintosh; Intel Mac OS X 10_15_7) AppleWebKit/537.36 (KHTML, like Gecko) Chrome/105.0.0.0 Safari/537.36 Edg/105.0.1343.33
0:0:0:0:0:0:0:1 - - [17/Sep/2022:22:03:56 +0800] "GET /nacos/console-fe/public/css/font-awesome.css HTTP/1.1" 200 33841 196 Mozilla/5.0 (Macintosh; Intel Mac OS X 10_15_7) AppleWebKit/537.36 (KHTML, like Gecko) Chrome/105.0.0.0 Safari/537.36 Edg/105.0.1343.33
0:0:0:0:0:0:0:1 - - [17/Sep/2022:22:03:56 +0800] "GET /nacos/console-fe/public/css/icon.css HTTP/1.1" 200 5166 294 Mozilla/5.0 (Macintosh; Intel Mac OS X 10_15_7) AppleWebKit/537.36 (KHTML, like Gecko) Chrome/105.0.0.0 Safari/537.36 Edg/105.0.1343.33
0:0:0:0:0:0:0:1 - - [17/Sep/2022:22:03:56 +0800] "GET /nacos/console-fe/public/css/bootstrap.css HTTP/1.1" 200 123285 306 Mozilla/5.0 (Macintosh; Intel Mac OS X 10_15_7) AppleWebKit/537.36 (KHTML, like Gecko) Chrome/105.0.0.0 Safari/537.36 Edg/105.0.1343.33
0:0:0:0:0:0:0:1 - - [17/Sep/2022:22:03:56 +0800] "GET /nacos/css/main.css HTTP/1.1" 200 376874 180 Mozilla/5.0 (Macintosh; Intel Mac OS X 10_15_7) AppleWebKit/537.36 (KHTML, like Gecko) Chrome/105.0.0.0 Safari/537.36 Edg/105.0.1343.33
0:0:0:0:0:0:0:1 - - [17/Sep/2022:22:03:56 +0800] "GET /nacos/console-fe/public/css/codemirror.css HTTP/1.1" 200 8849 329 Mozilla/5.0 (Macintosh; Intel Mac OS X 10_15_7) AppleWebKit/537.36 (KHTML, like Gecko) Chrome/105.0.0.0 Safari/537.36 Edg/105.0.1343.33
0:0:0:0:0:0:0:1 - - [17/Sep/2022:22:03:57 +0800] "GET /nacos/console-fe/public/js/xml.js HTTP/1.1" 200 13050 109 Mozilla/5.0 (Macintosh; Intel Mac OS X 10_15_7) AppleWebKit/537.36 (KHTML, like Gecko) Chrome/105.0.0.0 Safari/537.36 Edg/105.0.1343.33
127.0.0.1 - - [17/Sep/2022:22:03:57 +0800] "GET /nacos/v1/ns/instance/list?healthyOnly=false&namespaceId=public&clientIP=127.0.0.1&serviceName=DEFAULT_GROUP%40%40service-acl&udpPort=50875&encoding=UTF-8 HTTP/1.1" 200 564 351 Nacos-Java-Client:v1.0.0
0:0:0:0:0:0:0:1 - - [17/Sep/2022:22:03:57 +0800] "GET /nacos/console-fe/public/js/javascript.js HTTP/1.1" 200 32200 148 Mozilla/5.0 (Macintosh; Intel Mac OS X 10_15_7) AppleWebKit/537.36 (KHTML, like Gecko) Chrome/105.0.0.0 Safari/537.36 Edg/105.0.1343.33
0:0:0:0:0:0:0:1 - - [17/Sep/2022:22:03:57 +0800] "GET /nacos/console-fe/public/js/codemirror.addone.lint.js HTTP/1.1" 200 8511 72 Mozilla/5.0 (Macintosh; Intel Mac OS X 10_15_7) AppleWebKit/537.36 (KHTML, like Gecko) Chrome/105.0.0.0 Safari/537.36 Edg/105.0.1343.33
0:0:0:0:0:0:0:1 - - [17/Sep/2022:22:03:57 +0800] "GET /nacos/console-fe/public/js/codemirror.lib.clike-lint.js HTTP/1.1" 200 31521 57 Mozilla/5.0 (Macintosh; Intel Mac OS X 10_15_7) AppleWebKit/537.36 (KHTML, like Gecko) Chrome/105.0.0.0 Safari/537.36 Edg/105.0.1343.33
0:0:0:0:0:0:0:1 - - [17/Sep/2022:22:03:57 +0800] "GET /nacos/console-fe/public/js/jquery.js HTTP/1.1" 200 86658 237 Mozilla/5.0 (Macintosh; Intel Mac OS X 10_15_7) AppleWebKit/537.36 (KHTML, like Gecko) Chrome/105.0.0.0 Safari/537.36 Edg/105.0.1343.33
0:0:0:0:0:0:0:1 - - [17/Sep/2022:22:03:57 +0800] "GET /nacos/console-fe/public/js/codemirror.js HTTP/1.1" 200 366237 220 Mozilla/5.0 (Macintosh; Intel Mac OS X 10_15_7) AppleWebKit/537.36 (KHTML, like Gecko) Chrome/105.0.0.0 Safari/537.36 Edg/105.0.1343.33
0:0:0:0:0:0:0:1 - - [17/Sep/2022:22:03:57 +0800] "GET /nacos/console-fe/public/js/codemirror.lib.json-lint.js HTTP/1.1" 200 16797 77 Mozilla/5.0 (Macintosh; Intel Mac OS X 10_15_7) AppleWebKit/537.36 (KHTML, like Gecko) Chrome/105.0.0.0 Safari/537.36 Edg/105.0.1343.33
0:0:0:0:0:0:0:1 - - [17/Sep/2022:22:03:57 +0800] "GET /nacos/console-fe/public/js/merge.js HTTP/1.1" 200 37874 61 Mozilla/5.0 (Macintosh; Intel Mac OS X 10_15_7) AppleWebKit/537.36 (KHTML, like Gecko) Chrome/105.0.0.0 Safari/537.36 Edg/105.0.1343.33
0:0:0:0:0:0:0:1 - - [17/Sep/2022:22:03:57 +0800] "GET /nacos/js/main.js HTTP/1.1" 200 1413779 71 Mozilla/5.0 (Macintosh; Intel Mac OS X 10_15_7) AppleWebKit/537.36 (KHTML, like Gecko) Chrome/105.0.0.0 Safari/537.36 Edg/105.0.1343.33
0:0:0:0:0:0:0:1 - - [17/Sep/2022:22:03:57 +0800] "GET /nacos/console-fe/public/js/loader.js HTTP/1.1" 200 28899 84 Mozilla/5.0 (Macintosh; Intel Mac OS X 10_15_7) AppleWebKit/537.36 (KHTML, like Gecko) Chrome/105.0.0.0 Safari/537.36 Edg/105.0.1343.33
0:0:0:0:0:0:0:1 - - [17/Sep/2022:22:03:57 +0800] "GET /nacos/console-fe/public/js/diff_match_patch.js HTTP/1.1" 200 19192 139 Mozilla/5.0 (Macintosh; Intel Mac OS X 10_15_7) AppleWebKit/537.36 (KHTML, like Gecko) Chrome/105.0.0.0 Safari/537.36 Edg/105.0.1343.33
0:0:0:0:0:0:0:1 - - [17/Sep/2022:22:03:57 +0800] "GET /nacos/console-fe/public/js/vs/editor/editor.main.js HTTP/1.1" 200 1824086 79 Mozilla/5.0 (Macintosh; Intel Mac OS X 10_15_7) AppleWebKit/537.36 (KHTML, like Gecko) Chrome/105.0.0.0 Safari/537.36 Edg/105.0.1343.33
0:0:0:0:0:0:0:1 - - [17/Sep/2022:22:03:57 +0800] "GET /nacos/v1/console/server/state HTTP/1.1" 200 82 205 Mozilla/5.0 (Macintosh; Intel Mac OS X 10_15_7) AppleWebKit/537.36 (KHTML, like Gecko) Chrome/105.0.0.0 Safari/537.36 Edg/105.0.1343.33
0:0:0:0:0:0:0:1 - - [17/Sep/2022:22:03:57 +0800] "GET /nacos/console-fe/public/js/vs/editor/editor.main.css HTTP/1.1" 200 172199 131 Mozilla/5.0 (Macintosh; Intel Mac OS X 10_15_7) AppleWebKit/537.36 (KHTML, like Gecko) Chrome/105.0.0.0 Safari/537.36 Edg/105.0.1343.33
0:0:0:0:0:0:0:1 - - [17/Sep/2022:22:03:57 +0800] "GET /nacos/console-fe/public/js/vs/editor/editor.main.nls.zh-cn.js HTTP/1.1" 200 22854 188 Mozilla/5.0 (Macintosh; Intel Mac OS X 10_15_7) AppleWebKit/537.36 (KHTML, like Gecko) Chrome/105.0.0.0 Safari/537.36 Edg/105.0.1343.33
0:0:0:0:0:0:0:1 - - [17/Sep/2022:22:03:57 +0800] "GET /nacos/console-fe/public/css/fonts/aliyun-console-font.ttf?t91au5 HTTP/1.1" 200 169536 119 Mozilla/5.0 (Macintosh; Intel Mac OS X 10_15_7) AppleWebKit/537.36 (KHTML, like Gecko) Chrome/105.0.0.0 Safari/537.36 Edg/105.0.1343.33
0:0:0:0:0:0:0:1 - - [17/Sep/2022:22:03:57 +0800] "GET /nacos/console-fe/public/icons/icon-font.woff HTTP/1.1" 200 5504 317 Mozilla/5.0 (Macintosh; Intel Mac OS X 10_15_7) AppleWebKit/537.36 (KHTML, like Gecko) Chrome/105.0.0.0 Safari/537.36 Edg/105.0.1343.33
0:0:0:0:0:0:0:1 - - [17/Sep/2022:22:03:57 +0800] "GET /nacos/console-fe/public/img/favicon.ico HTTP/1.1" 200 4286 55 Mozilla/5.0 (Macintosh; Intel Mac OS X 10_15_7) AppleWebKit/537.36 (KHTML, like Gecko) Chrome/105.0.0.0 Safari/537.36 Edg/105.0.1343.33
0:0:0:0:0:0:0:1 - - [17/Sep/2022:22:03:57 +0800] "GET /nacos/v1/console/namespaces?namespaceId= HTTP/1.1" 401 154 624 Mozilla/5.0 (Macintosh; Intel Mac OS X 10_15_7) AppleWebKit/537.36 (KHTML, like Gecko) Chrome/105.0.0.0 Safari/537.36 Edg/105.0.1343.33
0:0:0:0:0:0:0:1 - - [17/Sep/2022:22:03:57 +0800] "GET /nacos/img/nacos.png HTTP/1.1" 200 3588 53 Mozilla/5.0 (Macintosh; Intel Mac OS X 10_15_7) AppleWebKit/537.36 (KHTML, like Gecko) Chrome/105.0.0.0 Safari/537.36 Edg/105.0.1343.33
0:0:0:0:0:0:0:1 - - [17/Sep/2022:22:03:58 +0800] "GET /nacos/v1/cs/configs?search=accurate&dataId=&group=&appName=&config_tags=&pageNo=1&pageSize=10&tenant=&namespaceId= HTTP/1.1" 200 - 308 Mozilla/5.0 (Macintosh; Intel Mac OS X 10_15_7) AppleWebKit/537.36 (KHTML, like Gecko) Chrome/105.0.0.0 Safari/537.36 Edg/105.0.1343.33
127.0.0.1 - - [17/Sep/2022:22:04:00 +0800] "PUT /nacos/v1/ns/instance/beat?beat=%7B%22cluster%22%3A%22DEFAULT%22%2C%22ip%22%3A%22172.23.167.29%22%2C%22metadata%22%3A%7B%22preserved.register.source%22%3A%22SPRING_CLOUD%22%7D%2C%22port%22%3A8009%2C%22scheduled%22%3Atrue%2C%22serviceName%22%3A%22DEFAULT_GROUP%40%40service-acl%22%2C%22weight%22%3A1.0%7D&serviceName=DEFAULT_GROUP%40%40service-acl&encoding=UTF-8&namespaceId=public HTTP/1.1" 200 38 36 Nacos-Java-Client:v1.0.0
172.23.167.29 - - [17/Sep/2022:22:04:00 +0800] "GET /nacos/v1/cs/health HTTP/1.1" 200 2 16 Apache-HttpAsyncClient/4.1.3 (Java/11.0.2)
0:0:0:0:0:0:0:1 - - [17/Sep/2022:22:04:02 +0800] "POST /nacos/v1/auth/login HTTP/1.1" 200 176 282 Mozilla/5.0 (Macintosh; Intel Mac OS X 10_15_7) AppleWebKit/537.36 (KHTML, like Gecko) Chrome/105.0.0.0 Safari/537.36 Edg/105.0.1343.33
0:0:0:0:0:0:0:1 - - [17/Sep/2022:22:04:02 +0800] "GET /nacos/v1/console/server/state HTTP/1.1" 200 82 16 Mozilla/5.0 (Macintosh; Intel Mac OS X 10_15_7) AppleWebKit/537.36 (KHTML, like Gecko) Chrome/105.0.0.0 Safari/537.36 Edg/105.0.1343.33
0:0:0:0:0:0:0:1 - - [17/Sep/2022:22:04:02 +0800] "GET /nacos/v1/console/namespaces?namespaceId= HTTP/1.1" 200 130 91 Mozilla/5.0 (Macintosh; Intel Mac OS X 10_15_7) AppleWebKit/537.36 (KHTML, like Gecko) Chrome/105.0.0.0 Safari/537.36 Edg/105.0.1343.33
0:0:0:0:0:0:0:1 - - [17/Sep/2022:22:04:02 +0800] "GET /nacos/v1/cs/configs?search=accurate&dataId=&group=&appName=&config_tags=&pageNo=1&pageSize=10&tenant=&namespaceId= HTTP/1.1" 200 - 24 Mozilla/5.0 (Macintosh; Intel Mac OS X 10_15_7) AppleWebKit/537.36 (KHTML, like Gecko) Chrome/105.0.0.0 Safari/537.36 Edg/105.0.1343.33
127.0.0.1 - - [17/Sep/2022:22:04:05 +0800] "PUT /nacos/v1/ns/instance/beat?beat=%7B%22cluster%22%3A%22DEFAULT%22%2C%22ip%22%3A%22172.23.167.29%22%2C%22metadata%22%3A%7B%22preserved.register.source%22%3A%22SPRING_CLOUD%22%7D%2C%22port%22%3A8009%2C%22scheduled%22%3Atrue%2C%22serviceName%22%3A%22DEFAULT_GROUP%40%40service-acl%22%2C%22weight%22%3A1.0%7D&serviceName=DEFAULT_GROUP%40%40service-acl&encoding=UTF-8&namespaceId=public HTTP/1.1" 200 38 25 Nacos-Java-Client:v1.0.0
172.23.167.29 - - [17/Sep/2022:22:04:05 +0800] "GET /nacos/v1/cs/health HTTP/1.1" 200 2 6 Apache-HttpAsyncClient/4.1.3 (Java/11.0.2)
127.0.0.1 - - [17/Sep/2022:22:04:06 +0800] "DELETE /nacos/v1/ns/instance?namespaceId=public&port=8009&clusterName=DEFAULT&ip=172.23.167.29&ephemeral=true&serviceName=DEFAULT_GROUP%40%40service-acl&encoding=UTF-8 HTTP/1.1" 200 2 23 Nacos-Java-Client:v1.0.0
172.23.167.29 - - [17/Sep/2022:22:04:10 +0800] "GET /nacos/v1/cs/health HTTP/1.1" 200 2 12 Apache-HttpAsyncClient/4.1.3 (Java/11.0.2)
172.23.167.29 - - [17/Sep/2022:22:04:15 +0800] "GET /nacos/v1/cs/health HTTP/1.1" 200 2 7 Apache-HttpAsyncClient/4.1.3 (Java/11.0.2)
127.0.0.1 - - [17/Sep/2022:22:04:15 +0800] "GET /nacos/v1/ns/service/list?pageSize=2147483647&groupName=DEFAULT_GROUP&encoding=UTF-8&namespaceId=public&pageNo=1 HTTP/1.1" 200 45 6 Nacos-Java-Client:v1.0.0
127.0.0.1 - - [17/Sep/2022:22:04:15 +0800] "GET /nacos/v1/ns/instance/list?healthyOnly=false&namespaceId=public&clientIP=127.0.0.1&serviceName=DEFAULT_GROUP%40%40service-acl&udpPort=53303&encoding=UTF-8 HTTP/1.1" 200 249 18 Nacos-Java-Client:v1.0.0
127.0.0.1 - - [17/Sep/2022:22:04:15 +0800] "POST /nacos/v1/ns/instance?groupName=DEFAULT_GROUP&metadata=%7B%22preserved.register.source%22%3A%22SPRING_CLOUD%22%7D&namespaceId=public&port=8009&enable=true&healthy=true&clusterName=DEFAULT&ip=172.23.167.29&weight=1.0&ephemeral=true&serviceName=DEFAULT_GROUP%40%40service-acl&encoding=UTF-8 HTTP/1.1" 200 2 27 Nacos-Java-Client:v1.0.0
127.0.0.1 - - [17/Sep/2022:22:04:16 +0800] "GET /nacos/v1/ns/instance/list?healthyOnly=false&namespaceId=public&clientIP=127.0.0.1&serviceName=DEFAULT_GROUP%40%40service-acl&udpPort=53303&encoding=UTF-8 HTTP/1.1" 200 564 13 Nacos-Java-Client:v1.0.0
172.23.167.29 - - [17/Sep/2022:22:04:20 +0800] "GET /nacos/v1/cs/health HTTP/1.1" 200 2 28 Apache-HttpAsyncClient/4.1.3 (Java/11.0.2)
127.0.0.1 - - [17/Sep/2022:22:04:20 +0800] "PUT /nacos/v1/ns/instance/beat?beat=%7B%22cluster%22%3A%22DEFAULT%22%2C%22ip%22%3A%22172.23.167.29%22%2C%22metadata%22%3A%7B%22preserved.register.source%22%3A%22SPRING_CLOUD%22%7D%2C%22port%22%3A8009%2C%22scheduled%22%3Atrue%2C%22serviceName%22%3A%22DEFAULT_GROUP%40%40service-acl%22%2C%22weight%22%3A1.0%7D&serviceName=DEFAULT_GROUP%40%40service-acl&encoding=UTF-8&namespaceId=public HTTP/1.1" 200 38 26 Nacos-Java-Client:v1.0.0
172.23.167.29 - - [17/Sep/2022:22:04:25 +0800] "GET /nacos/v1/cs/health HTTP/1.1" 200 2 15 Apache-HttpAsyncClient/4.1.3 (Java/11.0.2)
127.0.0.1 - - [17/Sep/2022:22:04:25 +0800] "PUT /nacos/v1/ns/instance/beat?beat=%7B%22cluster%22%3A%22DEFAULT%22%2C%22ip%22%3A%22172.23.167.29%22%2C%22metadata%22%3A%7B%22preserved.register.source%22%3A%22SPRING_CLOUD%22%7D%2C%22port%22%3A8009%2C%22scheduled%22%3Atrue%2C%22serviceName%22%3A%22DEFAULT_GROUP%40%40service-acl%22%2C%22weight%22%3A1.0%7D&serviceName=DEFAULT_GROUP%40%40service-acl&encoding=UTF-8&namespaceId=public HTTP/1.1" 200 38 27 Nacos-Java-Client:v1.0.0
127.0.0.1 - - [17/Sep/2022:22:04:26 +0800] "GET /nacos/v1/ns/instance/list?healthyOnly=false&namespaceId=public&clientIP=127.0.0.1&serviceName=DEFAULT_GROUP%40%40service-acl&udpPort=53303&encoding=UTF-8 HTTP/1.1" 200 564 19 Nacos-Java-Client:v1.0.0
172.23.167.29 - - [17/Sep/2022:22:04:30 +0800] "GET /nacos/v1/cs/health HTTP/1.1" 200 2 7 Apache-HttpAsyncClient/4.1.3 (Java/11.0.2)
127.0.0.1 - - [17/Sep/2022:22:04:30 +0800] "PUT /nacos/v1/ns/instance/beat?beat=%7B%22cluster%22%3A%22DEFAULT%22%2C%22ip%22%3A%22172.23.167.29%22%2C%22metadata%22%3A%7B%22preserved.register.source%22%3A%22SPRING_CLOUD%22%7D%2C%22port%22%3A8009%2C%22scheduled%22%3Atrue%2C%22serviceName%22%3A%22DEFAULT_GROUP%40%40service-acl%22%2C%22weight%22%3A1.0%7D&serviceName=DEFAULT_GROUP%40%40service-acl&encoding=UTF-8&namespaceId=public HTTP/1.1" 200 38 20 Nacos-Java-Client:v1.0.0
172.23.167.29 - - [17/Sep/2022:22:04:35 +0800] "GET /nacos/v1/cs/health HTTP/1.1" 200 2 20 Apache-HttpAsyncClient/4.1.3 (Java/11.0.2)
127.0.0.1 - - [17/Sep/2022:22:04:35 +0800] "PUT /nacos/v1/ns/instance/beat?beat=%7B%22cluster%22%3A%22DEFAULT%22%2C%22ip%22%3A%22172.23.167.29%22%2C%22metadata%22%3A%7B%22preserved.register.source%22%3A%22SPRING_CLOUD%22%7D%2C%22port%22%3A8009%2C%22scheduled%22%3Atrue%2C%22serviceName%22%3A%22DEFAULT_GROUP%40%40service-acl%22%2C%22weight%22%3A1.0%7D&serviceName=DEFAULT_GROUP%40%40service-acl&encoding=UTF-8&namespaceId=public HTTP/1.1" 200 38 37 Nacos-Java-Client:v1.0.0
127.0.0.1 - - [17/Sep/2022:22:04:36 +0800] "GET /nacos/v1/ns/instance/list?healthyOnly=false&namespaceId=public&clientIP=127.0.0.1&serviceName=DEFAULT_GROUP%40%40service-acl&udpPort=53303&encoding=UTF-8 HTTP/1.1" 200 564 20 Nacos-Java-Client:v1.0.0
127.0.0.1 - - [17/Sep/2022:22:04:40 +0800] "PUT /nacos/v1/ns/instance/beat?beat=%7B%22cluster%22%3A%22DEFAULT%22%2C%22ip%22%3A%22172.23.167.29%22%2C%22metadata%22%3A%7B%22preserved.register.source%22%3A%22SPRING_CLOUD%22%7D%2C%22port%22%3A8009%2C%22scheduled%22%3Atrue%2C%22serviceName%22%3A%22DEFAULT_GROUP%40%40service-acl%22%2C%22weight%22%3A1.0%7D&serviceName=DEFAULT_GROUP%40%40service-acl&encoding=UTF-8&namespaceId=public HTTP/1.1" 200 38 15 Nacos-Java-Client:v1.0.0
172.23.167.29 - - [17/Sep/2022:22:04:40 +0800] "GET /nacos/v1/cs/health HTTP/1.1" 200 2 3 Apache-HttpAsyncClient/4.1.3 (Java/11.0.2)
127.0.0.1 - - [17/Sep/2022:22:04:45 +0800] "PUT /nacos/v1/ns/instance/beat?beat=%7B%22cluster%22%3A%22DEFAULT%22%2C%22ip%22%3A%22172.23.167.29%22%2C%22metadata%22%3A%7B%22preserved.register.source%22%3A%22SPRING_CLOUD%22%7D%2C%22port%22%3A8009%2C%22scheduled%22%3Atrue%2C%22serviceName%22%3A%22DEFAULT_GROUP%40%40service-acl%22%2C%22weight%22%3A1.0%7D&serviceName=DEFAULT_GROUP%40%40service-acl&encoding=UTF-8&namespaceId=public HTTP/1.1" 200 38 13 Nacos-Java-Client:v1.0.0
172.23.167.29 - - [17/Sep/2022:22:04:45 +0800] "GET /nacos/v1/cs/health HTTP/1.1" 200 2 3 Apache-HttpAsyncClient/4.1.3 (Java/11.0.2)
127.0.0.1 - - [17/Sep/2022:22:04:45 +0800] "GET /nacos/v1/ns/service/list?pageSize=2147483647&groupName=DEFAULT_GROUP&encoding=UTF-8&namespaceId=public&pageNo=1 HTTP/1.1" 200 45 10 Nacos-Java-Client:v1.0.0
127.0.0.1 - - [17/Sep/2022:22:04:46 +0800] "GET /nacos/v1/ns/instance/list?healthyOnly=false&namespaceId=public&clientIP=127.0.0.1&serviceName=DEFAULT_GROUP%40%40service-acl&udpPort=53303&encoding=UTF-8 HTTP/1.1" 200 564 22 Nacos-Java-Client:v1.0.0
127.0.0.1 - - [17/Sep/2022:22:04:50 +0800] "PUT /nacos/v1/ns/instance/beat?beat=%7B%22cluster%22%3A%22DEFAULT%22%2C%22ip%22%3A%22172.23.167.29%22%2C%22metadata%22%3A%7B%22preserved.register.source%22%3A%22SPRING_CLOUD%22%7D%2C%22port%22%3A8009%2C%22scheduled%22%3Atrue%2C%22serviceName%22%3A%22DEFAULT_GROUP%40%40service-acl%22%2C%22weight%22%3A1.0%7D&serviceName=DEFAULT_GROUP%40%40service-acl&encoding=UTF-8&namespaceId=public HTTP/1.1" 200 38 18 Nacos-Java-Client:v1.0.0
172.23.167.29 - - [17/Sep/2022:22:04:50 +0800] "GET /nacos/v1/cs/health HTTP/1.1" 200 2 3 Apache-HttpAsyncClient/4.1.3 (Java/11.0.2)
127.0.0.1 - - [17/Sep/2022:22:04:55 +0800] "PUT /nacos/v1/ns/instance/beat?beat=%7B%22cluster%22%3A%22DEFAULT%22%2C%22ip%22%3A%22172.23.167.29%22%2C%22metadata%22%3A%7B%22preserved.register.source%22%3A%22SPRING_CLOUD%22%7D%2C%22port%22%3A8009%2C%22scheduled%22%3Atrue%2C%22serviceName%22%3A%22DEFAULT_GROUP%40%40service-acl%22%2C%22weight%22%3A1.0%7D&serviceName=DEFAULT_GROUP%40%40service-acl&encoding=UTF-8&namespaceId=public HTTP/1.1" 200 38 4 Nacos-Java-Client:v1.0.0
172.23.167.29 - - [17/Sep/2022:22:04:55 +0800] "GET /nacos/v1/cs/health HTTP/1.1" 200 2 8 Apache-HttpAsyncClient/4.1.3 (Java/11.0.2)
127.0.0.1 - - [17/Sep/2022:22:04:56 +0800] "GET /nacos/v1/ns/instance/list?healthyOnly=false&namespaceId=public&clientIP=127.0.0.1&serviceName=DEFAULT_GROUP%40%40service-acl&udpPort=53303&encoding=UTF-8 HTTP/1.1" 200 564 24 Nacos-Java-Client:v1.0.0
127.0.0.1 - - [17/Sep/2022:22:05:00 +0800] "PUT /nacos/v1/ns/instance/beat?beat=%7B%22cluster%22%3A%22DEFAULT%22%2C%22ip%22%3A%22172.23.167.29%22%2C%22metadata%22%3A%7B%22preserved.register.source%22%3A%22SPRING_CLOUD%22%7D%2C%22port%22%3A8009%2C%22scheduled%22%3Atrue%2C%22serviceName%22%3A%22DEFAULT_GROUP%40%40service-acl%22%2C%22weight%22%3A1.0%7D&serviceName=DEFAULT_GROUP%40%40service-acl&encoding=UTF-8&namespaceId=public HTTP/1.1" 200 38 16 Nacos-Java-Client:v1.0.0
172.23.167.29 - - [17/Sep/2022:22:05:00 +0800] "GET /nacos/v1/cs/health HTTP/1.1" 200 2 2 Apache-HttpAsyncClient/4.1.3 (Java/11.0.2)
127.0.0.1 - - [17/Sep/2022:22:05:05 +0800] "PUT /nacos/v1/ns/instance/beat?beat=%7B%22cluster%22%3A%22DEFAULT%22%2C%22ip%22%3A%22172.23.167.29%22%2C%22metadata%22%3A%7B%22preserved.register.source%22%3A%22SPRING_CLOUD%22%7D%2C%22port%22%3A8009%2C%22scheduled%22%3Atrue%2C%22serviceName%22%3A%22DEFAULT_GROUP%40%40service-acl%22%2C%22weight%22%3A1.0%7D&serviceName=DEFAULT_GROUP%40%40service-acl&encoding=UTF-8&namespaceId=public HTTP/1.1" 200 38 21 Nacos-Java-Client:v1.0.0
172.23.167.29 - - [17/Sep/2022:22:05:05 +0800] "GET /nacos/v1/cs/health HTTP/1.1" 200 2 5 Apache-HttpAsyncClient/4.1.3 (Java/11.0.2)
127.0.0.1 - - [17/Sep/2022:22:05:06 +0800] "GET /nacos/v1/ns/instance/list?healthyOnly=false&namespaceId=public&clientIP=127.0.0.1&serviceName=DEFAULT_GROUP%40%40service-acl&udpPort=53303&encoding=UTF-8 HTTP/1.1" 200 564 9 Nacos-Java-Client:v1.0.0
127.0.0.1 - - [17/Sep/2022:22:05:10 +0800] "PUT /nacos/v1/ns/instance/beat?beat=%7B%22cluster%22%3A%22DEFAULT%22%2C%22ip%22%3A%22172.23.167.29%22%2C%22metadata%22%3A%7B%22preserved.register.source%22%3A%22SPRING_CLOUD%22%7D%2C%22port%22%3A8009%2C%22scheduled%22%3Atrue%2C%22serviceName%22%3A%22DEFAULT_GROUP%40%40service-acl%22%2C%22weight%22%3A1.0%7D&serviceName=DEFAULT_GROUP%40%40service-acl&encoding=UTF-8&namespaceId=public HTTP/1.1" 200 38 11 Nacos-Java-Client:v1.0.0
172.23.167.29 - - [17/Sep/2022:22:05:10 +0800] "GET /nacos/v1/cs/health HTTP/1.1" 200 2 6 Apache-HttpAsyncClient/4.1.3 (Java/11.0.2)
127.0.0.1 - - [17/Sep/2022:22:05:15 +0800] "PUT /nacos/v1/ns/instance/beat?beat=%7B%22cluster%22%3A%22DEFAULT%22%2C%22ip%22%3A%22172.23.167.29%22%2C%22metadata%22%3A%7B%22preserved.register.source%22%3A%22SPRING_CLOUD%22%7D%2C%22port%22%3A8009%2C%22scheduled%22%3Atrue%2C%22serviceName%22%3A%22DEFAULT_GROUP%40%40service-acl%22%2C%22weight%22%3A1.0%7D&serviceName=DEFAULT_GROUP%40%40service-acl&encoding=UTF-8&namespaceId=public HTTP/1.1" 200 38 14 Nacos-Java-Client:v1.0.0
172.23.167.29 - - [17/Sep/2022:22:05:15 +0800] "GET /nacos/v1/cs/health HTTP/1.1" 200 2 7 Apache-HttpAsyncClient/4.1.3 (Java/11.0.2)
127.0.0.1 - - [17/Sep/2022:22:05:15 +0800] "GET /nacos/v1/ns/service/list?pageSize=2147483647&groupName=DEFAULT_GROUP&encoding=UTF-8&namespaceId=public&pageNo=1 HTTP/1.1" 200 45 26 Nacos-Java-Client:v1.0.0
127.0.0.1 - - [17/Sep/2022:22:05:16 +0800] "GET /nacos/v1/ns/instance/list?healthyOnly=false&namespaceId=public&clientIP=127.0.0.1&serviceName=DEFAULT_GROUP%40%40service-acl&udpPort=53303&encoding=UTF-8 HTTP/1.1" 200 564 20 Nacos-Java-Client:v1.0.0
172.23.167.29 - - [17/Sep/2022:22:05:20 +0800] "GET /nacos/v1/cs/health HTTP/1.1" 200 2 17 Apache-HttpAsyncClient/4.1.3 (Java/11.0.2)
127.0.0.1 - - [17/Sep/2022:22:05:20 +0800] "PUT /nacos/v1/ns/instance/beat?beat=%7B%22cluster%22%3A%22DEFAULT%22%2C%22ip%22%3A%22172.23.167.29%22%2C%22metadata%22%3A%7B%22preserved.register.source%22%3A%22SPRING_CLOUD%22%7D%2C%22port%22%3A8009%2C%22scheduled%22%3Atrue%2C%22serviceName%22%3A%22DEFAULT_GROUP%40%40service-acl%22%2C%22weight%22%3A1.0%7D&serviceName=DEFAULT_GROUP%40%40service-acl&encoding=UTF-8&namespaceId=public HTTP/1.1" 200 38 47 Nacos-Java-Client:v1.0.0
127.0.0.1 - - [17/Sep/2022:22:05:25 +0800] "PUT /nacos/v1/ns/instance/beat?beat=%7B%22cluster%22%3A%22DEFAULT%22%2C%22ip%22%3A%22172.23.167.29%22%2C%22metadata%22%3A%7B%22preserved.register.source%22%3A%22SPRING_CLOUD%22%7D%2C%22port%22%3A8009%2C%22scheduled%22%3Atrue%2C%22serviceName%22%3A%22DEFAULT_GROUP%40%40service-acl%22%2C%22weight%22%3A1.0%7D&serviceName=DEFAULT_GROUP%40%40service-acl&encoding=UTF-8&namespaceId=public HTTP/1.1" 200 38 20 Nacos-Java-Client:v1.0.0
172.23.167.29 - - [17/Sep/2022:22:05:25 +0800] "GET /nacos/v1/cs/health HTTP/1.1" 200 2 3 Apache-HttpAsyncClient/4.1.3 (Java/11.0.2)
127.0.0.1 - - [17/Sep/2022:22:05:26 +0800] "GET /nacos/v1/ns/instance/list?healthyOnly=false&namespaceId=public&clientIP=127.0.0.1&serviceName=DEFAULT_GROUP%40%40service-acl&udpPort=53303&encoding=UTF-8 HTTP/1.1" 200 564 7 Nacos-Java-Client:v1.0.0
127.0.0.1 - - [17/Sep/2022:22:05:30 +0800] "PUT /nacos/v1/ns/instance/beat?beat=%7B%22cluster%22%3A%22DEFAULT%22%2C%22ip%22%3A%22172.23.167.29%22%2C%22metadata%22%3A%7B%22preserved.register.source%22%3A%22SPRING_CLOUD%22%7D%2C%22port%22%3A8009%2C%22scheduled%22%3Atrue%2C%22serviceName%22%3A%22DEFAULT_GROUP%40%40service-acl%22%2C%22weight%22%3A1.0%7D&serviceName=DEFAULT_GROUP%40%40service-acl&encoding=UTF-8&namespaceId=public HTTP/1.1" 200 38 7 Nacos-Java-Client:v1.0.0
172.23.167.29 - - [17/Sep/2022:22:05:30 +0800] "GET /nacos/v1/cs/health HTTP/1.1" 200 2 5 Apache-HttpAsyncClient/4.1.3 (Java/11.0.2)
127.0.0.1 - - [17/Sep/2022:22:05:35 +0800] "PUT /nacos/v1/ns/instance/beat?beat=%7B%22cluster%22%3A%22DEFAULT%22%2C%22ip%22%3A%22172.23.167.29%22%2C%22metadata%22%3A%7B%22preserved.register.source%22%3A%22SPRING_CLOUD%22%7D%2C%22port%22%3A8009%2C%22scheduled%22%3Atrue%2C%22serviceName%22%3A%22DEFAULT_GROUP%40%40service-acl%22%2C%22weight%22%3A1.0%7D&serviceName=DEFAULT_GROUP%40%40service-acl&encoding=UTF-8&namespaceId=public HTTP/1.1" 200 38 24 Nacos-Java-Client:v1.0.0
172.23.167.29 - - [17/Sep/2022:22:05:35 +0800] "GET /nacos/v1/cs/health HTTP/1.1" 200 2 2 Apache-HttpAsyncClient/4.1.3 (Java/11.0.2)
127.0.0.1 - - [17/Sep/2022:22:05:36 +0800] "GET /nacos/v1/ns/instance/list?healthyOnly=false&namespaceId=public&clientIP=127.0.0.1&serviceName=DEFAULT_GROUP%40%40service-acl&udpPort=53303&encoding=UTF-8 HTTP/1.1" 200 564 13 Nacos-Java-Client:v1.0.0
127.0.0.1 - - [17/Sep/2022:22:05:40 +0800] "PUT /nacos/v1/ns/instance/beat?beat=%7B%22cluster%22%3A%22DEFAULT%22%2C%22ip%22%3A%22172.23.167.29%22%2C%22metadata%22%3A%7B%22preserved.register.source%22%3A%22SPRING_CLOUD%22%7D%2C%22port%22%3A8009%2C%22scheduled%22%3Atrue%2C%22serviceName%22%3A%22DEFAULT_GROUP%40%40service-acl%22%2C%22weight%22%3A1.0%7D&serviceName=DEFAULT_GROUP%40%40service-acl&encoding=UTF-8&namespaceId=public HTTP/1.1" 200 38 10 Nacos-Java-Client:v1.0.0
172.23.167.29 - - [17/Sep/2022:22:05:40 +0800] "GET /nacos/v1/cs/health HTTP/1.1" 200 2 5 Apache-HttpAsyncClient/4.1.3 (Java/11.0.2)
127.0.0.1 - - [17/Sep/2022:22:05:45 +0800] "PUT /nacos/v1/ns/instance/beat?beat=%7B%22cluster%22%3A%22DEFAULT%22%2C%22ip%22%3A%22172.23.167.29%22%2C%22metadata%22%3A%7B%22preserved.register.source%22%3A%22SPRING_CLOUD%22%7D%2C%22port%22%3A8009%2C%22scheduled%22%3Atrue%2C%22serviceName%22%3A%22DEFAULT_GROUP%40%40service-acl%22%2C%22weight%22%3A1.0%7D&serviceName=DEFAULT_GROUP%40%40service-acl&encoding=UTF-8&namespaceId=public HTTP/1.1" 200 38 19 Nacos-Java-Client:v1.0.0
172.23.167.29 - - [17/Sep/2022:22:05:45 +0800] "GET /nacos/v1/cs/health HTTP/1.1" 200 2 5 Apache-HttpAsyncClient/4.1.3 (Java/11.0.2)
127.0.0.1 - - [17/Sep/2022:22:05:45 +0800] "GET /nacos/v1/ns/service/list?pageSize=2147483647&groupName=DEFAULT_GROUP&encoding=UTF-8&namespaceId=public&pageNo=1 HTTP/1.1" 200 45 6 Nacos-Java-Client:v1.0.0
127.0.0.1 - - [17/Sep/2022:22:05:46 +0800] "GET /nacos/v1/ns/instance/list?healthyOnly=false&namespaceId=public&clientIP=127.0.0.1&serviceName=DEFAULT_GROUP%40%40service-acl&udpPort=53303&encoding=UTF-8 HTTP/1.1" 200 564 12 Nacos-Java-Client:v1.0.0
127.0.0.1 - - [17/Sep/2022:22:05:50 +0800] "PUT /nacos/v1/ns/instance/beat?beat=%7B%22cluster%22%3A%22DEFAULT%22%2C%22ip%22%3A%22172.23.167.29%22%2C%22metadata%22%3A%7B%22preserved.register.source%22%3A%22SPRING_CLOUD%22%7D%2C%22port%22%3A8009%2C%22scheduled%22%3Atrue%2C%22serviceName%22%3A%22DEFAULT_GROUP%40%40service-acl%22%2C%22weight%22%3A1.0%7D&serviceName=DEFAULT_GROUP%40%40service-acl&encoding=UTF-8&namespaceId=public HTTP/1.1" 200 38 16 Nacos-Java-Client:v1.0.0
172.23.167.29 - - [17/Sep/2022:22:05:50 +0800] "GET /nacos/v1/cs/health HTTP/1.1" 200 2 12 Apache-HttpAsyncClient/4.1.3 (Java/11.0.2)
127.0.0.1 - - [17/Sep/2022:22:05:55 +0800] "PUT /nacos/v1/ns/instance/beat?beat=%7B%22cluster%22%3A%22DEFAULT%22%2C%22ip%22%3A%22172.23.167.29%22%2C%22metadata%22%3A%7B%22preserved.register.source%22%3A%22SPRING_CLOUD%22%7D%2C%22port%22%3A8009%2C%22scheduled%22%3Atrue%2C%22serviceName%22%3A%22DEFAULT_GROUP%40%40service-acl%22%2C%22weight%22%3A1.0%7D&serviceName=DEFAULT_GROUP%40%40service-acl&encoding=UTF-8&namespaceId=public HTTP/1.1" 200 38 14 Nacos-Java-Client:v1.0.0
172.23.167.29 - - [17/Sep/2022:22:05:55 +0800] "GET /nacos/v1/cs/health HTTP/1.1" 200 2 3 Apache-HttpAsyncClient/4.1.3 (Java/11.0.2)
127.0.0.1 - - [17/Sep/2022:22:05:56 +0800] "GET /nacos/v1/ns/instance/list?healthyOnly=false&namespaceId=public&clientIP=127.0.0.1&serviceName=DEFAULT_GROUP%40%40service-acl&udpPort=53303&encoding=UTF-8 HTTP/1.1" 200 564 20 Nacos-Java-Client:v1.0.0
127.0.0.1 - - [17/Sep/2022:22:06:00 +0800] "PUT /nacos/v1/ns/instance/beat?beat=%7B%22cluster%22%3A%22DEFAULT%22%2C%22ip%22%3A%22172.23.167.29%22%2C%22metadata%22%3A%7B%22preserved.register.source%22%3A%22SPRING_CLOUD%22%7D%2C%22port%22%3A8009%2C%22scheduled%22%3Atrue%2C%22serviceName%22%3A%22DEFAULT_GROUP%40%40service-acl%22%2C%22weight%22%3A1.0%7D&serviceName=DEFAULT_GROUP%40%40service-acl&encoding=UTF-8&namespaceId=public HTTP/1.1" 200 38 26 Nacos-Java-Client:v1.0.0
172.23.167.29 - - [17/Sep/2022:22:06:00 +0800] "GET /nacos/v1/cs/health HTTP/1.1" 200 2 4 Apache-HttpAsyncClient/4.1.3 (Java/11.0.2)
127.0.0.1 - - [17/Sep/2022:22:06:05 +0800] "PUT /nacos/v1/ns/instance/beat?beat=%7B%22cluster%22%3A%22DEFAULT%22%2C%22ip%22%3A%22172.23.167.29%22%2C%22metadata%22%3A%7B%22preserved.register.source%22%3A%22SPRING_CLOUD%22%7D%2C%22port%22%3A8009%2C%22scheduled%22%3Atrue%2C%22serviceName%22%3A%22DEFAULT_GROUP%40%40service-acl%22%2C%22weight%22%3A1.0%7D&serviceName=DEFAULT_GROUP%40%40service-acl&encoding=UTF-8&namespaceId=public HTTP/1.1" 200 38 16 Nacos-Java-Client:v1.0.0
172.23.167.29 - - [17/Sep/2022:22:06:05 +0800] "GET /nacos/v1/cs/health HTTP/1.1" 200 2 5 Apache-HttpAsyncClient/4.1.3 (Java/11.0.2)
127.0.0.1 - - [17/Sep/2022:22:06:06 +0800] "GET /nacos/v1/ns/instance/list?healthyOnly=false&namespaceId=public&clientIP=127.0.0.1&serviceName=DEFAULT_GROUP%40%40service-acl&udpPort=53303&encoding=UTF-8 HTTP/1.1" 200 564 24 Nacos-Java-Client:v1.0.0
127.0.0.1 - - [17/Sep/2022:22:06:10 +0800] "PUT /nacos/v1/ns/instance/beat?beat=%7B%22cluster%22%3A%22DEFAULT%22%2C%22ip%22%3A%22172.23.167.29%22%2C%22metadata%22%3A%7B%22preserved.register.source%22%3A%22SPRING_CLOUD%22%7D%2C%22port%22%3A8009%2C%22scheduled%22%3Atrue%2C%22serviceName%22%3A%22DEFAULT_GROUP%40%40service-acl%22%2C%22weight%22%3A1.0%7D&serviceName=DEFAULT_GROUP%40%40service-acl&encoding=UTF-8&namespaceId=public HTTP/1.1" 200 38 11 Nacos-Java-Client:v1.0.0
172.23.167.29 - - [17/Sep/2022:22:06:10 +0800] "GET /nacos/v1/cs/health HTTP/1.1" 200 2 11 Apache-HttpAsyncClient/4.1.3 (Java/11.0.2)
127.0.0.1 - - [17/Sep/2022:22:06:15 +0800] "PUT /nacos/v1/ns/instance/beat?beat=%7B%22cluster%22%3A%22DEFAULT%22%2C%22ip%22%3A%22172.23.167.29%22%2C%22metadata%22%3A%7B%22preserved.register.source%22%3A%22SPRING_CLOUD%22%7D%2C%22port%22%3A8009%2C%22scheduled%22%3Atrue%2C%22serviceName%22%3A%22DEFAULT_GROUP%40%40service-acl%22%2C%22weight%22%3A1.0%7D&serviceName=DEFAULT_GROUP%40%40service-acl&encoding=UTF-8&namespaceId=public HTTP/1.1" 200 38 35 Nacos-Java-Client:v1.0.0
172.23.167.29 - - [17/Sep/2022:22:06:15 +0800] "GET /nacos/v1/cs/health HTTP/1.1" 200 2 6 Apache-HttpAsyncClient/4.1.3 (Java/11.0.2)
127.0.0.1 - - [17/Sep/2022:22:06:15 +0800] "GET /nacos/v1/ns/service/list?pageSize=2147483647&groupName=DEFAULT_GROUP&encoding=UTF-8&namespaceId=public&pageNo=1 HTTP/1.1" 200 45 20 Nacos-Java-Client:v1.0.0
127.0.0.1 - - [17/Sep/2022:22:06:16 +0800] "DELETE /nacos/v1/ns/instance?namespaceId=public&port=8009&clusterName=DEFAULT&ip=172.23.167.29&ephemeral=true&serviceName=DEFAULT_GROUP%40%40service-acl&encoding=UTF-8 HTTP/1.1" 200 2 15 Nacos-Java-Client:v1.0.0
172.23.167.29 - - [17/Sep/2022:22:06:20 +0800] "GET /nacos/v1/cs/health HTTP/1.1" 200 2 8 Apache-HttpAsyncClient/4.1.3 (Java/11.0.2)
172.23.167.29 - - [17/Sep/2022:22:06:25 +0800] "GET /nacos/v1/cs/health HTTP/1.1" 200 2 10 Apache-HttpAsyncClient/4.1.3 (Java/11.0.2)
127.0.0.1 - - [17/Sep/2022:22:06:28 +0800] "GET /nacos/v1/ns/service/list?pageSize=2147483647&groupName=DEFAULT_GROUP&encoding=UTF-8&namespaceId=public&pageNo=1 HTTP/1.1" 200 45 7 Nacos-Java-Client:v1.0.0
127.0.0.1 - - [17/Sep/2022:22:06:28 +0800] "GET /nacos/v1/ns/instance/list?healthyOnly=false&namespaceId=public&clientIP=172.23.167.29&serviceName=DEFAULT_GROUP%40%40service-acl&udpPort=55360&encoding=UTF-8 HTTP/1.1" 200 249 8 Nacos-Java-Client:v1.0.0
127.0.0.1 - - [17/Sep/2022:22:06:28 +0800] "POST /nacos/v1/ns/instance?groupName=DEFAULT_GROUP&metadata=%7B%22preserved.register.source%22%3A%22SPRING_CLOUD%22%7D&namespaceId=public&port=8009&enable=true&healthy=true&clusterName=DEFAULT&ip=172.23.167.29&weight=1.0&ephemeral=true&serviceName=DEFAULT_GROUP%40%40service-acl&encoding=UTF-8 HTTP/1.1" 200 2 7 Nacos-Java-Client:v1.0.0
127.0.0.1 - - [17/Sep/2022:22:06:29 +0800] "GET /nacos/v1/ns/instance/list?healthyOnly=false&namespaceId=public&clientIP=172.23.167.29&serviceName=DEFAULT_GROUP%40%40service-acl&udpPort=55360&encoding=UTF-8 HTTP/1.1" 200 564 31 Nacos-Java-Client:v1.0.0
172.23.167.29 - - [17/Sep/2022:22:06:30 +0800] "GET /nacos/v1/cs/health HTTP/1.1" 200 2 7 Apache-HttpAsyncClient/4.1.3 (Java/11.0.2)
127.0.0.1 - - [17/Sep/2022:22:06:33 +0800] "PUT /nacos/v1/ns/instance/beat?beat=%7B%22cluster%22%3A%22DEFAULT%22%2C%22ip%22%3A%22172.23.167.29%22%2C%22metadata%22%3A%7B%22preserved.register.source%22%3A%22SPRING_CLOUD%22%7D%2C%22port%22%3A8009%2C%22scheduled%22%3Atrue%2C%22serviceName%22%3A%22DEFAULT_GROUP%40%40service-acl%22%2C%22weight%22%3A1.0%7D&serviceName=DEFAULT_GROUP%40%40service-acl&encoding=UTF-8&namespaceId=public HTTP/1.1" 200 38 21 Nacos-Java-Client:v1.0.0
172.23.167.29 - - [17/Sep/2022:22:06:35 +0800] "GET /nacos/v1/cs/health HTTP/1.1" 200 2 24 Apache-HttpAsyncClient/4.1.3 (Java/11.0.2)
127.0.0.1 - - [17/Sep/2022:22:06:38 +0800] "PUT /nacos/v1/ns/instance/beat?beat=%7B%22cluster%22%3A%22DEFAULT%22%2C%22ip%22%3A%22172.23.167.29%22%2C%22metadata%22%3A%7B%22preserved.register.source%22%3A%22SPRING_CLOUD%22%7D%2C%22port%22%3A8009%2C%22scheduled%22%3Atrue%2C%22serviceName%22%3A%22DEFAULT_GROUP%40%40service-acl%22%2C%22weight%22%3A1.0%7D&serviceName=DEFAULT_GROUP%40%40service-acl&encoding=UTF-8&namespaceId=public HTTP/1.1" 200 38 22 Nacos-Java-Client:v1.0.0
127.0.0.1 - - [17/Sep/2022:22:06:39 +0800] "GET /nacos/v1/ns/instance/list?healthyOnly=false&namespaceId=public&clientIP=172.23.167.29&serviceName=DEFAULT_GROUP%40%40service-acl&udpPort=55360&encoding=UTF-8 HTTP/1.1" 200 564 20 Nacos-Java-Client:v1.0.0
172.23.167.29 - - [17/Sep/2022:22:06:40 +0800] "GET /nacos/v1/cs/health HTTP/1.1" 200 2 12 Apache-HttpAsyncClient/4.1.3 (Java/11.0.2)
127.0.0.1 - - [17/Sep/2022:22:06:43 +0800] "PUT /nacos/v1/ns/instance/beat?beat=%7B%22cluster%22%3A%22DEFAULT%22%2C%22ip%22%3A%22172.23.167.29%22%2C%22metadata%22%3A%7B%22preserved.register.source%22%3A%22SPRING_CLOUD%22%7D%2C%22port%22%3A8009%2C%22scheduled%22%3Atrue%2C%22serviceName%22%3A%22DEFAULT_GROUP%40%40service-acl%22%2C%22weight%22%3A1.0%7D&serviceName=DEFAULT_GROUP%40%40service-acl&encoding=UTF-8&namespaceId=public HTTP/1.1" 200 38 21 Nacos-Java-Client:v1.0.0
172.23.167.29 - - [17/Sep/2022:22:06:45 +0800] "GET /nacos/v1/cs/health HTTP/1.1" 200 2 17 Apache-HttpAsyncClient/4.1.3 (Java/11.0.2)
127.0.0.1 - - [17/Sep/2022:22:06:48 +0800] "PUT /nacos/v1/ns/instance/beat?beat=%7B%22cluster%22%3A%22DEFAULT%22%2C%22ip%22%3A%22172.23.167.29%22%2C%22metadata%22%3A%7B%22preserved.register.source%22%3A%22SPRING_CLOUD%22%7D%2C%22port%22%3A8009%2C%22scheduled%22%3Atrue%2C%22serviceName%22%3A%22DEFAULT_GROUP%40%40service-acl%22%2C%22weight%22%3A1.0%7D&serviceName=DEFAULT_GROUP%40%40service-acl&encoding=UTF-8&namespaceId=public HTTP/1.1" 200 38 11 Nacos-Java-Client:v1.0.0
127.0.0.1 - - [17/Sep/2022:22:06:49 +0800] "GET /nacos/v1/ns/instance/list?healthyOnly=false&namespaceId=public&clientIP=172.23.167.29&serviceName=DEFAULT_GROUP%40%40service-acl&udpPort=55360&encoding=UTF-8 HTTP/1.1" 200 564 15 Nacos-Java-Client:v1.0.0
172.23.167.29 - - [17/Sep/2022:22:06:50 +0800] "GET /nacos/v1/cs/health HTTP/1.1" 200 2 13 Apache-HttpAsyncClient/4.1.3 (Java/11.0.2)
127.0.0.1 - - [17/Sep/2022:22:06:53 +0800] "PUT /nacos/v1/ns/instance/beat?beat=%7B%22cluster%22%3A%22DEFAULT%22%2C%22ip%22%3A%22172.23.167.29%22%2C%22metadata%22%3A%7B%22preserved.register.source%22%3A%22SPRING_CLOUD%22%7D%2C%22port%22%3A8009%2C%22scheduled%22%3Atrue%2C%22serviceName%22%3A%22DEFAULT_GROUP%40%40service-acl%22%2C%22weight%22%3A1.0%7D&serviceName=DEFAULT_GROUP%40%40service-acl&encoding=UTF-8&namespaceId=public HTTP/1.1" 200 38 22 Nacos-Java-Client:v1.0.0
172.23.167.29 - - [17/Sep/2022:22:06:55 +0800] "GET /nacos/v1/cs/health HTTP/1.1" 200 2 10 Apache-HttpAsyncClient/4.1.3 (Java/11.0.2)
127.0.0.1 - - [17/Sep/2022:22:06:58 +0800] "PUT /nacos/v1/ns/instance/beat?beat=%7B%22cluster%22%3A%22DEFAULT%22%2C%22ip%22%3A%22172.23.167.29%22%2C%22metadata%22%3A%7B%22preserved.register.source%22%3A%22SPRING_CLOUD%22%7D%2C%22port%22%3A8009%2C%22scheduled%22%3Atrue%2C%22serviceName%22%3A%22DEFAULT_GROUP%40%40service-acl%22%2C%22weight%22%3A1.0%7D&serviceName=DEFAULT_GROUP%40%40service-acl&encoding=UTF-8&namespaceId=public HTTP/1.1" 200 38 13 Nacos-Java-Client:v1.0.0
127.0.0.1 - - [17/Sep/2022:22:06:58 +0800] "GET /nacos/v1/ns/service/list?pageSize=2147483647&groupName=DEFAULT_GROUP&encoding=UTF-8&namespaceId=public&pageNo=1 HTTP/1.1" 200 45 5 Nacos-Java-Client:v1.0.0
127.0.0.1 - - [17/Sep/2022:22:06:59 +0800] "GET /nacos/v1/ns/instance/list?healthyOnly=false&namespaceId=public&clientIP=172.23.167.29&serviceName=DEFAULT_GROUP%40%40service-acl&udpPort=55360&encoding=UTF-8 HTTP/1.1" 200 564 11 Nacos-Java-Client:v1.0.0
172.23.167.29 - - [17/Sep/2022:22:07:00 +0800] "GET /nacos/v1/cs/health HTTP/1.1" 200 2 8 Apache-HttpAsyncClient/4.1.3 (Java/11.0.2)
127.0.0.1 - - [17/Sep/2022:22:07:03 +0800] "PUT /nacos/v1/ns/instance/beat?beat=%7B%22cluster%22%3A%22DEFAULT%22%2C%22ip%22%3A%22172.23.167.29%22%2C%22metadata%22%3A%7B%22preserved.register.source%22%3A%22SPRING_CLOUD%22%7D%2C%22port%22%3A8009%2C%22scheduled%22%3Atrue%2C%22serviceName%22%3A%22DEFAULT_GROUP%40%40service-acl%22%2C%22weight%22%3A1.0%7D&serviceName=DEFAULT_GROUP%40%40service-acl&encoding=UTF-8&namespaceId=public HTTP/1.1" 200 38 15 Nacos-Java-Client:v1.0.0
172.23.167.29 - - [17/Sep/2022:22:07:05 +0800] "GET /nacos/v1/cs/health HTTP/1.1" 200 2 11 Apache-HttpAsyncClient/4.1.3 (Java/11.0.2)
127.0.0.1 - - [17/Sep/2022:22:07:08 +0800] "PUT /nacos/v1/ns/instance/beat?beat=%7B%22cluster%22%3A%22DEFAULT%22%2C%22ip%22%3A%22172.23.167.29%22%2C%22metadata%22%3A%7B%22preserved.register.source%22%3A%22SPRING_CLOUD%22%7D%2C%22port%22%3A8009%2C%22scheduled%22%3Atrue%2C%22serviceName%22%3A%22DEFAULT_GROUP%40%40service-acl%22%2C%22weight%22%3A1.0%7D&serviceName=DEFAULT_GROUP%40%40service-acl&encoding=UTF-8&namespaceId=public HTTP/1.1" 200 38 13 Nacos-Java-Client:v1.0.0
127.0.0.1 - - [17/Sep/2022:22:07:09 +0800] "GET /nacos/v1/ns/instance/list?healthyOnly=false&namespaceId=public&clientIP=172.23.167.29&serviceName=DEFAULT_GROUP%40%40service-acl&udpPort=55360&encoding=UTF-8 HTTP/1.1" 200 564 15 Nacos-Java-Client:v1.0.0
172.23.167.29 - - [17/Sep/2022:22:07:10 +0800] "GET /nacos/v1/cs/health HTTP/1.1" 200 2 9 Apache-HttpAsyncClient/4.1.3 (Java/11.0.2)
127.0.0.1 - - [17/Sep/2022:22:07:13 +0800] "PUT /nacos/v1/ns/instance/beat?beat=%7B%22cluster%22%3A%22DEFAULT%22%2C%22ip%22%3A%22172.23.167.29%22%2C%22metadata%22%3A%7B%22preserved.register.source%22%3A%22SPRING_CLOUD%22%7D%2C%22port%22%3A8009%2C%22scheduled%22%3Atrue%2C%22serviceName%22%3A%22DEFAULT_GROUP%40%40service-acl%22%2C%22weight%22%3A1.0%7D&serviceName=DEFAULT_GROUP%40%40service-acl&encoding=UTF-8&namespaceId=public HTTP/1.1" 200 38 12 Nacos-Java-Client:v1.0.0
172.23.167.29 - - [17/Sep/2022:22:07:15 +0800] "GET /nacos/v1/cs/health HTTP/1.1" 200 2 10 Apache-HttpAsyncClient/4.1.3 (Java/11.0.2)
127.0.0.1 - - [17/Sep/2022:22:07:18 +0800] "PUT /nacos/v1/ns/instance/beat?beat=%7B%22cluster%22%3A%22DEFAULT%22%2C%22ip%22%3A%22172.23.167.29%22%2C%22metadata%22%3A%7B%22preserved.register.source%22%3A%22SPRING_CLOUD%22%7D%2C%22port%22%3A8009%2C%22scheduled%22%3Atrue%2C%22serviceName%22%3A%22DEFAULT_GROUP%40%40service-acl%22%2C%22weight%22%3A1.0%7D&serviceName=DEFAULT_GROUP%40%40service-acl&encoding=UTF-8&namespaceId=public HTTP/1.1" 200 38 11 Nacos-Java-Client:v1.0.0
127.0.0.1 - - [17/Sep/2022:22:07:19 +0800] "GET /nacos/v1/ns/instance/list?healthyOnly=false&namespaceId=public&clientIP=172.23.167.29&serviceName=DEFAULT_GROUP%40%40service-acl&udpPort=55360&encoding=UTF-8 HTTP/1.1" 200 564 11 Nacos-Java-Client:v1.0.0
172.23.167.29 - - [17/Sep/2022:22:07:20 +0800] "GET /nacos/v1/cs/health HTTP/1.1" 200 2 16 Apache-HttpAsyncClient/4.1.3 (Java/11.0.2)
127.0.0.1 - - [17/Sep/2022:22:07:23 +0800] "PUT /nacos/v1/ns/instance/beat?beat=%7B%22cluster%22%3A%22DEFAULT%22%2C%22ip%22%3A%22172.23.167.29%22%2C%22metadata%22%3A%7B%22preserved.register.source%22%3A%22SPRING_CLOUD%22%7D%2C%22port%22%3A8009%2C%22scheduled%22%3Atrue%2C%22serviceName%22%3A%22DEFAULT_GROUP%40%40service-acl%22%2C%22weight%22%3A1.0%7D&serviceName=DEFAULT_GROUP%40%40service-acl&encoding=UTF-8&namespaceId=public HTTP/1.1" 200 38 25 Nacos-Java-Client:v1.0.0
127.0.0.1 - - [17/Sep/2022:22:07:24 +0800] "DELETE /nacos/v1/ns/instance?namespaceId=public&port=8009&clusterName=DEFAULT&ip=172.23.167.29&ephemeral=true&serviceName=DEFAULT_GROUP%40%40service-acl&encoding=UTF-8 HTTP/1.1" 200 2 20 Nacos-Java-Client:v1.0.0
172.23.167.29 - - [17/Sep/2022:22:07:25 +0800] "GET /nacos/v1/cs/health HTTP/1.1" 200 2 25 Apache-HttpAsyncClient/4.1.3 (Java/11.0.2)
172.23.167.29 - - [17/Sep/2022:22:07:30 +0800] "GET /nacos/v1/cs/health HTTP/1.1" 200 2 24 Apache-HttpAsyncClient/4.1.3 (Java/11.0.2)
127.0.0.1 - - [17/Sep/2022:22:07:33 +0800] "GET /nacos/v1/ns/service/list?pageSize=2147483647&groupName=DEFAULT_GROUP&encoding=UTF-8&namespaceId=public&pageNo=1 HTTP/1.1" 200 45 26 Nacos-Java-Client:v1.0.0
127.0.0.1 - - [17/Sep/2022:22:07:34 +0800] "GET /nacos/v1/ns/instance/list?healthyOnly=false&namespaceId=public&clientIP=172.23.167.29&serviceName=DEFAULT_GROUP%40%40service-acl&udpPort=58851&encoding=UTF-8 HTTP/1.1" 200 249 12 Nacos-Java-Client:v1.0.0
127.0.0.1 - - [17/Sep/2022:22:07:34 +0800] "POST /nacos/v1/ns/instance?groupName=DEFAULT_GROUP&metadata=%7B%22preserved.register.source%22%3A%22SPRING_CLOUD%22%7D&namespaceId=public&port=8009&enable=true&healthy=true&clusterName=DEFAULT&ip=172.23.167.29&weight=1.0&ephemeral=true&serviceName=DEFAULT_GROUP%40%40service-acl&encoding=UTF-8 HTTP/1.1" 200 2 20 Nacos-Java-Client:v1.0.0
127.0.0.1 - - [17/Sep/2022:22:07:35 +0800] "GET /nacos/v1/ns/instance/list?healthyOnly=false&namespaceId=public&clientIP=172.23.167.29&serviceName=DEFAULT_GROUP%40%40service-acl&udpPort=58851&encoding=UTF-8 HTTP/1.1" 200 564 6 Nacos-Java-Client:v1.0.0
172.23.167.29 - - [17/Sep/2022:22:07:35 +0800] "GET /nacos/v1/cs/health HTTP/1.1" 200 2 10 Apache-HttpAsyncClient/4.1.3 (Java/11.0.2)
127.0.0.1 - - [17/Sep/2022:22:07:38 +0800] "PUT /nacos/v1/ns/instance/beat?beat=%7B%22cluster%22%3A%22DEFAULT%22%2C%22ip%22%3A%22172.23.167.29%22%2C%22metadata%22%3A%7B%22preserved.register.source%22%3A%22SPRING_CLOUD%22%7D%2C%22port%22%3A8009%2C%22scheduled%22%3Atrue%2C%22serviceName%22%3A%22DEFAULT_GROUP%40%40service-acl%22%2C%22weight%22%3A1.0%7D&serviceName=DEFAULT_GROUP%40%40service-acl&encoding=UTF-8&namespaceId=public HTTP/1.1" 200 38 19 Nacos-Java-Client:v1.0.0
172.23.167.29 - - [17/Sep/2022:22:07:40 +0800] "GET /nacos/v1/cs/health HTTP/1.1" 200 2 19 Apache-HttpAsyncClient/4.1.3 (Java/11.0.2)
127.0.0.1 - - [17/Sep/2022:22:07:43 +0800] "PUT /nacos/v1/ns/instance/beat?beat=%7B%22cluster%22%3A%22DEFAULT%22%2C%22ip%22%3A%22172.23.167.29%22%2C%22metadata%22%3A%7B%22preserved.register.source%22%3A%22SPRING_CLOUD%22%7D%2C%22port%22%3A8009%2C%22scheduled%22%3Atrue%2C%22serviceName%22%3A%22DEFAULT_GROUP%40%40service-acl%22%2C%22weight%22%3A1.0%7D&serviceName=DEFAULT_GROUP%40%40service-acl&encoding=UTF-8&namespaceId=public HTTP/1.1" 200 38 21 Nacos-Java-Client:v1.0.0
127.0.0.1 - - [17/Sep/2022:22:07:45 +0800] "GET /nacos/v1/ns/instance/list?healthyOnly=false&namespaceId=public&clientIP=172.23.167.29&serviceName=DEFAULT_GROUP%40%40service-acl&udpPort=58851&encoding=UTF-8 HTTP/1.1" 200 564 12 Nacos-Java-Client:v1.0.0
172.23.167.29 - - [17/Sep/2022:22:07:45 +0800] "GET /nacos/v1/cs/health HTTP/1.1" 200 2 12 Apache-HttpAsyncClient/4.1.3 (Java/11.0.2)
127.0.0.1 - - [17/Sep/2022:22:07:48 +0800] "PUT /nacos/v1/ns/instance/beat?beat=%7B%22cluster%22%3A%22DEFAULT%22%2C%22ip%22%3A%22172.23.167.29%22%2C%22metadata%22%3A%7B%22preserved.register.source%22%3A%22SPRING_CLOUD%22%7D%2C%22port%22%3A8009%2C%22scheduled%22%3Atrue%2C%22serviceName%22%3A%22DEFAULT_GROUP%40%40service-acl%22%2C%22weight%22%3A1.0%7D&serviceName=DEFAULT_GROUP%40%40service-acl&encoding=UTF-8&namespaceId=public HTTP/1.1" 200 38 15 Nacos-Java-Client:v1.0.0
172.23.167.29 - - [17/Sep/2022:22:07:50 +0800] "GET /nacos/v1/cs/health HTTP/1.1" 200 2 14 Apache-HttpAsyncClient/4.1.3 (Java/11.0.2)
127.0.0.1 - - [17/Sep/2022:22:07:53 +0800] "PUT /nacos/v1/ns/instance/beat?beat=%7B%22cluster%22%3A%22DEFAULT%22%2C%22ip%22%3A%22172.23.167.29%22%2C%22metadata%22%3A%7B%22preserved.register.source%22%3A%22SPRING_CLOUD%22%7D%2C%22port%22%3A8009%2C%22scheduled%22%3Atrue%2C%22serviceName%22%3A%22DEFAULT_GROUP%40%40service-acl%22%2C%22weight%22%3A1.0%7D&serviceName=DEFAULT_GROUP%40%40service-acl&encoding=UTF-8&namespaceId=public HTTP/1.1" 200 38 10 Nacos-Java-Client:v1.0.0
127.0.0.1 - - [17/Sep/2022:22:07:55 +0800] "GET /nacos/v1/ns/instance/list?healthyOnly=false&namespaceId=public&clientIP=172.23.167.29&serviceName=DEFAULT_GROUP%40%40service-acl&udpPort=58851&encoding=UTF-8 HTTP/1.1" 200 564 16 Nacos-Java-Client:v1.0.0
172.23.167.29 - - [17/Sep/2022:22:07:55 +0800] "GET /nacos/v1/cs/health HTTP/1.1" 200 2 7 Apache-HttpAsyncClient/4.1.3 (Java/11.0.2)
127.0.0.1 - - [17/Sep/2022:22:07:58 +0800] "PUT /nacos/v1/ns/instance/beat?beat=%7B%22cluster%22%3A%22DEFAULT%22%2C%22ip%22%3A%22172.23.167.29%22%2C%22metadata%22%3A%7B%22preserved.register.source%22%3A%22SPRING_CLOUD%22%7D%2C%22port%22%3A8009%2C%22scheduled%22%3Atrue%2C%22serviceName%22%3A%22DEFAULT_GROUP%40%40service-acl%22%2C%22weight%22%3A1.0%7D&serviceName=DEFAULT_GROUP%40%40service-acl&encoding=UTF-8&namespaceId=public HTTP/1.1" 200 38 10 Nacos-Java-Client:v1.0.0
172.23.167.29 - - [17/Sep/2022:22:08:00 +0800] "GET /nacos/v1/cs/health HTTP/1.1" 200 2 12 Apache-HttpAsyncClient/4.1.3 (Java/11.0.2)
127.0.0.1 - - [17/Sep/2022:22:08:03 +0800] "PUT /nacos/v1/ns/instance/beat?beat=%7B%22cluster%22%3A%22DEFAULT%22%2C%22ip%22%3A%22172.23.167.29%22%2C%22metadata%22%3A%7B%22preserved.register.source%22%3A%22SPRING_CLOUD%22%7D%2C%22port%22%3A8009%2C%22scheduled%22%3Atrue%2C%22serviceName%22%3A%22DEFAULT_GROUP%40%40service-acl%22%2C%22weight%22%3A1.0%7D&serviceName=DEFAULT_GROUP%40%40service-acl&encoding=UTF-8&namespaceId=public HTTP/1.1" 200 38 9 Nacos-Java-Client:v1.0.0
127.0.0.1 - - [17/Sep/2022:22:08:04 +0800] "GET /nacos/v1/ns/service/list?pageSize=2147483647&groupName=DEFAULT_GROUP&encoding=UTF-8&namespaceId=public&pageNo=1 HTTP/1.1" 200 45 15 Nacos-Java-Client:v1.0.0
127.0.0.1 - - [17/Sep/2022:22:08:05 +0800] "GET /nacos/v1/ns/instance/list?healthyOnly=false&namespaceId=public&clientIP=172.23.167.29&serviceName=DEFAULT_GROUP%40%40service-acl&udpPort=58851&encoding=UTF-8 HTTP/1.1" 200 564 11 Nacos-Java-Client:v1.0.0
172.23.167.29 - - [17/Sep/2022:22:08:05 +0800] "GET /nacos/v1/cs/health HTTP/1.1" 200 2 9 Apache-HttpAsyncClient/4.1.3 (Java/11.0.2)
127.0.0.1 - - [17/Sep/2022:22:08:08 +0800] "PUT /nacos/v1/ns/instance/beat?beat=%7B%22cluster%22%3A%22DEFAULT%22%2C%22ip%22%3A%22172.23.167.29%22%2C%22metadata%22%3A%7B%22preserved.register.source%22%3A%22SPRING_CLOUD%22%7D%2C%22port%22%3A8009%2C%22scheduled%22%3Atrue%2C%22serviceName%22%3A%22DEFAULT_GROUP%40%40service-acl%22%2C%22weight%22%3A1.0%7D&serviceName=DEFAULT_GROUP%40%40service-acl&encoding=UTF-8&namespaceId=public HTTP/1.1" 200 38 10 Nacos-Java-Client:v1.0.0
172.23.167.29 - - [17/Sep/2022:22:08:10 +0800] "GET /nacos/v1/cs/health HTTP/1.1" 200 2 16 Apache-HttpAsyncClient/4.1.3 (Java/11.0.2)
