[2022-08-28T18:54:31.136-0800][gc,heap] Heap region size: 1M
[2022-08-28T18:54:31.149-0800][gc     ] Using G1
[2022-08-28T18:54:31.150-0800][gc,heap,coops] Heap address: 0x0000000780000000, size: 2048 MB, Compressed Oops mode: Zero based, Oop shift amount: 3
[2022-08-28T18:54:47.654-0800][gc,start     ] GC(0) Pause Young (Normal) (G1 Evacuation Pause)
[2022-08-28T18:54:47.655-0800][gc,task      ] GC(0) Using 8 workers of 8 for evacuation
[2022-08-28T18:54:47.707-0800][gc,phases    ] GC(0)   Pre Evacuate Collection Set: 0.1ms
[2022-08-28T18:54:47.707-0800][gc,phases    ] GC(0)   Evacuate Collection Set: 49.8ms
[2022-08-28T18:54:47.707-0800][gc,phases    ] GC(0)   Post Evacuate Collection Set: 2.0ms
[2022-08-28T18:54:47.707-0800][gc,phases    ] GC(0)   Other: 3.2ms
[2022-08-28T18:54:47.707-0800][gc,heap      ] GC(0) Eden regions: 1024->0(998)
[2022-08-28T18:54:47.707-0800][gc,heap      ] GC(0) Survivor regions: 0->26(128)
[2022-08-28T18:54:47.707-0800][gc,heap      ] GC(0) Old regions: 0->0
[2022-08-28T18:54:47.707-0800][gc,heap      ] GC(0) Humongous regions: 0->0
[2022-08-28T18:54:47.707-0800][gc,metaspace ] GC(0) Metaspace: 48931K->48931K(364544K)
[2022-08-28T18:54:47.707-0800][gc           ] GC(0) Pause Young (Normal) (G1 Evacuation Pause) 1024M->25M(2048M) 53.223ms
[2022-08-28T18:54:47.707-0800][gc,cpu       ] GC(0) User=0.13s Sys=0.07s Real=0.05s
[2022-08-28T18:55:19.240-0800][gc,heap,exit ] Heap
[2022-08-28T18:55:19.241-0800][gc,heap,exit ]  garbage-first heap   total 2097152K, used 106860K [0x0000000780000000, 0x0000000800000000)
[2022-08-28T18:55:19.241-0800][gc,heap,exit ]   region size 1024K, 106 young (108544K), 26 survivors (26624K)
[2022-08-28T18:55:19.241-0800][gc,heap,exit ]  Metaspace       used 55755K, capacity 57000K, committed 57344K, reserved 370688K
[2022-08-28T18:55:19.241-0800][gc,heap,exit ]   class space    used 6390K, capacity 6887K, committed 6912K, reserved 319488K
