[2022-09-05T23:51:45.095-0800][gc,heap] Heap region size: 1M
[2022-09-05T23:51:45.099-0800][gc     ] Using G1
[2022-09-05T23:51:45.099-0800][gc,heap,coops] Heap address: 0x00000007e0000000, size: 512 MB, Compressed Oops mode: Zero based, Oop shift amount: 3
[2022-09-05T23:51:47.923-0800][gc,start     ] GC(0) Pause Young (Concurrent Start) (Metadata GC Threshold)
[2022-09-05T23:51:47.923-0800][gc,task      ] GC(0) Using 8 workers of 8 for evacuation
[2022-09-05T23:51:47.940-0800][gc,phases    ] GC(0)   Pre Evacuate Collection Set: 0.0ms
[2022-09-05T23:51:47.940-0800][gc,phases    ] GC(0)   Evacuate Collection Set: 15.3ms
[2022-09-05T23:51:47.940-0800][gc,phases    ] GC(0)   Post Evacuate Collection Set: 0.9ms
[2022-09-05T23:51:47.940-0800][gc,phases    ] GC(0)   Other: 1.3ms
[2022-09-05T23:51:47.940-0800][gc,heap      ] GC(0) Eden regions: 154->0(250)
[2022-09-05T23:51:47.940-0800][gc,heap      ] GC(0) Survivor regions: 0->6(32)
[2022-09-05T23:51:47.940-0800][gc,heap      ] GC(0) Old regions: 0->0
[2022-09-05T23:51:47.940-0800][gc,heap      ] GC(0) Humongous regions: 0->0
[2022-09-05T23:51:47.940-0800][gc,metaspace ] GC(0) Metaspace: 20636K->20636K(1069056K)
[2022-09-05T23:51:47.940-0800][gc           ] GC(0) Pause Young (Concurrent Start) (Metadata GC Threshold) 153M->5M(512M) 16.964ms
[2022-09-05T23:51:47.940-0800][gc,cpu       ] GC(0) User=0.05s Sys=0.02s Real=0.02s
[2022-09-05T23:51:47.940-0800][gc           ] GC(1) Concurrent Cycle
[2022-09-05T23:51:47.940-0800][gc,marking   ] GC(1) Concurrent Clear Claimed Marks
[2022-09-05T23:51:47.940-0800][gc,marking   ] GC(1) Concurrent Clear Claimed Marks 0.024ms
[2022-09-05T23:51:47.940-0800][gc,marking   ] GC(1) Concurrent Scan Root Regions
[2022-09-05T23:51:47.942-0800][gc,marking   ] GC(1) Concurrent Scan Root Regions 1.782ms
[2022-09-05T23:51:47.942-0800][gc,marking   ] GC(1) Concurrent Mark (2.860s)
[2022-09-05T23:51:47.942-0800][gc,marking   ] GC(1) Concurrent Mark From Roots
[2022-09-05T23:51:47.942-0800][gc,task      ] GC(1) Using 2 workers of 2 for marking
[2022-09-05T23:51:47.942-0800][gc,marking   ] GC(1) Concurrent Mark From Roots 0.139ms
[2022-09-05T23:51:47.942-0800][gc,marking   ] GC(1) Concurrent Preclean
[2022-09-05T23:51:47.942-0800][gc,marking   ] GC(1) Concurrent Preclean 0.025ms
[2022-09-05T23:51:47.942-0800][gc,marking   ] GC(1) Concurrent Mark (2.860s, 2.860s) 0.190ms
[2022-09-05T23:51:47.944-0800][gc,start     ] GC(1) Pause Remark
[2022-09-05T23:51:47.954-0800][gc,stringtable] GC(1) Cleaned string and symbol table, strings: 7664 processed, 0 removed, symbols: 67198 processed, 77 removed
[2022-09-05T23:51:47.954-0800][gc            ] GC(1) Pause Remark 6M->6M(512M) 10.176ms
[2022-09-05T23:51:47.954-0800][gc,cpu        ] GC(1) User=0.00s Sys=0.00s Real=0.01s
[2022-09-05T23:51:47.954-0800][gc,marking    ] GC(1) Concurrent Rebuild Remembered Sets
[2022-09-05T23:51:47.963-0800][gc,marking    ] GC(1) Concurrent Rebuild Remembered Sets 9.118ms
[2022-09-05T23:51:47.965-0800][gc,start      ] GC(1) Pause Cleanup
[2022-09-05T23:51:47.965-0800][gc            ] GC(1) Pause Cleanup 6M->6M(512M) 0.094ms
[2022-09-05T23:51:47.965-0800][gc,cpu        ] GC(1) User=0.00s Sys=0.00s Real=0.00s
[2022-09-05T23:51:47.965-0800][gc,marking    ] GC(1) Concurrent Cleanup for Next Mark
[2022-09-05T23:51:47.967-0800][gc,marking    ] GC(1) Concurrent Cleanup for Next Mark 2.026ms
[2022-09-05T23:51:47.967-0800][gc            ] GC(1) Concurrent Cycle 26.847ms
[2022-09-05T23:51:50.315-0800][gc,start      ] GC(2) Pause Young (Normal) (G1 Evacuation Pause)
[2022-09-05T23:51:50.315-0800][gc,task       ] GC(2) Using 8 workers of 8 for evacuation
[2022-09-05T23:51:50.339-0800][gc,phases     ] GC(2)   Pre Evacuate Collection Set: 0.0ms
[2022-09-05T23:51:50.339-0800][gc,phases     ] GC(2)   Evacuate Collection Set: 23.5ms
[2022-09-05T23:51:50.339-0800][gc,phases     ] GC(2)   Post Evacuate Collection Set: 0.5ms
[2022-09-05T23:51:50.339-0800][gc,phases     ] GC(2)   Other: 0.2ms
[2022-09-05T23:51:50.339-0800][gc,heap       ] GC(2) Eden regions: 250->0(246)
[2022-09-05T23:51:50.339-0800][gc,heap       ] GC(2) Survivor regions: 6->10(32)
[2022-09-05T23:51:50.339-0800][gc,heap       ] GC(2) Old regions: 0->0
[2022-09-05T23:51:50.339-0800][gc,heap       ] GC(2) Humongous regions: 0->0
[2022-09-05T23:51:50.339-0800][gc,metaspace  ] GC(2) Metaspace: 29921K->29921K(1077248K)
[2022-09-05T23:51:50.339-0800][gc            ] GC(2) Pause Young (Normal) (G1 Evacuation Pause) 255M->9M(512M) 24.313ms
[2022-09-05T23:51:50.339-0800][gc,cpu        ] GC(2) User=0.06s Sys=0.03s Real=0.02s
[2022-09-05T23:51:53.651-0800][gc,start      ] GC(3) Pause Young (Normal) (G1 Evacuation Pause)
[2022-09-05T23:51:53.651-0800][gc,task       ] GC(3) Using 8 workers of 8 for evacuation
[2022-09-05T23:51:53.672-0800][gc,phases     ] GC(3)   Pre Evacuate Collection Set: 0.0ms
[2022-09-05T23:51:53.673-0800][gc,phases     ] GC(3)   Evacuate Collection Set: 20.5ms
[2022-09-05T23:51:53.673-0800][gc,phases     ] GC(3)   Post Evacuate Collection Set: 0.6ms
[2022-09-05T23:51:53.673-0800][gc,phases     ] GC(3)   Other: 0.3ms
[2022-09-05T23:51:53.673-0800][gc,heap       ] GC(3) Eden regions: 246->0(243)
[2022-09-05T23:51:53.673-0800][gc,heap       ] GC(3) Survivor regions: 10->13(32)
[2022-09-05T23:51:53.673-0800][gc,heap       ] GC(3) Old regions: 0->0
[2022-09-05T23:51:53.673-0800][gc,heap       ] GC(3) Humongous regions: 0->0
[2022-09-05T23:51:53.673-0800][gc,metaspace  ] GC(3) Metaspace: 32269K->32269K(1079296K)
[2022-09-05T23:51:53.673-0800][gc            ] GC(3) Pause Young (Normal) (G1 Evacuation Pause) 255M->12M(512M) 21.514ms
[2022-09-05T23:51:53.673-0800][gc,cpu        ] GC(3) User=0.08s Sys=0.03s Real=0.02s
[2022-09-05T23:51:55.999-0800][gc,start      ] GC(4) Pause Young (Concurrent Start) (Metadata GC Threshold)
[2022-09-05T23:51:55.999-0800][gc,task       ] GC(4) Using 8 workers of 8 for evacuation
[2022-09-05T23:51:56.037-0800][gc,phases     ] GC(4)   Pre Evacuate Collection Set: 0.0ms
[2022-09-05T23:51:56.037-0800][gc,phases     ] GC(4)   Evacuate Collection Set: 37.3ms
[2022-09-05T23:51:56.037-0800][gc,phases     ] GC(4)   Post Evacuate Collection Set: 0.6ms
[2022-09-05T23:51:56.037-0800][gc,phases     ] GC(4)   Other: 0.2ms
[2022-09-05T23:51:56.037-0800][gc,heap       ] GC(4) Eden regions: 122->0(240)
[2022-09-05T23:51:56.037-0800][gc,heap       ] GC(4) Survivor regions: 13->16(32)
[2022-09-05T23:51:56.037-0800][gc,heap       ] GC(4) Old regions: 0->0
[2022-09-05T23:51:56.037-0800][gc,heap       ] GC(4) Humongous regions: 0->0
[2022-09-05T23:51:56.037-0800][gc,metaspace  ] GC(4) Metaspace: 34964K->34964K(1081344K)
[2022-09-05T23:51:56.037-0800][gc            ] GC(4) Pause Young (Concurrent Start) (Metadata GC Threshold) 133M->15M(512M) 38.208ms
[2022-09-05T23:51:56.037-0800][gc,cpu        ] GC(4) User=0.10s Sys=0.04s Real=0.04s
[2022-09-05T23:51:56.037-0800][gc            ] GC(5) Concurrent Cycle
[2022-09-05T23:51:56.037-0800][gc,marking    ] GC(5) Concurrent Clear Claimed Marks
[2022-09-05T23:51:56.037-0800][gc,marking    ] GC(5) Concurrent Clear Claimed Marks 0.029ms
[2022-09-05T23:51:56.037-0800][gc,marking    ] GC(5) Concurrent Scan Root Regions
[2022-09-05T23:51:56.041-0800][gc,marking    ] GC(5) Concurrent Scan Root Regions 3.922ms
[2022-09-05T23:51:56.041-0800][gc,marking    ] GC(5) Concurrent Mark (10.958s)
[2022-09-05T23:51:56.041-0800][gc,marking    ] GC(5) Concurrent Mark From Roots
[2022-09-05T23:51:56.041-0800][gc,task       ] GC(5) Using 2 workers of 2 for marking
[2022-09-05T23:51:56.041-0800][gc,marking    ] GC(5) Concurrent Mark From Roots 0.116ms
[2022-09-05T23:51:56.041-0800][gc,marking    ] GC(5) Concurrent Preclean
[2022-09-05T23:51:56.041-0800][gc,marking    ] GC(5) Concurrent Preclean 0.023ms
[2022-09-05T23:51:56.041-0800][gc,marking    ] GC(5) Concurrent Mark (10.958s, 10.959s) 0.198ms
[2022-09-05T23:51:56.042-0800][gc,start      ] GC(5) Pause Remark
[2022-09-05T23:51:56.048-0800][gc,stringtable] GC(5) Cleaned string and symbol table, strings: 14897 processed, 0 removed, symbols: 111722 processed, 301 removed
[2022-09-05T23:51:56.048-0800][gc            ] GC(5) Pause Remark 15M->15M(512M) 5.900ms
[2022-09-05T23:51:56.048-0800][gc,cpu        ] GC(5) User=0.01s Sys=0.01s Real=0.00s
[2022-09-05T23:51:56.048-0800][gc,marking    ] GC(5) Concurrent Rebuild Remembered Sets
[2022-09-05T23:51:56.048-0800][gc,marking    ] GC(5) Concurrent Rebuild Remembered Sets 0.043ms
[2022-09-05T23:51:56.048-0800][gc,start      ] GC(5) Pause Cleanup
[2022-09-05T23:51:56.048-0800][gc            ] GC(5) Pause Cleanup 15M->15M(512M) 0.080ms
[2022-09-05T23:51:56.048-0800][gc,cpu        ] GC(5) User=0.00s Sys=0.00s Real=0.00s
[2022-09-05T23:51:56.048-0800][gc,marking    ] GC(5) Concurrent Cleanup for Next Mark
[2022-09-05T23:51:56.050-0800][gc,marking    ] GC(5) Concurrent Cleanup for Next Mark 1.945ms
[2022-09-05T23:51:56.050-0800][gc            ] GC(5) Concurrent Cycle 13.425ms
[2022-09-05T23:52:00.953-0800][gc,start      ] GC(6) Pause Young (Normal) (G1 Evacuation Pause)
[2022-09-05T23:52:00.954-0800][gc,task       ] GC(6) Using 8 workers of 8 for evacuation
[2022-09-05T23:52:00.997-0800][gc,phases     ] GC(6)   Pre Evacuate Collection Set: 0.0ms
[2022-09-05T23:52:00.997-0800][gc,phases     ] GC(6)   Evacuate Collection Set: 42.9ms
[2022-09-05T23:52:00.997-0800][gc,phases     ] GC(6)   Post Evacuate Collection Set: 0.9ms
[2022-09-05T23:52:00.997-0800][gc,phases     ] GC(6)   Other: 0.4ms
[2022-09-05T23:52:00.997-0800][gc,heap       ] GC(6) Eden regions: 240->0(231)
[2022-09-05T23:52:00.997-0800][gc,heap       ] GC(6) Survivor regions: 16->25(32)
[2022-09-05T23:52:00.997-0800][gc,heap       ] GC(6) Old regions: 0->0
[2022-09-05T23:52:00.997-0800][gc,heap       ] GC(6) Humongous regions: 0->0
[2022-09-05T23:52:00.997-0800][gc,metaspace  ] GC(6) Metaspace: 47975K->47975K(1093632K)
[2022-09-05T23:52:00.998-0800][gc            ] GC(6) Pause Young (Normal) (G1 Evacuation Pause) 255M->24M(512M) 44.267ms
[2022-09-05T23:52:00.998-0800][gc,cpu        ] GC(6) User=0.16s Sys=0.06s Real=0.04s
[2022-09-05T23:52:04.637-0800][gc,start      ] GC(7) Pause Young (Concurrent Start) (Metadata GC Threshold)
[2022-09-05T23:52:04.637-0800][gc,task       ] GC(7) Using 8 workers of 8 for evacuation
[2022-09-05T23:52:04.690-0800][gc,phases     ] GC(7)   Pre Evacuate Collection Set: 0.0ms
[2022-09-05T23:52:04.690-0800][gc,phases     ] GC(7)   Evacuate Collection Set: 52.2ms
[2022-09-05T23:52:04.690-0800][gc,phases     ] GC(7)   Post Evacuate Collection Set: 1.1ms
[2022-09-05T23:52:04.690-0800][gc,phases     ] GC(7)   Other: 0.2ms
[2022-09-05T23:52:04.690-0800][gc,heap       ] GC(7) Eden regions: 153->0(234)
[2022-09-05T23:52:04.690-0800][gc,heap       ] GC(7) Survivor regions: 25->22(32)
[2022-09-05T23:52:04.690-0800][gc,heap       ] GC(7) Old regions: 0->9
[2022-09-05T23:52:04.690-0800][gc,heap       ] GC(7) Humongous regions: 0->0
[2022-09-05T23:52:04.690-0800][gc,metaspace  ] GC(7) Metaspace: 58634K->58634K(1101824K)
[2022-09-05T23:52:04.690-0800][gc            ] GC(7) Pause Young (Concurrent Start) (Metadata GC Threshold) 177M->30M(512M) 53.572ms
[2022-09-05T23:52:04.690-0800][gc,cpu        ] GC(7) User=0.13s Sys=0.06s Real=0.06s
[2022-09-05T23:52:04.690-0800][gc            ] GC(8) Concurrent Cycle
[2022-09-05T23:52:04.690-0800][gc,marking    ] GC(8) Concurrent Clear Claimed Marks
[2022-09-05T23:52:04.690-0800][gc,marking    ] GC(8) Concurrent Clear Claimed Marks 0.054ms
[2022-09-05T23:52:04.690-0800][gc,marking    ] GC(8) Concurrent Scan Root Regions
[2022-09-05T23:52:04.696-0800][gc,marking    ] GC(8) Concurrent Scan Root Regions 5.986ms
[2022-09-05T23:52:04.696-0800][gc,marking    ] GC(8) Concurrent Mark (19.614s)
[2022-09-05T23:52:04.696-0800][gc,marking    ] GC(8) Concurrent Mark From Roots
[2022-09-05T23:52:04.696-0800][gc,task       ] GC(8) Using 2 workers of 2 for marking
[2022-09-05T23:52:04.702-0800][gc,marking    ] GC(8) Concurrent Mark From Roots 6.112ms
[2022-09-05T23:52:04.703-0800][gc,marking    ] GC(8) Concurrent Preclean
[2022-09-05T23:52:04.703-0800][gc,marking    ] GC(8) Concurrent Preclean 0.060ms
[2022-09-05T23:52:04.703-0800][gc,marking    ] GC(8) Concurrent Mark (19.614s, 19.621s) 6.871ms
[2022-09-05T23:52:04.704-0800][gc,start      ] GC(8) Pause Remark
[2022-09-05T23:52:04.713-0800][gc,stringtable] GC(8) Cleaned string and symbol table, strings: 29259 processed, 0 removed, symbols: 170323 processed, 311 removed
[2022-09-05T23:52:04.713-0800][gc            ] GC(8) Pause Remark 31M->31M(512M) 8.936ms
[2022-09-05T23:52:04.713-0800][gc,cpu        ] GC(8) User=0.02s Sys=0.01s Real=0.01s
[2022-09-05T23:52:04.713-0800][gc,marking    ] GC(8) Concurrent Rebuild Remembered Sets
[2022-09-05T23:52:04.719-0800][gc,marking    ] GC(8) Concurrent Rebuild Remembered Sets 6.052ms
[2022-09-05T23:52:04.719-0800][gc,start      ] GC(8) Pause Cleanup
[2022-09-05T23:52:04.719-0800][gc            ] GC(8) Pause Cleanup 31M->31M(512M) 0.069ms
[2022-09-05T23:52:04.719-0800][gc,cpu        ] GC(8) User=0.00s Sys=0.00s Real=0.00s
[2022-09-05T23:52:04.719-0800][gc,marking    ] GC(8) Concurrent Cleanup for Next Mark
[2022-09-05T23:52:04.720-0800][gc,marking    ] GC(8) Concurrent Cleanup for Next Mark 0.654ms
[2022-09-05T23:52:04.720-0800][gc            ] GC(8) Concurrent Cycle 29.806ms
[2022-09-05T23:52:09.657-0800][gc,start      ] GC(9) Pause Young (Normal) (G1 Evacuation Pause)
[2022-09-05T23:52:09.657-0800][gc,task       ] GC(9) Using 8 workers of 8 for evacuation
[2022-09-05T23:52:09.678-0800][gc,phases     ] GC(9)   Pre Evacuate Collection Set: 0.0ms
[2022-09-05T23:52:09.678-0800][gc,phases     ] GC(9)   Evacuate Collection Set: 19.8ms
[2022-09-05T23:52:09.678-0800][gc,phases     ] GC(9)   Post Evacuate Collection Set: 0.8ms
[2022-09-05T23:52:09.678-0800][gc,phases     ] GC(9)   Other: 0.2ms
[2022-09-05T23:52:09.678-0800][gc,heap       ] GC(9) Eden regions: 234->0(234)
[2022-09-05T23:52:09.678-0800][gc,heap       ] GC(9) Survivor regions: 22->22(32)
[2022-09-05T23:52:09.678-0800][gc,heap       ] GC(9) Old regions: 9->13
[2022-09-05T23:52:09.678-0800][gc,heap       ] GC(9) Humongous regions: 0->0
[2022-09-05T23:52:09.678-0800][gc,metaspace  ] GC(9) Metaspace: 69719K->69719K(1112064K)
[2022-09-05T23:52:09.678-0800][gc            ] GC(9) Pause Young (Normal) (G1 Evacuation Pause) 264M->34M(512M) 20.955ms
[2022-09-05T23:52:09.678-0800][gc,cpu        ] GC(9) User=0.09s Sys=0.03s Real=0.02s
[2022-09-06T01:47:34.261-0800][gc,start      ] GC(10) Pause Young (Normal) (G1 Evacuation Pause)
[2022-09-06T01:47:34.263-0800][gc,task       ] GC(10) Using 8 workers of 8 for evacuation
[2022-09-06T01:47:34.318-0800][gc,phases     ] GC(10)   Pre Evacuate Collection Set: 0.2ms
[2022-09-06T01:47:34.318-0800][gc,phases     ] GC(10)   Evacuate Collection Set: 52.4ms
[2022-09-06T01:47:34.318-0800][gc,phases     ] GC(10)   Post Evacuate Collection Set: 2.0ms
[2022-09-06T01:47:34.318-0800][gc,phases     ] GC(10)   Other: 2.0ms
[2022-09-06T01:47:34.318-0800][gc,heap       ] GC(10) Eden regions: 234->0(239)
[2022-09-06T01:47:34.318-0800][gc,heap       ] GC(10) Survivor regions: 22->17(32)
[2022-09-06T01:47:34.318-0800][gc,heap       ] GC(10) Old regions: 13->22
[2022-09-06T01:47:34.318-0800][gc,heap       ] GC(10) Humongous regions: 6->6
[2022-09-06T01:47:34.318-0800][gc,metaspace  ] GC(10) Metaspace: 78402K->78402K(1120256K)
[2022-09-06T01:47:34.318-0800][gc            ] GC(10) Pause Young (Normal) (G1 Evacuation Pause) 274M->44M(512M) 56.641ms
[2022-09-06T01:47:34.318-0800][gc,cpu        ] GC(10) User=0.09s Sys=0.09s Real=0.05s
[2022-09-06T02:18:55.945-0800][gc,start      ] GC(11) Pause Young (Normal) (G1 Evacuation Pause)
[2022-09-06T02:18:55.947-0800][gc,task       ] GC(11) Using 8 workers of 8 for evacuation
[2022-09-06T02:18:55.987-0800][gc,phases     ] GC(11)   Pre Evacuate Collection Set: 0.1ms
[2022-09-06T02:18:55.987-0800][gc,phases     ] GC(11)   Evacuate Collection Set: 38.2ms
[2022-09-06T02:18:55.987-0800][gc,phases     ] GC(11)   Post Evacuate Collection Set: 1.1ms
[2022-09-06T02:18:55.987-0800][gc,phases     ] GC(11)   Other: 2.1ms
[2022-09-06T02:18:55.987-0800][gc,heap       ] GC(11) Eden regions: 239->0(240)
[2022-09-06T02:18:55.987-0800][gc,heap       ] GC(11) Survivor regions: 17->16(32)
[2022-09-06T02:18:55.987-0800][gc,heap       ] GC(11) Old regions: 22->22
[2022-09-06T02:18:55.987-0800][gc,heap       ] GC(11) Humongous regions: 6->6
[2022-09-06T02:18:55.987-0800][gc,metaspace  ] GC(11) Metaspace: 78874K->78874K(1120256K)
[2022-09-06T02:18:55.987-0800][gc            ] GC(11) Pause Young (Normal) (G1 Evacuation Pause) 283M->43M(512M) 41.629ms
[2022-09-06T02:18:55.987-0800][gc,cpu        ] GC(11) User=0.10s Sys=0.04s Real=0.04s
[2022-09-06T02:40:20.021-0800][gc,start      ] GC(12) Pause Young (Normal) (G1 Evacuation Pause)
[2022-09-06T02:40:20.023-0800][gc,task       ] GC(12) Using 8 workers of 8 for evacuation
[2022-09-06T02:40:20.058-0800][gc,phases     ] GC(12)   Pre Evacuate Collection Set: 0.0ms
[2022-09-06T02:40:20.058-0800][gc,phases     ] GC(12)   Evacuate Collection Set: 33.5ms
[2022-09-06T02:40:20.058-0800][gc,phases     ] GC(12)   Post Evacuate Collection Set: 1.0ms
[2022-09-06T02:40:20.058-0800][gc,phases     ] GC(12)   Other: 1.9ms
[2022-09-06T02:40:20.058-0800][gc,heap       ] GC(12) Eden regions: 240->0(240)
[2022-09-06T02:40:20.058-0800][gc,heap       ] GC(12) Survivor regions: 16->16(32)
[2022-09-06T02:40:20.058-0800][gc,heap       ] GC(12) Old regions: 22->22
[2022-09-06T02:40:20.058-0800][gc,heap       ] GC(12) Humongous regions: 6->6
[2022-09-06T02:40:20.058-0800][gc,metaspace  ] GC(12) Metaspace: 78892K->78892K(1120256K)
[2022-09-06T02:40:20.058-0800][gc            ] GC(12) Pause Young (Normal) (G1 Evacuation Pause) 283M->43M(512M) 36.529ms
[2022-09-06T02:40:20.058-0800][gc,cpu        ] GC(12) User=0.09s Sys=0.03s Real=0.03s
[2022-09-06T03:48:29.893-0800][gc,start      ] GC(13) Pause Young (Normal) (G1 Evacuation Pause)
[2022-09-06T03:48:29.895-0800][gc,task       ] GC(13) Using 8 workers of 8 for evacuation
[2022-09-06T03:48:29.933-0800][gc,phases     ] GC(13)   Pre Evacuate Collection Set: 0.1ms
[2022-09-06T03:48:29.933-0800][gc,phases     ] GC(13)   Evacuate Collection Set: 36.0ms
[2022-09-06T03:48:29.933-0800][gc,phases     ] GC(13)   Post Evacuate Collection Set: 0.8ms
[2022-09-06T03:48:29.933-0800][gc,phases     ] GC(13)   Other: 2.8ms
[2022-09-06T03:48:29.933-0800][gc,heap       ] GC(13) Eden regions: 240->0(240)
[2022-09-06T03:48:29.933-0800][gc,heap       ] GC(13) Survivor regions: 16->16(32)
[2022-09-06T03:48:29.933-0800][gc,heap       ] GC(13) Old regions: 22->22
[2022-09-06T03:48:29.933-0800][gc,heap       ] GC(13) Humongous regions: 6->6
[2022-09-06T03:48:29.933-0800][gc,metaspace  ] GC(13) Metaspace: 78916K->78916K(1120256K)
[2022-09-06T03:48:29.933-0800][gc            ] GC(13) Pause Young (Normal) (G1 Evacuation Pause) 283M->43M(512M) 39.630ms
[2022-09-06T03:48:29.933-0800][gc,cpu        ] GC(13) User=0.09s Sys=0.03s Real=0.04s
[2022-09-06T04:10:10.703-0800][gc,start      ] GC(14) Pause Young (Normal) (G1 Evacuation Pause)
[2022-09-06T04:10:10.704-0800][gc,task       ] GC(14) Using 8 workers of 8 for evacuation
[2022-09-06T04:10:10.746-0800][gc,phases     ] GC(14)   Pre Evacuate Collection Set: 0.1ms
[2022-09-06T04:10:10.746-0800][gc,phases     ] GC(14)   Evacuate Collection Set: 40.3ms
[2022-09-06T04:10:10.746-0800][gc,phases     ] GC(14)   Post Evacuate Collection Set: 0.7ms
[2022-09-06T04:10:10.746-0800][gc,phases     ] GC(14)   Other: 2.3ms
[2022-09-06T04:10:10.746-0800][gc,heap       ] GC(14) Eden regions: 240->0(240)
[2022-09-06T04:10:10.746-0800][gc,heap       ] GC(14) Survivor regions: 16->16(32)
[2022-09-06T04:10:10.746-0800][gc,heap       ] GC(14) Old regions: 22->22
[2022-09-06T04:10:10.746-0800][gc,heap       ] GC(14) Humongous regions: 6->6
[2022-09-06T04:10:10.746-0800][gc,metaspace  ] GC(14) Metaspace: 78936K->78936K(1120256K)
[2022-09-06T04:10:10.746-0800][gc            ] GC(14) Pause Young (Normal) (G1 Evacuation Pause) 283M->43M(512M) 43.405ms
[2022-09-06T04:10:10.746-0800][gc,cpu        ] GC(14) User=0.12s Sys=0.03s Real=0.04s
[2022-09-06T04:49:06.115-0800][gc,start      ] GC(15) Pause Young (Normal) (G1 Evacuation Pause)
[2022-09-06T04:49:06.116-0800][gc,task       ] GC(15) Using 8 workers of 8 for evacuation
[2022-09-06T04:49:06.157-0800][gc,phases     ] GC(15)   Pre Evacuate Collection Set: 0.1ms
[2022-09-06T04:49:06.157-0800][gc,phases     ] GC(15)   Evacuate Collection Set: 38.5ms
[2022-09-06T04:49:06.157-0800][gc,phases     ] GC(15)   Post Evacuate Collection Set: 1.2ms
[2022-09-06T04:49:06.157-0800][gc,phases     ] GC(15)   Other: 1.8ms
[2022-09-06T04:49:06.157-0800][gc,heap       ] GC(15) Eden regions: 240->0(240)
[2022-09-06T04:49:06.157-0800][gc,heap       ] GC(15) Survivor regions: 16->16(32)
[2022-09-06T04:49:06.157-0800][gc,heap       ] GC(15) Old regions: 22->22
[2022-09-06T04:49:06.157-0800][gc,heap       ] GC(15) Humongous regions: 6->6
[2022-09-06T04:49:06.157-0800][gc,metaspace  ] GC(15) Metaspace: 78963K->78963K(1120256K)
[2022-09-06T04:49:06.157-0800][gc            ] GC(15) Pause Young (Normal) (G1 Evacuation Pause) 283M->43M(512M) 41.720ms
[2022-09-06T04:49:06.157-0800][gc,cpu        ] GC(15) User=0.10s Sys=0.05s Real=0.04s
[2022-09-06T05:10:50.943-0800][gc,start      ] GC(16) Pause Young (Normal) (G1 Evacuation Pause)
[2022-09-06T05:10:50.945-0800][gc,task       ] GC(16) Using 8 workers of 8 for evacuation
[2022-09-06T05:10:50.980-0800][gc,phases     ] GC(16)   Pre Evacuate Collection Set: 0.2ms
[2022-09-06T05:10:50.980-0800][gc,phases     ] GC(16)   Evacuate Collection Set: 33.0ms
[2022-09-06T05:10:50.980-0800][gc,phases     ] GC(16)   Post Evacuate Collection Set: 0.8ms
[2022-09-06T05:10:50.980-0800][gc,phases     ] GC(16)   Other: 2.8ms
[2022-09-06T05:10:50.980-0800][gc,heap       ] GC(16) Eden regions: 240->0(240)
[2022-09-06T05:10:50.980-0800][gc,heap       ] GC(16) Survivor regions: 16->16(32)
[2022-09-06T05:10:50.980-0800][gc,heap       ] GC(16) Old regions: 22->22
[2022-09-06T05:10:50.980-0800][gc,heap       ] GC(16) Humongous regions: 6->6
[2022-09-06T05:10:50.980-0800][gc,metaspace  ] GC(16) Metaspace: 78972K->78972K(1120256K)
[2022-09-06T05:10:50.980-0800][gc            ] GC(16) Pause Young (Normal) (G1 Evacuation Pause) 283M->43M(512M) 36.848ms
[2022-09-06T05:10:50.980-0800][gc,cpu        ] GC(16) User=0.10s Sys=0.04s Real=0.04s
[2022-09-06T05:32:36.404-0800][gc,start      ] GC(17) Pause Young (Normal) (G1 Evacuation Pause)
[2022-09-06T05:32:36.405-0800][gc,task       ] GC(17) Using 8 workers of 8 for evacuation
[2022-09-06T05:32:36.437-0800][gc,phases     ] GC(17)   Pre Evacuate Collection Set: 0.1ms
[2022-09-06T05:32:36.437-0800][gc,phases     ] GC(17)   Evacuate Collection Set: 31.0ms
[2022-09-06T05:32:36.437-0800][gc,phases     ] GC(17)   Post Evacuate Collection Set: 0.7ms
[2022-09-06T05:32:36.437-0800][gc,phases     ] GC(17)   Other: 2.1ms
[2022-09-06T05:32:36.437-0800][gc,heap       ] GC(17) Eden regions: 240->0(240)
[2022-09-06T05:32:36.437-0800][gc,heap       ] GC(17) Survivor regions: 16->16(32)
[2022-09-06T05:32:36.437-0800][gc,heap       ] GC(17) Old regions: 22->22
[2022-09-06T05:32:36.438-0800][gc,heap       ] GC(17) Humongous regions: 6->6
[2022-09-06T05:32:36.438-0800][gc,metaspace  ] GC(17) Metaspace: 78981K->78981K(1120256K)
[2022-09-06T05:32:36.438-0800][gc            ] GC(17) Pause Young (Normal) (G1 Evacuation Pause) 283M->43M(512M) 33.966ms
[2022-09-06T05:32:36.438-0800][gc,cpu        ] GC(17) User=0.11s Sys=0.03s Real=0.03s
[2022-09-06T06:39:13.103-0800][gc,start      ] GC(18) Pause Young (Normal) (G1 Evacuation Pause)
[2022-09-06T06:39:13.104-0800][gc,task       ] GC(18) Using 8 workers of 8 for evacuation
[2022-09-06T06:39:13.138-0800][gc,phases     ] GC(18)   Pre Evacuate Collection Set: 0.1ms
[2022-09-06T06:39:13.138-0800][gc,phases     ] GC(18)   Evacuate Collection Set: 32.6ms
[2022-09-06T06:39:13.138-0800][gc,phases     ] GC(18)   Post Evacuate Collection Set: 1.2ms
[2022-09-06T06:39:13.138-0800][gc,phases     ] GC(18)   Other: 1.9ms
[2022-09-06T06:39:13.139-0800][gc,heap       ] GC(18) Eden regions: 240->0(240)
[2022-09-06T06:39:13.139-0800][gc,heap       ] GC(18) Survivor regions: 16->16(32)
[2022-09-06T06:39:13.139-0800][gc,heap       ] GC(18) Old regions: 22->22
[2022-09-06T06:39:13.139-0800][gc,heap       ] GC(18) Humongous regions: 6->6
[2022-09-06T06:39:13.139-0800][gc,metaspace  ] GC(18) Metaspace: 78996K->78996K(1120256K)
[2022-09-06T06:39:13.139-0800][gc            ] GC(18) Pause Young (Normal) (G1 Evacuation Pause) 283M->43M(512M) 35.852ms
[2022-09-06T06:39:13.139-0800][gc,cpu        ] GC(18) User=0.09s Sys=0.03s Real=0.03s
[2022-09-06T07:00:59.546-0800][gc,start      ] GC(19) Pause Young (Normal) (G1 Evacuation Pause)
[2022-09-06T07:00:59.549-0800][gc,task       ] GC(19) Using 8 workers of 8 for evacuation
[2022-09-06T07:00:59.584-0800][gc,phases     ] GC(19)   Pre Evacuate Collection Set: 0.2ms
[2022-09-06T07:00:59.584-0800][gc,phases     ] GC(19)   Evacuate Collection Set: 34.1ms
[2022-09-06T07:00:59.585-0800][gc,phases     ] GC(19)   Post Evacuate Collection Set: 0.7ms
[2022-09-06T07:00:59.585-0800][gc,phases     ] GC(19)   Other: 3.3ms
[2022-09-06T07:00:59.585-0800][gc,heap       ] GC(19) Eden regions: 240->0(240)
[2022-09-06T07:00:59.585-0800][gc,heap       ] GC(19) Survivor regions: 16->16(32)
[2022-09-06T07:00:59.585-0800][gc,heap       ] GC(19) Old regions: 22->22
[2022-09-06T07:00:59.585-0800][gc,heap       ] GC(19) Humongous regions: 6->6
[2022-09-06T07:00:59.585-0800][gc,metaspace  ] GC(19) Metaspace: 79008K->79008K(1120256K)
[2022-09-06T07:00:59.585-0800][gc            ] GC(19) Pause Young (Normal) (G1 Evacuation Pause) 283M->43M(512M) 38.287ms
[2022-09-06T07:00:59.585-0800][gc,cpu        ] GC(19) User=0.11s Sys=0.03s Real=0.04s
[2022-09-06T07:22:40.907-0800][gc,start      ] GC(20) Pause Young (Normal) (G1 Evacuation Pause)
[2022-09-06T07:22:40.909-0800][gc,task       ] GC(20) Using 8 workers of 8 for evacuation
[2022-09-06T07:22:40.943-0800][gc,phases     ] GC(20)   Pre Evacuate Collection Set: 0.2ms
[2022-09-06T07:22:40.943-0800][gc,phases     ] GC(20)   Evacuate Collection Set: 31.9ms
[2022-09-06T07:22:40.943-0800][gc,phases     ] GC(20)   Post Evacuate Collection Set: 0.8ms
[2022-09-06T07:22:40.943-0800][gc,phases     ] GC(20)   Other: 3.1ms
[2022-09-06T07:22:40.943-0800][gc,heap       ] GC(20) Eden regions: 240->0(240)
[2022-09-06T07:22:40.943-0800][gc,heap       ] GC(20) Survivor regions: 16->16(32)
[2022-09-06T07:22:40.943-0800][gc,heap       ] GC(20) Old regions: 22->22
[2022-09-06T07:22:40.943-0800][gc,heap       ] GC(20) Humongous regions: 6->6
[2022-09-06T07:22:40.943-0800][gc,metaspace  ] GC(20) Metaspace: 79013K->79013K(1120256K)
[2022-09-06T07:22:40.943-0800][gc            ] GC(20) Pause Young (Normal) (G1 Evacuation Pause) 283M->43M(512M) 36.020ms
[2022-09-06T07:22:40.943-0800][gc,cpu        ] GC(20) User=0.09s Sys=0.03s Real=0.04s
[2022-09-06T08:32:10.429-0800][gc,start      ] GC(21) Pause Young (Normal) (G1 Evacuation Pause)
[2022-09-06T08:32:10.430-0800][gc,task       ] GC(21) Using 8 workers of 8 for evacuation
[2022-09-06T08:32:10.482-0800][gc,phases     ] GC(21)   Pre Evacuate Collection Set: 0.2ms
[2022-09-06T08:32:10.482-0800][gc,phases     ] GC(21)   Evacuate Collection Set: 49.9ms
[2022-09-06T08:32:10.482-0800][gc,phases     ] GC(21)   Post Evacuate Collection Set: 1.3ms
[2022-09-06T08:32:10.482-0800][gc,phases     ] GC(21)   Other: 1.7ms
[2022-09-06T08:32:10.482-0800][gc,heap       ] GC(21) Eden regions: 240->0(240)
[2022-09-06T08:32:10.482-0800][gc,heap       ] GC(21) Survivor regions: 16->16(32)
[2022-09-06T08:32:10.482-0800][gc,heap       ] GC(21) Old regions: 22->22
[2022-09-06T08:32:10.482-0800][gc,heap       ] GC(21) Humongous regions: 6->6
[2022-09-06T08:32:10.482-0800][gc,metaspace  ] GC(21) Metaspace: 79029K->79029K(1120256K)
[2022-09-06T08:32:10.482-0800][gc            ] GC(21) Pause Young (Normal) (G1 Evacuation Pause) 283M->43M(512M) 53.227ms
[2022-09-06T08:32:10.482-0800][gc,cpu        ] GC(21) User=0.07s Sys=0.07s Real=0.06s
[2022-09-06T09:23:46.720-0800][gc,start      ] GC(22) Pause Young (Normal) (G1 Evacuation Pause)
[2022-09-06T09:23:46.720-0800][gc,task       ] GC(22) Using 8 workers of 8 for evacuation
[2022-09-06T09:23:46.781-0800][gc,phases     ] GC(22)   Pre Evacuate Collection Set: 0.2ms
[2022-09-06T09:23:46.781-0800][gc,phases     ] GC(22)   Evacuate Collection Set: 58.4ms
[2022-09-06T09:23:46.781-0800][gc,phases     ] GC(22)   Post Evacuate Collection Set: 1.3ms
[2022-09-06T09:23:46.781-0800][gc,phases     ] GC(22)   Other: 1.0ms
[2022-09-06T09:23:46.781-0800][gc,heap       ] GC(22) Eden regions: 240->0(239)
[2022-09-06T09:23:46.781-0800][gc,heap       ] GC(22) Survivor regions: 16->17(32)
[2022-09-06T09:23:46.781-0800][gc,heap       ] GC(22) Old regions: 22->22
[2022-09-06T09:23:46.781-0800][gc,heap       ] GC(22) Humongous regions: 6->6
[2022-09-06T09:23:46.781-0800][gc,metaspace  ] GC(22) Metaspace: 79074K->79074K(1120256K)
[2022-09-06T09:23:46.781-0800][gc            ] GC(22) Pause Young (Normal) (G1 Evacuation Pause) 283M->44M(512M) 60.976ms
[2022-09-06T09:23:46.781-0800][gc,cpu        ] GC(22) User=0.06s Sys=0.06s Real=0.06s
[2022-09-06T10:20:07.524-0800][gc,start      ] GC(23) Pause Young (Normal) (G1 Evacuation Pause)
[2022-09-06T10:20:07.525-0800][gc,task       ] GC(23) Using 8 workers of 8 for evacuation
[2022-09-06T10:20:07.562-0800][gc,phases     ] GC(23)   Pre Evacuate Collection Set: 0.3ms
[2022-09-06T10:20:07.562-0800][gc,phases     ] GC(23)   Evacuate Collection Set: 34.8ms
[2022-09-06T10:20:07.562-0800][gc,phases     ] GC(23)   Post Evacuate Collection Set: 1.1ms
[2022-09-06T10:20:07.562-0800][gc,phases     ] GC(23)   Other: 2.0ms
[2022-09-06T10:20:07.562-0800][gc,heap       ] GC(23) Eden regions: 239->0(244)
[2022-09-06T10:20:07.562-0800][gc,heap       ] GC(23) Survivor regions: 17->12(32)
[2022-09-06T10:20:07.562-0800][gc,heap       ] GC(23) Old regions: 22->27
[2022-09-06T10:20:07.562-0800][gc,heap       ] GC(23) Humongous regions: 6->6
[2022-09-06T10:20:07.562-0800][gc,metaspace  ] GC(23) Metaspace: 79114K->79114K(1120256K)
[2022-09-06T10:20:07.562-0800][gc            ] GC(23) Pause Young (Normal) (G1 Evacuation Pause) 283M->43M(512M) 38.182ms
[2022-09-06T10:20:07.562-0800][gc,cpu        ] GC(23) User=0.07s Sys=0.08s Real=0.04s
[2022-09-06T11:17:47.141-0800][gc,start      ] GC(24) Pause Young (Normal) (G1 Evacuation Pause)
[2022-09-06T11:17:47.142-0800][gc,task       ] GC(24) Using 8 workers of 8 for evacuation
[2022-09-06T11:17:47.188-0800][gc,phases     ] GC(24)   Pre Evacuate Collection Set: 0.2ms
[2022-09-06T11:17:47.188-0800][gc,phases     ] GC(24)   Evacuate Collection Set: 43.9ms
[2022-09-06T11:17:47.188-0800][gc,phases     ] GC(24)   Post Evacuate Collection Set: 1.2ms
[2022-09-06T11:17:47.188-0800][gc,phases     ] GC(24)   Other: 1.5ms
[2022-09-06T11:17:47.188-0800][gc,heap       ] GC(24) Eden regions: 244->0(251)
[2022-09-06T11:17:47.188-0800][gc,heap       ] GC(24) Survivor regions: 12->5(32)
[2022-09-06T11:17:47.188-0800][gc,heap       ] GC(24) Old regions: 27->33
[2022-09-06T11:17:47.188-0800][gc,heap       ] GC(24) Humongous regions: 6->6
[2022-09-06T11:17:47.188-0800][gc,metaspace  ] GC(24) Metaspace: 79123K->79123K(1120256K)
[2022-09-06T11:17:47.188-0800][gc            ] GC(24) Pause Young (Normal) (G1 Evacuation Pause) 287M->43M(512M) 46.881ms
[2022-09-06T11:17:47.188-0800][gc,cpu        ] GC(24) User=0.06s Sys=0.05s Real=0.04s
[2022-09-06T12:17:17.076-0800][gc,start      ] GC(25) Pause Young (Normal) (G1 Evacuation Pause)
[2022-09-06T12:17:17.077-0800][gc,task       ] GC(25) Using 8 workers of 8 for evacuation
[2022-09-06T12:17:17.114-0800][gc,phases     ] GC(25)   Pre Evacuate Collection Set: 0.2ms
[2022-09-06T12:17:17.114-0800][gc,phases     ] GC(25)   Evacuate Collection Set: 35.4ms
[2022-09-06T12:17:17.114-0800][gc,phases     ] GC(25)   Post Evacuate Collection Set: 0.7ms
[2022-09-06T12:17:17.114-0800][gc,phases     ] GC(25)   Other: 1.5ms
[2022-09-06T12:17:17.114-0800][gc,heap       ] GC(25) Eden regions: 251->0(254)
[2022-09-06T12:17:17.114-0800][gc,heap       ] GC(25) Survivor regions: 5->2(32)
[2022-09-06T12:17:17.114-0800][gc,heap       ] GC(25) Old regions: 33->37
[2022-09-06T12:17:17.114-0800][gc,heap       ] GC(25) Humongous regions: 6->6
[2022-09-06T12:17:17.114-0800][gc,metaspace  ] GC(25) Metaspace: 79169K->79169K(1120256K)
[2022-09-06T12:17:17.114-0800][gc            ] GC(25) Pause Young (Normal) (G1 Evacuation Pause) 294M->44M(512M) 37.787ms
[2022-09-06T12:17:17.114-0800][gc,cpu        ] GC(25) User=0.08s Sys=0.04s Real=0.04s
[2022-09-06T13:17:54.630-0800][gc,start      ] GC(26) Pause Young (Normal) (G1 Evacuation Pause)
[2022-09-06T13:17:54.631-0800][gc,task       ] GC(26) Using 8 workers of 8 for evacuation
[2022-09-06T13:17:54.638-0800][gc,phases     ] GC(26)   Pre Evacuate Collection Set: 0.1ms
[2022-09-06T13:17:54.638-0800][gc,phases     ] GC(26)   Evacuate Collection Set: 5.9ms
[2022-09-06T13:17:54.638-0800][gc,phases     ] GC(26)   Post Evacuate Collection Set: 0.7ms
[2022-09-06T13:17:54.638-0800][gc,phases     ] GC(26)   Other: 1.2ms
[2022-09-06T13:17:54.638-0800][gc,heap       ] GC(26) Eden regions: 254->0(255)
[2022-09-06T13:17:54.638-0800][gc,heap       ] GC(26) Survivor regions: 2->1(32)
[2022-09-06T13:17:54.638-0800][gc,heap       ] GC(26) Old regions: 37->38
[2022-09-06T13:17:54.638-0800][gc,heap       ] GC(26) Humongous regions: 6->6
[2022-09-06T13:17:54.638-0800][gc,metaspace  ] GC(26) Metaspace: 79177K->79177K(1120256K)
[2022-09-06T13:17:54.638-0800][gc            ] GC(26) Pause Young (Normal) (G1 Evacuation Pause) 298M->44M(512M) 7.859ms
[2022-09-06T13:17:54.638-0800][gc,cpu        ] GC(26) User=0.02s Sys=0.01s Real=0.00s
[2022-09-06T14:18:48.584-0800][gc,start      ] GC(27) Pause Young (Normal) (G1 Evacuation Pause)
[2022-09-06T14:18:48.586-0800][gc,task       ] GC(27) Using 8 workers of 8 for evacuation
[2022-09-06T14:18:48.599-0800][gc,phases     ] GC(27)   Pre Evacuate Collection Set: 0.3ms
[2022-09-06T14:18:48.600-0800][gc,phases     ] GC(27)   Evacuate Collection Set: 10.4ms
[2022-09-06T14:18:48.600-0800][gc,phases     ] GC(27)   Post Evacuate Collection Set: 1.6ms
[2022-09-06T14:18:48.600-0800][gc,phases     ] GC(27)   Other: 3.1ms
[2022-09-06T14:18:48.600-0800][gc,heap       ] GC(27) Eden regions: 255->0(255)
[2022-09-06T14:18:48.600-0800][gc,heap       ] GC(27) Survivor regions: 1->1(32)
[2022-09-06T14:18:48.600-0800][gc,heap       ] GC(27) Old regions: 38->38
[2022-09-06T14:18:48.600-0800][gc,heap       ] GC(27) Humongous regions: 6->6
[2022-09-06T14:18:48.600-0800][gc,metaspace  ] GC(27) Metaspace: 79190K->79190K(1120256K)
[2022-09-06T14:18:48.600-0800][gc            ] GC(27) Pause Young (Normal) (G1 Evacuation Pause) 299M->43M(512M) 15.531ms
[2022-09-06T14:18:48.600-0800][gc,cpu        ] GC(27) User=0.02s Sys=0.00s Real=0.02s
[2022-09-06T15:19:24.622-0800][gc,start      ] GC(28) Pause Young (Normal) (G1 Evacuation Pause)
[2022-09-06T15:19:24.624-0800][gc,task       ] GC(28) Using 8 workers of 8 for evacuation
[2022-09-06T15:19:24.640-0800][gc,phases     ] GC(28)   Pre Evacuate Collection Set: 0.4ms
[2022-09-06T15:19:24.640-0800][gc,phases     ] GC(28)   Evacuate Collection Set: 12.4ms
[2022-09-06T15:19:24.640-0800][gc,phases     ] GC(28)   Post Evacuate Collection Set: 1.7ms
[2022-09-06T15:19:24.640-0800][gc,phases     ] GC(28)   Other: 2.9ms
[2022-09-06T15:19:24.640-0800][gc,heap       ] GC(28) Eden regions: 255->0(255)
[2022-09-06T15:19:24.640-0800][gc,heap       ] GC(28) Survivor regions: 1->1(32)
[2022-09-06T15:19:24.640-0800][gc,heap       ] GC(28) Old regions: 38->38
[2022-09-06T15:19:24.640-0800][gc,heap       ] GC(28) Humongous regions: 6->6
[2022-09-06T15:19:24.640-0800][gc,metaspace  ] GC(28) Metaspace: 79197K->79197K(1120256K)
[2022-09-06T15:19:24.640-0800][gc            ] GC(28) Pause Young (Normal) (G1 Evacuation Pause) 298M->44M(512M) 17.567ms
[2022-09-06T15:19:24.640-0800][gc,cpu        ] GC(28) User=0.01s Sys=0.01s Real=0.02s
[2022-09-06T16:44:09.623-0800][gc,start      ] GC(29) Pause Young (Normal) (G1 Evacuation Pause)
[2022-09-06T16:44:09.624-0800][gc,task       ] GC(29) Using 8 workers of 8 for evacuation
[2022-09-06T16:44:09.637-0800][gc,phases     ] GC(29)   Pre Evacuate Collection Set: 0.5ms
[2022-09-06T16:44:09.637-0800][gc,phases     ] GC(29)   Evacuate Collection Set: 9.3ms
[2022-09-06T16:44:09.637-0800][gc,phases     ] GC(29)   Post Evacuate Collection Set: 2.0ms
[2022-09-06T16:44:09.638-0800][gc,phases     ] GC(29)   Other: 4.8ms
[2022-09-06T16:44:09.638-0800][gc,heap       ] GC(29) Eden regions: 255->0(255)
[2022-09-06T16:44:09.638-0800][gc,heap       ] GC(29) Survivor regions: 1->1(32)
[2022-09-06T16:44:09.638-0800][gc,heap       ] GC(29) Old regions: 38->38
[2022-09-06T16:44:09.638-0800][gc,heap       ] GC(29) Humongous regions: 6->6
[2022-09-06T16:44:09.638-0800][gc,metaspace  ] GC(29) Metaspace: 79236K->79236K(1122304K)
[2022-09-06T16:44:09.638-0800][gc            ] GC(29) Pause Young (Normal) (G1 Evacuation Pause) 299M->44M(512M) 15.379ms
[2022-09-06T16:44:09.638-0800][gc,cpu        ] GC(29) User=0.01s Sys=0.01s Real=0.01s
[2022-09-06T17:45:39.140-0800][gc,start      ] GC(30) Pause Young (Normal) (G1 Evacuation Pause)
[2022-09-06T17:45:39.142-0800][gc,task       ] GC(30) Using 8 workers of 8 for evacuation
[2022-09-06T17:45:39.157-0800][gc,phases     ] GC(30)   Pre Evacuate Collection Set: 0.2ms
[2022-09-06T17:45:39.157-0800][gc,phases     ] GC(30)   Evacuate Collection Set: 13.9ms
[2022-09-06T17:45:39.157-0800][gc,phases     ] GC(30)   Post Evacuate Collection Set: 0.7ms
[2022-09-06T17:45:39.157-0800][gc,phases     ] GC(30)   Other: 2.4ms
[2022-09-06T17:45:39.157-0800][gc,heap       ] GC(30) Eden regions: 255->0(255)
[2022-09-06T17:45:39.157-0800][gc,heap       ] GC(30) Survivor regions: 1->1(32)
[2022-09-06T17:45:39.157-0800][gc,heap       ] GC(30) Old regions: 38->38
[2022-09-06T17:45:39.157-0800][gc,heap       ] GC(30) Humongous regions: 6->6
[2022-09-06T17:45:39.157-0800][gc,metaspace  ] GC(30) Metaspace: 79300K->79300K(1122304K)
[2022-09-06T17:45:39.157-0800][gc            ] GC(30) Pause Young (Normal) (G1 Evacuation Pause) 299M->43M(512M) 17.308ms
[2022-09-06T17:45:39.158-0800][gc,cpu        ] GC(30) User=0.02s Sys=0.01s Real=0.01s
[2022-09-06T21:01:53.468-0800][gc,start      ] GC(31) Pause Young (Normal) (G1 Evacuation Pause)
[2022-09-06T21:01:53.470-0800][gc,task       ] GC(31) Using 8 workers of 8 for evacuation
[2022-09-06T21:01:53.489-0800][gc,phases     ] GC(31)   Pre Evacuate Collection Set: 0.2ms
[2022-09-06T21:01:53.489-0800][gc,phases     ] GC(31)   Evacuate Collection Set: 15.8ms
[2022-09-06T21:01:53.489-0800][gc,phases     ] GC(31)   Post Evacuate Collection Set: 2.8ms
[2022-09-06T21:01:53.490-0800][gc,phases     ] GC(31)   Other: 2.1ms
[2022-09-06T21:01:53.490-0800][gc,heap       ] GC(31) Eden regions: 255->0(255)
[2022-09-06T21:01:53.490-0800][gc,heap       ] GC(31) Survivor regions: 1->1(32)
[2022-09-06T21:01:53.490-0800][gc,heap       ] GC(31) Old regions: 38->38
[2022-09-06T21:01:53.490-0800][gc,heap       ] GC(31) Humongous regions: 6->6
[2022-09-06T21:01:53.490-0800][gc,metaspace  ] GC(31) Metaspace: 79350K->79350K(1122304K)
[2022-09-06T21:01:53.490-0800][gc            ] GC(31) Pause Young (Normal) (G1 Evacuation Pause) 298M->44M(512M) 21.114ms
[2022-09-06T21:01:53.490-0800][gc,cpu        ] GC(31) User=0.01s Sys=0.01s Real=0.03s
[2022-09-06T22:02:47.969-0800][gc,start      ] GC(32) Pause Young (Normal) (G1 Evacuation Pause)
[2022-09-06T22:02:47.969-0800][gc,task       ] GC(32) Using 8 workers of 8 for evacuation
[2022-09-06T22:02:47.981-0800][gc,phases     ] GC(32)   Pre Evacuate Collection Set: 0.4ms
[2022-09-06T22:02:47.981-0800][gc,phases     ] GC(32)   Evacuate Collection Set: 9.8ms
[2022-09-06T22:02:47.981-0800][gc,phases     ] GC(32)   Post Evacuate Collection Set: 0.9ms
[2022-09-06T22:02:47.981-0800][gc,phases     ] GC(32)   Other: 1.4ms
[2022-09-06T22:02:47.981-0800][gc,heap       ] GC(32) Eden regions: 255->0(255)
[2022-09-06T22:02:47.981-0800][gc,heap       ] GC(32) Survivor regions: 1->1(32)
[2022-09-06T22:02:47.981-0800][gc,heap       ] GC(32) Old regions: 38->38
[2022-09-06T22:02:47.981-0800][gc,heap       ] GC(32) Humongous regions: 6->6
[2022-09-06T22:02:47.981-0800][gc,metaspace  ] GC(32) Metaspace: 79353K->79353K(1122304K)
[2022-09-06T22:02:47.981-0800][gc            ] GC(32) Pause Young (Normal) (G1 Evacuation Pause) 299M->44M(512M) 12.523ms
[2022-09-06T22:02:47.981-0800][gc,cpu        ] GC(32) User=0.03s Sys=0.01s Real=0.02s
[2022-09-07T00:04:52.798-0800][gc,start      ] GC(33) Pause Young (Normal) (G1 Evacuation Pause)
[2022-09-07T00:04:52.800-0800][gc,task       ] GC(33) Using 8 workers of 8 for evacuation
[2022-09-07T00:04:52.812-0800][gc,phases     ] GC(33)   Pre Evacuate Collection Set: 0.3ms
[2022-09-07T00:04:52.812-0800][gc,phases     ] GC(33)   Evacuate Collection Set: 9.2ms
[2022-09-07T00:04:52.812-0800][gc,phases     ] GC(33)   Post Evacuate Collection Set: 1.3ms
[2022-09-07T00:04:52.812-0800][gc,phases     ] GC(33)   Other: 2.5ms
[2022-09-07T00:04:52.812-0800][gc,heap       ] GC(33) Eden regions: 255->0(255)
[2022-09-07T00:04:52.812-0800][gc,heap       ] GC(33) Survivor regions: 1->1(32)
[2022-09-07T00:04:52.812-0800][gc,heap       ] GC(33) Old regions: 38->38
[2022-09-07T00:04:52.812-0800][gc,heap       ] GC(33) Humongous regions: 6->6
[2022-09-07T00:04:52.812-0800][gc,metaspace  ] GC(33) Metaspace: 79369K->79369K(1122304K)
[2022-09-07T00:04:52.812-0800][gc            ] GC(33) Pause Young (Normal) (G1 Evacuation Pause) 299M->44M(512M) 13.530ms
[2022-09-07T00:04:52.812-0800][gc,cpu        ] GC(33) User=0.01s Sys=0.01s Real=0.02s
[2022-09-07T01:20:59.307-0800][gc,start      ] GC(34) Pause Young (Normal) (G1 Evacuation Pause)
[2022-09-07T01:20:59.308-0800][gc,task       ] GC(34) Using 8 workers of 8 for evacuation
[2022-09-07T01:20:59.317-0800][gc,phases     ] GC(34)   Pre Evacuate Collection Set: 0.1ms
[2022-09-07T01:20:59.318-0800][gc,phases     ] GC(34)   Evacuate Collection Set: 8.3ms
[2022-09-07T01:20:59.318-0800][gc,phases     ] GC(34)   Post Evacuate Collection Set: 0.7ms
[2022-09-07T01:20:59.318-0800][gc,phases     ] GC(34)   Other: 1.3ms
[2022-09-07T01:20:59.318-0800][gc,heap       ] GC(34) Eden regions: 255->0(255)
[2022-09-07T01:20:59.318-0800][gc,heap       ] GC(34) Survivor regions: 1->1(32)
[2022-09-07T01:20:59.318-0800][gc,heap       ] GC(34) Old regions: 38->38
[2022-09-07T01:20:59.318-0800][gc,heap       ] GC(34) Humongous regions: 6->6
[2022-09-07T01:20:59.318-0800][gc,metaspace  ] GC(34) Metaspace: 79373K->79373K(1122304K)
[2022-09-07T01:20:59.318-0800][gc            ] GC(34) Pause Young (Normal) (G1 Evacuation Pause) 299M->44M(512M) 10.688ms
[2022-09-07T01:20:59.318-0800][gc,cpu        ] GC(34) User=0.01s Sys=0.01s Real=0.01s
[2022-09-07T03:36:12.695-0800][gc,start      ] GC(35) Pause Young (Normal) (G1 Evacuation Pause)
[2022-09-07T03:36:12.697-0800][gc,task       ] GC(35) Using 8 workers of 8 for evacuation
[2022-09-07T03:36:12.714-0800][gc,phases     ] GC(35)   Pre Evacuate Collection Set: 0.4ms
[2022-09-07T03:36:12.714-0800][gc,phases     ] GC(35)   Evacuate Collection Set: 13.3ms
[2022-09-07T03:36:12.714-0800][gc,phases     ] GC(35)   Post Evacuate Collection Set: 2.2ms
[2022-09-07T03:36:12.714-0800][gc,phases     ] GC(35)   Other: 3.0ms
[2022-09-07T03:36:12.714-0800][gc,heap       ] GC(35) Eden regions: 255->0(255)
[2022-09-07T03:36:12.714-0800][gc,heap       ] GC(35) Survivor regions: 1->1(32)
[2022-09-07T03:36:12.714-0800][gc,heap       ] GC(35) Old regions: 38->38
[2022-09-07T03:36:12.714-0800][gc,heap       ] GC(35) Humongous regions: 6->6
[2022-09-07T03:36:12.714-0800][gc,metaspace  ] GC(35) Metaspace: 79379K->79379K(1122304K)
[2022-09-07T03:36:12.714-0800][gc            ] GC(35) Pause Young (Normal) (G1 Evacuation Pause) 299M->44M(512M) 18.844ms
[2022-09-07T03:36:12.714-0800][gc,cpu        ] GC(35) User=0.02s Sys=0.01s Real=0.02s
[2022-09-07T05:23:32.027-0800][gc,start      ] GC(36) Pause Young (Normal) (G1 Evacuation Pause)
[2022-09-07T05:23:32.029-0800][gc,task       ] GC(36) Using 8 workers of 8 for evacuation
[2022-09-07T05:23:32.038-0800][gc,phases     ] GC(36)   Pre Evacuate Collection Set: 0.1ms
[2022-09-07T05:23:32.038-0800][gc,phases     ] GC(36)   Evacuate Collection Set: 8.1ms
[2022-09-07T05:23:32.038-0800][gc,phases     ] GC(36)   Post Evacuate Collection Set: 0.9ms
[2022-09-07T05:23:32.038-0800][gc,phases     ] GC(36)   Other: 1.9ms
[2022-09-07T05:23:32.038-0800][gc,heap       ] GC(36) Eden regions: 255->0(255)
[2022-09-07T05:23:32.038-0800][gc,heap       ] GC(36) Survivor regions: 1->1(32)
[2022-09-07T05:23:32.038-0800][gc,heap       ] GC(36) Old regions: 38->38
[2022-09-07T05:23:32.038-0800][gc,heap       ] GC(36) Humongous regions: 6->6
[2022-09-07T05:23:32.038-0800][gc,metaspace  ] GC(36) Metaspace: 79398K->79398K(1122304K)
[2022-09-07T05:23:32.039-0800][gc            ] GC(36) Pause Young (Normal) (G1 Evacuation Pause) 299M->44M(512M) 11.265ms
[2022-09-07T05:23:32.039-0800][gc,cpu        ] GC(36) User=0.01s Sys=0.00s Real=0.01s
[2022-09-07T07:28:09.190-0800][gc,start      ] GC(37) Pause Young (Normal) (G1 Evacuation Pause)
[2022-09-07T07:28:09.191-0800][gc,task       ] GC(37) Using 8 workers of 8 for evacuation
[2022-09-07T07:28:09.203-0800][gc,phases     ] GC(37)   Pre Evacuate Collection Set: 0.7ms
[2022-09-07T07:28:09.203-0800][gc,phases     ] GC(37)   Evacuate Collection Set: 9.3ms
[2022-09-07T07:28:09.203-0800][gc,phases     ] GC(37)   Post Evacuate Collection Set: 0.8ms
[2022-09-07T07:28:09.203-0800][gc,phases     ] GC(37)   Other: 4.3ms
[2022-09-07T07:28:09.203-0800][gc,heap       ] GC(37) Eden regions: 255->0(255)
[2022-09-07T07:28:09.203-0800][gc,heap       ] GC(37) Survivor regions: 1->1(32)
[2022-09-07T07:28:09.203-0800][gc,heap       ] GC(37) Old regions: 38->38
[2022-09-07T07:28:09.203-0800][gc,heap       ] GC(37) Humongous regions: 6->6
[2022-09-07T07:28:09.203-0800][gc,metaspace  ] GC(37) Metaspace: 79435K->79435K(1122304K)
[2022-09-07T07:28:09.203-0800][gc            ] GC(37) Pause Young (Normal) (G1 Evacuation Pause) 299M->44M(512M) 12.784ms
[2022-09-07T07:28:09.203-0800][gc,cpu        ] GC(37) User=0.01s Sys=0.01s Real=0.01s
[2022-09-07T08:39:53.182-0800][gc,start      ] GC(38) Pause Young (Normal) (G1 Evacuation Pause)
[2022-09-07T08:39:53.183-0800][gc,task       ] GC(38) Using 8 workers of 8 for evacuation
[2022-09-07T08:39:53.201-0800][gc,phases     ] GC(38)   Pre Evacuate Collection Set: 0.3ms
[2022-09-07T08:39:53.201-0800][gc,phases     ] GC(38)   Evacuate Collection Set: 16.5ms
[2022-09-07T08:39:53.201-0800][gc,phases     ] GC(38)   Post Evacuate Collection Set: 1.2ms
[2022-09-07T08:39:53.201-0800][gc,phases     ] GC(38)   Other: 1.7ms
[2022-09-07T08:39:53.201-0800][gc,heap       ] GC(38) Eden regions: 255->0(255)
[2022-09-07T08:39:53.201-0800][gc,heap       ] GC(38) Survivor regions: 1->1(32)
[2022-09-07T08:39:53.201-0800][gc,heap       ] GC(38) Old regions: 38->38
[2022-09-07T08:39:53.201-0800][gc,heap       ] GC(38) Humongous regions: 6->6
[2022-09-07T08:39:53.201-0800][gc,metaspace  ] GC(38) Metaspace: 79464K->79464K(1122304K)
[2022-09-07T08:39:53.201-0800][gc            ] GC(38) Pause Young (Normal) (G1 Evacuation Pause) 299M->44M(512M) 19.780ms
[2022-09-07T08:39:53.201-0800][gc,cpu        ] GC(38) User=0.01s Sys=0.01s Real=0.02s
