[2022-09-03T03:42:47.939-0800][gc,heap       ] GC(353) Old regions: 42->42
[2022-09-03T03:42:47.939-0800][gc,heap       ] GC(353) Humongous regions: 30->30
[2022-09-03T03:42:47.939-0800][gc,metaspace  ] GC(353) Metaspace: 80730K->80730K(1122304K)
[2022-09-03T03:42:47.939-0800][gc            ] GC(353) Pause Young (Normal) (G1 Evacuation Pause) 327M->72M(512M) 46.803ms
[2022-09-03T03:42:47.939-0800][gc,cpu        ] GC(353) User=0.01s Sys=0.02s Real=0.04s
[2022-09-03T03:54:50.891-0800][gc,start      ] GC(354) Pause Young (Normal) (G1 Evacuation Pause)
[2022-09-03T03:54:50.893-0800][gc,task       ] GC(354) Using 8 workers of 8 for evacuation
[2022-09-03T03:54:50.964-0800][gc,phases     ] GC(354)   Pre Evacuate Collection Set: 7.2ms
[2022-09-03T03:54:50.964-0800][gc,phases     ] GC(354)   Evacuate Collection Set: 31.0ms
[2022-09-03T03:54:50.964-0800][gc,phases     ] GC(354)   Post Evacuate Collection Set: 10.1ms
[2022-09-03T03:54:50.964-0800][gc,phases     ] GC(354)   Other: 25.0ms
[2022-09-03T03:54:50.964-0800][gc,heap       ] GC(354) Eden regions: 255->0(255)
[2022-09-03T03:54:50.964-0800][gc,heap       ] GC(354) Survivor regions: 1->1(32)
[2022-09-03T03:54:50.964-0800][gc,heap       ] GC(354) Old regions: 42->42
[2022-09-03T03:54:50.964-0800][gc,heap       ] GC(354) Humongous regions: 30->30
[2022-09-03T03:54:50.964-0800][gc,metaspace  ] GC(354) Metaspace: 80730K->80730K(1122304K)
[2022-09-03T03:54:50.965-0800][gc            ] GC(354) Pause Young (Normal) (G1 Evacuation Pause) 327M->71M(512M) 73.021ms
[2022-09-03T03:54:50.965-0800][gc,cpu        ] GC(354) User=0.01s Sys=0.02s Real=0.07s
[2022-09-03T04:06:57.441-0800][gc,start      ] GC(355) Pause Young (Normal) (G1 Evacuation Pause)
[2022-09-03T04:06:57.452-0800][gc,task       ] GC(355) Using 8 workers of 8 for evacuation
[2022-09-03T04:06:57.480-0800][gc,phases     ] GC(355)   Pre Evacuate Collection Set: 1.9ms
[2022-09-03T04:06:57.480-0800][gc,phases     ] GC(355)   Evacuate Collection Set: 15.5ms
[2022-09-03T04:06:57.480-0800][gc,phases     ] GC(355)   Post Evacuate Collection Set: 5.7ms
[2022-09-03T04:06:57.480-0800][gc,phases     ] GC(355)   Other: 16.1ms
[2022-09-03T04:06:57.480-0800][gc,heap       ] GC(355) Eden regions: 255->0(255)
[2022-09-03T04:06:57.480-0800][gc,heap       ] GC(355) Survivor regions: 1->1(32)
[2022-09-03T04:06:57.480-0800][gc,heap       ] GC(355) Old regions: 42->42
[2022-09-03T04:06:57.480-0800][gc,heap       ] GC(355) Humongous regions: 30->30
[2022-09-03T04:06:57.480-0800][gc,metaspace  ] GC(355) Metaspace: 80730K->80730K(1122304K)
[2022-09-03T04:06:57.480-0800][gc            ] GC(355) Pause Young (Normal) (G1 Evacuation Pause) 326M->71M(512M) 39.197ms
[2022-09-03T04:06:57.480-0800][gc,cpu        ] GC(355) User=0.01s Sys=0.03s Real=0.04s
[2022-09-03T04:19:03.613-0800][gc,start      ] GC(356) Pause Young (Normal) (G1 Evacuation Pause)
[2022-09-03T04:19:03.614-0800][gc,task       ] GC(356) Using 8 workers of 8 for evacuation
[2022-09-03T04:19:03.664-0800][gc,phases     ] GC(356)   Pre Evacuate Collection Set: 0.7ms
[2022-09-03T04:19:03.664-0800][gc,phases     ] GC(356)   Evacuate Collection Set: 36.7ms
[2022-09-03T04:19:03.664-0800][gc,phases     ] GC(356)   Post Evacuate Collection Set: 8.7ms
[2022-09-03T04:19:03.664-0800][gc,phases     ] GC(356)   Other: 5.8ms
[2022-09-03T04:19:03.664-0800][gc,heap       ] GC(356) Eden regions: 255->0(255)
[2022-09-03T04:19:03.664-0800][gc,heap       ] GC(356) Survivor regions: 1->1(32)
[2022-09-03T04:19:03.664-0800][gc,heap       ] GC(356) Old regions: 42->42
[2022-09-03T04:19:03.664-0800][gc,heap       ] GC(356) Humongous regions: 30->30
[2022-09-03T04:19:03.664-0800][gc,metaspace  ] GC(356) Metaspace: 80730K->80730K(1122304K)
[2022-09-03T04:19:03.668-0800][gc            ] GC(356) Pause Young (Normal) (G1 Evacuation Pause) 326M->72M(512M) 54.372ms
[2022-09-03T04:19:03.668-0800][gc,cpu        ] GC(356) User=0.05s Sys=0.04s Real=0.05s
[2022-09-03T05:01:15.425-0800][gc,start      ] GC(357) Pause Young (Normal) (G1 Evacuation Pause)
[2022-09-03T05:01:15.426-0800][gc,task       ] GC(357) Using 8 workers of 8 for evacuation
[2022-09-03T05:01:15.447-0800][gc,phases     ] GC(357)   Pre Evacuate Collection Set: 1.2ms
[2022-09-03T05:01:15.447-0800][gc,phases     ] GC(357)   Evacuate Collection Set: 12.7ms
[2022-09-03T05:01:15.447-0800][gc,phases     ] GC(357)   Post Evacuate Collection Set: 3.7ms
[2022-09-03T05:01:15.447-0800][gc,phases     ] GC(357)   Other: 3.8ms
[2022-09-03T05:01:15.447-0800][gc,heap       ] GC(357) Eden regions: 255->0(255)
[2022-09-03T05:01:15.447-0800][gc,heap       ] GC(357) Survivor regions: 1->1(32)
[2022-09-03T05:01:15.447-0800][gc,heap       ] GC(357) Old regions: 42->42
[2022-09-03T05:01:15.447-0800][gc,heap       ] GC(357) Humongous regions: 30->30
[2022-09-03T05:01:15.447-0800][gc,metaspace  ] GC(357) Metaspace: 80730K->80730K(1122304K)
[2022-09-03T05:01:15.447-0800][gc            ] GC(357) Pause Young (Normal) (G1 Evacuation Pause) 327M->72M(512M) 21.544ms
[2022-09-03T05:01:15.447-0800][gc,cpu        ] GC(357) User=0.00s Sys=0.01s Real=0.02s
[2022-09-03T05:13:16.647-0800][gc,start      ] GC(358) Pause Young (Normal) (G1 Evacuation Pause)
[2022-09-03T05:13:16.648-0800][gc,task       ] GC(358) Using 8 workers of 8 for evacuation
[2022-09-03T05:13:16.677-0800][gc,phases     ] GC(358)   Pre Evacuate Collection Set: 1.7ms
[2022-09-03T05:13:16.677-0800][gc,phases     ] GC(358)   Evacuate Collection Set: 7.0ms
[2022-09-03T05:13:16.677-0800][gc,phases     ] GC(358)   Post Evacuate Collection Set: 16.7ms
[2022-09-03T05:13:16.677-0800][gc,phases     ] GC(358)   Other: 5.4ms
[2022-09-03T05:13:16.677-0800][gc,heap       ] GC(358) Eden regions: 255->0(255)
[2022-09-03T05:13:16.677-0800][gc,heap       ] GC(358) Survivor regions: 1->1(32)
[2022-09-03T05:13:16.677-0800][gc,heap       ] GC(358) Old regions: 42->42
[2022-09-03T05:13:16.677-0800][gc,heap       ] GC(358) Humongous regions: 30->30
[2022-09-03T05:13:16.677-0800][gc,metaspace  ] GC(358) Metaspace: 80731K->80731K(1122304K)
[2022-09-03T05:13:16.677-0800][gc            ] GC(358) Pause Young (Normal) (G1 Evacuation Pause) 327M->72M(512M) 30.638ms
[2022-09-03T05:13:16.678-0800][gc,cpu        ] GC(358) User=0.01s Sys=0.01s Real=0.03s
[2022-09-03T05:25:21.264-0800][gc,start      ] GC(359) Pause Young (Normal) (G1 Evacuation Pause)
[2022-09-03T05:25:21.265-0800][gc,task       ] GC(359) Using 8 workers of 8 for evacuation
[2022-09-03T05:25:21.324-0800][gc,phases     ] GC(359)   Pre Evacuate Collection Set: 1.8ms
[2022-09-03T05:25:21.324-0800][gc,phases     ] GC(359)   Evacuate Collection Set: 48.1ms
[2022-09-03T05:25:21.324-0800][gc,phases     ] GC(359)   Post Evacuate Collection Set: 8.2ms
[2022-09-03T05:25:21.324-0800][gc,phases     ] GC(359)   Other: 2.0ms
[2022-09-03T05:25:21.324-0800][gc,heap       ] GC(359) Eden regions: 255->0(255)
[2022-09-03T05:25:21.324-0800][gc,heap       ] GC(359) Survivor regions: 1->1(32)
[2022-09-03T05:25:21.324-0800][gc,heap       ] GC(359) Old regions: 42->42
[2022-09-03T05:25:21.324-0800][gc,heap       ] GC(359) Humongous regions: 30->30
[2022-09-03T05:25:21.324-0800][gc,metaspace  ] GC(359) Metaspace: 80731K->80731K(1122304K)
[2022-09-03T05:25:21.325-0800][gc            ] GC(359) Pause Young (Normal) (G1 Evacuation Pause) 327M->72M(512M) 60.824ms
[2022-09-03T05:25:21.325-0800][gc,cpu        ] GC(359) User=0.08s Sys=0.06s Real=0.06s
[2022-09-03T05:37:24.502-0800][gc,start      ] GC(360) Pause Young (Normal) (G1 Evacuation Pause)
[2022-09-03T05:37:24.503-0800][gc,task       ] GC(360) Using 8 workers of 8 for evacuation
[2022-09-03T05:37:24.548-0800][gc,phases     ] GC(360)   Pre Evacuate Collection Set: 2.7ms
[2022-09-03T05:37:24.548-0800][gc,phases     ] GC(360)   Evacuate Collection Set: 25.7ms
[2022-09-03T05:37:24.548-0800][gc,phases     ] GC(360)   Post Evacuate Collection Set: 7.7ms
[2022-09-03T05:37:24.548-0800][gc,phases     ] GC(360)   Other: 10.3ms
[2022-09-03T05:37:24.548-0800][gc,heap       ] GC(360) Eden regions: 255->0(255)
[2022-09-03T05:37:24.548-0800][gc,heap       ] GC(360) Survivor regions: 1->1(32)
[2022-09-03T05:37:24.548-0800][gc,heap       ] GC(360) Old regions: 42->42
[2022-09-03T05:37:24.548-0800][gc,heap       ] GC(360) Humongous regions: 30->30
[2022-09-03T05:37:24.548-0800][gc,metaspace  ] GC(360) Metaspace: 80732K->80732K(1122304K)
[2022-09-03T05:37:24.548-0800][gc            ] GC(360) Pause Young (Normal) (G1 Evacuation Pause) 327M->72M(512M) 46.381ms
[2022-09-03T05:37:24.548-0800][gc,cpu        ] GC(360) User=0.01s Sys=0.03s Real=0.04s
[2022-09-03T05:49:28.161-0800][gc,start      ] GC(361) Pause Young (Normal) (G1 Evacuation Pause)
[2022-09-03T05:49:28.162-0800][gc,task       ] GC(361) Using 8 workers of 8 for evacuation
[2022-09-03T05:49:28.180-0800][gc,phases     ] GC(361)   Pre Evacuate Collection Set: 1.8ms
[2022-09-03T05:49:28.180-0800][gc,phases     ] GC(361)   Evacuate Collection Set: 11.3ms
[2022-09-03T05:49:28.180-0800][gc,phases     ] GC(361)   Post Evacuate Collection Set: 2.6ms
[2022-09-03T05:49:28.180-0800][gc,phases     ] GC(361)   Other: 3.5ms
[2022-09-03T05:49:28.180-0800][gc,heap       ] GC(361) Eden regions: 255->0(255)
[2022-09-03T05:49:28.180-0800][gc,heap       ] GC(361) Survivor regions: 1->1(32)
[2022-09-03T05:49:28.180-0800][gc,heap       ] GC(361) Old regions: 42->42
[2022-09-03T05:49:28.180-0800][gc,heap       ] GC(361) Humongous regions: 30->30
[2022-09-03T05:49:28.180-0800][gc,metaspace  ] GC(361) Metaspace: 80732K->80732K(1122304K)
[2022-09-03T05:49:28.180-0800][gc            ] GC(361) Pause Young (Normal) (G1 Evacuation Pause) 327M->72M(512M) 19.394ms
[2022-09-03T05:49:28.180-0800][gc,cpu        ] GC(361) User=0.01s Sys=0.01s Real=0.02s
[2022-09-03T06:17:02.547-0800][gc,start      ] GC(362) Pause Young (Normal) (G1 Evacuation Pause)
[2022-09-03T06:17:02.549-0800][gc,task       ] GC(362) Using 8 workers of 8 for evacuation
[2022-09-03T06:17:02.568-0800][gc,phases     ] GC(362)   Pre Evacuate Collection Set: 2.3ms
[2022-09-03T06:17:02.568-0800][gc,phases     ] GC(362)   Evacuate Collection Set: 9.0ms
[2022-09-03T06:17:02.568-0800][gc,phases     ] GC(362)   Post Evacuate Collection Set: 4.4ms
[2022-09-03T06:17:02.568-0800][gc,phases     ] GC(362)   Other: 5.0ms
[2022-09-03T06:17:02.568-0800][gc,heap       ] GC(362) Eden regions: 255->0(255)
[2022-09-03T06:17:02.568-0800][gc,heap       ] GC(362) Survivor regions: 1->1(32)
[2022-09-03T06:17:02.568-0800][gc,heap       ] GC(362) Old regions: 42->42
[2022-09-03T06:17:02.568-0800][gc,heap       ] GC(362) Humongous regions: 30->30
[2022-09-03T06:17:02.568-0800][gc,metaspace  ] GC(362) Metaspace: 80732K->80732K(1122304K)
[2022-09-03T06:17:02.568-0800][gc            ] GC(362) Pause Young (Normal) (G1 Evacuation Pause) 327M->72M(512M) 20.711ms
[2022-09-03T06:17:02.568-0800][gc,cpu        ] GC(362) User=0.00s Sys=0.02s Real=0.02s
[2022-09-03T06:29:03.914-0800][gc,start      ] GC(363) Pause Young (Normal) (G1 Evacuation Pause)
[2022-09-03T06:29:03.916-0800][gc,task       ] GC(363) Using 8 workers of 8 for evacuation
[2022-09-03T06:29:03.961-0800][gc,phases     ] GC(363)   Pre Evacuate Collection Set: 1.3ms
[2022-09-03T06:29:03.961-0800][gc,phases     ] GC(363)   Evacuate Collection Set: 22.0ms
[2022-09-03T06:29:03.961-0800][gc,phases     ] GC(363)   Post Evacuate Collection Set: 14.4ms
[2022-09-03T06:29:03.961-0800][gc,phases     ] GC(363)   Other: 9.6ms
[2022-09-03T06:29:03.961-0800][gc,heap       ] GC(363) Eden regions: 255->0(255)
[2022-09-03T06:29:03.961-0800][gc,heap       ] GC(363) Survivor regions: 1->1(32)
[2022-09-03T06:29:03.961-0800][gc,heap       ] GC(363) Old regions: 42->42
[2022-09-03T06:29:03.961-0800][gc,heap       ] GC(363) Humongous regions: 30->30
[2022-09-03T06:29:03.961-0800][gc,metaspace  ] GC(363) Metaspace: 80732K->80732K(1122304K)
[2022-09-03T06:29:03.963-0800][gc            ] GC(363) Pause Young (Normal) (G1 Evacuation Pause) 327M->72M(512M) 49.028ms
[2022-09-03T06:29:03.963-0800][gc,cpu        ] GC(363) User=0.01s Sys=0.02s Real=0.05s
[2022-09-03T06:41:07.728-0800][gc,start      ] GC(364) Pause Young (Normal) (G1 Evacuation Pause)
[2022-09-03T06:41:07.730-0800][gc,task       ] GC(364) Using 8 workers of 8 for evacuation
[2022-09-03T06:41:07.751-0800][gc,phases     ] GC(364)   Pre Evacuate Collection Set: 1.9ms
[2022-09-03T06:41:07.751-0800][gc,phases     ] GC(364)   Evacuate Collection Set: 10.8ms
[2022-09-03T06:41:07.751-0800][gc,phases     ] GC(364)   Post Evacuate Collection Set: 4.7ms
[2022-09-03T06:41:07.751-0800][gc,phases     ] GC(364)   Other: 5.8ms
[2022-09-03T06:41:07.751-0800][gc,heap       ] GC(364) Eden regions: 255->0(255)
[2022-09-03T06:41:07.751-0800][gc,heap       ] GC(364) Survivor regions: 1->1(32)
[2022-09-03T06:41:07.751-0800][gc,heap       ] GC(364) Old regions: 42->42
[2022-09-03T06:41:07.751-0800][gc,heap       ] GC(364) Humongous regions: 30->30
[2022-09-03T06:41:07.751-0800][gc,metaspace  ] GC(364) Metaspace: 80732K->80732K(1122304K)
[2022-09-03T06:41:07.751-0800][gc            ] GC(364) Pause Young (Normal) (G1 Evacuation Pause) 327M->72M(512M) 23.339ms
[2022-09-03T06:41:07.751-0800][gc,cpu        ] GC(364) User=0.01s Sys=0.02s Real=0.03s
[2022-09-03T06:53:10.812-0800][gc,start      ] GC(365) Pause Young (Normal) (G1 Evacuation Pause)
[2022-09-03T06:53:10.813-0800][gc,task       ] GC(365) Using 8 workers of 8 for evacuation
[2022-09-03T06:53:10.959-0800][gc,phases     ] GC(365)   Pre Evacuate Collection Set: 13.4ms
[2022-09-03T06:53:10.959-0800][gc,phases     ] GC(365)   Evacuate Collection Set: 105.0ms
[2022-09-03T06:53:10.959-0800][gc,phases     ] GC(365)   Post Evacuate Collection Set: 5.2ms
[2022-09-03T06:53:10.959-0800][gc,phases     ] GC(365)   Other: 23.2ms
[2022-09-03T06:53:10.959-0800][gc,heap       ] GC(365) Eden regions: 255->0(255)
[2022-09-03T06:53:10.959-0800][gc,heap       ] GC(365) Survivor regions: 1->1(32)
[2022-09-03T06:53:10.959-0800][gc,heap       ] GC(365) Old regions: 42->42
[2022-09-03T06:53:10.959-0800][gc,heap       ] GC(365) Humongous regions: 30->30
[2022-09-03T06:53:10.959-0800][gc,metaspace  ] GC(365) Metaspace: 80732K->80732K(1122304K)
[2022-09-03T06:53:10.959-0800][gc            ] GC(365) Pause Young (Normal) (G1 Evacuation Pause) 327M->72M(512M) 146.822ms
[2022-09-03T06:53:10.959-0800][gc,cpu        ] GC(365) User=0.17s Sys=0.08s Real=0.14s
[2022-09-03T07:05:15.969-0800][gc,start      ] GC(366) Pause Young (Normal) (G1 Evacuation Pause)
[2022-09-03T07:05:15.970-0800][gc,task       ] GC(366) Using 8 workers of 8 for evacuation
[2022-09-03T07:05:16.068-0800][gc,phases     ] GC(366)   Pre Evacuate Collection Set: 1.9ms
[2022-09-03T07:05:16.068-0800][gc,phases     ] GC(366)   Evacuate Collection Set: 25.8ms
[2022-09-03T07:05:16.068-0800][gc,phases     ] GC(366)   Post Evacuate Collection Set: 60.3ms
[2022-09-03T07:05:16.068-0800][gc,phases     ] GC(366)   Other: 11.3ms
[2022-09-03T07:05:16.068-0800][gc,heap       ] GC(366) Eden regions: 255->0(255)
[2022-09-03T07:05:16.068-0800][gc,heap       ] GC(366) Survivor regions: 1->1(32)
[2022-09-03T07:05:16.068-0800][gc,heap       ] GC(366) Old regions: 42->42
[2022-09-03T07:05:16.068-0800][gc,heap       ] GC(366) Humongous regions: 30->30
[2022-09-03T07:05:16.068-0800][gc,metaspace  ] GC(366) Metaspace: 80732K->80732K(1122304K)
[2022-09-03T07:05:16.068-0800][gc            ] GC(366) Pause Young (Normal) (G1 Evacuation Pause) 327M->72M(512M) 99.467ms
[2022-09-03T07:05:16.069-0800][gc,cpu        ] GC(366) User=0.02s Sys=0.04s Real=0.10s
[2022-09-03T07:32:44.185-0800][gc,start      ] GC(367) Pause Young (Normal) (G1 Evacuation Pause)
[2022-09-03T07:32:44.187-0800][gc,task       ] GC(367) Using 8 workers of 8 for evacuation
[2022-09-03T07:32:44.270-0800][gc,phases     ] GC(367)   Pre Evacuate Collection Set: 2.4ms
[2022-09-03T07:32:44.270-0800][gc,phases     ] GC(367)   Evacuate Collection Set: 46.2ms
[2022-09-03T07:32:44.270-0800][gc,phases     ] GC(367)   Post Evacuate Collection Set: 21.3ms
[2022-09-03T07:32:44.270-0800][gc,phases     ] GC(367)   Other: 15.7ms
[2022-09-03T07:32:44.270-0800][gc,heap       ] GC(367) Eden regions: 255->0(255)
[2022-09-03T07:32:44.270-0800][gc,heap       ] GC(367) Survivor regions: 1->1(32)
[2022-09-03T07:32:44.270-0800][gc,heap       ] GC(367) Old regions: 42->42
[2022-09-03T07:32:44.270-0800][gc,heap       ] GC(367) Humongous regions: 30->30
[2022-09-03T07:32:44.270-0800][gc,metaspace  ] GC(367) Metaspace: 80732K->80732K(1122304K)
[2022-09-03T07:32:44.271-0800][gc            ] GC(367) Pause Young (Normal) (G1 Evacuation Pause) 327M->72M(512M) 85.996ms
[2022-09-03T07:32:44.271-0800][gc,cpu        ] GC(367) User=0.02s Sys=0.02s Real=0.09s
[2022-09-03T07:44:49.423-0800][gc,start      ] GC(368) Pause Young (Normal) (G1 Evacuation Pause)
[2022-09-03T07:44:49.428-0800][gc,task       ] GC(368) Using 8 workers of 8 for evacuation
[2022-09-03T07:44:49.480-0800][gc,phases     ] GC(368)   Pre Evacuate Collection Set: 2.1ms
[2022-09-03T07:44:49.480-0800][gc,phases     ] GC(368)   Evacuate Collection Set: 16.8ms
[2022-09-03T07:44:49.480-0800][gc,phases     ] GC(368)   Post Evacuate Collection Set: 29.2ms
[2022-09-03T07:44:49.480-0800][gc,phases     ] GC(368)   Other: 8.6ms
[2022-09-03T07:44:49.480-0800][gc,heap       ] GC(368) Eden regions: 255->0(255)
[2022-09-03T07:44:49.480-0800][gc,heap       ] GC(368) Survivor regions: 1->1(32)
[2022-09-03T07:44:49.480-0800][gc,heap       ] GC(368) Old regions: 42->42
[2022-09-03T07:44:49.480-0800][gc,heap       ] GC(368) Humongous regions: 30->30
[2022-09-03T07:44:49.480-0800][gc,metaspace  ] GC(368) Metaspace: 80732K->80732K(1122304K)
[2022-09-03T07:44:49.480-0800][gc            ] GC(368) Pause Young (Normal) (G1 Evacuation Pause) 327M->72M(512M) 56.697ms
[2022-09-03T07:44:49.480-0800][gc,cpu        ] GC(368) User=0.01s Sys=0.02s Real=0.06s
[2022-09-03T07:56:51.321-0800][gc,start      ] GC(369) Pause Young (Normal) (G1 Evacuation Pause)
[2022-09-03T07:56:51.327-0800][gc,task       ] GC(369) Using 8 workers of 8 for evacuation
[2022-09-03T07:56:51.405-0800][gc,phases     ] GC(369)   Pre Evacuate Collection Set: 2.5ms
[2022-09-03T07:56:51.405-0800][gc,phases     ] GC(369)   Evacuate Collection Set: 38.3ms
[2022-09-03T07:56:51.405-0800][gc,phases     ] GC(369)   Post Evacuate Collection Set: 16.5ms
[2022-09-03T07:56:51.405-0800][gc,phases     ] GC(369)   Other: 27.1ms
[2022-09-03T07:56:51.405-0800][gc,heap       ] GC(369) Eden regions: 255->0(255)
[2022-09-03T07:56:51.405-0800][gc,heap       ] GC(369) Survivor regions: 1->1(32)
[2022-09-03T07:56:51.405-0800][gc,heap       ] GC(369) Old regions: 42->42
[2022-09-03T07:56:51.405-0800][gc,heap       ] GC(369) Humongous regions: 30->30
[2022-09-03T07:56:51.405-0800][gc,metaspace  ] GC(369) Metaspace: 80732K->80732K(1122304K)
[2022-09-03T07:56:51.405-0800][gc            ] GC(369) Pause Young (Normal) (G1 Evacuation Pause) 327M->72M(512M) 84.522ms
[2022-09-03T07:56:51.405-0800][gc,cpu        ] GC(369) User=0.01s Sys=0.02s Real=0.08s
[2022-09-03T08:08:56.246-0800][gc,start      ] GC(370) Pause Young (Normal) (G1 Evacuation Pause)
[2022-09-03T08:08:56.249-0800][gc,task       ] GC(370) Using 8 workers of 8 for evacuation
[2022-09-03T08:08:56.303-0800][gc,phases     ] GC(370)   Pre Evacuate Collection Set: 2.3ms
[2022-09-03T08:08:56.303-0800][gc,phases     ] GC(370)   Evacuate Collection Set: 17.4ms
[2022-09-03T08:08:56.303-0800][gc,phases     ] GC(370)   Post Evacuate Collection Set: 26.4ms
[2022-09-03T08:08:56.303-0800][gc,phases     ] GC(370)   Other: 11.7ms
[2022-09-03T08:08:56.303-0800][gc,heap       ] GC(370) Eden regions: 255->0(255)
[2022-09-03T08:08:56.303-0800][gc,heap       ] GC(370) Survivor regions: 1->1(32)
[2022-09-03T08:08:56.303-0800][gc,heap       ] GC(370) Old regions: 42->42
[2022-09-03T08:08:56.303-0800][gc,heap       ] GC(370) Humongous regions: 30->30
[2022-09-03T08:08:56.303-0800][gc,metaspace  ] GC(370) Metaspace: 80732K->80732K(1122304K)
[2022-09-03T08:08:56.303-0800][gc            ] GC(370) Pause Young (Normal) (G1 Evacuation Pause) 327M->72M(512M) 57.507ms
[2022-09-03T08:08:56.303-0800][gc,cpu        ] GC(370) User=0.01s Sys=0.03s Real=0.06s
[2022-09-03T08:21:02.101-0800][gc,start      ] GC(371) Pause Young (Normal) (G1 Evacuation Pause)
[2022-09-03T08:21:02.102-0800][gc,task       ] GC(371) Using 8 workers of 8 for evacuation
[2022-09-03T08:21:02.148-0800][gc,phases     ] GC(371)   Pre Evacuate Collection Set: 0.8ms
[2022-09-03T08:21:02.148-0800][gc,phases     ] GC(371)   Evacuate Collection Set: 28.9ms
[2022-09-03T08:21:02.148-0800][gc,phases     ] GC(371)   Post Evacuate Collection Set: 2.5ms
[2022-09-03T08:21:02.148-0800][gc,phases     ] GC(371)   Other: 15.1ms
[2022-09-03T08:21:02.148-0800][gc,heap       ] GC(371) Eden regions: 255->0(255)
[2022-09-03T08:21:02.148-0800][gc,heap       ] GC(371) Survivor regions: 1->1(32)
[2022-09-03T08:21:02.148-0800][gc,heap       ] GC(371) Old regions: 42->42
[2022-09-03T08:21:02.148-0800][gc,heap       ] GC(371) Humongous regions: 30->30
[2022-09-03T08:21:02.148-0800][gc,metaspace  ] GC(371) Metaspace: 80732K->80732K(1122304K)
[2022-09-03T08:21:02.149-0800][gc            ] GC(371) Pause Young (Normal) (G1 Evacuation Pause) 327M->72M(512M) 47.791ms
[2022-09-03T08:21:02.149-0800][gc,cpu        ] GC(371) User=0.07s Sys=0.04s Real=0.04s
[2022-09-03T08:48:55.881-0800][gc,start      ] GC(372) Pause Young (Normal) (G1 Evacuation Pause)
[2022-09-03T08:48:55.883-0800][gc,task       ] GC(372) Using 8 workers of 8 for evacuation
[2022-09-03T08:48:55.937-0800][gc,phases     ] GC(372)   Pre Evacuate Collection Set: 4.0ms
[2022-09-03T08:48:55.937-0800][gc,phases     ] GC(372)   Evacuate Collection Set: 23.5ms
[2022-09-03T08:48:55.937-0800][gc,phases     ] GC(372)   Post Evacuate Collection Set: 21.1ms
[2022-09-03T08:48:55.938-0800][gc,phases     ] GC(372)   Other: 7.4ms
[2022-09-03T08:48:55.938-0800][gc,heap       ] GC(372) Eden regions: 255->0(255)
[2022-09-03T08:48:55.938-0800][gc,heap       ] GC(372) Survivor regions: 1->1(32)
[2022-09-03T08:48:55.938-0800][gc,heap       ] GC(372) Old regions: 42->42
[2022-09-03T08:48:55.938-0800][gc,heap       ] GC(372) Humongous regions: 30->30
[2022-09-03T08:48:55.938-0800][gc,metaspace  ] GC(372) Metaspace: 80732K->80732K(1122304K)
[2022-09-03T08:48:55.938-0800][gc            ] GC(372) Pause Young (Normal) (G1 Evacuation Pause) 327M->72M(512M) 56.907ms
[2022-09-03T08:48:55.938-0800][gc,cpu        ] GC(372) User=0.00s Sys=0.03s Real=0.05s
[2022-09-03T09:01:00.100-0800][gc,start      ] GC(373) Pause Young (Normal) (G1 Evacuation Pause)
[2022-09-03T09:01:00.100-0800][gc,task       ] GC(373) Using 8 workers of 8 for evacuation
[2022-09-03T09:01:00.120-0800][gc,phases     ] GC(373)   Pre Evacuate Collection Set: 0.6ms
[2022-09-03T09:01:00.120-0800][gc,phases     ] GC(373)   Evacuate Collection Set: 16.0ms
[2022-09-03T09:01:00.120-0800][gc,phases     ] GC(373)   Post Evacuate Collection Set: 1.5ms
[2022-09-03T09:01:00.120-0800][gc,phases     ] GC(373)   Other: 2.1ms
[2022-09-03T09:01:00.120-0800][gc,heap       ] GC(373) Eden regions: 255->0(255)
[2022-09-03T09:01:00.120-0800][gc,heap       ] GC(373) Survivor regions: 1->1(32)
[2022-09-03T09:01:00.120-0800][gc,heap       ] GC(373) Old regions: 42->42
[2022-09-03T09:01:00.120-0800][gc,heap       ] GC(373) Humongous regions: 30->30
[2022-09-03T09:01:00.120-0800][gc,metaspace  ] GC(373) Metaspace: 80732K->80732K(1122304K)
[2022-09-03T09:01:00.120-0800][gc            ] GC(373) Pause Young (Normal) (G1 Evacuation Pause) 327M->72M(512M) 20.501ms
[2022-09-03T09:01:00.120-0800][gc,cpu        ] GC(373) User=0.04s Sys=0.02s Real=0.02s
[2022-09-03T09:13:03.429-0800][gc,start      ] GC(374) Pause Young (Normal) (G1 Evacuation Pause)
[2022-09-03T09:13:03.441-0800][gc,task       ] GC(374) Using 8 workers of 8 for evacuation
[2022-09-03T09:13:03.560-0800][gc,phases     ] GC(374)   Pre Evacuate Collection Set: 2.1ms
[2022-09-03T09:13:03.560-0800][gc,phases     ] GC(374)   Evacuate Collection Set: 71.2ms
[2022-09-03T09:13:03.560-0800][gc,phases     ] GC(374)   Post Evacuate Collection Set: 16.8ms
[2022-09-03T09:13:03.560-0800][gc,phases     ] GC(374)   Other: 41.1ms
[2022-09-03T09:13:03.560-0800][gc,heap       ] GC(374) Eden regions: 255->0(255)
[2022-09-03T09:13:03.560-0800][gc,heap       ] GC(374) Survivor regions: 1->1(32)
[2022-09-03T09:13:03.560-0800][gc,heap       ] GC(374) Old regions: 42->42
[2022-09-03T09:13:03.560-0800][gc,heap       ] GC(374) Humongous regions: 30->30
[2022-09-03T09:13:03.560-0800][gc,metaspace  ] GC(374) Metaspace: 80732K->80732K(1122304K)
[2022-09-03T09:13:03.562-0800][gc            ] GC(374) Pause Young (Normal) (G1 Evacuation Pause) 327M->72M(512M) 133.180ms
[2022-09-03T09:13:03.562-0800][gc,cpu        ] GC(374) User=0.10s Sys=0.05s Real=0.14s
[2022-09-03T09:25:07.017-0800][gc,start      ] GC(375) Pause Young (Normal) (G1 Evacuation Pause)
[2022-09-03T09:25:07.021-0800][gc,task       ] GC(375) Using 8 workers of 8 for evacuation
[2022-09-03T09:25:07.048-0800][gc,phases     ] GC(375)   Pre Evacuate Collection Set: 2.5ms
[2022-09-03T09:25:07.048-0800][gc,phases     ] GC(375)   Evacuate Collection Set: 11.5ms
[2022-09-03T09:25:07.048-0800][gc,phases     ] GC(375)   Post Evacuate Collection Set: 3.3ms
[2022-09-03T09:25:07.049-0800][gc,phases     ] GC(375)   Other: 13.7ms
[2022-09-03T09:25:07.049-0800][gc,heap       ] GC(375) Eden regions: 255->0(255)
[2022-09-03T09:25:07.049-0800][gc,heap       ] GC(375) Survivor regions: 1->1(32)
[2022-09-03T09:25:07.049-0800][gc,heap       ] GC(375) Old regions: 42->42
[2022-09-03T09:25:07.049-0800][gc,heap       ] GC(375) Humongous regions: 30->30
[2022-09-03T09:25:07.049-0800][gc,metaspace  ] GC(375) Metaspace: 80732K->80732K(1122304K)
[2022-09-03T09:25:07.049-0800][gc            ] GC(375) Pause Young (Normal) (G1 Evacuation Pause) 327M->72M(512M) 31.318ms
[2022-09-03T09:25:07.049-0800][gc,cpu        ] GC(375) User=0.01s Sys=0.02s Real=0.03s
[2022-09-03T09:37:09.670-0800][gc,start      ] GC(376) Pause Young (Normal) (G1 Evacuation Pause)
[2022-09-03T09:37:09.671-0800][gc,task       ] GC(376) Using 8 workers of 8 for evacuation
[2022-09-03T09:37:09.690-0800][gc,phases     ] GC(376)   Pre Evacuate Collection Set: 1.3ms
[2022-09-03T09:37:09.690-0800][gc,phases     ] GC(376)   Evacuate Collection Set: 11.2ms
[2022-09-03T09:37:09.690-0800][gc,phases     ] GC(376)   Post Evacuate Collection Set: 3.6ms
[2022-09-03T09:37:09.690-0800][gc,phases     ] GC(376)   Other: 4.1ms
[2022-09-03T09:37:09.690-0800][gc,heap       ] GC(376) Eden regions: 255->0(255)
[2022-09-03T09:37:09.690-0800][gc,heap       ] GC(376) Survivor regions: 1->1(32)
[2022-09-03T09:37:09.690-0800][gc,heap       ] GC(376) Old regions: 42->42
[2022-09-03T09:37:09.690-0800][gc,heap       ] GC(376) Humongous regions: 30->30
[2022-09-03T09:37:09.690-0800][gc,metaspace  ] GC(376) Metaspace: 80732K->80732K(1122304K)
[2022-09-03T09:37:09.690-0800][gc            ] GC(376) Pause Young (Normal) (G1 Evacuation Pause) 327M->72M(512M) 20.409ms
[2022-09-03T09:37:09.690-0800][gc,cpu        ] GC(376) User=0.03s Sys=0.02s Real=0.02s
[2022-09-03T09:49:13.629-0800][gc,start      ] GC(377) Pause Young (Normal) (G1 Evacuation Pause)
[2022-09-03T09:49:13.630-0800][gc,task       ] GC(377) Using 8 workers of 8 for evacuation
[2022-09-03T09:49:13.743-0800][gc,phases     ] GC(377)   Pre Evacuate Collection Set: 1.7ms
[2022-09-03T09:49:13.743-0800][gc,phases     ] GC(377)   Evacuate Collection Set: 82.5ms
[2022-09-03T09:49:13.743-0800][gc,phases     ] GC(377)   Post Evacuate Collection Set: 26.4ms
[2022-09-03T09:49:13.743-0800][gc,phases     ] GC(377)   Other: 3.7ms
[2022-09-03T09:49:13.743-0800][gc,heap       ] GC(377) Eden regions: 255->0(255)
[2022-09-03T09:49:13.743-0800][gc,heap       ] GC(377) Survivor regions: 1->1(32)
[2022-09-03T09:49:13.743-0800][gc,heap       ] GC(377) Old regions: 42->42
[2022-09-03T09:49:13.743-0800][gc,heap       ] GC(377) Humongous regions: 30->30
[2022-09-03T09:49:13.743-0800][gc,metaspace  ] GC(377) Metaspace: 80732K->80732K(1122304K)
[2022-09-03T09:49:13.743-0800][gc            ] GC(377) Pause Young (Normal) (G1 Evacuation Pause) 327M->72M(512M) 114.471ms
[2022-09-03T09:49:13.743-0800][gc,cpu        ] GC(377) User=0.23s Sys=0.08s Real=0.12s
[2022-09-03T10:01:17.534-0800][gc,start      ] GC(378) Pause Young (Normal) (G1 Evacuation Pause)
[2022-09-03T10:01:17.536-0800][gc,task       ] GC(378) Using 8 workers of 8 for evacuation
[2022-09-03T10:01:17.648-0800][gc,phases     ] GC(378)   Pre Evacuate Collection Set: 2.2ms
[2022-09-03T10:01:17.648-0800][gc,phases     ] GC(378)   Evacuate Collection Set: 19.4ms
[2022-09-03T10:01:17.648-0800][gc,phases     ] GC(378)   Post Evacuate Collection Set: 86.4ms
[2022-09-03T10:01:17.648-0800][gc,phases     ] GC(378)   Other: 6.5ms
[2022-09-03T10:01:17.648-0800][gc,heap       ] GC(378) Eden regions: 255->0(255)
[2022-09-03T10:01:17.648-0800][gc,heap       ] GC(378) Survivor regions: 1->1(32)
[2022-09-03T10:01:17.648-0800][gc,heap       ] GC(378) Old regions: 42->42
[2022-09-03T10:01:17.648-0800][gc,heap       ] GC(378) Humongous regions: 30->30
[2022-09-03T10:01:17.648-0800][gc,metaspace  ] GC(378) Metaspace: 80732K->80732K(1122304K)
[2022-09-03T10:01:17.648-0800][gc            ] GC(378) Pause Young (Normal) (G1 Evacuation Pause) 327M->72M(512M) 114.628ms
[2022-09-03T10:01:17.648-0800][gc,cpu        ] GC(378) User=0.00s Sys=0.02s Real=0.11s
[2022-09-03T10:13:21.940-0800][gc,start      ] GC(379) Pause Young (Normal) (G1 Evacuation Pause)
[2022-09-03T10:13:21.941-0800][gc,task       ] GC(379) Using 8 workers of 8 for evacuation
[2022-09-03T10:13:21.986-0800][gc,phases     ] GC(379)   Pre Evacuate Collection Set: 1.0ms
[2022-09-03T10:13:21.986-0800][gc,phases     ] GC(379)   Evacuate Collection Set: 24.2ms
[2022-09-03T10:13:21.986-0800][gc,phases     ] GC(379)   Post Evacuate Collection Set: 12.2ms
[2022-09-03T10:13:21.986-0800][gc,phases     ] GC(379)   Other: 9.0ms
[2022-09-03T10:13:21.986-0800][gc,heap       ] GC(379) Eden regions: 255->0(255)
[2022-09-03T10:13:21.986-0800][gc,heap       ] GC(379) Survivor regions: 1->1(32)
[2022-09-03T10:13:21.986-0800][gc,heap       ] GC(379) Old regions: 42->42
[2022-09-03T10:13:21.986-0800][gc,heap       ] GC(379) Humongous regions: 30->30
[2022-09-03T10:13:21.986-0800][gc,metaspace  ] GC(379) Metaspace: 80732K->80732K(1122304K)
[2022-09-03T10:13:21.986-0800][gc            ] GC(379) Pause Young (Normal) (G1 Evacuation Pause) 327M->72M(512M) 46.613ms
[2022-09-03T10:13:21.986-0800][gc,cpu        ] GC(379) User=0.01s Sys=0.03s Real=0.05s
[2022-09-03T10:25:25.148-0800][gc,start      ] GC(380) Pause Young (Normal) (G1 Evacuation Pause)
[2022-09-03T10:25:25.150-0800][gc,task       ] GC(380) Using 8 workers of 8 for evacuation
[2022-09-03T10:25:25.197-0800][gc,phases     ] GC(380)   Pre Evacuate Collection Set: 3.3ms
[2022-09-03T10:25:25.197-0800][gc,phases     ] GC(380)   Evacuate Collection Set: 18.7ms
[2022-09-03T10:25:25.197-0800][gc,phases     ] GC(380)   Post Evacuate Collection Set: 19.7ms
[2022-09-03T10:25:25.198-0800][gc,phases     ] GC(380)   Other: 9.2ms
[2022-09-03T10:25:25.198-0800][gc,heap       ] GC(380) Eden regions: 255->0(255)
[2022-09-03T10:25:25.198-0800][gc,heap       ] GC(380) Survivor regions: 1->1(32)
[2022-09-03T10:25:25.198-0800][gc,heap       ] GC(380) Old regions: 42->42
[2022-09-03T10:25:25.198-0800][gc,heap       ] GC(380) Humongous regions: 30->30
[2022-09-03T10:25:25.198-0800][gc,metaspace  ] GC(380) Metaspace: 80732K->80732K(1122304K)
[2022-09-03T10:25:25.200-0800][gc            ] GC(380) Pause Young (Normal) (G1 Evacuation Pause) 327M->72M(512M) 50.849ms
[2022-09-03T10:25:25.200-0800][gc,cpu        ] GC(380) User=0.01s Sys=0.02s Real=0.06s
[2022-09-03T10:37:32.966-0800][gc,start      ] GC(381) Pause Young (Normal) (G1 Evacuation Pause)
[2022-09-03T10:37:32.967-0800][gc,task       ] GC(381) Using 8 workers of 8 for evacuation
[2022-09-03T10:37:32.985-0800][gc,phases     ] GC(381)   Pre Evacuate Collection Set: 2.4ms
[2022-09-03T10:37:32.985-0800][gc,phases     ] GC(381)   Evacuate Collection Set: 9.2ms
[2022-09-03T10:37:32.985-0800][gc,phases     ] GC(381)   Post Evacuate Collection Set: 1.2ms
[2022-09-03T10:37:32.985-0800][gc,phases     ] GC(381)   Other: 6.9ms
[2022-09-03T10:37:32.985-0800][gc,heap       ] GC(381) Eden regions: 255->0(255)
[2022-09-03T10:37:32.985-0800][gc,heap       ] GC(381) Survivor regions: 1->1(32)
[2022-09-03T10:37:32.985-0800][gc,heap       ] GC(381) Old regions: 42->42
[2022-09-03T10:37:32.985-0800][gc,heap       ] GC(381) Humongous regions: 30->30
[2022-09-03T10:37:32.985-0800][gc,metaspace  ] GC(381) Metaspace: 80732K->80732K(1122304K)
[2022-09-03T10:37:32.985-0800][gc            ] GC(381) Pause Young (Normal) (G1 Evacuation Pause) 327M->72M(512M) 19.785ms
[2022-09-03T10:37:32.985-0800][gc,cpu        ] GC(381) User=0.01s Sys=0.02s Real=0.02s
[2022-09-03T10:49:35.057-0800][gc,start      ] GC(382) Pause Young (Normal) (G1 Evacuation Pause)
[2022-09-03T10:49:35.058-0800][gc,task       ] GC(382) Using 8 workers of 8 for evacuation
[2022-09-03T10:49:35.081-0800][gc,phases     ] GC(382)   Pre Evacuate Collection Set: 1.9ms
[2022-09-03T10:49:35.081-0800][gc,phases     ] GC(382)   Evacuate Collection Set: 15.0ms
[2022-09-03T10:49:35.081-0800][gc,phases     ] GC(382)   Post Evacuate Collection Set: 3.9ms
[2022-09-03T10:49:35.081-0800][gc,phases     ] GC(382)   Other: 3.0ms
[2022-09-03T10:49:35.081-0800][gc,heap       ] GC(382) Eden regions: 255->0(255)
[2022-09-03T10:49:35.081-0800][gc,heap       ] GC(382) Survivor regions: 1->1(32)
[2022-09-03T10:49:35.081-0800][gc,heap       ] GC(382) Old regions: 42->42
[2022-09-03T10:49:35.081-0800][gc,heap       ] GC(382) Humongous regions: 30->30
[2022-09-03T10:49:35.081-0800][gc,metaspace  ] GC(382) Metaspace: 80732K->80732K(1122304K)
[2022-09-03T10:49:35.081-0800][gc            ] GC(382) Pause Young (Normal) (G1 Evacuation Pause) 327M->72M(512M) 23.820ms
[2022-09-03T10:49:35.081-0800][gc,cpu        ] GC(382) User=0.01s Sys=0.02s Real=0.03s
[2022-09-03T11:02:26.896-0800][gc,start      ] GC(383) Pause Young (Normal) (G1 Evacuation Pause)
[2022-09-03T11:02:26.897-0800][gc,task       ] GC(383) Using 8 workers of 8 for evacuation
[2022-09-03T11:02:26.957-0800][gc,phases     ] GC(383)   Pre Evacuate Collection Set: 2.0ms
[2022-09-03T11:02:26.957-0800][gc,phases     ] GC(383)   Evacuate Collection Set: 28.6ms
[2022-09-03T11:02:26.957-0800][gc,phases     ] GC(383)   Post Evacuate Collection Set: 23.8ms
[2022-09-03T11:02:26.957-0800][gc,phases     ] GC(383)   Other: 6.8ms
[2022-09-03T11:02:26.957-0800][gc,heap       ] GC(383) Eden regions: 255->0(255)
[2022-09-03T11:02:26.957-0800][gc,heap       ] GC(383) Survivor regions: 1->1(32)
[2022-09-03T11:02:26.957-0800][gc,heap       ] GC(383) Old regions: 42->42
[2022-09-03T11:02:26.957-0800][gc,heap       ] GC(383) Humongous regions: 30->30
[2022-09-03T11:02:26.957-0800][gc,metaspace  ] GC(383) Metaspace: 80732K->80732K(1122304K)
[2022-09-03T11:02:26.957-0800][gc            ] GC(383) Pause Young (Normal) (G1 Evacuation Pause) 327M->72M(512M) 61.316ms
[2022-09-03T11:02:26.957-0800][gc,cpu        ] GC(383) User=0.01s Sys=0.03s Real=0.06s
[2022-09-03T11:14:29.835-0800][gc,start      ] GC(384) Pause Young (Normal) (G1 Evacuation Pause)
[2022-09-03T11:14:29.836-0800][gc,task       ] GC(384) Using 8 workers of 8 for evacuation
[2022-09-03T11:14:29.973-0800][gc,phases     ] GC(384)   Pre Evacuate Collection Set: 1.4ms
[2022-09-03T11:14:29.973-0800][gc,phases     ] GC(384)   Evacuate Collection Set: 123.5ms
[2022-09-03T11:14:29.973-0800][gc,phases     ] GC(384)   Post Evacuate Collection Set: 7.7ms
[2022-09-03T11:14:29.973-0800][gc,phases     ] GC(384)   Other: 5.3ms
[2022-09-03T11:14:29.973-0800][gc,heap       ] GC(384) Eden regions: 255->0(255)
[2022-09-03T11:14:29.973-0800][gc,heap       ] GC(384) Survivor regions: 1->1(32)
[2022-09-03T11:14:29.973-0800][gc,heap       ] GC(384) Old regions: 42->42
[2022-09-03T11:14:29.973-0800][gc,heap       ] GC(384) Humongous regions: 30->30
[2022-09-03T11:14:29.973-0800][gc,metaspace  ] GC(384) Metaspace: 80732K->80732K(1122304K)
[2022-09-03T11:14:29.973-0800][gc            ] GC(384) Pause Young (Normal) (G1 Evacuation Pause) 327M->72M(512M) 138.055ms
[2022-09-03T11:14:29.973-0800][gc,cpu        ] GC(384) User=0.13s Sys=0.06s Real=0.14s
[2022-09-03T11:26:33.447-0800][gc,start      ] GC(385) Pause Young (Normal) (G1 Evacuation Pause)
[2022-09-03T11:26:33.449-0800][gc,task       ] GC(385) Using 8 workers of 8 for evacuation
[2022-09-03T11:26:33.580-0800][gc,phases     ] GC(385)   Pre Evacuate Collection Set: 3.8ms
[2022-09-03T11:26:33.581-0800][gc,phases     ] GC(385)   Evacuate Collection Set: 109.4ms
[2022-09-03T11:26:33.581-0800][gc,phases     ] GC(385)   Post Evacuate Collection Set: 11.8ms
[2022-09-03T11:26:33.581-0800][gc,phases     ] GC(385)   Other: 9.1ms
[2022-09-03T11:26:33.581-0800][gc,heap       ] GC(385) Eden regions: 255->0(255)
[2022-09-03T11:26:33.581-0800][gc,heap       ] GC(385) Survivor regions: 1->1(32)
[2022-09-03T11:26:33.581-0800][gc,heap       ] GC(385) Old regions: 42->42
[2022-09-03T11:26:33.581-0800][gc,heap       ] GC(385) Humongous regions: 30->30
[2022-09-03T11:26:33.581-0800][gc,metaspace  ] GC(385) Metaspace: 80732K->80732K(1122304K)
[2022-09-03T11:26:33.581-0800][gc            ] GC(385) Pause Young (Normal) (G1 Evacuation Pause) 327M->72M(512M) 134.014ms
[2022-09-03T11:26:33.581-0800][gc,cpu        ] GC(385) User=0.14s Sys=0.07s Real=0.14s
[2022-09-03T11:38:37.882-0800][gc,start      ] GC(386) Pause Young (Normal) (G1 Evacuation Pause)
[2022-09-03T11:38:37.883-0800][gc,task       ] GC(386) Using 8 workers of 8 for evacuation
[2022-09-03T11:38:37.975-0800][gc,phases     ] GC(386)   Pre Evacuate Collection Set: 2.8ms
[2022-09-03T11:38:37.975-0800][gc,phases     ] GC(386)   Evacuate Collection Set: 61.5ms
[2022-09-03T11:38:37.975-0800][gc,phases     ] GC(386)   Post Evacuate Collection Set: 23.1ms
[2022-09-03T11:38:37.975-0800][gc,phases     ] GC(386)   Other: 5.3ms
[2022-09-03T11:38:37.975-0800][gc,heap       ] GC(386) Eden regions: 255->0(255)
[2022-09-03T11:38:37.975-0800][gc,heap       ] GC(386) Survivor regions: 1->1(32)
[2022-09-03T11:38:37.975-0800][gc,heap       ] GC(386) Old regions: 42->42
[2022-09-03T11:38:37.975-0800][gc,heap       ] GC(386) Humongous regions: 30->30
[2022-09-03T11:38:37.975-0800][gc,metaspace  ] GC(386) Metaspace: 80732K->80732K(1122304K)
[2022-09-03T11:38:37.975-0800][gc            ] GC(386) Pause Young (Normal) (G1 Evacuation Pause) 327M->72M(512M) 92.791ms
[2022-09-03T11:38:37.976-0800][gc,cpu        ] GC(386) User=0.02s Sys=0.02s Real=0.09s
[2022-09-03T11:50:43.355-0800][gc,start      ] GC(387) Pause Young (Normal) (G1 Evacuation Pause)
[2022-09-03T11:50:43.356-0800][gc,task       ] GC(387) Using 8 workers of 8 for evacuation
[2022-09-03T11:50:43.400-0800][gc,phases     ] GC(387)   Pre Evacuate Collection Set: 3.2ms
[2022-09-03T11:50:43.400-0800][gc,phases     ] GC(387)   Evacuate Collection Set: 23.1ms
[2022-09-03T11:50:43.400-0800][gc,phases     ] GC(387)   Post Evacuate Collection Set: 9.8ms
[2022-09-03T11:50:43.400-0800][gc,phases     ] GC(387)   Other: 12.4ms
[2022-09-03T11:50:43.400-0800][gc,heap       ] GC(387) Eden regions: 255->0(255)
[2022-09-03T11:50:43.400-0800][gc,heap       ] GC(387) Survivor regions: 1->1(32)
[2022-09-03T11:50:43.400-0800][gc,heap       ] GC(387) Old regions: 42->42
[2022-09-03T11:50:43.400-0800][gc,heap       ] GC(387) Humongous regions: 30->30
[2022-09-03T11:50:43.400-0800][gc,metaspace  ] GC(387) Metaspace: 80732K->80732K(1122304K)
[2022-09-03T11:50:43.401-0800][gc            ] GC(387) Pause Young (Normal) (G1 Evacuation Pause) 327M->72M(512M) 46.243ms
[2022-09-03T11:50:43.401-0800][gc,cpu        ] GC(387) User=0.01s Sys=0.05s Real=0.05s
[2022-09-03T12:03:35.787-0800][gc,start      ] GC(388) Pause Young (Normal) (G1 Evacuation Pause)
[2022-09-03T12:03:35.788-0800][gc,task       ] GC(388) Using 8 workers of 8 for evacuation
[2022-09-03T12:03:35.825-0800][gc,phases     ] GC(388)   Pre Evacuate Collection Set: 1.5ms
[2022-09-03T12:03:35.825-0800][gc,phases     ] GC(388)   Evacuate Collection Set: 18.4ms
[2022-09-03T12:03:35.825-0800][gc,phases     ] GC(388)   Post Evacuate Collection Set: 14.0ms
[2022-09-03T12:03:35.825-0800][gc,phases     ] GC(388)   Other: 4.5ms
[2022-09-03T12:03:35.825-0800][gc,heap       ] GC(388) Eden regions: 255->0(255)
[2022-09-03T12:03:35.825-0800][gc,heap       ] GC(388) Survivor regions: 1->1(32)
[2022-09-03T12:03:35.825-0800][gc,heap       ] GC(388) Old regions: 42->42
[2022-09-03T12:03:35.825-0800][gc,heap       ] GC(388) Humongous regions: 30->30
[2022-09-03T12:03:35.825-0800][gc,metaspace  ] GC(388) Metaspace: 80732K->80732K(1122304K)
[2022-09-03T12:03:35.825-0800][gc            ] GC(388) Pause Young (Normal) (G1 Evacuation Pause) 327M->72M(512M) 38.557ms
[2022-09-03T12:03:35.825-0800][gc,cpu        ] GC(388) User=0.01s Sys=0.04s Real=0.04s
[2022-09-03T12:16:03.937-0800][gc,start      ] GC(389) Pause Young (Normal) (G1 Evacuation Pause)
[2022-09-03T12:16:03.940-0800][gc,task       ] GC(389) Using 8 workers of 8 for evacuation
[2022-09-03T12:16:03.998-0800][gc,phases     ] GC(389)   Pre Evacuate Collection Set: 3.0ms
[2022-09-03T12:16:03.998-0800][gc,phases     ] GC(389)   Evacuate Collection Set: 26.5ms
[2022-09-03T12:16:03.998-0800][gc,phases     ] GC(389)   Post Evacuate Collection Set: 20.7ms
[2022-09-03T12:16:03.998-0800][gc,phases     ] GC(389)   Other: 10.1ms
[2022-09-03T12:16:03.998-0800][gc,heap       ] GC(389) Eden regions: 255->0(255)
[2022-09-03T12:16:03.998-0800][gc,heap       ] GC(389) Survivor regions: 1->1(32)
[2022-09-03T12:16:03.998-0800][gc,heap       ] GC(389) Old regions: 42->42
[2022-09-03T12:16:03.998-0800][gc,heap       ] GC(389) Humongous regions: 30->30
[2022-09-03T12:16:03.998-0800][gc,metaspace  ] GC(389) Metaspace: 80739K->80739K(1122304K)
[2022-09-03T12:16:03.998-0800][gc            ] GC(389) Pause Young (Normal) (G1 Evacuation Pause) 327M->72M(512M) 60.343ms
[2022-09-03T12:16:03.998-0800][gc,cpu        ] GC(389) User=0.04s Sys=0.05s Real=0.06s
[2022-09-03T12:28:07.526-0800][gc,start      ] GC(390) Pause Young (Normal) (G1 Evacuation Pause)
[2022-09-03T12:28:07.529-0800][gc,task       ] GC(390) Using 8 workers of 8 for evacuation
[2022-09-03T12:28:07.591-0800][gc,phases     ] GC(390)   Pre Evacuate Collection Set: 2.2ms
[2022-09-03T12:28:07.591-0800][gc,phases     ] GC(390)   Evacuate Collection Set: 43.5ms
[2022-09-03T12:28:07.591-0800][gc,phases     ] GC(390)   Post Evacuate Collection Set: 7.5ms
[2022-09-03T12:28:07.591-0800][gc,phases     ] GC(390)   Other: 11.7ms
[2022-09-03T12:28:07.591-0800][gc,heap       ] GC(390) Eden regions: 255->0(255)
[2022-09-03T12:28:07.591-0800][gc,heap       ] GC(390) Survivor regions: 1->1(32)
[2022-09-03T12:28:07.591-0800][gc,heap       ] GC(390) Old regions: 42->42
[2022-09-03T12:28:07.591-0800][gc,heap       ] GC(390) Humongous regions: 30->30
[2022-09-03T12:28:07.591-0800][gc,metaspace  ] GC(390) Metaspace: 80739K->80739K(1122304K)
[2022-09-03T12:28:07.592-0800][gc            ] GC(390) Pause Young (Normal) (G1 Evacuation Pause) 327M->72M(512M) 65.536ms
[2022-09-03T12:28:07.592-0800][gc,cpu        ] GC(390) User=0.02s Sys=0.06s Real=0.07s
[2022-09-03T12:40:11.082-0800][gc,start      ] GC(391) Pause Young (Normal) (G1 Evacuation Pause)
[2022-09-03T12:40:11.083-0800][gc,task       ] GC(391) Using 8 workers of 8 for evacuation
[2022-09-03T12:40:11.111-0800][gc,phases     ] GC(391)   Pre Evacuate Collection Set: 3.1ms
[2022-09-03T12:40:11.112-0800][gc,phases     ] GC(391)   Evacuate Collection Set: 15.0ms
[2022-09-03T12:40:11.112-0800][gc,phases     ] GC(391)   Post Evacuate Collection Set: 6.3ms
[2022-09-03T12:40:11.112-0800][gc,phases     ] GC(391)   Other: 6.2ms
[2022-09-03T12:40:11.112-0800][gc,heap       ] GC(391) Eden regions: 255->0(255)
[2022-09-03T12:40:11.112-0800][gc,heap       ] GC(391) Survivor regions: 1->1(32)
[2022-09-03T12:40:11.112-0800][gc,heap       ] GC(391) Old regions: 42->42
[2022-09-03T12:40:11.112-0800][gc,heap       ] GC(391) Humongous regions: 30->30
[2022-09-03T12:40:11.112-0800][gc,metaspace  ] GC(391) Metaspace: 80753K->80753K(1122304K)
[2022-09-03T12:40:11.112-0800][gc            ] GC(391) Pause Young (Normal) (G1 Evacuation Pause) 327M->72M(512M) 30.133ms
[2022-09-03T12:40:11.112-0800][gc,cpu        ] GC(391) User=0.02s Sys=0.04s Real=0.03s
[2022-09-03T13:12:38.262-0800][gc,start      ] GC(392) Pause Young (Normal) (G1 Evacuation Pause)
[2022-09-03T13:12:38.265-0800][gc,task       ] GC(392) Using 8 workers of 8 for evacuation
[2022-09-03T13:12:38.340-0800][gc,phases     ] GC(392)   Pre Evacuate Collection Set: 3.8ms
[2022-09-03T13:12:38.340-0800][gc,phases     ] GC(392)   Evacuate Collection Set: 25.7ms
[2022-09-03T13:12:38.340-0800][gc,phases     ] GC(392)   Post Evacuate Collection Set: 37.9ms
[2022-09-03T13:12:38.341-0800][gc,phases     ] GC(392)   Other: 11.6ms
[2022-09-03T13:12:38.341-0800][gc,heap       ] GC(392) Eden regions: 255->0(255)
[2022-09-03T13:12:38.341-0800][gc,heap       ] GC(392) Survivor regions: 1->1(32)
[2022-09-03T13:12:38.341-0800][gc,heap       ] GC(392) Old regions: 42->42
[2022-09-03T13:12:38.341-0800][gc,heap       ] GC(392) Humongous regions: 30->30
[2022-09-03T13:12:38.341-0800][gc,metaspace  ] GC(392) Metaspace: 80753K->80753K(1122304K)
[2022-09-03T13:12:38.341-0800][gc            ] GC(392) Pause Young (Normal) (G1 Evacuation Pause) 327M->72M(512M) 79.122ms
[2022-09-03T13:12:38.341-0800][gc,cpu        ] GC(392) User=0.02s Sys=0.05s Real=0.08s
[2022-09-03T13:29:37.434-0800][gc,start      ] GC(393) Pause Young (Normal) (G1 Evacuation Pause)
[2022-09-03T13:29:37.436-0800][gc,task       ] GC(393) Using 8 workers of 8 for evacuation
[2022-09-03T13:29:37.457-0800][gc,phases     ] GC(393)   Pre Evacuate Collection Set: 3.0ms
[2022-09-03T13:29:37.457-0800][gc,phases     ] GC(393)   Evacuate Collection Set: 11.1ms
[2022-09-03T13:29:37.457-0800][gc,phases     ] GC(393)   Post Evacuate Collection Set: 3.4ms
[2022-09-03T13:29:37.458-0800][gc,phases     ] GC(393)   Other: 5.4ms
[2022-09-03T13:29:37.458-0800][gc,heap       ] GC(393) Eden regions: 255->0(255)
[2022-09-03T13:29:37.458-0800][gc,heap       ] GC(393) Survivor regions: 1->1(32)
[2022-09-03T13:29:37.458-0800][gc,heap       ] GC(393) Old regions: 42->42
[2022-09-03T13:29:37.458-0800][gc,heap       ] GC(393) Humongous regions: 30->30
[2022-09-03T13:29:37.458-0800][gc,metaspace  ] GC(393) Metaspace: 80753K->80753K(1122304K)
[2022-09-03T13:29:37.458-0800][gc            ] GC(393) Pause Young (Normal) (G1 Evacuation Pause) 327M->72M(512M) 23.416ms
[2022-09-03T13:29:37.458-0800][gc,cpu        ] GC(393) User=0.01s Sys=0.03s Real=0.02s
[2022-09-03T13:41:39.955-0800][gc,start      ] GC(394) Pause Young (Normal) (G1 Evacuation Pause)
[2022-09-03T13:41:39.957-0800][gc,task       ] GC(394) Using 8 workers of 8 for evacuation
[2022-09-03T13:41:39.983-0800][gc,phases     ] GC(394)   Pre Evacuate Collection Set: 0.7ms
[2022-09-03T13:41:39.983-0800][gc,phases     ] GC(394)   Evacuate Collection Set: 19.1ms
[2022-09-03T13:41:39.983-0800][gc,phases     ] GC(394)   Post Evacuate Collection Set: 1.4ms
[2022-09-03T13:41:39.983-0800][gc,phases     ] GC(394)   Other: 6.7ms
[2022-09-03T13:41:39.983-0800][gc,heap       ] GC(394) Eden regions: 255->0(255)
[2022-09-03T13:41:39.983-0800][gc,heap       ] GC(394) Survivor regions: 1->1(32)
[2022-09-03T13:41:39.983-0800][gc,heap       ] GC(394) Old regions: 42->42
[2022-09-03T13:41:39.983-0800][gc,heap       ] GC(394) Humongous regions: 30->30
[2022-09-03T13:41:39.983-0800][gc,metaspace  ] GC(394) Metaspace: 80753K->80753K(1122304K)
[2022-09-03T13:41:39.983-0800][gc            ] GC(394) Pause Young (Normal) (G1 Evacuation Pause) 327M->72M(512M) 27.665ms
[2022-09-03T13:41:39.983-0800][gc,cpu        ] GC(394) User=0.05s Sys=0.03s Real=0.03s
[2022-09-03T13:53:42.442-0800][gc,start      ] GC(395) Pause Young (Normal) (G1 Evacuation Pause)
[2022-09-03T13:53:42.443-0800][gc,task       ] GC(395) Using 8 workers of 8 for evacuation
[2022-09-03T13:53:42.469-0800][gc,phases     ] GC(395)   Pre Evacuate Collection Set: 4.4ms
[2022-09-03T13:53:42.469-0800][gc,phases     ] GC(395)   Evacuate Collection Set: 13.5ms
[2022-09-03T13:53:42.469-0800][gc,phases     ] GC(395)   Post Evacuate Collection Set: 3.9ms
[2022-09-03T13:53:42.469-0800][gc,phases     ] GC(395)   Other: 4.6ms
[2022-09-03T13:53:42.469-0800][gc,heap       ] GC(395) Eden regions: 255->0(255)
[2022-09-03T13:53:42.469-0800][gc,heap       ] GC(395) Survivor regions: 1->1(32)
[2022-09-03T13:53:42.469-0800][gc,heap       ] GC(395) Old regions: 42->42
[2022-09-03T13:53:42.469-0800][gc,heap       ] GC(395) Humongous regions: 30->30
[2022-09-03T13:53:42.469-0800][gc,metaspace  ] GC(395) Metaspace: 80753K->80753K(1122304K)
[2022-09-03T13:53:42.469-0800][gc            ] GC(395) Pause Young (Normal) (G1 Evacuation Pause) 327M->72M(512M) 26.731ms
[2022-09-03T13:53:42.469-0800][gc,cpu        ] GC(395) User=0.02s Sys=0.02s Real=0.02s
[2022-09-03T14:05:46.338-0800][gc,start      ] GC(396) Pause Young (Normal) (G1 Evacuation Pause)
[2022-09-03T14:05:46.339-0800][gc,task       ] GC(396) Using 8 workers of 8 for evacuation
[2022-09-03T14:05:46.388-0800][gc,phases     ] GC(396)   Pre Evacuate Collection Set: 1.6ms
[2022-09-03T14:05:46.389-0800][gc,phases     ] GC(396)   Evacuate Collection Set: 39.5ms
[2022-09-03T14:05:46.389-0800][gc,phases     ] GC(396)   Post Evacuate Collection Set: 5.0ms
[2022-09-03T14:05:46.389-0800][gc,phases     ] GC(396)   Other: 4.4ms
[2022-09-03T14:05:46.389-0800][gc,heap       ] GC(396) Eden regions: 255->0(255)
[2022-09-03T14:05:46.389-0800][gc,heap       ] GC(396) Survivor regions: 1->1(32)
[2022-09-03T14:05:46.389-0800][gc,heap       ] GC(396) Old regions: 42->42
[2022-09-03T14:05:46.389-0800][gc,heap       ] GC(396) Humongous regions: 30->30
[2022-09-03T14:05:46.389-0800][gc,metaspace  ] GC(396) Metaspace: 80753K->80753K(1122304K)
[2022-09-03T14:05:46.389-0800][gc            ] GC(396) Pause Young (Normal) (G1 Evacuation Pause) 327M->72M(512M) 50.520ms
[2022-09-03T14:05:46.389-0800][gc,cpu        ] GC(396) User=0.07s Sys=0.04s Real=0.05s
[2022-09-03T14:17:51.189-0800][gc,start      ] GC(397) Pause Young (Normal) (G1 Evacuation Pause)
[2022-09-03T14:17:51.191-0800][gc,task       ] GC(397) Using 8 workers of 8 for evacuation
[2022-09-03T14:17:51.234-0800][gc,phases     ] GC(397)   Pre Evacuate Collection Set: 1.3ms
[2022-09-03T14:17:51.234-0800][gc,phases     ] GC(397)   Evacuate Collection Set: 37.5ms
[2022-09-03T14:17:51.234-0800][gc,phases     ] GC(397)   Post Evacuate Collection Set: 2.0ms
[2022-09-03T14:17:51.234-0800][gc,phases     ] GC(397)   Other: 5.2ms
[2022-09-03T14:17:51.234-0800][gc,heap       ] GC(397) Eden regions: 255->0(255)
[2022-09-03T14:17:51.234-0800][gc,heap       ] GC(397) Survivor regions: 1->1(32)
[2022-09-03T14:17:51.234-0800][gc,heap       ] GC(397) Old regions: 42->42
[2022-09-03T14:17:51.234-0800][gc,heap       ] GC(397) Humongous regions: 30->30
[2022-09-03T14:17:51.234-0800][gc,metaspace  ] GC(397) Metaspace: 80753K->80753K(1122304K)
[2022-09-03T14:17:51.235-0800][gc            ] GC(397) Pause Young (Normal) (G1 Evacuation Pause) 327M->72M(512M) 46.030ms
[2022-09-03T14:17:51.235-0800][gc,cpu        ] GC(397) User=0.10s Sys=0.04s Real=0.05s
[2022-09-03T14:33:49.647-0800][gc,start      ] GC(398) Pause Young (Normal) (G1 Evacuation Pause)
[2022-09-03T14:33:49.652-0800][gc,task       ] GC(398) Using 8 workers of 8 for evacuation
[2022-09-03T14:33:49.717-0800][gc,phases     ] GC(398)   Pre Evacuate Collection Set: 4.8ms
[2022-09-03T14:33:49.718-0800][gc,phases     ] GC(398)   Evacuate Collection Set: 26.5ms
[2022-09-03T14:33:49.718-0800][gc,phases     ] GC(398)   Post Evacuate Collection Set: 19.7ms
[2022-09-03T14:33:49.718-0800][gc,phases     ] GC(398)   Other: 19.9ms
[2022-09-03T14:33:49.718-0800][gc,heap       ] GC(398) Eden regions: 255->0(255)
[2022-09-03T14:33:49.718-0800][gc,heap       ] GC(398) Survivor regions: 1->1(32)
[2022-09-03T14:33:49.718-0800][gc,heap       ] GC(398) Old regions: 42->42
[2022-09-03T14:33:49.718-0800][gc,heap       ] GC(398) Humongous regions: 30->30
[2022-09-03T14:33:49.718-0800][gc,metaspace  ] GC(398) Metaspace: 80754K->80754K(1122304K)
[2022-09-03T14:33:49.718-0800][gc            ] GC(398) Pause Young (Normal) (G1 Evacuation Pause) 327M->72M(512M) 70.645ms
[2022-09-03T14:33:49.718-0800][gc,cpu        ] GC(398) User=0.05s Sys=0.04s Real=0.07s
[2022-09-03T14:45:52.790-0800][gc,start      ] GC(399) Pause Young (Normal) (G1 Evacuation Pause)
[2022-09-03T14:45:52.793-0800][gc,task       ] GC(399) Using 8 workers of 8 for evacuation
[2022-09-03T14:45:52.832-0800][gc,phases     ] GC(399)   Pre Evacuate Collection Set: 2.6ms
[2022-09-03T14:45:52.832-0800][gc,phases     ] GC(399)   Evacuate Collection Set: 23.0ms
[2022-09-03T14:45:52.832-0800][gc,phases     ] GC(399)   Post Evacuate Collection Set: 7.4ms
[2022-09-03T14:45:52.832-0800][gc,phases     ] GC(399)   Other: 9.3ms
[2022-09-03T14:45:52.832-0800][gc,heap       ] GC(399) Eden regions: 255->0(255)
[2022-09-03T14:45:52.832-0800][gc,heap       ] GC(399) Survivor regions: 1->1(32)
[2022-09-03T14:45:52.832-0800][gc,heap       ] GC(399) Old regions: 42->42
[2022-09-03T14:45:52.832-0800][gc,heap       ] GC(399) Humongous regions: 30->30
[2022-09-03T14:45:52.832-0800][gc,metaspace  ] GC(399) Metaspace: 80754K->80754K(1122304K)
[2022-09-03T14:45:52.832-0800][gc            ] GC(399) Pause Young (Normal) (G1 Evacuation Pause) 327M->72M(512M) 42.469ms
[2022-09-03T14:45:52.832-0800][gc,cpu        ] GC(399) User=0.04s Sys=0.03s Real=0.05s
[2022-09-03T14:58:40.152-0800][gc,start      ] GC(400) Pause Young (Normal) (G1 Evacuation Pause)
[2022-09-03T14:58:40.155-0800][gc,task       ] GC(400) Using 8 workers of 8 for evacuation
[2022-09-03T14:58:40.241-0800][gc,phases     ] GC(400)   Pre Evacuate Collection Set: 6.8ms
[2022-09-03T14:58:40.241-0800][gc,phases     ] GC(400)   Evacuate Collection Set: 52.4ms
[2022-09-03T14:58:40.241-0800][gc,phases     ] GC(400)   Post Evacuate Collection Set: 18.5ms
[2022-09-03T14:58:40.241-0800][gc,phases     ] GC(400)   Other: 12.2ms
[2022-09-03T14:58:40.241-0800][gc,heap       ] GC(400) Eden regions: 255->0(255)
[2022-09-03T14:58:40.241-0800][gc,heap       ] GC(400) Survivor regions: 1->1(32)
[2022-09-03T14:58:40.241-0800][gc,heap       ] GC(400) Old regions: 42->42
[2022-09-03T14:58:40.241-0800][gc,heap       ] GC(400) Humongous regions: 30->30
[2022-09-03T14:58:40.241-0800][gc,metaspace  ] GC(400) Metaspace: 80754K->80754K(1122304K)
[2022-09-03T14:58:40.241-0800][gc            ] GC(400) Pause Young (Normal) (G1 Evacuation Pause) 327M->72M(512M) 89.142ms
[2022-09-03T14:58:40.241-0800][gc,cpu        ] GC(400) User=0.05s Sys=0.05s Real=0.09s
[2022-09-03T19:15:00.655-0800][gc,start      ] GC(401) Pause Young (Normal) (G1 Evacuation Pause)
[2022-09-03T19:15:00.658-0800][gc,task       ] GC(401) Using 8 workers of 8 for evacuation
[2022-09-03T19:15:00.774-0800][gc,phases     ] GC(401)   Pre Evacuate Collection Set: 7.8ms
[2022-09-03T19:15:00.774-0800][gc,phases     ] GC(401)   Evacuate Collection Set: 59.2ms
[2022-09-03T19:15:00.775-0800][gc,phases     ] GC(401)   Post Evacuate Collection Set: 27.4ms
[2022-09-03T19:15:00.775-0800][gc,phases     ] GC(401)   Other: 25.0ms
[2022-09-03T19:15:00.775-0800][gc,heap       ] GC(401) Eden regions: 255->0(255)
[2022-09-03T19:15:00.775-0800][gc,heap       ] GC(401) Survivor regions: 1->1(32)
[2022-09-03T19:15:00.775-0800][gc,heap       ] GC(401) Old regions: 42->42
[2022-09-03T19:15:00.775-0800][gc,heap       ] GC(401) Humongous regions: 30->30
[2022-09-03T19:15:00.775-0800][gc,metaspace  ] GC(401) Metaspace: 80756K->80756K(1122304K)
[2022-09-03T19:15:00.775-0800][gc            ] GC(401) Pause Young (Normal) (G1 Evacuation Pause) 327M->72M(512M) 119.458ms
[2022-09-03T19:15:00.775-0800][gc,cpu        ] GC(401) User=0.04s Sys=0.06s Real=0.12s
[2022-09-03T19:28:21.095-0800][gc,start      ] GC(402) Pause Young (Normal) (G1 Evacuation Pause)
[2022-09-03T19:28:21.097-0800][gc,task       ] GC(402) Using 8 workers of 8 for evacuation
[2022-09-03T19:28:21.157-0800][gc,phases     ] GC(402)   Pre Evacuate Collection Set: 3.7ms
[2022-09-03T19:28:21.157-0800][gc,phases     ] GC(402)   Evacuate Collection Set: 23.6ms
[2022-09-03T19:28:21.157-0800][gc,phases     ] GC(402)   Post Evacuate Collection Set: 23.4ms
[2022-09-03T19:28:21.157-0800][gc,phases     ] GC(402)   Other: 11.3ms
[2022-09-03T19:28:21.157-0800][gc,heap       ] GC(402) Eden regions: 255->0(255)
[2022-09-03T19:28:21.157-0800][gc,heap       ] GC(402) Survivor regions: 1->1(32)
[2022-09-03T19:28:21.157-0800][gc,heap       ] GC(402) Old regions: 42->42
[2022-09-03T19:28:21.157-0800][gc,heap       ] GC(402) Humongous regions: 30->30
[2022-09-03T19:28:21.157-0800][gc,metaspace  ] GC(402) Metaspace: 80763K->80763K(1122304K)
[2022-09-03T19:28:21.157-0800][gc            ] GC(402) Pause Young (Normal) (G1 Evacuation Pause) 327M->72M(512M) 61.664ms
[2022-09-03T19:28:21.157-0800][gc,cpu        ] GC(402) User=0.08s Sys=0.04s Real=0.06s
[2022-09-03T19:40:27.089-0800][gc,start      ] GC(403) Pause Young (Normal) (G1 Evacuation Pause)
[2022-09-03T19:40:27.092-0800][gc,task       ] GC(403) Using 8 workers of 8 for evacuation
[2022-09-03T19:40:27.131-0800][gc,phases     ] GC(403)   Pre Evacuate Collection Set: 3.1ms
[2022-09-03T19:40:27.131-0800][gc,phases     ] GC(403)   Evacuate Collection Set: 14.5ms
[2022-09-03T19:40:27.131-0800][gc,phases     ] GC(403)   Post Evacuate Collection Set: 13.8ms
[2022-09-03T19:40:27.131-0800][gc,phases     ] GC(403)   Other: 11.1ms
[2022-09-03T19:40:27.131-0800][gc,heap       ] GC(403) Eden regions: 255->0(255)
[2022-09-03T19:40:27.131-0800][gc,heap       ] GC(403) Survivor regions: 1->1(32)
[2022-09-03T19:40:27.131-0800][gc,heap       ] GC(403) Old regions: 42->42
[2022-09-03T19:40:27.131-0800][gc,heap       ] GC(403) Humongous regions: 30->30
[2022-09-03T19:40:27.131-0800][gc,metaspace  ] GC(403) Metaspace: 80763K->80763K(1122304K)
[2022-09-03T19:40:27.131-0800][gc            ] GC(403) Pause Young (Normal) (G1 Evacuation Pause) 327M->72M(512M) 42.501ms
[2022-09-03T19:40:27.131-0800][gc,cpu        ] GC(403) User=0.04s Sys=0.04s Real=0.05s
[2022-09-03T19:52:27.307-0800][gc,start      ] GC(404) Pause Young (Normal) (G1 Evacuation Pause)
[2022-09-03T19:52:27.308-0800][gc,task       ] GC(404) Using 8 workers of 8 for evacuation
[2022-09-03T19:52:27.383-0800][gc,phases     ] GC(404)   Pre Evacuate Collection Set: 2.5ms
[2022-09-03T19:52:27.384-0800][gc,phases     ] GC(404)   Evacuate Collection Set: 61.4ms
[2022-09-03T19:52:27.384-0800][gc,phases     ] GC(404)   Post Evacuate Collection Set: 7.2ms
[2022-09-03T19:52:27.384-0800][gc,phases     ] GC(404)   Other: 6.5ms
[2022-09-03T19:52:27.384-0800][gc,heap       ] GC(404) Eden regions: 255->0(255)
[2022-09-03T19:52:27.384-0800][gc,heap       ] GC(404) Survivor regions: 1->1(32)
[2022-09-03T19:52:27.384-0800][gc,heap       ] GC(404) Old regions: 42->42
[2022-09-03T19:52:27.384-0800][gc,heap       ] GC(404) Humongous regions: 30->30
[2022-09-03T19:52:27.384-0800][gc,metaspace  ] GC(404) Metaspace: 80764K->80764K(1122304K)
[2022-09-03T19:52:27.384-0800][gc            ] GC(404) Pause Young (Normal) (G1 Evacuation Pause) 327M->72M(512M) 76.941ms
[2022-09-03T19:52:27.384-0800][gc,cpu        ] GC(404) User=0.15s Sys=0.07s Real=0.08s
[2022-09-03T20:04:32.069-0800][gc,start      ] GC(405) Pause Young (Normal) (G1 Evacuation Pause)
[2022-09-03T20:04:32.071-0800][gc,task       ] GC(405) Using 8 workers of 8 for evacuation
[2022-09-03T20:04:32.125-0800][gc,phases     ] GC(405)   Pre Evacuate Collection Set: 3.8ms
[2022-09-03T20:04:32.125-0800][gc,phases     ] GC(405)   Evacuate Collection Set: 23.5ms
[2022-09-03T20:04:32.125-0800][gc,phases     ] GC(405)   Post Evacuate Collection Set: 17.4ms
[2022-09-03T20:04:32.125-0800][gc,phases     ] GC(405)   Other: 12.4ms
[2022-09-03T20:04:32.125-0800][gc,heap       ] GC(405) Eden regions: 255->0(255)
[2022-09-03T20:04:32.125-0800][gc,heap       ] GC(405) Survivor regions: 1->1(32)
[2022-09-03T20:04:32.125-0800][gc,heap       ] GC(405) Old regions: 42->42
[2022-09-03T20:04:32.125-0800][gc,heap       ] GC(405) Humongous regions: 30->30
[2022-09-03T20:04:32.125-0800][gc,metaspace  ] GC(405) Metaspace: 80764K->80764K(1122304K)
[2022-09-03T20:04:32.125-0800][gc            ] GC(405) Pause Young (Normal) (G1 Evacuation Pause) 327M->72M(512M) 56.516ms
[2022-09-03T20:04:32.125-0800][gc,cpu        ] GC(405) User=0.04s Sys=0.04s Real=0.06s
[2022-09-03T20:16:33.802-0800][gc,start      ] GC(406) Pause Young (Normal) (G1 Evacuation Pause)
[2022-09-03T20:16:33.806-0800][gc,task       ] GC(406) Using 8 workers of 8 for evacuation
[2022-09-03T20:16:33.879-0800][gc,phases     ] GC(406)   Pre Evacuate Collection Set: 4.1ms
[2022-09-03T20:16:33.879-0800][gc,phases     ] GC(406)   Evacuate Collection Set: 29.3ms
[2022-09-03T20:16:33.879-0800][gc,phases     ] GC(406)   Post Evacuate Collection Set: 27.9ms
[2022-09-03T20:16:33.879-0800][gc,phases     ] GC(406)   Other: 15.6ms
[2022-09-03T20:16:33.879-0800][gc,heap       ] GC(406) Eden regions: 255->0(255)
[2022-09-03T20:16:33.879-0800][gc,heap       ] GC(406) Survivor regions: 1->1(32)
[2022-09-03T20:16:33.879-0800][gc,heap       ] GC(406) Old regions: 42->42
[2022-09-03T20:16:33.879-0800][gc,heap       ] GC(406) Humongous regions: 30->30
[2022-09-03T20:16:33.879-0800][gc,metaspace  ] GC(406) Metaspace: 80764K->80764K(1122304K)
[2022-09-03T20:16:33.879-0800][gc            ] GC(406) Pause Young (Normal) (G1 Evacuation Pause) 327M->72M(512M) 76.835ms
[2022-09-03T20:16:33.879-0800][gc,cpu        ] GC(406) User=0.01s Sys=0.07s Real=0.07s
[2022-09-03T20:49:38.533-0800][gc,start      ] GC(407) Pause Young (Normal) (G1 Evacuation Pause)
[2022-09-03T20:49:38.534-0800][gc,task       ] GC(407) Using 8 workers of 8 for evacuation
[2022-09-03T20:49:38.595-0800][gc,phases     ] GC(407)   Pre Evacuate Collection Set: 2.9ms
[2022-09-03T20:49:38.595-0800][gc,phases     ] GC(407)   Evacuate Collection Set: 42.4ms
[2022-09-03T20:49:38.595-0800][gc,phases     ] GC(407)   Post Evacuate Collection Set: 6.9ms
[2022-09-03T20:49:38.595-0800][gc,phases     ] GC(407)   Other: 9.9ms
[2022-09-03T20:49:38.595-0800][gc,heap       ] GC(407) Eden regions: 255->0(255)
[2022-09-03T20:49:38.595-0800][gc,heap       ] GC(407) Survivor regions: 1->1(32)
[2022-09-03T20:49:38.595-0800][gc,heap       ] GC(407) Old regions: 42->42
[2022-09-03T20:49:38.595-0800][gc,heap       ] GC(407) Humongous regions: 30->30
[2022-09-03T20:49:38.595-0800][gc,metaspace  ] GC(407) Metaspace: 80764K->80764K(1122304K)
[2022-09-03T20:49:38.595-0800][gc            ] GC(407) Pause Young (Normal) (G1 Evacuation Pause) 327M->72M(512M) 62.259ms
[2022-09-03T20:49:38.595-0800][gc,cpu        ] GC(407) User=0.13s Sys=0.06s Real=0.06s
[2022-09-03T21:01:42.920-0800][gc,start      ] GC(408) Pause Young (Normal) (G1 Evacuation Pause)
[2022-09-03T21:01:42.921-0800][gc,task       ] GC(408) Using 8 workers of 8 for evacuation
[2022-09-03T21:01:42.940-0800][gc,phases     ] GC(408)   Pre Evacuate Collection Set: 2.4ms
[2022-09-03T21:01:42.940-0800][gc,phases     ] GC(408)   Evacuate Collection Set: 8.9ms
[2022-09-03T21:01:42.940-0800][gc,phases     ] GC(408)   Post Evacuate Collection Set: 2.9ms
[2022-09-03T21:01:42.940-0800][gc,phases     ] GC(408)   Other: 6.3ms
[2022-09-03T21:01:42.940-0800][gc,heap       ] GC(408) Eden regions: 255->0(255)
[2022-09-03T21:01:42.940-0800][gc,heap       ] GC(408) Survivor regions: 1->1(32)
[2022-09-03T21:01:42.940-0800][gc,heap       ] GC(408) Old regions: 42->42
[2022-09-03T21:01:42.940-0800][gc,heap       ] GC(408) Humongous regions: 30->30
[2022-09-03T21:01:42.940-0800][gc,metaspace  ] GC(408) Metaspace: 80764K->80764K(1122304K)
[2022-09-03T21:01:42.940-0800][gc            ] GC(408) Pause Young (Normal) (G1 Evacuation Pause) 327M->72M(512M) 20.539ms
[2022-09-03T21:01:42.940-0800][gc,cpu        ] GC(408) User=0.01s Sys=0.03s Real=0.02s
[2022-09-03T21:13:46.979-0800][gc,start      ] GC(409) Pause Young (Normal) (G1 Evacuation Pause)
[2022-09-03T21:13:46.981-0800][gc,task       ] GC(409) Using 8 workers of 8 for evacuation
[2022-09-03T21:13:47.019-0800][gc,phases     ] GC(409)   Pre Evacuate Collection Set: 1.3ms
[2022-09-03T21:13:47.019-0800][gc,phases     ] GC(409)   Evacuate Collection Set: 21.9ms
[2022-09-03T21:13:47.019-0800][gc,phases     ] GC(409)   Post Evacuate Collection Set: 11.7ms
[2022-09-03T21:13:47.019-0800][gc,phases     ] GC(409)   Other: 5.6ms
[2022-09-03T21:13:47.019-0800][gc,heap       ] GC(409) Eden regions: 255->0(255)
[2022-09-03T21:13:47.019-0800][gc,heap       ] GC(409) Survivor regions: 1->1(32)
[2022-09-03T21:13:47.019-0800][gc,heap       ] GC(409) Old regions: 42->42
[2022-09-03T21:13:47.019-0800][gc,heap       ] GC(409) Humongous regions: 30->30
[2022-09-03T21:13:47.019-0800][gc,metaspace  ] GC(409) Metaspace: 80764K->80764K(1122304K)
[2022-09-03T21:13:47.020-0800][gc            ] GC(409) Pause Young (Normal) (G1 Evacuation Pause) 327M->72M(512M) 40.463ms
[2022-09-03T21:13:47.020-0800][gc,cpu        ] GC(409) User=0.04s Sys=0.05s Real=0.05s
[2022-09-03T21:25:49.708-0800][gc,start      ] GC(410) Pause Young (Normal) (G1 Evacuation Pause)
[2022-09-03T21:25:49.710-0800][gc,task       ] GC(410) Using 8 workers of 8 for evacuation
[2022-09-03T21:25:49.791-0800][gc,phases     ] GC(410)   Pre Evacuate Collection Set: 3.1ms
[2022-09-03T21:25:49.791-0800][gc,phases     ] GC(410)   Evacuate Collection Set: 22.0ms
[2022-09-03T21:25:49.791-0800][gc,phases     ] GC(410)   Post Evacuate Collection Set: 49.4ms
[2022-09-03T21:25:49.791-0800][gc,phases     ] GC(410)   Other: 9.0ms
[2022-09-03T21:25:49.791-0800][gc,heap       ] GC(410) Eden regions: 255->0(255)
[2022-09-03T21:25:49.791-0800][gc,heap       ] GC(410) Survivor regions: 1->1(32)
[2022-09-03T21:25:49.791-0800][gc,heap       ] GC(410) Old regions: 42->42
[2022-09-03T21:25:49.791-0800][gc,heap       ] GC(410) Humongous regions: 30->30
[2022-09-03T21:25:49.791-0800][gc,metaspace  ] GC(410) Metaspace: 80764K->80764K(1122304K)
[2022-09-03T21:25:49.791-0800][gc            ] GC(410) Pause Young (Normal) (G1 Evacuation Pause) 327M->72M(512M) 83.528ms
[2022-09-03T21:25:49.792-0800][gc,cpu        ] GC(410) User=0.02s Sys=0.05s Real=0.09s
[2022-09-03T21:37:54.933-0800][gc,start      ] GC(411) Pause Young (Normal) (G1 Evacuation Pause)
[2022-09-03T21:37:54.934-0800][gc,task       ] GC(411) Using 8 workers of 8 for evacuation
[2022-09-03T21:37:54.981-0800][gc,phases     ] GC(411)   Pre Evacuate Collection Set: 2.5ms
[2022-09-03T21:37:54.981-0800][gc,phases     ] GC(411)   Evacuate Collection Set: 33.3ms
[2022-09-03T21:37:54.981-0800][gc,phases     ] GC(411)   Post Evacuate Collection Set: 8.2ms
[2022-09-03T21:37:54.981-0800][gc,phases     ] GC(411)   Other: 4.6ms
[2022-09-03T21:37:54.981-0800][gc,heap       ] GC(411) Eden regions: 255->0(255)
[2022-09-03T21:37:54.981-0800][gc,heap       ] GC(411) Survivor regions: 1->1(32)
[2022-09-03T21:37:54.981-0800][gc,heap       ] GC(411) Old regions: 42->42
[2022-09-03T21:37:54.981-0800][gc,heap       ] GC(411) Humongous regions: 30->30
[2022-09-03T21:37:54.981-0800][gc,metaspace  ] GC(411) Metaspace: 80764K->80764K(1122304K)
[2022-09-03T21:37:54.982-0800][gc            ] GC(411) Pause Young (Normal) (G1 Evacuation Pause) 327M->72M(512M) 49.368ms
[2022-09-03T21:37:54.982-0800][gc,cpu        ] GC(411) User=0.06s Sys=0.05s Real=0.05s
[2022-09-03T21:50:00.451-0800][gc,start      ] GC(412) Pause Young (Normal) (G1 Evacuation Pause)
[2022-09-03T21:50:00.452-0800][gc,task       ] GC(412) Using 8 workers of 8 for evacuation
[2022-09-03T21:50:00.512-0800][gc,phases     ] GC(412)   Pre Evacuate Collection Set: 2.3ms
[2022-09-03T21:50:00.512-0800][gc,phases     ] GC(412)   Evacuate Collection Set: 38.8ms
[2022-09-03T21:50:00.512-0800][gc,phases     ] GC(412)   Post Evacuate Collection Set: 14.9ms
[2022-09-03T21:50:00.512-0800][gc,phases     ] GC(412)   Other: 5.7ms
[2022-09-03T21:50:00.512-0800][gc,heap       ] GC(412) Eden regions: 255->0(255)
[2022-09-03T21:50:00.512-0800][gc,heap       ] GC(412) Survivor regions: 1->1(32)
[2022-09-03T21:50:00.512-0800][gc,heap       ] GC(412) Old regions: 42->42
[2022-09-03T21:50:00.512-0800][gc,heap       ] GC(412) Humongous regions: 30->30
[2022-09-03T21:50:00.512-0800][gc,metaspace  ] GC(412) Metaspace: 80764K->80764K(1122304K)
[2022-09-03T21:50:00.512-0800][gc            ] GC(412) Pause Young (Normal) (G1 Evacuation Pause) 327M->72M(512M) 61.683ms
[2022-09-03T21:50:00.512-0800][gc,cpu        ] GC(412) User=0.09s Sys=0.05s Real=0.06s
[2022-09-03T22:02:05.463-0800][gc,start      ] GC(413) Pause Young (Normal) (G1 Evacuation Pause)
[2022-09-03T22:02:05.466-0800][gc,task       ] GC(413) Using 8 workers of 8 for evacuation
[2022-09-03T22:02:05.483-0800][gc,phases     ] GC(413)   Pre Evacuate Collection Set: 1.5ms
[2022-09-03T22:02:05.483-0800][gc,phases     ] GC(413)   Evacuate Collection Set: 11.8ms
[2022-09-03T22:02:05.483-0800][gc,phases     ] GC(413)   Post Evacuate Collection Set: 2.0ms
[2022-09-03T22:02:05.483-0800][gc,phases     ] GC(413)   Other: 4.5ms
[2022-09-03T22:02:05.483-0800][gc,heap       ] GC(413) Eden regions: 255->0(255)
[2022-09-03T22:02:05.483-0800][gc,heap       ] GC(413) Survivor regions: 1->1(32)
[2022-09-03T22:02:05.483-0800][gc,heap       ] GC(413) Old regions: 42->42
[2022-09-03T22:02:05.483-0800][gc,heap       ] GC(413) Humongous regions: 30->30
[2022-09-03T22:02:05.483-0800][gc,metaspace  ] GC(413) Metaspace: 80764K->80764K(1122304K)
[2022-09-03T22:02:05.483-0800][gc            ] GC(413) Pause Young (Normal) (G1 Evacuation Pause) 327M->72M(512M) 19.874ms
[2022-09-03T22:02:05.483-0800][gc,cpu        ] GC(413) User=0.03s Sys=0.03s Real=0.02s
[2022-09-03T22:18:01.758-0800][gc,start      ] GC(414) Pause Young (Normal) (G1 Evacuation Pause)
[2022-09-03T22:18:01.762-0800][gc,task       ] GC(414) Using 8 workers of 8 for evacuation
[2022-09-03T22:18:01.836-0800][gc,phases     ] GC(414)   Pre Evacuate Collection Set: 19.1ms
[2022-09-03T22:18:01.836-0800][gc,phases     ] GC(414)   Evacuate Collection Set: 34.9ms
[2022-09-03T22:18:01.836-0800][gc,phases     ] GC(414)   Post Evacuate Collection Set: 6.5ms
[2022-09-03T22:18:01.836-0800][gc,phases     ] GC(414)   Other: 17.4ms
[2022-09-03T22:18:01.836-0800][gc,heap       ] GC(414) Eden regions: 255->0(255)
[2022-09-03T22:18:01.836-0800][gc,heap       ] GC(414) Survivor regions: 1->1(32)
[2022-09-03T22:18:01.836-0800][gc,heap       ] GC(414) Old regions: 42->42
[2022-09-03T22:18:01.836-0800][gc,heap       ] GC(414) Humongous regions: 30->30
[2022-09-03T22:18:01.836-0800][gc,metaspace  ] GC(414) Metaspace: 80764K->80764K(1122304K)
[2022-09-03T22:18:01.836-0800][gc            ] GC(414) Pause Young (Normal) (G1 Evacuation Pause) 327M->72M(512M) 77.666ms
[2022-09-03T22:18:01.836-0800][gc,cpu        ] GC(414) User=0.01s Sys=0.04s Real=0.08s
[2022-09-03T22:30:06.956-0800][gc,start      ] GC(415) Pause Young (Normal) (G1 Evacuation Pause)
[2022-09-03T22:30:06.958-0800][gc,task       ] GC(415) Using 8 workers of 8 for evacuation
[2022-09-03T22:30:07.061-0800][gc,phases     ] GC(415)   Pre Evacuate Collection Set: 3.1ms
[2022-09-03T22:30:07.061-0800][gc,phases     ] GC(415)   Evacuate Collection Set: 24.5ms
[2022-09-03T22:30:07.061-0800][gc,phases     ] GC(415)   Post Evacuate Collection Set: 67.1ms
[2022-09-03T22:30:07.061-0800][gc,phases     ] GC(415)   Other: 10.7ms
[2022-09-03T22:30:07.061-0800][gc,heap       ] GC(415) Eden regions: 255->0(255)
[2022-09-03T22:30:07.061-0800][gc,heap       ] GC(415) Survivor regions: 1->1(32)
[2022-09-03T22:30:07.061-0800][gc,heap       ] GC(415) Old regions: 42->42
[2022-09-03T22:30:07.061-0800][gc,heap       ] GC(415) Humongous regions: 30->30
[2022-09-03T22:30:07.061-0800][gc,metaspace  ] GC(415) Metaspace: 80764K->80764K(1122304K)
[2022-09-03T22:30:07.061-0800][gc            ] GC(415) Pause Young (Normal) (G1 Evacuation Pause) 327M->72M(512M) 105.419ms
[2022-09-03T22:30:07.061-0800][gc,cpu        ] GC(415) User=0.02s Sys=0.06s Real=0.11s
[2022-09-03T22:42:09.847-0800][gc,start      ] GC(416) Pause Young (Normal) (G1 Evacuation Pause)
[2022-09-03T22:42:09.868-0800][gc,task       ] GC(416) Using 8 workers of 8 for evacuation
[2022-09-03T22:42:10.005-0800][gc,phases     ] GC(416)   Pre Evacuate Collection Set: 11.5ms
[2022-09-03T22:42:10.005-0800][gc,phases     ] GC(416)   Evacuate Collection Set: 32.7ms
[2022-09-03T22:42:10.005-0800][gc,phases     ] GC(416)   Post Evacuate Collection Set: 67.5ms
[2022-09-03T22:42:10.005-0800][gc,phases     ] GC(416)   Other: 45.8ms
[2022-09-03T22:42:10.005-0800][gc,heap       ] GC(416) Eden regions: 255->0(255)
[2022-09-03T22:42:10.005-0800][gc,heap       ] GC(416) Survivor regions: 1->1(32)
[2022-09-03T22:42:10.005-0800][gc,heap       ] GC(416) Old regions: 42->42
[2022-09-03T22:42:10.005-0800][gc,heap       ] GC(416) Humongous regions: 30->30
[2022-09-03T22:42:10.005-0800][gc,metaspace  ] GC(416) Metaspace: 80764K->80764K(1122304K)
[2022-09-03T22:42:10.005-0800][gc            ] GC(416) Pause Young (Normal) (G1 Evacuation Pause) 327M->72M(512M) 157.531ms
[2022-09-03T22:42:10.005-0800][gc,cpu        ] GC(416) User=0.01s Sys=0.04s Real=0.16s
[2022-09-03T22:54:13.150-0800][gc,start      ] GC(417) Pause Young (Normal) (G1 Evacuation Pause)
[2022-09-03T22:54:13.152-0800][gc,task       ] GC(417) Using 8 workers of 8 for evacuation
[2022-09-03T22:54:13.235-0800][gc,phases     ] GC(417)   Pre Evacuate Collection Set: 2.1ms
[2022-09-03T22:54:13.236-0800][gc,phases     ] GC(417)   Evacuate Collection Set: 65.2ms
[2022-09-03T22:54:13.236-0800][gc,phases     ] GC(417)   Post Evacuate Collection Set: 9.5ms
[2022-09-03T22:54:13.236-0800][gc,phases     ] GC(417)   Other: 8.9ms
[2022-09-03T22:54:13.236-0800][gc,heap       ] GC(417) Eden regions: 255->0(255)
[2022-09-03T22:54:13.236-0800][gc,heap       ] GC(417) Survivor regions: 1->1(32)
[2022-09-03T22:54:13.236-0800][gc,heap       ] GC(417) Old regions: 42->42
[2022-09-03T22:54:13.236-0800][gc,heap       ] GC(417) Humongous regions: 30->30
[2022-09-03T22:54:13.236-0800][gc,metaspace  ] GC(417) Metaspace: 80764K->80764K(1122304K)
[2022-09-03T22:54:13.236-0800][gc            ] GC(417) Pause Young (Normal) (G1 Evacuation Pause) 327M->72M(512M) 85.427ms
[2022-09-03T22:54:13.236-0800][gc,cpu        ] GC(417) User=0.11s Sys=0.06s Real=0.08s
[2022-09-03T23:06:16.724-0800][gc,start      ] GC(418) Pause Young (Normal) (G1 Evacuation Pause)
[2022-09-03T23:06:16.725-0800][gc,task       ] GC(418) Using 8 workers of 8 for evacuation
[2022-09-03T23:06:16.771-0800][gc,phases     ] GC(418)   Pre Evacuate Collection Set: 1.3ms
[2022-09-03T23:06:16.771-0800][gc,phases     ] GC(418)   Evacuate Collection Set: 32.7ms
[2022-09-03T23:06:16.771-0800][gc,phases     ] GC(418)   Post Evacuate Collection Set: 8.5ms
[2022-09-03T23:06:16.771-0800][gc,phases     ] GC(418)   Other: 5.5ms
[2022-09-03T23:06:16.771-0800][gc,heap       ] GC(418) Eden regions: 255->0(255)
[2022-09-03T23:06:16.771-0800][gc,heap       ] GC(418) Survivor regions: 1->1(32)
[2022-09-03T23:06:16.771-0800][gc,heap       ] GC(418) Old regions: 42->42
[2022-09-03T23:06:16.771-0800][gc,heap       ] GC(418) Humongous regions: 30->30
[2022-09-03T23:06:16.771-0800][gc,metaspace  ] GC(418) Metaspace: 80764K->80764K(1122304K)
[2022-09-03T23:06:16.771-0800][gc            ] GC(418) Pause Young (Normal) (G1 Evacuation Pause) 327M->72M(512M) 47.697ms
[2022-09-03T23:06:16.772-0800][gc,cpu        ] GC(418) User=0.05s Sys=0.05s Real=0.05s
[2022-09-03T23:53:47.122-0800][gc,start      ] GC(419) Pause Young (Normal) (G1 Evacuation Pause)
[2022-09-03T23:53:47.125-0800][gc,task       ] GC(419) Using 8 workers of 8 for evacuation
[2022-09-03T23:53:47.251-0800][gc,phases     ] GC(419)   Pre Evacuate Collection Set: 4.8ms
[2022-09-03T23:53:47.251-0800][gc,phases     ] GC(419)   Evacuate Collection Set: 62.3ms
[2022-09-03T23:53:47.251-0800][gc,phases     ] GC(419)   Post Evacuate Collection Set: 48.9ms
[2022-09-03T23:53:47.252-0800][gc,phases     ] GC(419)   Other: 17.7ms
[2022-09-03T23:53:47.252-0800][gc,heap       ] GC(419) Eden regions: 255->0(255)
[2022-09-03T23:53:47.252-0800][gc,heap       ] GC(419) Survivor regions: 1->1(32)
[2022-09-03T23:53:47.252-0800][gc,heap       ] GC(419) Old regions: 42->42
[2022-09-03T23:53:47.252-0800][gc,heap       ] GC(419) Humongous regions: 30->30
[2022-09-03T23:53:47.252-0800][gc,metaspace  ] GC(419) Metaspace: 80765K->80765K(1122304K)
[2022-09-03T23:53:47.252-0800][gc            ] GC(419) Pause Young (Normal) (G1 Evacuation Pause) 327M->72M(512M) 130.209ms
[2022-09-03T23:53:47.252-0800][gc,cpu        ] GC(419) User=0.04s Sys=0.04s Real=0.13s
[2022-09-04T00:36:53.515-0800][gc,start      ] GC(420) Pause Young (Normal) (G1 Evacuation Pause)
[2022-09-04T00:36:53.519-0800][gc,task       ] GC(420) Using 8 workers of 8 for evacuation
[2022-09-04T00:36:53.572-0800][gc,phases     ] GC(420)   Pre Evacuate Collection Set: 2.9ms
[2022-09-04T00:36:53.572-0800][gc,phases     ] GC(420)   Evacuate Collection Set: 26.6ms
[2022-09-04T00:36:53.572-0800][gc,phases     ] GC(420)   Post Evacuate Collection Set: 12.4ms
[2022-09-04T00:36:53.572-0800][gc,phases     ] GC(420)   Other: 15.1ms
[2022-09-04T00:36:53.572-0800][gc,heap       ] GC(420) Eden regions: 255->0(255)
[2022-09-04T00:36:53.572-0800][gc,heap       ] GC(420) Survivor regions: 1->1(32)
[2022-09-04T00:36:53.572-0800][gc,heap       ] GC(420) Old regions: 42->42
[2022-09-04T00:36:53.572-0800][gc,heap       ] GC(420) Humongous regions: 30->30
[2022-09-04T00:36:53.572-0800][gc,metaspace  ] GC(420) Metaspace: 80766K->80766K(1122304K)
[2022-09-04T00:36:53.572-0800][gc            ] GC(420) Pause Young (Normal) (G1 Evacuation Pause) 327M->72M(512M) 56.948ms
[2022-09-04T00:36:53.572-0800][gc,cpu        ] GC(420) User=0.02s Sys=0.05s Real=0.06s
[2022-09-04T01:10:57.344-0800][gc,start      ] GC(421) Pause Young (Normal) (G1 Evacuation Pause)
[2022-09-04T01:10:57.345-0800][gc,task       ] GC(421) Using 8 workers of 8 for evacuation
[2022-09-04T01:10:57.395-0800][gc,phases     ] GC(421)   Pre Evacuate Collection Set: 1.2ms
[2022-09-04T01:10:57.395-0800][gc,phases     ] GC(421)   Evacuate Collection Set: 28.6ms
[2022-09-04T01:10:57.395-0800][gc,phases     ] GC(421)   Post Evacuate Collection Set: 18.1ms
[2022-09-04T01:10:57.395-0800][gc,phases     ] GC(421)   Other: 3.0ms
[2022-09-04T01:10:57.395-0800][gc,heap       ] GC(421) Eden regions: 255->0(254)
[2022-09-04T01:10:57.395-0800][gc,heap       ] GC(421) Survivor regions: 1->2(32)
[2022-09-04T01:10:57.395-0800][gc,heap       ] GC(421) Old regions: 42->42
[2022-09-04T01:10:57.395-0800][gc,heap       ] GC(421) Humongous regions: 30->30
[2022-09-04T01:10:57.395-0800][gc,metaspace  ] GC(421) Metaspace: 80773K->80773K(1122304K)
[2022-09-04T01:10:57.395-0800][gc            ] GC(421) Pause Young (Normal) (G1 Evacuation Pause) 327M->72M(512M) 50.790ms
[2022-09-04T01:10:57.395-0800][gc,cpu        ] GC(421) User=0.02s Sys=0.02s Real=0.05s
[2022-09-04T01:23:00.275-0800][gc,start      ] GC(422) Pause Young (Normal) (G1 Evacuation Pause)
[2022-09-04T01:23:00.276-0800][gc,task       ] GC(422) Using 8 workers of 8 for evacuation
[2022-09-04T01:23:00.292-0800][gc,phases     ] GC(422)   Pre Evacuate Collection Set: 1.4ms
[2022-09-04T01:23:00.292-0800][gc,phases     ] GC(422)   Evacuate Collection Set: 7.1ms
[2022-09-04T01:23:00.292-0800][gc,phases     ] GC(422)   Post Evacuate Collection Set: 6.1ms
[2022-09-04T01:23:00.292-0800][gc,phases     ] GC(422)   Other: 2.1ms
[2022-09-04T01:23:00.292-0800][gc,heap       ] GC(422) Eden regions: 254->0(255)
[2022-09-04T01:23:00.292-0800][gc,heap       ] GC(422) Survivor regions: 2->1(32)
[2022-09-04T01:23:00.292-0800][gc,heap       ] GC(422) Old regions: 42->42
[2022-09-04T01:23:00.292-0800][gc,heap       ] GC(422) Humongous regions: 30->30
[2022-09-04T01:23:00.292-0800][gc,metaspace  ] GC(422) Metaspace: 80773K->80773K(1122304K)
[2022-09-04T01:23:00.293-0800][gc            ] GC(422) Pause Young (Normal) (G1 Evacuation Pause) 326M->72M(512M) 17.022ms
[2022-09-04T01:23:00.293-0800][gc,cpu        ] GC(422) User=0.01s Sys=0.02s Real=0.02s
[2022-09-04T01:35:03.670-0800][gc,start      ] GC(423) Pause Young (Normal) (G1 Evacuation Pause)
[2022-09-04T01:35:03.671-0800][gc,task       ] GC(423) Using 8 workers of 8 for evacuation
[2022-09-04T01:35:03.734-0800][gc,phases     ] GC(423)   Pre Evacuate Collection Set: 0.6ms
[2022-09-04T01:35:03.734-0800][gc,phases     ] GC(423)   Evacuate Collection Set: 48.5ms
[2022-09-04T01:35:03.734-0800][gc,phases     ] GC(423)   Post Evacuate Collection Set: 11.0ms
[2022-09-04T01:35:03.735-0800][gc,phases     ] GC(423)   Other: 4.7ms
[2022-09-04T01:35:03.735-0800][gc,heap       ] GC(423) Eden regions: 255->0(255)
[2022-09-04T01:35:03.735-0800][gc,heap       ] GC(423) Survivor regions: 1->1(32)
[2022-09-04T01:35:03.735-0800][gc,heap       ] GC(423) Old regions: 42->42
[2022-09-04T01:35:03.735-0800][gc,heap       ] GC(423) Humongous regions: 30->30
[2022-09-04T01:35:03.735-0800][gc,metaspace  ] GC(423) Metaspace: 80773K->80773K(1122304K)
[2022-09-04T01:35:03.735-0800][gc            ] GC(423) Pause Young (Normal) (G1 Evacuation Pause) 327M->72M(512M) 65.112ms
[2022-09-04T01:35:03.735-0800][gc,cpu        ] GC(423) User=0.05s Sys=0.05s Real=0.06s
[2022-09-04T01:47:07.752-0800][gc,start      ] GC(424) Pause Young (Normal) (G1 Evacuation Pause)
[2022-09-04T01:47:07.754-0800][gc,task       ] GC(424) Using 8 workers of 8 for evacuation
[2022-09-04T01:47:07.773-0800][gc,phases     ] GC(424)   Pre Evacuate Collection Set: 1.7ms
[2022-09-04T01:47:07.773-0800][gc,phases     ] GC(424)   Evacuate Collection Set: 9.6ms
[2022-09-04T01:47:07.773-0800][gc,phases     ] GC(424)   Post Evacuate Collection Set: 3.8ms
[2022-09-04T01:47:07.773-0800][gc,phases     ] GC(424)   Other: 6.3ms
[2022-09-04T01:47:07.773-0800][gc,heap       ] GC(424) Eden regions: 255->0(255)
[2022-09-04T01:47:07.773-0800][gc,heap       ] GC(424) Survivor regions: 1->1(32)
[2022-09-04T01:47:07.773-0800][gc,heap       ] GC(424) Old regions: 42->42
[2022-09-04T01:47:07.773-0800][gc,heap       ] GC(424) Humongous regions: 30->30
[2022-09-04T01:47:07.773-0800][gc,metaspace  ] GC(424) Metaspace: 80773K->80773K(1122304K)
[2022-09-04T01:47:07.773-0800][gc            ] GC(424) Pause Young (Normal) (G1 Evacuation Pause) 327M->72M(512M) 21.175ms
[2022-09-04T01:47:07.774-0800][gc,cpu        ] GC(424) User=0.02s Sys=0.03s Real=0.02s
[2022-09-04T01:59:11.628-0800][gc,start      ] GC(425) Pause Young (Normal) (G1 Evacuation Pause)
[2022-09-04T01:59:11.631-0800][gc,task       ] GC(425) Using 8 workers of 8 for evacuation
[2022-09-04T01:59:11.705-0800][gc,phases     ] GC(425)   Pre Evacuate Collection Set: 19.6ms
[2022-09-04T01:59:11.705-0800][gc,phases     ] GC(425)   Evacuate Collection Set: 34.1ms
[2022-09-04T01:59:11.705-0800][gc,phases     ] GC(425)   Post Evacuate Collection Set: 3.1ms
[2022-09-04T01:59:11.705-0800][gc,phases     ] GC(425)   Other: 19.8ms
[2022-09-04T01:59:11.705-0800][gc,heap       ] GC(425) Eden regions: 255->0(255)
[2022-09-04T01:59:11.705-0800][gc,heap       ] GC(425) Survivor regions: 1->1(32)
[2022-09-04T01:59:11.705-0800][gc,heap       ] GC(425) Old regions: 42->42
[2022-09-04T01:59:11.705-0800][gc,heap       ] GC(425) Humongous regions: 30->30
[2022-09-04T01:59:11.705-0800][gc,metaspace  ] GC(425) Metaspace: 80773K->80773K(1122304K)
[2022-09-04T01:59:11.705-0800][gc            ] GC(425) Pause Young (Normal) (G1 Evacuation Pause) 327M->72M(512M) 76.572ms
[2022-09-04T01:59:11.705-0800][gc,cpu        ] GC(425) User=0.08s Sys=0.03s Real=0.08s
[2022-09-04T02:11:16.485-0800][gc,start      ] GC(426) Pause Young (Normal) (G1 Evacuation Pause)
[2022-09-04T02:11:16.487-0800][gc,task       ] GC(426) Using 8 workers of 8 for evacuation
[2022-09-04T02:11:16.565-0800][gc,phases     ] GC(426)   Pre Evacuate Collection Set: 20.5ms
[2022-09-04T02:11:16.565-0800][gc,phases     ] GC(426)   Evacuate Collection Set: 31.7ms
[2022-09-04T02:11:16.565-0800][gc,phases     ] GC(426)   Post Evacuate Collection Set: 7.9ms
[2022-09-04T02:11:16.565-0800][gc,phases     ] GC(426)   Other: 20.5ms
[2022-09-04T02:11:16.565-0800][gc,heap       ] GC(426) Eden regions: 255->0(255)
[2022-09-04T02:11:16.565-0800][gc,heap       ] GC(426) Survivor regions: 1->1(32)
[2022-09-04T02:11:16.565-0800][gc,heap       ] GC(426) Old regions: 42->42
[2022-09-04T02:11:16.565-0800][gc,heap       ] GC(426) Humongous regions: 30->30
[2022-09-04T02:11:16.565-0800][gc,metaspace  ] GC(426) Metaspace: 80773K->80773K(1122304K)
[2022-09-04T02:11:16.565-0800][gc            ] GC(426) Pause Young (Normal) (G1 Evacuation Pause) 327M->72M(512M) 80.436ms
[2022-09-04T02:11:16.565-0800][gc,cpu        ] GC(426) User=0.02s Sys=0.03s Real=0.08s
[2022-09-04T02:23:20.942-0800][gc,start      ] GC(427) Pause Young (Normal) (G1 Evacuation Pause)
[2022-09-04T02:23:20.943-0800][gc,task       ] GC(427) Using 8 workers of 8 for evacuation
[2022-09-04T02:23:20.992-0800][gc,phases     ] GC(427)   Pre Evacuate Collection Set: 1.0ms
[2022-09-04T02:23:20.992-0800][gc,phases     ] GC(427)   Evacuate Collection Set: 42.4ms
[2022-09-04T02:23:20.992-0800][gc,phases     ] GC(427)   Post Evacuate Collection Set: 2.2ms
[2022-09-04T02:23:20.992-0800][gc,phases     ] GC(427)   Other: 5.3ms
[2022-09-04T02:23:20.992-0800][gc,heap       ] GC(427) Eden regions: 255->0(255)
[2022-09-04T02:23:20.992-0800][gc,heap       ] GC(427) Survivor regions: 1->1(32)
[2022-09-04T02:23:20.992-0800][gc,heap       ] GC(427) Old regions: 42->42
[2022-09-04T02:23:20.992-0800][gc,heap       ] GC(427) Humongous regions: 30->30
[2022-09-04T02:23:20.992-0800][gc,metaspace  ] GC(427) Metaspace: 80773K->80773K(1122304K)
[2022-09-04T02:23:20.992-0800][gc            ] GC(427) Pause Young (Normal) (G1 Evacuation Pause) 327M->72M(512M) 50.930ms
[2022-09-04T02:23:20.993-0800][gc,cpu        ] GC(427) User=0.05s Sys=0.04s Real=0.05s
[2022-09-04T02:35:25.942-0800][gc,start      ] GC(428) Pause Young (Normal) (G1 Evacuation Pause)
[2022-09-04T02:35:25.944-0800][gc,task       ] GC(428) Using 8 workers of 8 for evacuation
[2022-09-04T02:35:25.991-0800][gc,phases     ] GC(428)   Pre Evacuate Collection Set: 2.1ms
[2022-09-04T02:35:25.991-0800][gc,phases     ] GC(428)   Evacuate Collection Set: 23.5ms
[2022-09-04T02:35:25.991-0800][gc,phases     ] GC(428)   Post Evacuate Collection Set: 19.3ms
[2022-09-04T02:35:25.992-0800][gc,phases     ] GC(428)   Other: 4.5ms
[2022-09-04T02:35:25.992-0800][gc,heap       ] GC(428) Eden regions: 255->0(255)
[2022-09-04T02:35:25.992-0800][gc,heap       ] GC(428) Survivor regions: 1->1(32)
[2022-09-04T02:35:25.992-0800][gc,heap       ] GC(428) Old regions: 42->42
[2022-09-04T02:35:25.992-0800][gc,heap       ] GC(428) Humongous regions: 30->30
[2022-09-04T02:35:25.992-0800][gc,metaspace  ] GC(428) Metaspace: 80773K->80773K(1122304K)
[2022-09-04T02:35:25.992-0800][gc            ] GC(428) Pause Young (Normal) (G1 Evacuation Pause) 327M->72M(512M) 49.476ms
[2022-09-04T02:35:25.992-0800][gc,cpu        ] GC(428) User=0.01s Sys=0.03s Real=0.05s
[2022-09-04T02:47:29.855-0800][gc,start      ] GC(429) Pause Young (Normal) (G1 Evacuation Pause)
[2022-09-04T02:47:29.856-0800][gc,task       ] GC(429) Using 8 workers of 8 for evacuation
[2022-09-04T02:47:29.892-0800][gc,phases     ] GC(429)   Pre Evacuate Collection Set: 17.6ms
[2022-09-04T02:47:29.892-0800][gc,phases     ] GC(429)   Evacuate Collection Set: 12.3ms
[2022-09-04T02:47:29.892-0800][gc,phases     ] GC(429)   Post Evacuate Collection Set: 3.7ms
[2022-09-04T02:47:29.892-0800][gc,phases     ] GC(429)   Other: 4.6ms
[2022-09-04T02:47:29.892-0800][gc,heap       ] GC(429) Eden regions: 255->0(255)
[2022-09-04T02:47:29.892-0800][gc,heap       ] GC(429) Survivor regions: 1->1(32)
[2022-09-04T02:47:29.892-0800][gc,heap       ] GC(429) Old regions: 42->42
[2022-09-04T02:47:29.892-0800][gc,heap       ] GC(429) Humongous regions: 30->30
[2022-09-04T02:47:29.892-0800][gc,metaspace  ] GC(429) Metaspace: 80773K->80773K(1122304K)
[2022-09-04T02:47:29.892-0800][gc            ] GC(429) Pause Young (Normal) (G1 Evacuation Pause) 327M->72M(512M) 37.664ms
[2022-09-04T02:47:29.892-0800][gc,cpu        ] GC(429) User=0.01s Sys=0.02s Real=0.04s
[2022-09-04T02:59:34.542-0800][gc,start      ] GC(430) Pause Young (Normal) (G1 Evacuation Pause)
[2022-09-04T02:59:34.543-0800][gc,task       ] GC(430) Using 8 workers of 8 for evacuation
[2022-09-04T02:59:34.564-0800][gc,phases     ] GC(430)   Pre Evacuate Collection Set: 0.9ms
[2022-09-04T02:59:34.564-0800][gc,phases     ] GC(430)   Evacuate Collection Set: 15.3ms
[2022-09-04T02:59:34.564-0800][gc,phases     ] GC(430)   Post Evacuate Collection Set: 1.4ms
[2022-09-04T02:59:34.564-0800][gc,phases     ] GC(430)   Other: 4.6ms
[2022-09-04T02:59:34.564-0800][gc,heap       ] GC(430) Eden regions: 255->0(255)
[2022-09-04T02:59:34.564-0800][gc,heap       ] GC(430) Survivor regions: 1->1(32)
[2022-09-04T02:59:34.564-0800][gc,heap       ] GC(430) Old regions: 42->42
[2022-09-04T02:59:34.564-0800][gc,heap       ] GC(430) Humongous regions: 30->30
[2022-09-04T02:59:34.564-0800][gc,metaspace  ] GC(430) Metaspace: 80773K->80773K(1122304K)
[2022-09-04T02:59:34.564-0800][gc            ] GC(430) Pause Young (Normal) (G1 Evacuation Pause) 327M->72M(512M) 22.258ms
[2022-09-04T02:59:34.564-0800][gc,cpu        ] GC(430) User=0.05s Sys=0.03s Real=0.02s
[2022-09-04T03:11:38.106-0800][gc,start      ] GC(431) Pause Young (Normal) (G1 Evacuation Pause)
[2022-09-04T03:11:38.108-0800][gc,task       ] GC(431) Using 8 workers of 8 for evacuation
[2022-09-04T03:11:38.159-0800][gc,phases     ] GC(431)   Pre Evacuate Collection Set: 2.0ms
[2022-09-04T03:11:38.159-0800][gc,phases     ] GC(431)   Evacuate Collection Set: 30.8ms
[2022-09-04T03:11:38.159-0800][gc,phases     ] GC(431)   Post Evacuate Collection Set: 11.2ms
[2022-09-04T03:11:38.160-0800][gc,phases     ] GC(431)   Other: 9.9ms
[2022-09-04T03:11:38.160-0800][gc,heap       ] GC(431) Eden regions: 255->0(255)
[2022-09-04T03:11:38.160-0800][gc,heap       ] GC(431) Survivor regions: 1->1(32)
[2022-09-04T03:11:38.160-0800][gc,heap       ] GC(431) Old regions: 42->42
[2022-09-04T03:11:38.160-0800][gc,heap       ] GC(431) Humongous regions: 30->30
[2022-09-04T03:11:38.160-0800][gc,metaspace  ] GC(431) Metaspace: 80773K->80773K(1122304K)
[2022-09-04T03:11:38.160-0800][gc            ] GC(431) Pause Young (Normal) (G1 Evacuation Pause) 327M->72M(512M) 53.371ms
[2022-09-04T03:11:38.160-0800][gc,cpu        ] GC(431) User=0.06s Sys=0.04s Real=0.06s
[2022-09-04T03:54:39.651-0800][gc,start      ] GC(432) Pause Young (Normal) (G1 Evacuation Pause)
[2022-09-04T03:54:39.652-0800][gc,task       ] GC(432) Using 8 workers of 8 for evacuation
[2022-09-04T03:54:39.695-0800][gc,phases     ] GC(432)   Pre Evacuate Collection Set: 1.2ms
[2022-09-04T03:54:39.695-0800][gc,phases     ] GC(432)   Evacuate Collection Set: 27.5ms
[2022-09-04T03:54:39.695-0800][gc,phases     ] GC(432)   Post Evacuate Collection Set: 12.0ms
[2022-09-04T03:54:39.695-0800][gc,phases     ] GC(432)   Other: 4.1ms
[2022-09-04T03:54:39.695-0800][gc,heap       ] GC(432) Eden regions: 255->0(255)
[2022-09-04T03:54:39.695-0800][gc,heap       ] GC(432) Survivor regions: 1->1(32)
[2022-09-04T03:54:39.695-0800][gc,heap       ] GC(432) Old regions: 42->42
[2022-09-04T03:54:39.695-0800][gc,heap       ] GC(432) Humongous regions: 30->30
[2022-09-04T03:54:39.695-0800][gc,metaspace  ] GC(432) Metaspace: 80789K->80789K(1122304K)
[2022-09-04T03:54:39.695-0800][gc            ] GC(432) Pause Young (Normal) (G1 Evacuation Pause) 327M->72M(512M) 44.425ms
[2022-09-04T03:54:39.695-0800][gc,cpu        ] GC(432) User=0.04s Sys=0.04s Real=0.04s
[2022-09-04T04:06:42.779-0800][gc,start      ] GC(433) Pause Young (Normal) (G1 Evacuation Pause)
[2022-09-04T04:06:42.782-0800][gc,task       ] GC(433) Using 8 workers of 8 for evacuation
[2022-09-04T04:06:42.829-0800][gc,phases     ] GC(433)   Pre Evacuate Collection Set: 8.0ms
[2022-09-04T04:06:42.829-0800][gc,phases     ] GC(433)   Evacuate Collection Set: 30.0ms
[2022-09-04T04:06:42.829-0800][gc,phases     ] GC(433)   Post Evacuate Collection Set: 1.6ms
[2022-09-04T04:06:42.829-0800][gc,phases     ] GC(433)   Other: 9.8ms
[2022-09-04T04:06:42.829-0800][gc,heap       ] GC(433) Eden regions: 255->0(255)
[2022-09-04T04:06:42.829-0800][gc,heap       ] GC(433) Survivor regions: 1->1(32)
[2022-09-04T04:06:42.829-0800][gc,heap       ] GC(433) Old regions: 42->42
[2022-09-04T04:06:42.829-0800][gc,heap       ] GC(433) Humongous regions: 30->30
[2022-09-04T04:06:42.829-0800][gc,metaspace  ] GC(433) Metaspace: 80789K->80789K(1122304K)
[2022-09-04T04:06:42.829-0800][gc            ] GC(433) Pause Young (Normal) (G1 Evacuation Pause) 327M->72M(512M) 49.473ms
[2022-09-04T04:06:42.829-0800][gc,cpu        ] GC(433) User=0.05s Sys=0.02s Real=0.05s
[2022-09-04T04:18:48.067-0800][gc,start      ] GC(434) Pause Young (Normal) (G1 Evacuation Pause)
[2022-09-04T04:18:48.068-0800][gc,task       ] GC(434) Using 8 workers of 8 for evacuation
[2022-09-04T04:18:48.094-0800][gc,phases     ] GC(434)   Pre Evacuate Collection Set: 2.5ms
[2022-09-04T04:18:48.094-0800][gc,phases     ] GC(434)   Evacuate Collection Set: 17.4ms
[2022-09-04T04:18:48.094-0800][gc,phases     ] GC(434)   Post Evacuate Collection Set: 3.0ms
[2022-09-04T04:18:48.094-0800][gc,phases     ] GC(434)   Other: 4.2ms
[2022-09-04T04:18:48.094-0800][gc,heap       ] GC(434) Eden regions: 255->0(255)
[2022-09-04T04:18:48.094-0800][gc,heap       ] GC(434) Survivor regions: 1->1(32)
[2022-09-04T04:18:48.094-0800][gc,heap       ] GC(434) Old regions: 42->42
[2022-09-04T04:18:48.094-0800][gc,heap       ] GC(434) Humongous regions: 30->30
[2022-09-04T04:18:48.094-0800][gc,metaspace  ] GC(434) Metaspace: 80789K->80789K(1122304K)
[2022-09-04T04:18:48.094-0800][gc            ] GC(434) Pause Young (Normal) (G1 Evacuation Pause) 327M->72M(512M) 27.183ms
[2022-09-04T04:18:48.094-0800][gc,cpu        ] GC(434) User=0.02s Sys=0.04s Real=0.03s
[2022-09-04T04:30:52.011-0800][gc,start      ] GC(435) Pause Young (Normal) (G1 Evacuation Pause)
[2022-09-04T04:30:52.015-0800][gc,task       ] GC(435) Using 8 workers of 8 for evacuation
[2022-09-04T04:30:52.045-0800][gc,phases     ] GC(435)   Pre Evacuate Collection Set: 0.9ms
[2022-09-04T04:30:52.045-0800][gc,phases     ] GC(435)   Evacuate Collection Set: 17.7ms
[2022-09-04T04:30:52.045-0800][gc,phases     ] GC(435)   Post Evacuate Collection Set: 4.6ms
[2022-09-04T04:30:52.045-0800][gc,phases     ] GC(435)   Other: 10.8ms
[2022-09-04T04:30:52.045-0800][gc,heap       ] GC(435) Eden regions: 255->0(255)
[2022-09-04T04:30:52.045-0800][gc,heap       ] GC(435) Survivor regions: 1->1(32)
[2022-09-04T04:30:52.045-0800][gc,heap       ] GC(435) Old regions: 42->43
[2022-09-04T04:30:52.045-0800][gc,heap       ] GC(435) Humongous regions: 30->30
[2022-09-04T04:30:52.045-0800][gc,metaspace  ] GC(435) Metaspace: 80789K->80789K(1122304K)
[2022-09-04T04:30:52.045-0800][gc            ] GC(435) Pause Young (Normal) (G1 Evacuation Pause) 327M->72M(512M) 34.070ms
[2022-09-04T04:30:52.045-0800][gc,cpu        ] GC(435) User=0.06s Sys=0.03s Real=0.03s
[2022-09-04T04:42:57.392-0800][gc,start      ] GC(436) Pause Young (Normal) (G1 Evacuation Pause)
[2022-09-04T04:42:57.393-0800][gc,task       ] GC(436) Using 8 workers of 8 for evacuation
[2022-09-04T04:42:57.416-0800][gc,phases     ] GC(436)   Pre Evacuate Collection Set: 2.4ms
[2022-09-04T04:42:57.416-0800][gc,phases     ] GC(436)   Evacuate Collection Set: 16.4ms
[2022-09-04T04:42:57.416-0800][gc,phases     ] GC(436)   Post Evacuate Collection Set: 2.4ms
[2022-09-04T04:42:57.416-0800][gc,phases     ] GC(436)   Other: 3.1ms
[2022-09-04T04:42:57.416-0800][gc,heap       ] GC(436) Eden regions: 255->0(255)
[2022-09-04T04:42:57.416-0800][gc,heap       ] GC(436) Survivor regions: 1->1(32)
[2022-09-04T04:42:57.416-0800][gc,heap       ] GC(436) Old regions: 43->43
[2022-09-04T04:42:57.416-0800][gc,heap       ] GC(436) Humongous regions: 30->30
[2022-09-04T04:42:57.416-0800][gc,metaspace  ] GC(436) Metaspace: 80789K->80789K(1122304K)
[2022-09-04T04:42:57.416-0800][gc            ] GC(436) Pause Young (Normal) (G1 Evacuation Pause) 327M->72M(512M) 24.535ms
[2022-09-04T04:42:57.416-0800][gc,cpu        ] GC(436) User=0.02s Sys=0.02s Real=0.02s
[2022-09-04T05:10:28.880-0800][gc,start      ] GC(437) Pause Young (Normal) (G1 Evacuation Pause)
[2022-09-04T05:10:28.881-0800][gc,task       ] GC(437) Using 8 workers of 8 for evacuation
[2022-09-04T05:10:28.906-0800][gc,phases     ] GC(437)   Pre Evacuate Collection Set: 3.4ms
[2022-09-04T05:10:28.906-0800][gc,phases     ] GC(437)   Evacuate Collection Set: 9.2ms
[2022-09-04T05:10:28.906-0800][gc,phases     ] GC(437)   Post Evacuate Collection Set: 6.2ms
[2022-09-04T05:10:28.906-0800][gc,phases     ] GC(437)   Other: 7.0ms
[2022-09-04T05:10:28.906-0800][gc,heap       ] GC(437) Eden regions: 255->0(255)
[2022-09-04T05:10:28.906-0800][gc,heap       ] GC(437) Survivor regions: 1->1(32)
[2022-09-04T05:10:28.906-0800][gc,heap       ] GC(437) Old regions: 43->43
[2022-09-04T05:10:28.906-0800][gc,heap       ] GC(437) Humongous regions: 30->30
[2022-09-04T05:10:28.906-0800][gc,metaspace  ] GC(437) Metaspace: 80789K->80789K(1122304K)
[2022-09-04T05:10:28.906-0800][gc            ] GC(437) Pause Young (Normal) (G1 Evacuation Pause) 327M->72M(512M) 26.079ms
[2022-09-04T05:10:28.906-0800][gc,cpu        ] GC(437) User=0.01s Sys=0.03s Real=0.02s
[2022-09-04T05:22:32.982-0800][gc,start      ] GC(438) Pause Young (Normal) (G1 Evacuation Pause)
[2022-09-04T05:22:32.983-0800][gc,task       ] GC(438) Using 8 workers of 8 for evacuation
[2022-09-04T05:22:33.038-0800][gc,phases     ] GC(438)   Pre Evacuate Collection Set: 0.8ms
[2022-09-04T05:22:33.038-0800][gc,phases     ] GC(438)   Evacuate Collection Set: 40.0ms
[2022-09-04T05:22:33.038-0800][gc,phases     ] GC(438)   Post Evacuate Collection Set: 10.8ms
[2022-09-04T05:22:33.038-0800][gc,phases     ] GC(438)   Other: 4.5ms
[2022-09-04T05:22:33.038-0800][gc,heap       ] GC(438) Eden regions: 255->0(255)
[2022-09-04T05:22:33.038-0800][gc,heap       ] GC(438) Survivor regions: 1->1(32)
[2022-09-04T05:22:33.038-0800][gc,heap       ] GC(438) Old regions: 43->43
[2022-09-04T05:22:33.038-0800][gc,heap       ] GC(438) Humongous regions: 30->30
[2022-09-04T05:22:33.038-0800][gc,metaspace  ] GC(438) Metaspace: 80789K->80789K(1122304K)
[2022-09-04T05:22:33.038-0800][gc            ] GC(438) Pause Young (Normal) (G1 Evacuation Pause) 327M->72M(512M) 56.232ms
[2022-09-04T05:22:33.038-0800][gc,cpu        ] GC(438) User=0.12s Sys=0.04s Real=0.05s
[2022-09-04T05:34:38.424-0800][gc,start      ] GC(439) Pause Young (Normal) (G1 Evacuation Pause)
[2022-09-04T05:34:38.426-0800][gc,task       ] GC(439) Using 8 workers of 8 for evacuation
[2022-09-04T05:34:38.455-0800][gc,phases     ] GC(439)   Pre Evacuate Collection Set: 0.7ms
[2022-09-04T05:34:38.455-0800][gc,phases     ] GC(439)   Evacuate Collection Set: 17.0ms
[2022-09-04T05:34:38.455-0800][gc,phases     ] GC(439)   Post Evacuate Collection Set: 9.5ms
[2022-09-04T05:34:38.455-0800][gc,phases     ] GC(439)   Other: 4.7ms
[2022-09-04T05:34:38.455-0800][gc,heap       ] GC(439) Eden regions: 255->0(255)
[2022-09-04T05:34:38.455-0800][gc,heap       ] GC(439) Survivor regions: 1->1(32)
[2022-09-04T05:34:38.455-0800][gc,heap       ] GC(439) Old regions: 43->43
[2022-09-04T05:34:38.455-0800][gc,heap       ] GC(439) Humongous regions: 30->30
[2022-09-04T05:34:38.455-0800][gc,metaspace  ] GC(439) Metaspace: 80789K->80789K(1122304K)
[2022-09-04T05:34:38.456-0800][gc            ] GC(439) Pause Young (Normal) (G1 Evacuation Pause) 327M->72M(512M) 31.948ms
[2022-09-04T05:34:38.456-0800][gc,cpu        ] GC(439) User=0.03s Sys=0.03s Real=0.03s
[2022-09-04T05:46:45.023-0800][gc,start      ] GC(440) Pause Young (Normal) (G1 Evacuation Pause)
[2022-09-04T05:46:45.025-0800][gc,task       ] GC(440) Using 8 workers of 8 for evacuation
[2022-09-04T05:46:45.060-0800][gc,phases     ] GC(440)   Pre Evacuate Collection Set: 2.5ms
[2022-09-04T05:46:45.060-0800][gc,phases     ] GC(440)   Evacuate Collection Set: 14.3ms
[2022-09-04T05:46:45.060-0800][gc,phases     ] GC(440)   Post Evacuate Collection Set: 14.3ms
[2022-09-04T05:46:45.060-0800][gc,phases     ] GC(440)   Other: 5.5ms
[2022-09-04T05:46:45.060-0800][gc,heap       ] GC(440) Eden regions: 255->0(255)
[2022-09-04T05:46:45.060-0800][gc,heap       ] GC(440) Survivor regions: 1->1(32)
[2022-09-04T05:46:45.060-0800][gc,heap       ] GC(440) Old regions: 43->43
[2022-09-04T05:46:45.060-0800][gc,heap       ] GC(440) Humongous regions: 30->30
[2022-09-04T05:46:45.060-0800][gc,metaspace  ] GC(440) Metaspace: 80789K->80789K(1122304K)
[2022-09-04T05:46:45.061-0800][gc            ] GC(440) Pause Young (Normal) (G1 Evacuation Pause) 327M->72M(512M) 37.244ms
[2022-09-04T05:46:45.061-0800][gc,cpu        ] GC(440) User=0.02s Sys=0.04s Real=0.04s
[2022-09-04T05:58:48.792-0800][gc,start      ] GC(441) Pause Young (Normal) (G1 Evacuation Pause)
[2022-09-04T05:58:48.793-0800][gc,task       ] GC(441) Using 8 workers of 8 for evacuation
[2022-09-04T05:58:48.838-0800][gc,phases     ] GC(441)   Pre Evacuate Collection Set: 1.1ms
[2022-09-04T05:58:48.839-0800][gc,phases     ] GC(441)   Evacuate Collection Set: 36.9ms
[2022-09-04T05:58:48.839-0800][gc,phases     ] GC(441)   Post Evacuate Collection Set: 2.9ms
[2022-09-04T05:58:48.839-0800][gc,phases     ] GC(441)   Other: 5.8ms
[2022-09-04T05:58:48.839-0800][gc,heap       ] GC(441) Eden regions: 255->0(255)
[2022-09-04T05:58:48.839-0800][gc,heap       ] GC(441) Survivor regions: 1->1(32)
[2022-09-04T05:58:48.839-0800][gc,heap       ] GC(441) Old regions: 43->43
[2022-09-04T05:58:48.839-0800][gc,heap       ] GC(441) Humongous regions: 30->30
[2022-09-04T05:58:48.839-0800][gc,metaspace  ] GC(441) Metaspace: 80789K->80789K(1122304K)
[2022-09-04T05:58:48.839-0800][gc            ] GC(441) Pause Young (Normal) (G1 Evacuation Pause) 327M->72M(512M) 46.591ms
[2022-09-04T05:58:48.839-0800][gc,cpu        ] GC(441) User=0.11s Sys=0.05s Real=0.04s
[2022-09-04T06:10:51.654-0800][gc,start      ] GC(442) Pause Young (Normal) (G1 Evacuation Pause)
[2022-09-04T06:10:51.656-0800][gc,task       ] GC(442) Using 8 workers of 8 for evacuation
[2022-09-04T06:10:51.692-0800][gc,phases     ] GC(442)   Pre Evacuate Collection Set: 4.0ms
[2022-09-04T06:10:51.692-0800][gc,phases     ] GC(442)   Evacuate Collection Set: 17.0ms
[2022-09-04T06:10:51.692-0800][gc,phases     ] GC(442)   Post Evacuate Collection Set: 7.6ms
