[2022-08-31T21:03:28.612-0800][gc,phases     ] GC(176)   Pre Evacuate Collection Set: 0.4ms
[2022-08-31T21:03:28.612-0800][gc,phases     ] GC(176)   Evacuate Collection Set: 14.4ms
[2022-08-31T21:03:28.612-0800][gc,phases     ] GC(176)   Post Evacuate Collection Set: 4.5ms
[2022-08-31T21:03:28.612-0800][gc,phases     ] GC(176)   Other: 8.7ms
[2022-08-31T21:03:28.612-0800][gc,heap       ] GC(176) Eden regions: 255->0(255)
[2022-08-31T21:03:28.612-0800][gc,heap       ] GC(176) Survivor regions: 1->1(32)
[2022-08-31T21:03:28.612-0800][gc,heap       ] GC(176) Old regions: 39->39
[2022-08-31T21:03:28.612-0800][gc,heap       ] GC(176) Humongous regions: 20->20
[2022-08-31T21:03:28.612-0800][gc,metaspace  ] GC(176) Metaspace: 80410K->80410K(1122304K)
[2022-08-31T21:03:28.612-0800][gc            ] GC(176) Pause Young (Normal) (G1 Evacuation Pause) 314M->59M(512M) 28.103ms
[2022-08-31T21:03:28.612-0800][gc,cpu        ] GC(176) User=0.02s Sys=0.03s Real=0.03s
[2022-08-31T21:21:38.915-0800][gc,start      ] GC(177) Pause Young (Normal) (G1 Evacuation Pause)
[2022-08-31T21:21:38.916-0800][gc,task       ] GC(177) Using 8 workers of 8 for evacuation
[2022-08-31T21:21:38.938-0800][gc,phases     ] GC(177)   Pre Evacuate Collection Set: 1.7ms
[2022-08-31T21:21:38.938-0800][gc,phases     ] GC(177)   Evacuate Collection Set: 9.9ms
[2022-08-31T21:21:38.938-0800][gc,phases     ] GC(177)   Post Evacuate Collection Set: 6.5ms
[2022-08-31T21:21:38.938-0800][gc,phases     ] GC(177)   Other: 4.7ms
[2022-08-31T21:21:38.938-0800][gc,heap       ] GC(177) Eden regions: 255->0(255)
[2022-08-31T21:21:38.938-0800][gc,heap       ] GC(177) Survivor regions: 1->1(32)
[2022-08-31T21:21:38.938-0800][gc,heap       ] GC(177) Old regions: 39->39
[2022-08-31T21:21:38.938-0800][gc,heap       ] GC(177) Humongous regions: 20->20
[2022-08-31T21:21:38.938-0800][gc,metaspace  ] GC(177) Metaspace: 80410K->80410K(1122304K)
[2022-08-31T21:21:38.938-0800][gc            ] GC(177) Pause Young (Normal) (G1 Evacuation Pause) 314M->59M(512M) 22.968ms
[2022-08-31T21:21:38.938-0800][gc,cpu        ] GC(177) User=0.01s Sys=0.02s Real=0.02s
[2022-08-31T21:39:50.029-0800][gc,start      ] GC(178) Pause Young (Normal) (G1 Evacuation Pause)
[2022-08-31T21:39:50.029-0800][gc,task       ] GC(178) Using 8 workers of 8 for evacuation
[2022-08-31T21:39:50.063-0800][gc,phases     ] GC(178)   Pre Evacuate Collection Set: 12.9ms
[2022-08-31T21:39:50.063-0800][gc,phases     ] GC(178)   Evacuate Collection Set: 12.4ms
[2022-08-31T21:39:50.063-0800][gc,phases     ] GC(178)   Post Evacuate Collection Set: 4.6ms
[2022-08-31T21:39:50.063-0800][gc,phases     ] GC(178)   Other: 4.5ms
[2022-08-31T21:39:50.063-0800][gc,heap       ] GC(178) Eden regions: 255->0(255)
[2022-08-31T21:39:50.063-0800][gc,heap       ] GC(178) Survivor regions: 1->1(32)
[2022-08-31T21:39:50.063-0800][gc,heap       ] GC(178) Old regions: 39->39
[2022-08-31T21:39:50.063-0800][gc,heap       ] GC(178) Humongous regions: 20->20
[2022-08-31T21:39:50.063-0800][gc,metaspace  ] GC(178) Metaspace: 80410K->80410K(1122304K)
[2022-08-31T21:39:50.063-0800][gc            ] GC(178) Pause Young (Normal) (G1 Evacuation Pause) 314M->59M(512M) 34.530ms
[2022-08-31T21:39:50.063-0800][gc,cpu        ] GC(178) User=0.01s Sys=0.02s Real=0.04s
[2022-08-31T21:58:01.035-0800][gc,start      ] GC(179) Pause Young (Normal) (G1 Evacuation Pause)
[2022-08-31T21:58:01.036-0800][gc,task       ] GC(179) Using 8 workers of 8 for evacuation
[2022-08-31T21:58:01.073-0800][gc,phases     ] GC(179)   Pre Evacuate Collection Set: 1.7ms
[2022-08-31T21:58:01.073-0800][gc,phases     ] GC(179)   Evacuate Collection Set: 24.6ms
[2022-08-31T21:58:01.073-0800][gc,phases     ] GC(179)   Post Evacuate Collection Set: 6.3ms
[2022-08-31T21:58:01.073-0800][gc,phases     ] GC(179)   Other: 6.1ms
[2022-08-31T21:58:01.073-0800][gc,heap       ] GC(179) Eden regions: 255->0(255)
[2022-08-31T21:58:01.073-0800][gc,heap       ] GC(179) Survivor regions: 1->1(32)
[2022-08-31T21:58:01.073-0800][gc,heap       ] GC(179) Old regions: 39->39
[2022-08-31T21:58:01.073-0800][gc,heap       ] GC(179) Humongous regions: 20->20
[2022-08-31T21:58:01.073-0800][gc,metaspace  ] GC(179) Metaspace: 80410K->80410K(1122304K)
[2022-08-31T21:58:01.073-0800][gc            ] GC(179) Pause Young (Normal) (G1 Evacuation Pause) 314M->59M(512M) 38.707ms
[2022-08-31T21:58:01.073-0800][gc,cpu        ] GC(179) User=0.06s Sys=0.04s Real=0.04s
[2022-08-31T22:16:09.403-0800][gc,start      ] GC(180) Pause Young (Normal) (G1 Evacuation Pause)
[2022-08-31T22:16:09.404-0800][gc,task       ] GC(180) Using 8 workers of 8 for evacuation
[2022-08-31T22:16:09.426-0800][gc,phases     ] GC(180)   Pre Evacuate Collection Set: 2.3ms
[2022-08-31T22:16:09.426-0800][gc,phases     ] GC(180)   Evacuate Collection Set: 9.0ms
[2022-08-31T22:16:09.426-0800][gc,phases     ] GC(180)   Post Evacuate Collection Set: 6.8ms
[2022-08-31T22:16:09.426-0800][gc,phases     ] GC(180)   Other: 5.0ms
[2022-08-31T22:16:09.426-0800][gc,heap       ] GC(180) Eden regions: 255->0(255)
[2022-08-31T22:16:09.426-0800][gc,heap       ] GC(180) Survivor regions: 1->1(32)
[2022-08-31T22:16:09.426-0800][gc,heap       ] GC(180) Old regions: 39->39
[2022-08-31T22:16:09.426-0800][gc,heap       ] GC(180) Humongous regions: 20->20
[2022-08-31T22:16:09.426-0800][gc,metaspace  ] GC(180) Metaspace: 80410K->80410K(1122304K)
[2022-08-31T22:16:09.426-0800][gc            ] GC(180) Pause Young (Normal) (G1 Evacuation Pause) 314M->59M(512M) 23.549ms
[2022-08-31T22:16:09.427-0800][gc,cpu        ] GC(180) User=0.01s Sys=0.03s Real=0.02s
[2022-08-31T22:51:48.010-0800][gc,start      ] GC(181) Pause Young (Normal) (G1 Evacuation Pause)
[2022-08-31T22:51:48.011-0800][gc,task       ] GC(181) Using 8 workers of 8 for evacuation
[2022-08-31T22:51:48.078-0800][gc,phases     ] GC(181)   Pre Evacuate Collection Set: 2.3ms
[2022-08-31T22:51:48.078-0800][gc,phases     ] GC(181)   Evacuate Collection Set: 37.8ms
[2022-08-31T22:51:48.078-0800][gc,phases     ] GC(181)   Post Evacuate Collection Set: 18.6ms
[2022-08-31T22:51:48.078-0800][gc,phases     ] GC(181)   Other: 10.4ms
[2022-08-31T22:51:48.078-0800][gc,heap       ] GC(181) Eden regions: 255->0(255)
[2022-08-31T22:51:48.078-0800][gc,heap       ] GC(181) Survivor regions: 1->1(32)
[2022-08-31T22:51:48.079-0800][gc,heap       ] GC(181) Old regions: 39->39
[2022-08-31T22:51:48.079-0800][gc,heap       ] GC(181) Humongous regions: 20->20
[2022-08-31T22:51:48.079-0800][gc,metaspace  ] GC(181) Metaspace: 80417K->80417K(1122304K)
[2022-08-31T22:51:48.079-0800][gc            ] GC(181) Pause Young (Normal) (G1 Evacuation Pause) 314M->59M(512M) 69.035ms
[2022-08-31T22:51:48.079-0800][gc,cpu        ] GC(181) User=0.01s Sys=0.04s Real=0.06s
[2022-08-31T23:10:00.933-0800][gc,start      ] GC(182) Pause Young (Normal) (G1 Evacuation Pause)
[2022-08-31T23:10:00.934-0800][gc,task       ] GC(182) Using 8 workers of 8 for evacuation
[2022-08-31T23:10:00.977-0800][gc,phases     ] GC(182)   Pre Evacuate Collection Set: 2.8ms
[2022-08-31T23:10:00.977-0800][gc,phases     ] GC(182)   Evacuate Collection Set: 25.8ms
[2022-08-31T23:10:00.977-0800][gc,phases     ] GC(182)   Post Evacuate Collection Set: 8.0ms
[2022-08-31T23:10:00.977-0800][gc,phases     ] GC(182)   Other: 8.3ms
[2022-08-31T23:10:00.977-0800][gc,heap       ] GC(182) Eden regions: 255->0(255)
[2022-08-31T23:10:00.977-0800][gc,heap       ] GC(182) Survivor regions: 1->1(32)
[2022-08-31T23:10:00.977-0800][gc,heap       ] GC(182) Old regions: 39->39
[2022-08-31T23:10:00.977-0800][gc,heap       ] GC(182) Humongous regions: 20->20
[2022-08-31T23:10:00.977-0800][gc,metaspace  ] GC(182) Metaspace: 80418K->80418K(1122304K)
[2022-08-31T23:10:00.977-0800][gc            ] GC(182) Pause Young (Normal) (G1 Evacuation Pause) 314M->59M(512M) 44.734ms
[2022-08-31T23:10:00.977-0800][gc,cpu        ] GC(182) User=0.02s Sys=0.04s Real=0.04s
[2022-08-31T23:28:09.888-0800][gc,start      ] GC(183) Pause Young (Normal) (G1 Evacuation Pause)
[2022-08-31T23:28:09.888-0800][gc,task       ] GC(183) Using 8 workers of 8 for evacuation
[2022-08-31T23:28:09.932-0800][gc,phases     ] GC(183)   Pre Evacuate Collection Set: 0.8ms
[2022-08-31T23:28:09.932-0800][gc,phases     ] GC(183)   Evacuate Collection Set: 30.5ms
[2022-08-31T23:28:09.932-0800][gc,phases     ] GC(183)   Post Evacuate Collection Set: 8.5ms
[2022-08-31T23:28:09.933-0800][gc,phases     ] GC(183)   Other: 4.6ms
[2022-08-31T23:28:09.933-0800][gc,heap       ] GC(183) Eden regions: 255->0(255)
[2022-08-31T23:28:09.933-0800][gc,heap       ] GC(183) Survivor regions: 1->1(32)
[2022-08-31T23:28:09.933-0800][gc,heap       ] GC(183) Old regions: 39->39
[2022-08-31T23:28:09.933-0800][gc,heap       ] GC(183) Humongous regions: 20->20
[2022-08-31T23:28:09.933-0800][gc,metaspace  ] GC(183) Metaspace: 80418K->80418K(1122304K)
[2022-08-31T23:28:09.933-0800][gc            ] GC(183) Pause Young (Normal) (G1 Evacuation Pause) 314M->59M(512M) 45.866ms
[2022-08-31T23:28:09.933-0800][gc,cpu        ] GC(183) User=0.01s Sys=0.04s Real=0.05s
[2022-08-31T23:46:22.804-0800][gc,start      ] GC(184) Pause Young (Normal) (G1 Evacuation Pause)
[2022-08-31T23:46:22.807-0800][gc,task       ] GC(184) Using 8 workers of 8 for evacuation
[2022-08-31T23:46:22.856-0800][gc,phases     ] GC(184)   Pre Evacuate Collection Set: 3.8ms
[2022-08-31T23:46:22.856-0800][gc,phases     ] GC(184)   Evacuate Collection Set: 34.5ms
[2022-08-31T23:46:22.856-0800][gc,phases     ] GC(184)   Post Evacuate Collection Set: 8.0ms
[2022-08-31T23:46:22.856-0800][gc,phases     ] GC(184)   Other: 5.3ms
[2022-08-31T23:46:22.856-0800][gc,heap       ] GC(184) Eden regions: 255->0(255)
[2022-08-31T23:46:22.856-0800][gc,heap       ] GC(184) Survivor regions: 1->1(32)
[2022-08-31T23:46:22.856-0800][gc,heap       ] GC(184) Old regions: 39->39
[2022-08-31T23:46:22.856-0800][gc,heap       ] GC(184) Humongous regions: 20->20
[2022-08-31T23:46:22.856-0800][gc,metaspace  ] GC(184) Metaspace: 80418K->80418K(1122304K)
[2022-08-31T23:46:22.856-0800][gc            ] GC(184) Pause Young (Normal) (G1 Evacuation Pause) 314M->59M(512M) 51.982ms
[2022-08-31T23:46:22.856-0800][gc,cpu        ] GC(184) User=0.03s Sys=0.05s Real=0.05s
[2022-09-01T00:33:41.295-0800][gc,start      ] GC(185) Pause Young (Normal) (G1 Evacuation Pause)
[2022-09-01T00:33:41.297-0800][gc,task       ] GC(185) Using 8 workers of 8 for evacuation
[2022-09-01T00:33:41.332-0800][gc,phases     ] GC(185)   Pre Evacuate Collection Set: 2.8ms
[2022-09-01T00:33:41.332-0800][gc,phases     ] GC(185)   Evacuate Collection Set: 10.0ms
[2022-09-01T00:33:41.332-0800][gc,phases     ] GC(185)   Post Evacuate Collection Set: 16.9ms
[2022-09-01T00:33:41.333-0800][gc,phases     ] GC(185)   Other: 7.7ms
[2022-09-01T00:33:41.333-0800][gc,heap       ] GC(185) Eden regions: 255->0(255)
[2022-09-01T00:33:41.333-0800][gc,heap       ] GC(185) Survivor regions: 1->1(32)
[2022-09-01T00:33:41.333-0800][gc,heap       ] GC(185) Old regions: 39->39
[2022-09-01T00:33:41.333-0800][gc,heap       ] GC(185) Humongous regions: 20->20
[2022-09-01T00:33:41.333-0800][gc,metaspace  ] GC(185) Metaspace: 80426K->80426K(1122304K)
[2022-09-01T00:33:41.333-0800][gc            ] GC(185) Pause Young (Normal) (G1 Evacuation Pause) 314M->59M(512M) 38.677ms
[2022-09-01T00:33:41.333-0800][gc,cpu        ] GC(185) User=0.01s Sys=0.04s Real=0.04s
[2022-09-01T00:51:44.322-0800][gc,start      ] GC(186) Pause Young (Normal) (G1 Evacuation Pause)
[2022-09-01T00:51:44.323-0800][gc,task       ] GC(186) Using 8 workers of 8 for evacuation
[2022-09-01T00:51:44.370-0800][gc,phases     ] GC(186)   Pre Evacuate Collection Set: 17.9ms
[2022-09-01T00:51:44.370-0800][gc,phases     ] GC(186)   Evacuate Collection Set: 14.6ms
[2022-09-01T00:51:44.370-0800][gc,phases     ] GC(186)   Post Evacuate Collection Set: 3.0ms
[2022-09-01T00:51:44.370-0800][gc,phases     ] GC(186)   Other: 13.0ms
[2022-09-01T00:51:44.370-0800][gc,heap       ] GC(186) Eden regions: 255->0(255)
[2022-09-01T00:51:44.370-0800][gc,heap       ] GC(186) Survivor regions: 1->1(32)
[2022-09-01T00:51:44.370-0800][gc,heap       ] GC(186) Old regions: 39->39
[2022-09-01T00:51:44.370-0800][gc,heap       ] GC(186) Humongous regions: 20->20
[2022-09-01T00:51:44.370-0800][gc,metaspace  ] GC(186) Metaspace: 80426K->80426K(1122304K)
[2022-09-01T00:51:44.370-0800][gc            ] GC(186) Pause Young (Normal) (G1 Evacuation Pause) 314M->59M(512M) 48.416ms
[2022-09-01T00:51:44.370-0800][gc,cpu        ] GC(186) User=0.04s Sys=0.02s Real=0.05s
[2022-09-01T01:09:55.970-0800][gc,start      ] GC(187) Pause Young (Normal) (G1 Evacuation Pause)
[2022-09-01T01:09:55.972-0800][gc,task       ] GC(187) Using 8 workers of 8 for evacuation
[2022-09-01T01:09:56.012-0800][gc,phases     ] GC(187)   Pre Evacuate Collection Set: 1.8ms
[2022-09-01T01:09:56.012-0800][gc,phases     ] GC(187)   Evacuate Collection Set: 23.8ms
[2022-09-01T01:09:56.012-0800][gc,phases     ] GC(187)   Post Evacuate Collection Set: 12.0ms
[2022-09-01T01:09:56.012-0800][gc,phases     ] GC(187)   Other: 4.8ms
[2022-09-01T01:09:56.012-0800][gc,heap       ] GC(187) Eden regions: 255->0(255)
[2022-09-01T01:09:56.012-0800][gc,heap       ] GC(187) Survivor regions: 1->1(32)
[2022-09-01T01:09:56.012-0800][gc,heap       ] GC(187) Old regions: 39->39
[2022-09-01T01:09:56.012-0800][gc,heap       ] GC(187) Humongous regions: 20->20
[2022-09-01T01:09:56.012-0800][gc,metaspace  ] GC(187) Metaspace: 80426K->80426K(1122304K)
[2022-09-01T01:09:56.012-0800][gc            ] GC(187) Pause Young (Normal) (G1 Evacuation Pause) 314M->59M(512M) 42.493ms
[2022-09-01T01:09:56.012-0800][gc,cpu        ] GC(187) User=0.01s Sys=0.02s Real=0.04s
[2022-09-01T01:28:03.092-0800][gc,start      ] GC(188) Pause Young (Normal) (G1 Evacuation Pause)
[2022-09-01T01:28:03.094-0800][gc,task       ] GC(188) Using 8 workers of 8 for evacuation
[2022-09-01T01:28:03.129-0800][gc,phases     ] GC(188)   Pre Evacuate Collection Set: 2.8ms
[2022-09-01T01:28:03.129-0800][gc,phases     ] GC(188)   Evacuate Collection Set: 23.0ms
[2022-09-01T01:28:03.129-0800][gc,phases     ] GC(188)   Post Evacuate Collection Set: 6.5ms
[2022-09-01T01:28:03.129-0800][gc,phases     ] GC(188)   Other: 4.7ms
[2022-09-01T01:28:03.129-0800][gc,heap       ] GC(188) Eden regions: 255->0(255)
[2022-09-01T01:28:03.129-0800][gc,heap       ] GC(188) Survivor regions: 1->1(32)
[2022-09-01T01:28:03.129-0800][gc,heap       ] GC(188) Old regions: 39->39
[2022-09-01T01:28:03.129-0800][gc,heap       ] GC(188) Humongous regions: 20->20
[2022-09-01T01:28:03.129-0800][gc,metaspace  ] GC(188) Metaspace: 80426K->80426K(1122304K)
[2022-09-01T01:28:03.130-0800][gc            ] GC(188) Pause Young (Normal) (G1 Evacuation Pause) 314M->59M(512M) 37.517ms
[2022-09-01T01:28:03.130-0800][gc,cpu        ] GC(188) User=0.03s Sys=0.04s Real=0.04s
[2022-09-01T02:01:51.801-0800][gc,start      ] GC(189) Pause Young (Normal) (G1 Evacuation Pause)
[2022-09-01T02:01:51.804-0800][gc,task       ] GC(189) Using 8 workers of 8 for evacuation
[2022-09-01T02:01:51.832-0800][gc,phases     ] GC(189)   Pre Evacuate Collection Set: 0.8ms
[2022-09-01T02:01:51.832-0800][gc,phases     ] GC(189)   Evacuate Collection Set: 8.3ms
[2022-09-01T02:01:51.832-0800][gc,phases     ] GC(189)   Post Evacuate Collection Set: 5.3ms
[2022-09-01T02:01:51.832-0800][gc,phases     ] GC(189)   Other: 17.1ms
[2022-09-01T02:01:51.832-0800][gc,heap       ] GC(189) Eden regions: 255->0(255)
[2022-09-01T02:01:51.832-0800][gc,heap       ] GC(189) Survivor regions: 1->1(32)
[2022-09-01T02:01:51.832-0800][gc,heap       ] GC(189) Old regions: 39->39
[2022-09-01T02:01:51.832-0800][gc,heap       ] GC(189) Humongous regions: 20->20
[2022-09-01T02:01:51.832-0800][gc,metaspace  ] GC(189) Metaspace: 80427K->80427K(1122304K)
[2022-09-01T02:01:51.832-0800][gc            ] GC(189) Pause Young (Normal) (G1 Evacuation Pause) 314M->59M(512M) 31.463ms
[2022-09-01T02:01:51.832-0800][gc,cpu        ] GC(189) User=0.01s Sys=0.02s Real=0.03s
[2022-09-01T02:35:55.799-0800][gc,start      ] GC(190) Pause Young (Normal) (G1 Evacuation Pause)
[2022-09-01T02:35:55.801-0800][gc,task       ] GC(190) Using 8 workers of 8 for evacuation
[2022-09-01T02:35:55.825-0800][gc,phases     ] GC(190)   Pre Evacuate Collection Set: 1.1ms
[2022-09-01T02:35:55.825-0800][gc,phases     ] GC(190)   Evacuate Collection Set: 17.5ms
[2022-09-01T02:35:55.825-0800][gc,phases     ] GC(190)   Post Evacuate Collection Set: 2.9ms
[2022-09-01T02:35:55.825-0800][gc,phases     ] GC(190)   Other: 4.9ms
[2022-09-01T02:35:55.825-0800][gc,heap       ] GC(190) Eden regions: 255->0(255)
[2022-09-01T02:35:55.825-0800][gc,heap       ] GC(190) Survivor regions: 1->1(32)
[2022-09-01T02:35:55.825-0800][gc,heap       ] GC(190) Old regions: 39->39
[2022-09-01T02:35:55.825-0800][gc,heap       ] GC(190) Humongous regions: 20->20
[2022-09-01T02:35:55.825-0800][gc,metaspace  ] GC(190) Metaspace: 80427K->80427K(1122304K)
[2022-09-01T02:35:55.825-0800][gc            ] GC(190) Pause Young (Normal) (G1 Evacuation Pause) 314M->59M(512M) 25.850ms
[2022-09-01T02:35:55.825-0800][gc,cpu        ] GC(190) User=0.05s Sys=0.03s Real=0.03s
[2022-09-01T02:54:05.361-0800][gc,start      ] GC(191) Pause Young (Normal) (G1 Evacuation Pause)
[2022-09-01T02:54:05.362-0800][gc,task       ] GC(191) Using 8 workers of 8 for evacuation
[2022-09-01T02:54:05.381-0800][gc,phases     ] GC(191)   Pre Evacuate Collection Set: 1.1ms
[2022-09-01T02:54:05.381-0800][gc,phases     ] GC(191)   Evacuate Collection Set: 12.0ms
[2022-09-01T02:54:05.381-0800][gc,phases     ] GC(191)   Post Evacuate Collection Set: 4.6ms
[2022-09-01T02:54:05.381-0800][gc,phases     ] GC(191)   Other: 2.9ms
[2022-09-01T02:54:05.381-0800][gc,heap       ] GC(191) Eden regions: 255->0(255)
[2022-09-01T02:54:05.381-0800][gc,heap       ] GC(191) Survivor regions: 1->1(32)
[2022-09-01T02:54:05.381-0800][gc,heap       ] GC(191) Old regions: 39->39
[2022-09-01T02:54:05.381-0800][gc,heap       ] GC(191) Humongous regions: 20->20
[2022-09-01T02:54:05.381-0800][gc,metaspace  ] GC(191) Metaspace: 80427K->80427K(1122304K)
[2022-09-01T02:54:05.381-0800][gc            ] GC(191) Pause Young (Normal) (G1 Evacuation Pause) 314M->59M(512M) 20.587ms
[2022-09-01T02:54:05.381-0800][gc,cpu        ] GC(191) User=0.04s Sys=0.03s Real=0.02s
[2022-09-01T03:12:19.668-0800][gc,start      ] GC(192) Pause Young (Normal) (G1 Evacuation Pause)
[2022-09-01T03:12:19.669-0800][gc,task       ] GC(192) Using 8 workers of 8 for evacuation
[2022-09-01T03:12:19.700-0800][gc,phases     ] GC(192)   Pre Evacuate Collection Set: 1.8ms
[2022-09-01T03:12:19.700-0800][gc,phases     ] GC(192)   Evacuate Collection Set: 19.4ms
[2022-09-01T03:12:19.700-0800][gc,phases     ] GC(192)   Post Evacuate Collection Set: 5.8ms
[2022-09-01T03:12:19.700-0800][gc,phases     ] GC(192)   Other: 5.2ms
[2022-09-01T03:12:19.700-0800][gc,heap       ] GC(192) Eden regions: 255->0(255)
[2022-09-01T03:12:19.700-0800][gc,heap       ] GC(192) Survivor regions: 1->1(32)
[2022-09-01T03:12:19.700-0800][gc,heap       ] GC(192) Old regions: 39->39
[2022-09-01T03:12:19.700-0800][gc,heap       ] GC(192) Humongous regions: 20->20
[2022-09-01T03:12:19.700-0800][gc,metaspace  ] GC(192) Metaspace: 80427K->80427K(1122304K)
[2022-09-01T03:12:19.701-0800][gc            ] GC(192) Pause Young (Normal) (G1 Evacuation Pause) 314M->59M(512M) 32.801ms
[2022-09-01T03:12:19.701-0800][gc,cpu        ] GC(192) User=0.02s Sys=0.03s Real=0.04s
[2022-09-01T03:50:43.873-0800][gc,start      ] GC(193) Pause Young (Normal) (G1 Evacuation Pause)
[2022-09-01T03:50:43.875-0800][gc,task       ] GC(193) Using 8 workers of 8 for evacuation
[2022-09-01T03:50:43.896-0800][gc,phases     ] GC(193)   Pre Evacuate Collection Set: 1.5ms
[2022-09-01T03:50:43.896-0800][gc,phases     ] GC(193)   Evacuate Collection Set: 12.1ms
[2022-09-01T03:50:43.896-0800][gc,phases     ] GC(193)   Post Evacuate Collection Set: 4.2ms
[2022-09-01T03:50:43.896-0800][gc,phases     ] GC(193)   Other: 5.7ms
[2022-09-01T03:50:43.896-0800][gc,heap       ] GC(193) Eden regions: 255->0(255)
[2022-09-01T03:50:43.896-0800][gc,heap       ] GC(193) Survivor regions: 1->1(32)
[2022-09-01T03:50:43.896-0800][gc,heap       ] GC(193) Old regions: 39->39
[2022-09-01T03:50:43.896-0800][gc,heap       ] GC(193) Humongous regions: 20->20
[2022-09-01T03:50:43.896-0800][gc,metaspace  ] GC(193) Metaspace: 80430K->80430K(1122304K)
[2022-09-01T03:50:43.897-0800][gc            ] GC(193) Pause Young (Normal) (G1 Evacuation Pause) 314M->59M(512M) 23.738ms
[2022-09-01T03:50:43.897-0800][gc,cpu        ] GC(193) User=0.02s Sys=0.02s Real=0.02s
[2022-09-01T04:08:55.110-0800][gc,start      ] GC(194) Pause Young (Normal) (G1 Evacuation Pause)
[2022-09-01T04:08:55.113-0800][gc,task       ] GC(194) Using 8 workers of 8 for evacuation
[2022-09-01T04:08:55.151-0800][gc,phases     ] GC(194)   Pre Evacuate Collection Set: 1.1ms
[2022-09-01T04:08:55.151-0800][gc,phases     ] GC(194)   Evacuate Collection Set: 25.2ms
[2022-09-01T04:08:55.151-0800][gc,phases     ] GC(194)   Post Evacuate Collection Set: 7.2ms
[2022-09-01T04:08:55.151-0800][gc,phases     ] GC(194)   Other: 7.0ms
[2022-09-01T04:08:55.151-0800][gc,heap       ] GC(194) Eden regions: 255->0(255)
[2022-09-01T04:08:55.151-0800][gc,heap       ] GC(194) Survivor regions: 1->1(32)
[2022-09-01T04:08:55.151-0800][gc,heap       ] GC(194) Old regions: 39->39
[2022-09-01T04:08:55.151-0800][gc,heap       ] GC(194) Humongous regions: 20->20
[2022-09-01T04:08:55.151-0800][gc,metaspace  ] GC(194) Metaspace: 80430K->80430K(1122304K)
[2022-09-01T04:08:55.151-0800][gc            ] GC(194) Pause Young (Normal) (G1 Evacuation Pause) 314M->59M(512M) 40.513ms
[2022-09-01T04:08:55.151-0800][gc,cpu        ] GC(194) User=0.03s Sys=0.03s Real=0.04s
[2022-09-01T04:27:01.595-0800][gc,start      ] GC(195) Pause Young (Normal) (G1 Evacuation Pause)
[2022-09-01T04:27:01.596-0800][gc,task       ] GC(195) Using 8 workers of 8 for evacuation
[2022-09-01T04:27:01.629-0800][gc,phases     ] GC(195)   Pre Evacuate Collection Set: 1.5ms
[2022-09-01T04:27:01.629-0800][gc,phases     ] GC(195)   Evacuate Collection Set: 23.7ms
[2022-09-01T04:27:01.629-0800][gc,phases     ] GC(195)   Post Evacuate Collection Set: 5.5ms
[2022-09-01T04:27:01.629-0800][gc,phases     ] GC(195)   Other: 3.1ms
[2022-09-01T04:27:01.629-0800][gc,heap       ] GC(195) Eden regions: 255->0(255)
[2022-09-01T04:27:01.629-0800][gc,heap       ] GC(195) Survivor regions: 1->1(32)
[2022-09-01T04:27:01.629-0800][gc,heap       ] GC(195) Old regions: 39->39
[2022-09-01T04:27:01.629-0800][gc,heap       ] GC(195) Humongous regions: 20->20
[2022-09-01T04:27:01.629-0800][gc,metaspace  ] GC(195) Metaspace: 80430K->80430K(1122304K)
[2022-09-01T04:27:01.629-0800][gc            ] GC(195) Pause Young (Normal) (G1 Evacuation Pause) 314M->59M(512M) 33.880ms
[2022-09-01T04:27:01.629-0800][gc,cpu        ] GC(195) User=0.02s Sys=0.03s Real=0.03s
[2022-09-01T04:45:13.594-0800][gc,start      ] GC(196) Pause Young (Normal) (G1 Evacuation Pause)
[2022-09-01T04:45:13.597-0800][gc,task       ] GC(196) Using 8 workers of 8 for evacuation
[2022-09-01T04:45:13.617-0800][gc,phases     ] GC(196)   Pre Evacuate Collection Set: 1.1ms
[2022-09-01T04:45:13.617-0800][gc,phases     ] GC(196)   Evacuate Collection Set: 11.6ms
[2022-09-01T04:45:13.617-0800][gc,phases     ] GC(196)   Post Evacuate Collection Set: 5.3ms
[2022-09-01T04:45:13.618-0800][gc,phases     ] GC(196)   Other: 5.7ms
[2022-09-01T04:45:13.618-0800][gc,heap       ] GC(196) Eden regions: 255->0(255)
[2022-09-01T04:45:13.618-0800][gc,heap       ] GC(196) Survivor regions: 1->1(32)
[2022-09-01T04:45:13.618-0800][gc,heap       ] GC(196) Old regions: 39->39
[2022-09-01T04:45:13.618-0800][gc,heap       ] GC(196) Humongous regions: 20->20
[2022-09-01T04:45:13.618-0800][gc,metaspace  ] GC(196) Metaspace: 80430K->80430K(1122304K)
[2022-09-01T04:45:13.618-0800][gc            ] GC(196) Pause Young (Normal) (G1 Evacuation Pause) 314M->59M(512M) 23.848ms
[2022-09-01T04:45:13.618-0800][gc,cpu        ] GC(196) User=0.02s Sys=0.02s Real=0.02s
[2022-09-01T05:03:21.245-0800][gc,start      ] GC(197) Pause Young (Normal) (G1 Evacuation Pause)
[2022-09-01T05:03:21.247-0800][gc,task       ] GC(197) Using 8 workers of 8 for evacuation
[2022-09-01T05:03:21.273-0800][gc,phases     ] GC(197)   Pre Evacuate Collection Set: 1.4ms
[2022-09-01T05:03:21.273-0800][gc,phases     ] GC(197)   Evacuate Collection Set: 16.2ms
[2022-09-01T05:03:21.273-0800][gc,phases     ] GC(197)   Post Evacuate Collection Set: 5.4ms
[2022-09-01T05:03:21.273-0800][gc,phases     ] GC(197)   Other: 4.9ms
[2022-09-01T05:03:21.273-0800][gc,heap       ] GC(197) Eden regions: 255->0(255)
[2022-09-01T05:03:21.273-0800][gc,heap       ] GC(197) Survivor regions: 1->1(32)
[2022-09-01T05:03:21.273-0800][gc,heap       ] GC(197) Old regions: 39->39
[2022-09-01T05:03:21.273-0800][gc,heap       ] GC(197) Humongous regions: 20->20
[2022-09-01T05:03:21.273-0800][gc,metaspace  ] GC(197) Metaspace: 80430K->80430K(1122304K)
[2022-09-01T05:03:21.273-0800][gc            ] GC(197) Pause Young (Normal) (G1 Evacuation Pause) 314M->59M(512M) 27.992ms
[2022-09-01T05:03:21.274-0800][gc,cpu        ] GC(197) User=0.02s Sys=0.02s Real=0.03s
[2022-09-01T05:21:32.449-0800][gc,start      ] GC(198) Pause Young (Normal) (G1 Evacuation Pause)
[2022-09-01T05:21:32.452-0800][gc,task       ] GC(198) Using 8 workers of 8 for evacuation
[2022-09-01T05:21:32.478-0800][gc,phases     ] GC(198)   Pre Evacuate Collection Set: 4.0ms
[2022-09-01T05:21:32.479-0800][gc,phases     ] GC(198)   Evacuate Collection Set: 13.3ms
[2022-09-01T05:21:32.479-0800][gc,phases     ] GC(198)   Post Evacuate Collection Set: 6.8ms
[2022-09-01T05:21:32.479-0800][gc,phases     ] GC(198)   Other: 5.7ms
[2022-09-01T05:21:32.479-0800][gc,heap       ] GC(198) Eden regions: 255->0(255)
[2022-09-01T05:21:32.479-0800][gc,heap       ] GC(198) Survivor regions: 1->1(32)
[2022-09-01T05:21:32.479-0800][gc,heap       ] GC(198) Old regions: 39->39
[2022-09-01T05:21:32.479-0800][gc,heap       ] GC(198) Humongous regions: 20->20
[2022-09-01T05:21:32.479-0800][gc,metaspace  ] GC(198) Metaspace: 80430K->80430K(1122304K)
[2022-09-01T05:21:32.479-0800][gc            ] GC(198) Pause Young (Normal) (G1 Evacuation Pause) 314M->59M(512M) 29.986ms
[2022-09-01T05:21:32.479-0800][gc,cpu        ] GC(198) User=0.02s Sys=0.02s Real=0.03s
[2022-09-01T05:39:44.816-0800][gc,start      ] GC(199) Pause Young (Normal) (G1 Evacuation Pause)
[2022-09-01T05:39:44.818-0800][gc,task       ] GC(199) Using 8 workers of 8 for evacuation
[2022-09-01T05:39:44.843-0800][gc,phases     ] GC(199)   Pre Evacuate Collection Set: 1.4ms
[2022-09-01T05:39:44.843-0800][gc,phases     ] GC(199)   Evacuate Collection Set: 15.5ms
[2022-09-01T05:39:44.843-0800][gc,phases     ] GC(199)   Post Evacuate Collection Set: 5.1ms
[2022-09-01T05:39:44.843-0800][gc,phases     ] GC(199)   Other: 5.3ms
[2022-09-01T05:39:44.843-0800][gc,heap       ] GC(199) Eden regions: 255->0(255)
[2022-09-01T05:39:44.843-0800][gc,heap       ] GC(199) Survivor regions: 1->1(32)
[2022-09-01T05:39:44.843-0800][gc,heap       ] GC(199) Old regions: 39->39
[2022-09-01T05:39:44.843-0800][gc,heap       ] GC(199) Humongous regions: 20->20
[2022-09-01T05:39:44.843-0800][gc,metaspace  ] GC(199) Metaspace: 80431K->80431K(1122304K)
[2022-09-01T05:39:44.844-0800][gc            ] GC(199) Pause Young (Normal) (G1 Evacuation Pause) 314M->59M(512M) 27.548ms
[2022-09-01T05:39:44.844-0800][gc,cpu        ] GC(199) User=0.01s Sys=0.02s Real=0.03s
[2022-09-01T05:57:56.631-0800][gc,start      ] GC(200) Pause Young (Normal) (G1 Evacuation Pause)
[2022-09-01T05:57:56.633-0800][gc,task       ] GC(200) Using 8 workers of 8 for evacuation
[2022-09-01T05:57:56.679-0800][gc,phases     ] GC(200)   Pre Evacuate Collection Set: 1.9ms
[2022-09-01T05:57:56.679-0800][gc,phases     ] GC(200)   Evacuate Collection Set: 30.5ms
[2022-09-01T05:57:56.679-0800][gc,phases     ] GC(200)   Post Evacuate Collection Set: 10.6ms
[2022-09-01T05:57:56.679-0800][gc,phases     ] GC(200)   Other: 4.7ms
[2022-09-01T05:57:56.679-0800][gc,heap       ] GC(200) Eden regions: 255->0(255)
[2022-09-01T05:57:56.679-0800][gc,heap       ] GC(200) Survivor regions: 1->1(32)
[2022-09-01T05:57:56.679-0800][gc,heap       ] GC(200) Old regions: 39->40
[2022-09-01T05:57:56.679-0800][gc,heap       ] GC(200) Humongous regions: 20->20
[2022-09-01T05:57:56.679-0800][gc,metaspace  ] GC(200) Metaspace: 80431K->80431K(1122304K)
[2022-09-01T05:57:56.679-0800][gc            ] GC(200) Pause Young (Normal) (G1 Evacuation Pause) 314M->59M(512M) 47.689ms
[2022-09-01T05:57:56.679-0800][gc,cpu        ] GC(200) User=0.01s Sys=0.03s Real=0.04s
[2022-09-01T06:16:05.885-0800][gc,start      ] GC(201) Pause Young (Normal) (G1 Evacuation Pause)
[2022-09-01T06:16:05.887-0800][gc,task       ] GC(201) Using 8 workers of 8 for evacuation
[2022-09-01T06:16:05.909-0800][gc,phases     ] GC(201)   Pre Evacuate Collection Set: 1.2ms
[2022-09-01T06:16:05.909-0800][gc,phases     ] GC(201)   Evacuate Collection Set: 14.9ms
[2022-09-01T06:16:05.909-0800][gc,phases     ] GC(201)   Post Evacuate Collection Set: 3.8ms
[2022-09-01T06:16:05.909-0800][gc,phases     ] GC(201)   Other: 4.3ms
[2022-09-01T06:16:05.909-0800][gc,heap       ] GC(201) Eden regions: 255->0(255)
[2022-09-01T06:16:05.909-0800][gc,heap       ] GC(201) Survivor regions: 1->1(32)
[2022-09-01T06:16:05.909-0800][gc,heap       ] GC(201) Old regions: 40->40
[2022-09-01T06:16:05.909-0800][gc,heap       ] GC(201) Humongous regions: 20->20
[2022-09-01T06:16:05.909-0800][gc,metaspace  ] GC(201) Metaspace: 80431K->80431K(1122304K)
[2022-09-01T06:16:05.910-0800][gc            ] GC(201) Pause Young (Normal) (G1 Evacuation Pause) 314M->59M(512M) 24.415ms
[2022-09-01T06:16:05.910-0800][gc,cpu        ] GC(201) User=0.01s Sys=0.02s Real=0.03s
[2022-09-01T06:34:17.842-0800][gc,start      ] GC(202) Pause Young (Normal) (G1 Evacuation Pause)
[2022-09-01T06:34:17.845-0800][gc,task       ] GC(202) Using 8 workers of 8 for evacuation
[2022-09-01T06:34:17.896-0800][gc,phases     ] GC(202)   Pre Evacuate Collection Set: 0.7ms
[2022-09-01T06:34:17.896-0800][gc,phases     ] GC(202)   Evacuate Collection Set: 28.2ms
[2022-09-01T06:34:17.896-0800][gc,phases     ] GC(202)   Post Evacuate Collection Set: 19.6ms
[2022-09-01T06:34:17.896-0800][gc,phases     ] GC(202)   Other: 5.4ms
[2022-09-01T06:34:17.896-0800][gc,heap       ] GC(202) Eden regions: 255->0(255)
[2022-09-01T06:34:17.896-0800][gc,heap       ] GC(202) Survivor regions: 1->1(32)
[2022-09-01T06:34:17.896-0800][gc,heap       ] GC(202) Old regions: 40->40
[2022-09-01T06:34:17.896-0800][gc,heap       ] GC(202) Humongous regions: 20->20
[2022-09-01T06:34:17.896-0800][gc,metaspace  ] GC(202) Metaspace: 80431K->80431K(1122304K)
[2022-09-01T06:34:17.897-0800][gc            ] GC(202) Pause Young (Normal) (G1 Evacuation Pause) 314M->59M(512M) 54.038ms
[2022-09-01T06:34:17.897-0800][gc,cpu        ] GC(202) User=0.03s Sys=0.03s Real=0.05s
[2022-09-01T06:52:25.701-0800][gc,start      ] GC(203) Pause Young (Normal) (G1 Evacuation Pause)
[2022-09-01T06:52:25.703-0800][gc,task       ] GC(203) Using 8 workers of 8 for evacuation
[2022-09-01T06:52:25.742-0800][gc,phases     ] GC(203)   Pre Evacuate Collection Set: 1.6ms
[2022-09-01T06:52:25.742-0800][gc,phases     ] GC(203)   Evacuate Collection Set: 8.1ms
[2022-09-01T06:52:25.742-0800][gc,phases     ] GC(203)   Post Evacuate Collection Set: 1.9ms
[2022-09-01T06:52:25.742-0800][gc,phases     ] GC(203)   Other: 30.1ms
[2022-09-01T06:52:25.742-0800][gc,heap       ] GC(203) Eden regions: 255->0(255)
[2022-09-01T06:52:25.742-0800][gc,heap       ] GC(203) Survivor regions: 1->1(32)
[2022-09-01T06:52:25.742-0800][gc,heap       ] GC(203) Old regions: 40->40
[2022-09-01T06:52:25.742-0800][gc,heap       ] GC(203) Humongous regions: 20->20
[2022-09-01T06:52:25.742-0800][gc,metaspace  ] GC(203) Metaspace: 80431K->80431K(1122304K)
[2022-09-01T06:52:25.742-0800][gc            ] GC(203) Pause Young (Normal) (G1 Evacuation Pause) 314M->59M(512M) 41.511ms
[2022-09-01T06:52:25.742-0800][gc,cpu        ] GC(203) User=0.03s Sys=0.02s Real=0.04s
[2022-09-01T07:10:36.621-0800][gc,start      ] GC(204) Pause Young (Normal) (G1 Evacuation Pause)
[2022-09-01T07:10:36.623-0800][gc,task       ] GC(204) Using 8 workers of 8 for evacuation
[2022-09-01T07:10:36.648-0800][gc,phases     ] GC(204)   Pre Evacuate Collection Set: 1.6ms
[2022-09-01T07:10:36.648-0800][gc,phases     ] GC(204)   Evacuate Collection Set: 16.8ms
[2022-09-01T07:10:36.648-0800][gc,phases     ] GC(204)   Post Evacuate Collection Set: 2.8ms
[2022-09-01T07:10:36.648-0800][gc,phases     ] GC(204)   Other: 6.1ms
[2022-09-01T07:10:36.648-0800][gc,heap       ] GC(204) Eden regions: 255->0(255)
[2022-09-01T07:10:36.648-0800][gc,heap       ] GC(204) Survivor regions: 1->1(32)
[2022-09-01T07:10:36.649-0800][gc,heap       ] GC(204) Old regions: 40->40
[2022-09-01T07:10:36.649-0800][gc,heap       ] GC(204) Humongous regions: 20->20
[2022-09-01T07:10:36.649-0800][gc,metaspace  ] GC(204) Metaspace: 80431K->80431K(1122304K)
[2022-09-01T07:10:36.649-0800][gc            ] GC(204) Pause Young (Normal) (G1 Evacuation Pause) 314M->59M(512M) 27.289ms
[2022-09-01T07:10:36.649-0800][gc,cpu        ] GC(204) User=0.05s Sys=0.03s Real=0.02s
[2022-09-01T07:28:49.687-0800][gc,start      ] GC(205) Pause Young (Normal) (G1 Evacuation Pause)
[2022-09-01T07:28:49.688-0800][gc,task       ] GC(205) Using 8 workers of 8 for evacuation
[2022-09-01T07:28:49.720-0800][gc,phases     ] GC(205)   Pre Evacuate Collection Set: 1.5ms
[2022-09-01T07:28:49.720-0800][gc,phases     ] GC(205)   Evacuate Collection Set: 25.7ms
[2022-09-01T07:28:49.720-0800][gc,phases     ] GC(205)   Post Evacuate Collection Set: 2.6ms
[2022-09-01T07:28:49.720-0800][gc,phases     ] GC(205)   Other: 3.8ms
[2022-09-01T07:28:49.720-0800][gc,heap       ] GC(205) Eden regions: 255->0(255)
[2022-09-01T07:28:49.720-0800][gc,heap       ] GC(205) Survivor regions: 1->1(32)
[2022-09-01T07:28:49.720-0800][gc,heap       ] GC(205) Old regions: 40->40
[2022-09-01T07:28:49.720-0800][gc,heap       ] GC(205) Humongous regions: 20->20
[2022-09-01T07:28:49.720-0800][gc,metaspace  ] GC(205) Metaspace: 80431K->80431K(1122304K)
[2022-09-01T07:28:49.720-0800][gc            ] GC(205) Pause Young (Normal) (G1 Evacuation Pause) 314M->59M(512M) 33.655ms
[2022-09-01T07:28:49.720-0800][gc,cpu        ] GC(205) User=0.06s Sys=0.04s Real=0.04s
[2022-09-01T07:47:03.534-0800][gc,start      ] GC(206) Pause Young (Normal) (G1 Evacuation Pause)
[2022-09-01T07:47:03.536-0800][gc,task       ] GC(206) Using 8 workers of 8 for evacuation
[2022-09-01T07:47:03.579-0800][gc,phases     ] GC(206)   Pre Evacuate Collection Set: 1.7ms
[2022-09-01T07:47:03.579-0800][gc,phases     ] GC(206)   Evacuate Collection Set: 34.1ms
[2022-09-01T07:47:03.579-0800][gc,phases     ] GC(206)   Post Evacuate Collection Set: 4.2ms
[2022-09-01T07:47:03.579-0800][gc,phases     ] GC(206)   Other: 5.5ms
[2022-09-01T07:47:03.579-0800][gc,heap       ] GC(206) Eden regions: 255->0(255)
[2022-09-01T07:47:03.579-0800][gc,heap       ] GC(206) Survivor regions: 1->1(32)
[2022-09-01T07:47:03.579-0800][gc,heap       ] GC(206) Old regions: 40->40
[2022-09-01T07:47:03.579-0800][gc,heap       ] GC(206) Humongous regions: 20->20
[2022-09-01T07:47:03.579-0800][gc,metaspace  ] GC(206) Metaspace: 80431K->80431K(1122304K)
[2022-09-01T07:47:03.580-0800][gc            ] GC(206) Pause Young (Normal) (G1 Evacuation Pause) 314M->59M(512M) 45.377ms
[2022-09-01T07:47:03.580-0800][gc,cpu        ] GC(206) User=0.05s Sys=0.03s Real=0.05s
[2022-09-01T08:23:35.464-0800][gc,start      ] GC(207) Pause Young (Normal) (G1 Evacuation Pause)
[2022-09-01T08:23:35.465-0800][gc,task       ] GC(207) Using 8 workers of 8 for evacuation
[2022-09-01T08:23:35.511-0800][gc,phases     ] GC(207)   Pre Evacuate Collection Set: 0.5ms
[2022-09-01T08:23:35.511-0800][gc,phases     ] GC(207)   Evacuate Collection Set: 21.6ms
[2022-09-01T08:23:35.511-0800][gc,phases     ] GC(207)   Post Evacuate Collection Set: 17.7ms
[2022-09-01T08:23:35.511-0800][gc,phases     ] GC(207)   Other: 6.9ms
[2022-09-01T08:23:35.511-0800][gc,heap       ] GC(207) Eden regions: 255->0(255)
[2022-09-01T08:23:35.511-0800][gc,heap       ] GC(207) Survivor regions: 1->1(32)
[2022-09-01T08:23:35.511-0800][gc,heap       ] GC(207) Old regions: 40->40
[2022-09-01T08:23:35.511-0800][gc,heap       ] GC(207) Humongous regions: 20->20
[2022-09-01T08:23:35.511-0800][gc,metaspace  ] GC(207) Metaspace: 80443K->80443K(1122304K)
[2022-09-01T08:23:35.511-0800][gc            ] GC(207) Pause Young (Normal) (G1 Evacuation Pause) 314M->59M(512M) 47.058ms
[2022-09-01T08:23:35.511-0800][gc,cpu        ] GC(207) User=0.01s Sys=0.03s Real=0.05s
[2022-09-01T09:03:30.009-0800][gc,start      ] GC(208) Pause Young (Normal) (G1 Evacuation Pause)
[2022-09-01T09:03:30.011-0800][gc,task       ] GC(208) Using 8 workers of 8 for evacuation
[2022-09-01T09:03:30.061-0800][gc,phases     ] GC(208)   Pre Evacuate Collection Set: 1.6ms
[2022-09-01T09:03:30.061-0800][gc,phases     ] GC(208)   Evacuate Collection Set: 32.9ms
[2022-09-01T09:03:30.061-0800][gc,phases     ] GC(208)   Post Evacuate Collection Set: 9.2ms
[2022-09-01T09:03:30.061-0800][gc,phases     ] GC(208)   Other: 10.6ms
[2022-09-01T09:03:30.061-0800][gc,heap       ] GC(208) Eden regions: 255->0(255)
[2022-09-01T09:03:30.061-0800][gc,heap       ] GC(208) Survivor regions: 1->1(32)
[2022-09-01T09:03:30.061-0800][gc,heap       ] GC(208) Old regions: 40->40
[2022-09-01T09:03:30.061-0800][gc,heap       ] GC(208) Humongous regions: 20->20
[2022-09-01T09:03:30.061-0800][gc,metaspace  ] GC(208) Metaspace: 80444K->80444K(1122304K)
[2022-09-01T09:03:30.062-0800][gc            ] GC(208) Pause Young (Normal) (G1 Evacuation Pause) 314M->59M(512M) 52.279ms
[2022-09-01T09:03:30.062-0800][gc,cpu        ] GC(208) User=0.01s Sys=0.05s Real=0.06s
[2022-09-01T09:21:36.262-0800][gc,start      ] GC(209) Pause Young (Normal) (G1 Evacuation Pause)
[2022-09-01T09:21:36.264-0800][gc,task       ] GC(209) Using 8 workers of 8 for evacuation
[2022-09-01T09:21:36.296-0800][gc,phases     ] GC(209)   Pre Evacuate Collection Set: 1.6ms
[2022-09-01T09:21:36.296-0800][gc,phases     ] GC(209)   Evacuate Collection Set: 17.5ms
[2022-09-01T09:21:36.296-0800][gc,phases     ] GC(209)   Post Evacuate Collection Set: 10.5ms
[2022-09-01T09:21:36.297-0800][gc,phases     ] GC(209)   Other: 4.7ms
[2022-09-01T09:21:36.297-0800][gc,heap       ] GC(209) Eden regions: 255->0(255)
[2022-09-01T09:21:36.297-0800][gc,heap       ] GC(209) Survivor regions: 1->1(32)
[2022-09-01T09:21:36.297-0800][gc,heap       ] GC(209) Old regions: 40->40
[2022-09-01T09:21:36.297-0800][gc,heap       ] GC(209) Humongous regions: 20->20
[2022-09-01T09:21:36.297-0800][gc,metaspace  ] GC(209) Metaspace: 80444K->80444K(1122304K)
[2022-09-01T09:21:36.297-0800][gc            ] GC(209) Pause Young (Normal) (G1 Evacuation Pause) 314M->59M(512M) 34.980ms
[2022-09-01T09:21:36.297-0800][gc,cpu        ] GC(209) User=0.03s Sys=0.03s Real=0.03s
[2022-09-01T09:39:49.567-0800][gc,start      ] GC(210) Pause Young (Normal) (G1 Evacuation Pause)
[2022-09-01T09:39:49.568-0800][gc,task       ] GC(210) Using 8 workers of 8 for evacuation
[2022-09-01T09:39:49.589-0800][gc,phases     ] GC(210)   Pre Evacuate Collection Set: 1.5ms
[2022-09-01T09:39:49.589-0800][gc,phases     ] GC(210)   Evacuate Collection Set: 15.3ms
[2022-09-01T09:39:49.589-0800][gc,phases     ] GC(210)   Post Evacuate Collection Set: 2.0ms
[2022-09-01T09:39:49.590-0800][gc,phases     ] GC(210)   Other: 3.6ms
[2022-09-01T09:39:49.590-0800][gc,heap       ] GC(210) Eden regions: 255->0(255)
[2022-09-01T09:39:49.590-0800][gc,heap       ] GC(210) Survivor regions: 1->1(32)
[2022-09-01T09:39:49.590-0800][gc,heap       ] GC(210) Old regions: 40->40
[2022-09-01T09:39:49.590-0800][gc,heap       ] GC(210) Humongous regions: 20->20
[2022-09-01T09:39:49.590-0800][gc,metaspace  ] GC(210) Metaspace: 80444K->80444K(1122304K)
[2022-09-01T09:39:49.590-0800][gc            ] GC(210) Pause Young (Normal) (G1 Evacuation Pause) 314M->59M(512M) 22.669ms
[2022-09-01T09:39:49.590-0800][gc,cpu        ] GC(210) User=0.01s Sys=0.02s Real=0.03s
[2022-09-01T09:57:54.797-0800][gc,start      ] GC(211) Pause Young (Normal) (G1 Evacuation Pause)
[2022-09-01T09:57:54.799-0800][gc,task       ] GC(211) Using 8 workers of 8 for evacuation
[2022-09-01T09:57:54.854-0800][gc,phases     ] GC(211)   Pre Evacuate Collection Set: 2.2ms
[2022-09-01T09:57:54.854-0800][gc,phases     ] GC(211)   Evacuate Collection Set: 40.5ms
[2022-09-01T09:57:54.854-0800][gc,phases     ] GC(211)   Post Evacuate Collection Set: 6.8ms
[2022-09-01T09:57:54.855-0800][gc,phases     ] GC(211)   Other: 8.5ms
[2022-09-01T09:57:54.855-0800][gc,heap       ] GC(211) Eden regions: 255->0(255)
[2022-09-01T09:57:54.855-0800][gc,heap       ] GC(211) Survivor regions: 1->1(32)
[2022-09-01T09:57:54.855-0800][gc,heap       ] GC(211) Old regions: 40->40
[2022-09-01T09:57:54.855-0800][gc,heap       ] GC(211) Humongous regions: 20->20
[2022-09-01T09:57:54.855-0800][gc,metaspace  ] GC(211) Metaspace: 80444K->80444K(1122304K)
[2022-09-01T09:57:54.855-0800][gc            ] GC(211) Pause Young (Normal) (G1 Evacuation Pause) 314M->59M(512M) 58.277ms
[2022-09-01T09:57:54.855-0800][gc,cpu        ] GC(211) User=0.02s Sys=0.04s Real=0.06s
[2022-09-01T10:16:08.523-0800][gc,start      ] GC(212) Pause Young (Normal) (G1 Evacuation Pause)
[2022-09-01T10:16:08.525-0800][gc,task       ] GC(212) Using 8 workers of 8 for evacuation
[2022-09-01T10:16:08.550-0800][gc,phases     ] GC(212)   Pre Evacuate Collection Set: 1.4ms
[2022-09-01T10:16:08.550-0800][gc,phases     ] GC(212)   Evacuate Collection Set: 17.0ms
[2022-09-01T10:16:08.550-0800][gc,phases     ] GC(212)   Post Evacuate Collection Set: 4.4ms
[2022-09-01T10:16:08.550-0800][gc,phases     ] GC(212)   Other: 5.5ms
[2022-09-01T10:16:08.550-0800][gc,heap       ] GC(212) Eden regions: 255->0(255)
[2022-09-01T10:16:08.550-0800][gc,heap       ] GC(212) Survivor regions: 1->1(32)
[2022-09-01T10:16:08.550-0800][gc,heap       ] GC(212) Old regions: 40->40
[2022-09-01T10:16:08.550-0800][gc,heap       ] GC(212) Humongous regions: 20->20
[2022-09-01T10:16:08.550-0800][gc,metaspace  ] GC(212) Metaspace: 80444K->80444K(1122304K)
[2022-09-01T10:16:08.550-0800][gc            ] GC(212) Pause Young (Normal) (G1 Evacuation Pause) 314M->59M(512M) 27.532ms
[2022-09-01T10:16:08.550-0800][gc,cpu        ] GC(212) User=0.06s Sys=0.03s Real=0.03s
[2022-09-01T10:44:32.830-0800][gc,start      ] GC(213) Pause Young (Normal) (G1 Evacuation Pause)
[2022-09-01T10:44:32.832-0800][gc,task       ] GC(213) Using 8 workers of 8 for evacuation
[2022-09-01T10:44:32.876-0800][gc,phases     ] GC(213)   Pre Evacuate Collection Set: 3.4ms
[2022-09-01T10:44:32.876-0800][gc,phases     ] GC(213)   Evacuate Collection Set: 23.7ms
[2022-09-01T10:44:32.876-0800][gc,phases     ] GC(213)   Post Evacuate Collection Set: 12.0ms
[2022-09-01T10:44:32.876-0800][gc,phases     ] GC(213)   Other: 8.1ms
[2022-09-01T10:44:32.876-0800][gc,heap       ] GC(213) Eden regions: 255->0(255)
[2022-09-01T10:44:32.876-0800][gc,heap       ] GC(213) Survivor regions: 1->1(32)
[2022-09-01T10:44:32.876-0800][gc,heap       ] GC(213) Old regions: 40->40
[2022-09-01T10:44:32.876-0800][gc,heap       ] GC(213) Humongous regions: 20->20
[2022-09-01T10:44:32.876-0800][gc,metaspace  ] GC(213) Metaspace: 80446K->80446K(1122304K)
[2022-09-01T10:44:32.877-0800][gc            ] GC(213) Pause Young (Normal) (G1 Evacuation Pause) 314M->59M(512M) 47.122ms
[2022-09-01T10:44:32.877-0800][gc,cpu        ] GC(213) User=0.01s Sys=0.04s Real=0.04s
[2022-09-01T11:02:41.023-0800][gc,start      ] GC(214) Pause Young (Normal) (G1 Evacuation Pause)
[2022-09-01T11:02:41.024-0800][gc,task       ] GC(214) Using 8 workers of 8 for evacuation
[2022-09-01T11:02:41.050-0800][gc,phases     ] GC(214)   Pre Evacuate Collection Set: 2.8ms
[2022-09-01T11:02:41.050-0800][gc,phases     ] GC(214)   Evacuate Collection Set: 12.6ms
[2022-09-01T11:02:41.050-0800][gc,phases     ] GC(214)   Post Evacuate Collection Set: 7.0ms
[2022-09-01T11:02:41.050-0800][gc,phases     ] GC(214)   Other: 4.9ms
[2022-09-01T11:02:41.050-0800][gc,heap       ] GC(214) Eden regions: 255->0(255)
[2022-09-01T11:02:41.050-0800][gc,heap       ] GC(214) Survivor regions: 1->1(32)
[2022-09-01T11:02:41.050-0800][gc,heap       ] GC(214) Old regions: 40->40
[2022-09-01T11:02:41.050-0800][gc,heap       ] GC(214) Humongous regions: 20->20
[2022-09-01T11:02:41.050-0800][gc,metaspace  ] GC(214) Metaspace: 80446K->80446K(1122304K)
[2022-09-01T11:02:41.050-0800][gc            ] GC(214) Pause Young (Normal) (G1 Evacuation Pause) 314M->59M(512M) 27.493ms
[2022-09-01T11:02:41.050-0800][gc,cpu        ] GC(214) User=0.02s Sys=0.03s Real=0.03s
[2022-09-01T11:20:47.032-0800][gc,start      ] GC(215) Pause Young (Normal) (G1 Evacuation Pause)
[2022-09-01T11:20:47.035-0800][gc,task       ] GC(215) Using 8 workers of 8 for evacuation
[2022-09-01T11:20:47.078-0800][gc,phases     ] GC(215)   Pre Evacuate Collection Set: 2.2ms
[2022-09-01T11:20:47.078-0800][gc,phases     ] GC(215)   Evacuate Collection Set: 32.7ms
[2022-09-01T11:20:47.078-0800][gc,phases     ] GC(215)   Post Evacuate Collection Set: 4.1ms
[2022-09-01T11:20:47.078-0800][gc,phases     ] GC(215)   Other: 6.9ms
[2022-09-01T11:20:47.078-0800][gc,heap       ] GC(215) Eden regions: 255->0(255)
[2022-09-01T11:20:47.078-0800][gc,heap       ] GC(215) Survivor regions: 1->1(32)
[2022-09-01T11:20:47.078-0800][gc,heap       ] GC(215) Old regions: 40->40
[2022-09-01T11:20:47.078-0800][gc,heap       ] GC(215) Humongous regions: 20->20
[2022-09-01T11:20:47.078-0800][gc,metaspace  ] GC(215) Metaspace: 80446K->80446K(1122304K)
[2022-09-01T11:20:47.078-0800][gc            ] GC(215) Pause Young (Normal) (G1 Evacuation Pause) 314M->59M(512M) 45.778ms
[2022-09-01T11:20:47.078-0800][gc,cpu        ] GC(215) User=0.01s Sys=0.01s Real=0.04s
[2022-09-01T11:38:55.884-0800][gc,start      ] GC(216) Pause Young (Normal) (G1 Evacuation Pause)
[2022-09-01T11:38:55.885-0800][gc,task       ] GC(216) Using 8 workers of 8 for evacuation
[2022-09-01T11:38:55.941-0800][gc,phases     ] GC(216)   Pre Evacuate Collection Set: 1.3ms
[2022-09-01T11:38:55.941-0800][gc,phases     ] GC(216)   Evacuate Collection Set: 42.9ms
[2022-09-01T11:38:55.941-0800][gc,phases     ] GC(216)   Post Evacuate Collection Set: 8.0ms
[2022-09-01T11:38:55.941-0800][gc,phases     ] GC(216)   Other: 6.2ms
[2022-09-01T11:38:55.941-0800][gc,heap       ] GC(216) Eden regions: 255->0(255)
[2022-09-01T11:38:55.941-0800][gc,heap       ] GC(216) Survivor regions: 1->1(32)
[2022-09-01T11:38:55.941-0800][gc,heap       ] GC(216) Old regions: 40->40
[2022-09-01T11:38:55.941-0800][gc,heap       ] GC(216) Humongous regions: 20->20
[2022-09-01T11:38:55.941-0800][gc,metaspace  ] GC(216) Metaspace: 80448K->80448K(1122304K)
[2022-09-01T11:38:55.941-0800][gc            ] GC(216) Pause Young (Normal) (G1 Evacuation Pause) 314M->59M(512M) 57.124ms
[2022-09-01T11:38:55.941-0800][gc,cpu        ] GC(216) User=0.11s Sys=0.05s Real=0.06s
[2022-09-01T11:57:09.394-0800][gc,start      ] GC(217) Pause Young (Normal) (G1 Evacuation Pause)
[2022-09-01T11:57:09.396-0800][gc,task       ] GC(217) Using 8 workers of 8 for evacuation
[2022-09-01T11:57:09.435-0800][gc,phases     ] GC(217)   Pre Evacuate Collection Set: 1.7ms
[2022-09-01T11:57:09.435-0800][gc,phases     ] GC(217)   Evacuate Collection Set: 26.3ms
[2022-09-01T11:57:09.435-0800][gc,phases     ] GC(217)   Post Evacuate Collection Set: 7.8ms
[2022-09-01T11:57:09.435-0800][gc,phases     ] GC(217)   Other: 5.6ms
[2022-09-01T11:57:09.435-0800][gc,heap       ] GC(217) Eden regions: 255->0(255)
[2022-09-01T11:57:09.435-0800][gc,heap       ] GC(217) Survivor regions: 1->1(32)
[2022-09-01T11:57:09.435-0800][gc,heap       ] GC(217) Old regions: 40->40
[2022-09-01T11:57:09.435-0800][gc,heap       ] GC(217) Humongous regions: 20->20
[2022-09-01T11:57:09.435-0800][gc,metaspace  ] GC(217) Metaspace: 80448K->80448K(1122304K)
[2022-09-01T11:57:09.435-0800][gc            ] GC(217) Pause Young (Normal) (G1 Evacuation Pause) 314M->59M(512M) 40.892ms
[2022-09-01T11:57:09.435-0800][gc,cpu        ] GC(217) User=0.01s Sys=0.02s Real=0.04s
[2022-09-01T12:15:15.960-0800][gc,start      ] GC(218) Pause Young (Normal) (G1 Evacuation Pause)
[2022-09-01T12:15:15.961-0800][gc,task       ] GC(218) Using 8 workers of 8 for evacuation
[2022-09-01T12:15:15.987-0800][gc,phases     ] GC(218)   Pre Evacuate Collection Set: 2.1ms
[2022-09-01T12:15:15.987-0800][gc,phases     ] GC(218)   Evacuate Collection Set: 12.6ms
[2022-09-01T12:15:15.987-0800][gc,phases     ] GC(218)   Post Evacuate Collection Set: 7.4ms
[2022-09-01T12:15:15.987-0800][gc,phases     ] GC(218)   Other: 5.3ms
[2022-09-01T12:15:15.987-0800][gc,heap       ] GC(218) Eden regions: 255->0(255)
[2022-09-01T12:15:15.987-0800][gc,heap       ] GC(218) Survivor regions: 1->1(32)
[2022-09-01T12:15:15.987-0800][gc,heap       ] GC(218) Old regions: 40->40
[2022-09-01T12:15:15.987-0800][gc,heap       ] GC(218) Humongous regions: 20->20
[2022-09-01T12:15:15.987-0800][gc,metaspace  ] GC(218) Metaspace: 80452K->80452K(1122304K)
[2022-09-01T12:15:15.988-0800][gc            ] GC(218) Pause Young (Normal) (G1 Evacuation Pause) 314M->59M(512M) 27.171ms
[2022-09-01T12:15:15.988-0800][gc,cpu        ] GC(218) User=0.01s Sys=0.03s Real=0.02s
[2022-09-01T12:54:30.357-0800][gc,start      ] GC(219) Pause Young (Normal) (G1 Evacuation Pause)
[2022-09-01T12:54:30.358-0800][gc,task       ] GC(219) Using 8 workers of 8 for evacuation
[2022-09-01T12:54:30.395-0800][gc,phases     ] GC(219)   Pre Evacuate Collection Set: 1.1ms
[2022-09-01T12:54:30.396-0800][gc,phases     ] GC(219)   Evacuate Collection Set: 24.4ms
[2022-09-01T12:54:30.396-0800][gc,phases     ] GC(219)   Post Evacuate Collection Set: 8.5ms
[2022-09-01T12:54:30.396-0800][gc,phases     ] GC(219)   Other: 5.3ms
[2022-09-01T12:54:30.396-0800][gc,heap       ] GC(219) Eden regions: 255->0(255)
[2022-09-01T12:54:30.396-0800][gc,heap       ] GC(219) Survivor regions: 1->1(32)
[2022-09-01T12:54:30.396-0800][gc,heap       ] GC(219) Old regions: 40->40
[2022-09-01T12:54:30.396-0800][gc,heap       ] GC(219) Humongous regions: 20->20
[2022-09-01T12:54:30.396-0800][gc,metaspace  ] GC(219) Metaspace: 80453K->80453K(1122304K)
[2022-09-01T12:54:30.396-0800][gc            ] GC(219) Pause Young (Normal) (G1 Evacuation Pause) 314M->59M(512M) 38.677ms
[2022-09-01T12:54:30.396-0800][gc,cpu        ] GC(219) User=0.01s Sys=0.03s Real=0.04s
[2022-09-01T13:45:26.921-0800][gc,start      ] GC(220) Pause Young (Normal) (G1 Evacuation Pause)
[2022-09-01T13:45:26.924-0800][gc,task       ] GC(220) Using 8 workers of 8 for evacuation
[2022-09-01T13:45:26.965-0800][gc,phases     ] GC(220)   Pre Evacuate Collection Set: 1.3ms
[2022-09-01T13:45:26.965-0800][gc,phases     ] GC(220)   Evacuate Collection Set: 27.5ms
[2022-09-01T13:45:26.965-0800][gc,phases     ] GC(220)   Post Evacuate Collection Set: 7.4ms
[2022-09-01T13:45:26.965-0800][gc,phases     ] GC(220)   Other: 7.9ms
[2022-09-01T13:45:26.965-0800][gc,heap       ] GC(220) Eden regions: 255->0(255)
[2022-09-01T13:45:26.965-0800][gc,heap       ] GC(220) Survivor regions: 1->1(32)
[2022-09-01T13:45:26.965-0800][gc,heap       ] GC(220) Old regions: 40->40
[2022-09-01T13:45:26.965-0800][gc,heap       ] GC(220) Humongous regions: 20->20
[2022-09-01T13:45:26.965-0800][gc,metaspace  ] GC(220) Metaspace: 80457K->80457K(1122304K)
[2022-09-01T13:45:26.966-0800][gc            ] GC(220) Pause Young (Normal) (G1 Evacuation Pause) 314M->59M(512M) 44.068ms
[2022-09-01T13:45:26.966-0800][gc,cpu        ] GC(220) User=0.02s Sys=0.03s Real=0.04s
[2022-09-01T14:03:38.976-0800][gc,start      ] GC(221) Pause Young (Normal) (G1 Evacuation Pause)
[2022-09-01T14:03:38.977-0800][gc,task       ] GC(221) Using 8 workers of 8 for evacuation
[2022-09-01T14:03:38.992-0800][gc,phases     ] GC(221)   Pre Evacuate Collection Set: 0.7ms
[2022-09-01T14:03:38.992-0800][gc,phases     ] GC(221)   Evacuate Collection Set: 8.9ms
[2022-09-01T14:03:38.992-0800][gc,phases     ] GC(221)   Post Evacuate Collection Set: 4.7ms
[2022-09-01T14:03:38.992-0800][gc,phases     ] GC(221)   Other: 2.5ms
[2022-09-01T14:03:38.992-0800][gc,heap       ] GC(221) Eden regions: 255->0(255)
[2022-09-01T14:03:38.992-0800][gc,heap       ] GC(221) Survivor regions: 1->1(32)
[2022-09-01T14:03:38.992-0800][gc,heap       ] GC(221) Old regions: 40->40
[2022-09-01T14:03:38.993-0800][gc,heap       ] GC(221) Humongous regions: 20->20
[2022-09-01T14:03:38.993-0800][gc,metaspace  ] GC(221) Metaspace: 80457K->80457K(1122304K)
[2022-09-01T14:03:38.993-0800][gc            ] GC(221) Pause Young (Normal) (G1 Evacuation Pause) 314M->59M(512M) 16.942ms
[2022-09-01T14:03:38.993-0800][gc,cpu        ] GC(221) User=0.01s Sys=0.02s Real=0.02s
[2022-09-01T14:21:51.589-0800][gc,start      ] GC(222) Pause Young (Normal) (G1 Evacuation Pause)
[2022-09-01T14:21:51.590-0800][gc,task       ] GC(222) Using 8 workers of 8 for evacuation
[2022-09-01T14:21:51.615-0800][gc,phases     ] GC(222)   Pre Evacuate Collection Set: 1.3ms
[2022-09-01T14:21:51.615-0800][gc,phases     ] GC(222)   Evacuate Collection Set: 14.3ms
[2022-09-01T14:21:51.615-0800][gc,phases     ] GC(222)   Post Evacuate Collection Set: 5.9ms
[2022-09-01T14:21:51.615-0800][gc,phases     ] GC(222)   Other: 5.3ms
[2022-09-01T14:21:51.615-0800][gc,heap       ] GC(222) Eden regions: 255->0(255)
[2022-09-01T14:21:51.615-0800][gc,heap       ] GC(222) Survivor regions: 1->1(32)
[2022-09-01T14:21:51.615-0800][gc,heap       ] GC(222) Old regions: 40->40
[2022-09-01T14:21:51.615-0800][gc,heap       ] GC(222) Humongous regions: 20->20
[2022-09-01T14:21:51.616-0800][gc,metaspace  ] GC(222) Metaspace: 80457K->80457K(1122304K)
[2022-09-01T14:21:51.616-0800][gc            ] GC(222) Pause Young (Normal) (G1 Evacuation Pause) 314M->59M(512M) 27.000ms
[2022-09-01T14:21:51.616-0800][gc,cpu        ] GC(222) User=0.03s Sys=0.03s Real=0.03s
[2022-09-01T14:40:00.283-0800][gc,start      ] GC(223) Pause Young (Normal) (G1 Evacuation Pause)
[2022-09-01T14:40:00.286-0800][gc,task       ] GC(223) Using 8 workers of 8 for evacuation
[2022-09-01T14:40:00.346-0800][gc,phases     ] GC(223)   Pre Evacuate Collection Set: 2.8ms
[2022-09-01T14:40:00.346-0800][gc,phases     ] GC(223)   Evacuate Collection Set: 29.5ms
[2022-09-01T14:40:00.346-0800][gc,phases     ] GC(223)   Post Evacuate Collection Set: 23.2ms
[2022-09-01T14:40:00.346-0800][gc,phases     ] GC(223)   Other: 8.4ms
[2022-09-01T14:40:00.346-0800][gc,heap       ] GC(223) Eden regions: 255->0(255)
[2022-09-01T14:40:00.346-0800][gc,heap       ] GC(223) Survivor regions: 1->1(32)
[2022-09-01T14:40:00.346-0800][gc,heap       ] GC(223) Old regions: 40->40
[2022-09-01T14:40:00.346-0800][gc,heap       ] GC(223) Humongous regions: 20->20
[2022-09-01T14:40:00.347-0800][gc,metaspace  ] GC(223) Metaspace: 80463K->80463K(1122304K)
[2022-09-01T14:40:00.347-0800][gc            ] GC(223) Pause Young (Normal) (G1 Evacuation Pause) 314M->59M(512M) 63.348ms
[2022-09-01T14:40:00.347-0800][gc,cpu        ] GC(223) User=0.01s Sys=0.04s Real=0.06s
[2022-09-01T14:58:12.290-0800][gc,start      ] GC(224) Pause Young (Normal) (G1 Evacuation Pause)
[2022-09-01T14:58:12.291-0800][gc,task       ] GC(224) Using 8 workers of 8 for evacuation
[2022-09-01T14:58:12.327-0800][gc,phases     ] GC(224)   Pre Evacuate Collection Set: 1.1ms
[2022-09-01T14:58:12.327-0800][gc,phases     ] GC(224)   Evacuate Collection Set: 26.0ms
[2022-09-01T14:58:12.327-0800][gc,phases     ] GC(224)   Post Evacuate Collection Set: 4.9ms
[2022-09-01T14:58:12.327-0800][gc,phases     ] GC(224)   Other: 5.1ms
[2022-09-01T14:58:12.327-0800][gc,heap       ] GC(224) Eden regions: 255->0(255)
[2022-09-01T14:58:12.327-0800][gc,heap       ] GC(224) Survivor regions: 1->1(32)
[2022-09-01T14:58:12.327-0800][gc,heap       ] GC(224) Old regions: 40->40
[2022-09-01T14:58:12.327-0800][gc,heap       ] GC(224) Humongous regions: 20->20
[2022-09-01T14:58:12.327-0800][gc,metaspace  ] GC(224) Metaspace: 80463K->80463K(1122304K)
[2022-09-01T14:58:12.329-0800][gc            ] GC(224) Pause Young (Normal) (G1 Evacuation Pause) 314M->59M(512M) 37.221ms
[2022-09-01T14:58:12.329-0800][gc,cpu        ] GC(224) User=0.04s Sys=0.04s Real=0.03s
[2022-09-01T15:16:19.373-0800][gc,start      ] GC(225) Pause Young (Normal) (G1 Evacuation Pause)
[2022-09-01T15:16:19.375-0800][gc,task       ] GC(225) Using 8 workers of 8 for evacuation
[2022-09-01T15:16:19.404-0800][gc,phases     ] GC(225)   Pre Evacuate Collection Set: 2.0ms
[2022-09-01T15:16:19.404-0800][gc,phases     ] GC(225)   Evacuate Collection Set: 20.8ms
[2022-09-01T15:16:19.404-0800][gc,phases     ] GC(225)   Post Evacuate Collection Set: 4.1ms
[2022-09-01T15:16:19.404-0800][gc,phases     ] GC(225)   Other: 4.3ms
[2022-09-01T15:16:19.404-0800][gc,heap       ] GC(225) Eden regions: 255->0(255)
[2022-09-01T15:16:19.404-0800][gc,heap       ] GC(225) Survivor regions: 1->1(32)
[2022-09-01T15:16:19.404-0800][gc,heap       ] GC(225) Old regions: 40->40
[2022-09-01T15:16:19.404-0800][gc,heap       ] GC(225) Humongous regions: 20->20
[2022-09-01T15:16:19.404-0800][gc,metaspace  ] GC(225) Metaspace: 80463K->80463K(1122304K)
[2022-09-01T15:16:19.404-0800][gc            ] GC(225) Pause Young (Normal) (G1 Evacuation Pause) 314M->59M(512M) 31.259ms
[2022-09-01T15:16:19.404-0800][gc,cpu        ] GC(225) User=0.03s Sys=0.02s Real=0.03s
[2022-09-01T15:50:58.036-0800][gc,start      ] GC(226) Pause Young (Normal) (G1 Evacuation Pause)
[2022-09-01T15:50:58.037-0800][gc,task       ] GC(226) Using 8 workers of 8 for evacuation
[2022-09-01T15:50:58.364-0800][gc,mmu        ] GC(226) MMU target violated: 201.0ms (200.0ms/201.0ms)
[2022-09-01T15:50:58.364-0800][gc,phases     ] GC(226)   Pre Evacuate Collection Set: 1.5ms
[2022-09-01T15:50:58.364-0800][gc,phases     ] GC(226)   Evacuate Collection Set: 63.5ms
[2022-09-01T15:50:58.364-0800][gc,phases     ] GC(226)   Post Evacuate Collection Set: 245.1ms
[2022-09-01T15:50:58.364-0800][gc,phases     ] GC(226)   Other: 18.5ms
[2022-09-01T15:50:58.364-0800][gc,heap       ] GC(226) Eden regions: 255->0(255)
[2022-09-01T15:50:58.364-0800][gc,heap       ] GC(226) Survivor regions: 1->1(32)
[2022-09-01T15:50:58.364-0800][gc,heap       ] GC(226) Old regions: 40->40
[2022-09-01T15:50:58.364-0800][gc,heap       ] GC(226) Humongous regions: 20->20
[2022-09-01T15:50:58.364-0800][gc,metaspace  ] GC(226) Metaspace: 80465K->80465K(1122304K)
[2022-09-01T15:50:58.364-0800][gc            ] GC(226) Pause Young (Normal) (G1 Evacuation Pause) 314M->60M(512M) 328.052ms
[2022-09-01T15:50:58.364-0800][gc,cpu        ] GC(226) User=0.08s Sys=0.06s Real=0.33s
[2022-09-01T16:43:41.835-0800][gc,start      ] GC(227) Pause Young (Normal) (G1 Evacuation Pause)
[2022-09-01T16:43:41.839-0800][gc,task       ] GC(227) Using 8 workers of 8 for evacuation
[2022-09-01T16:43:41.875-0800][gc,phases     ] GC(227)   Pre Evacuate Collection Set: 1.7ms
[2022-09-01T16:43:41.875-0800][gc,phases     ] GC(227)   Evacuate Collection Set: 26.7ms
[2022-09-01T16:43:41.875-0800][gc,phases     ] GC(227)   Post Evacuate Collection Set: 4.0ms
[2022-09-01T16:43:41.875-0800][gc,phases     ] GC(227)   Other: 7.5ms
[2022-09-01T16:43:41.875-0800][gc,heap       ] GC(227) Eden regions: 255->0(255)
[2022-09-01T16:43:41.875-0800][gc,heap       ] GC(227) Survivor regions: 1->1(32)
[2022-09-01T16:43:41.875-0800][gc,heap       ] GC(227) Old regions: 40->40
[2022-09-01T16:43:41.875-0800][gc,heap       ] GC(227) Humongous regions: 20->20
[2022-09-01T16:43:41.875-0800][gc,metaspace  ] GC(227) Metaspace: 80474K->80474K(1122304K)
[2022-09-01T16:43:41.875-0800][gc            ] GC(227) Pause Young (Normal) (G1 Evacuation Pause) 315M->59M(512M) 39.901ms
[2022-09-01T16:43:41.875-0800][gc,cpu        ] GC(227) User=0.06s Sys=0.04s Real=0.04s
[2022-09-01T17:10:32.415-0800][gc,start      ] GC(228) Pause Young (Normal) (G1 Evacuation Pause)
[2022-09-01T17:10:32.417-0800][gc,task       ] GC(228) Using 8 workers of 8 for evacuation
[2022-09-01T17:10:32.480-0800][gc,phases     ] GC(228)   Pre Evacuate Collection Set: 3.1ms
[2022-09-01T17:10:32.480-0800][gc,phases     ] GC(228)   Evacuate Collection Set: 37.6ms
[2022-09-01T17:10:32.480-0800][gc,phases     ] GC(228)   Post Evacuate Collection Set: 15.5ms
[2022-09-01T17:10:32.480-0800][gc,phases     ] GC(228)   Other: 8.7ms
[2022-09-01T17:10:32.480-0800][gc,heap       ] GC(228) Eden regions: 255->0(255)
[2022-09-01T17:10:32.480-0800][gc,heap       ] GC(228) Survivor regions: 1->1(32)
[2022-09-01T17:10:32.480-0800][gc,heap       ] GC(228) Old regions: 40->40
[2022-09-01T17:10:32.480-0800][gc,heap       ] GC(228) Humongous regions: 20->20
[2022-09-01T17:10:32.480-0800][gc,metaspace  ] GC(228) Metaspace: 80476K->80476K(1122304K)
[2022-09-01T17:10:32.481-0800][gc            ] GC(228) Pause Young (Normal) (G1 Evacuation Pause) 314M->59M(512M) 65.797ms
[2022-09-01T17:10:32.481-0800][gc,cpu        ] GC(228) User=0.02s Sys=0.04s Real=0.07s
[2022-09-01T17:28:42.183-0800][gc,start      ] GC(229) Pause Young (Normal) (G1 Evacuation Pause)
[2022-09-01T17:28:42.184-0800][gc,task       ] GC(229) Using 8 workers of 8 for evacuation
[2022-09-01T17:28:42.232-0800][gc,phases     ] GC(229)   Pre Evacuate Collection Set: 1.5ms
[2022-09-01T17:28:42.232-0800][gc,phases     ] GC(229)   Evacuate Collection Set: 34.8ms
[2022-09-01T17:28:42.232-0800][gc,phases     ] GC(229)   Post Evacuate Collection Set: 7.7ms
[2022-09-01T17:28:42.232-0800][gc,phases     ] GC(229)   Other: 5.4ms
[2022-09-01T17:28:42.232-0800][gc,heap       ] GC(229) Eden regions: 255->0(255)
[2022-09-01T17:28:42.232-0800][gc,heap       ] GC(229) Survivor regions: 1->1(32)
[2022-09-01T17:28:42.232-0800][gc,heap       ] GC(229) Old regions: 40->40
[2022-09-01T17:28:42.232-0800][gc,heap       ] GC(229) Humongous regions: 20->20
[2022-09-01T17:28:42.232-0800][gc,metaspace  ] GC(229) Metaspace: 80477K->80477K(1122304K)
[2022-09-01T17:28:42.232-0800][gc            ] GC(229) Pause Young (Normal) (G1 Evacuation Pause) 314M->59M(512M) 49.439ms
[2022-09-01T17:28:42.232-0800][gc,cpu        ] GC(229) User=0.07s Sys=0.03s Real=0.05s
[2022-09-01T17:46:53.667-0800][gc,start      ] GC(230) Pause Young (Normal) (G1 Evacuation Pause)
[2022-09-01T17:46:53.669-0800][gc,task       ] GC(230) Using 8 workers of 8 for evacuation
[2022-09-01T17:46:53.704-0800][gc,phases     ] GC(230)   Pre Evacuate Collection Set: 3.3ms
[2022-09-01T17:46:53.704-0800][gc,phases     ] GC(230)   Evacuate Collection Set: 16.7ms
[2022-09-01T17:46:53.704-0800][gc,phases     ] GC(230)   Post Evacuate Collection Set: 10.1ms
[2022-09-01T17:46:53.704-0800][gc,phases     ] GC(230)   Other: 7.2ms
[2022-09-01T17:46:53.704-0800][gc,heap       ] GC(230) Eden regions: 255->0(255)
[2022-09-01T17:46:53.704-0800][gc,heap       ] GC(230) Survivor regions: 1->1(32)
[2022-09-01T17:46:53.704-0800][gc,heap       ] GC(230) Old regions: 40->40
[2022-09-01T17:46:53.704-0800][gc,heap       ] GC(230) Humongous regions: 20->20
[2022-09-01T17:46:53.704-0800][gc,metaspace  ] GC(230) Metaspace: 80477K->80477K(1122304K)
[2022-09-01T17:46:53.705-0800][gc            ] GC(230) Pause Young (Normal) (G1 Evacuation Pause) 314M->59M(512M) 37.546ms
[2022-09-01T17:46:53.705-0800][gc,cpu        ] GC(230) User=0.02s Sys=0.04s Real=0.04s
[2022-09-01T18:05:03.173-0800][gc,start      ] GC(231) Pause Young (Normal) (G1 Evacuation Pause)
[2022-09-01T18:05:03.174-0800][gc,task       ] GC(231) Using 8 workers of 8 for evacuation
[2022-09-01T18:05:03.185-0800][gc,phases     ] GC(231)   Pre Evacuate Collection Set: 1.2ms
[2022-09-01T18:05:03.185-0800][gc,phases     ] GC(231)   Evacuate Collection Set: 4.7ms
[2022-09-01T18:05:03.185-0800][gc,phases     ] GC(231)   Post Evacuate Collection Set: 3.4ms
[2022-09-01T18:05:03.185-0800][gc,phases     ] GC(231)   Other: 2.6ms
[2022-09-01T18:05:03.185-0800][gc,heap       ] GC(231) Eden regions: 255->0(255)
[2022-09-01T18:05:03.185-0800][gc,heap       ] GC(231) Survivor regions: 1->1(32)
[2022-09-01T18:05:03.185-0800][gc,heap       ] GC(231) Old regions: 40->40
[2022-09-01T18:05:03.185-0800][gc,heap       ] GC(231) Humongous regions: 20->20
[2022-09-01T18:05:03.185-0800][gc,metaspace  ] GC(231) Metaspace: 80477K->80477K(1122304K)
[2022-09-01T18:05:03.185-0800][gc            ] GC(231) Pause Young (Normal) (G1 Evacuation Pause) 314M->60M(512M) 12.071ms
[2022-09-01T18:05:03.185-0800][gc,cpu        ] GC(231) User=0.01s Sys=0.01s Real=0.01s
[2022-09-01T18:23:21.670-0800][gc,start      ] GC(232) Pause Young (Normal) (G1 Evacuation Pause)
[2022-09-01T18:23:21.672-0800][gc,task       ] GC(232) Using 8 workers of 8 for evacuation
[2022-09-01T18:23:21.717-0800][gc,phases     ] GC(232)   Pre Evacuate Collection Set: 1.7ms
[2022-09-01T18:23:21.717-0800][gc,phases     ] GC(232)   Evacuate Collection Set: 34.4ms
[2022-09-01T18:23:21.717-0800][gc,phases     ] GC(232)   Post Evacuate Collection Set: 4.4ms
[2022-09-01T18:23:21.717-0800][gc,phases     ] GC(232)   Other: 8.4ms
[2022-09-01T18:23:21.717-0800][gc,heap       ] GC(232) Eden regions: 255->0(255)
[2022-09-01T18:23:21.717-0800][gc,heap       ] GC(232) Survivor regions: 1->1(32)
[2022-09-01T18:23:21.717-0800][gc,heap       ] GC(232) Old regions: 40->40
[2022-09-01T18:23:21.717-0800][gc,heap       ] GC(232) Humongous regions: 20->20
[2022-09-01T18:23:21.717-0800][gc,metaspace  ] GC(232) Metaspace: 80477K->80477K(1122304K)
[2022-09-01T18:23:21.718-0800][gc            ] GC(232) Pause Young (Normal) (G1 Evacuation Pause) 315M->60M(512M) 48.271ms
[2022-09-01T18:23:21.718-0800][gc,cpu        ] GC(232) User=0.01s Sys=0.03s Real=0.05s
[2022-09-01T18:48:00.494-0800][gc,start      ] GC(233) Pause Young (Normal) (G1 Evacuation Pause)
[2022-09-01T18:48:00.497-0800][gc,task       ] GC(233) Using 8 workers of 8 for evacuation
[2022-09-01T18:48:00.523-0800][gc,phases     ] GC(233)   Pre Evacuate Collection Set: 2.7ms
[2022-09-01T18:48:00.523-0800][gc,phases     ] GC(233)   Evacuate Collection Set: 14.6ms
[2022-09-01T18:48:00.523-0800][gc,phases     ] GC(233)   Post Evacuate Collection Set: 7.2ms
[2022-09-01T18:48:00.523-0800][gc,phases     ] GC(233)   Other: 4.5ms
[2022-09-01T18:48:00.523-0800][gc,heap       ] GC(233) Eden regions: 255->0(255)
[2022-09-01T18:48:00.523-0800][gc,heap       ] GC(233) Survivor regions: 1->1(32)
[2022-09-01T18:48:00.523-0800][gc,heap       ] GC(233) Old regions: 40->40
[2022-09-01T18:48:00.523-0800][gc,heap       ] GC(233) Humongous regions: 20->20
[2022-09-01T18:48:00.523-0800][gc,metaspace  ] GC(233) Metaspace: 80531K->80531K(1122304K)
[2022-09-01T18:48:00.523-0800][gc            ] GC(233) Pause Young (Normal) (G1 Evacuation Pause) 315M->60M(512M) 29.154ms
[2022-09-01T18:48:00.523-0800][gc,cpu        ] GC(233) User=0.02s Sys=0.03s Real=0.03s
[2022-09-01T19:21:43.571-0800][gc,start      ] GC(234) Pause Young (Normal) (G1 Evacuation Pause)
[2022-09-01T19:21:43.572-0800][gc,task       ] GC(234) Using 8 workers of 8 for evacuation
[2022-09-01T19:21:43.615-0800][gc,phases     ] GC(234)   Pre Evacuate Collection Set: 2.5ms
[2022-09-01T19:21:43.615-0800][gc,phases     ] GC(234)   Evacuate Collection Set: 23.4ms
[2022-09-01T19:21:43.615-0800][gc,phases     ] GC(234)   Post Evacuate Collection Set: 11.8ms
[2022-09-01T19:21:43.615-0800][gc,phases     ] GC(234)   Other: 7.2ms
[2022-09-01T19:21:43.615-0800][gc,heap       ] GC(234) Eden regions: 255->0(255)
[2022-09-01T19:21:43.615-0800][gc,heap       ] GC(234) Survivor regions: 1->1(32)
[2022-09-01T19:21:43.615-0800][gc,heap       ] GC(234) Old regions: 40->40
[2022-09-01T19:21:43.615-0800][gc,heap       ] GC(234) Humongous regions: 20->20
[2022-09-01T19:21:43.615-0800][gc,metaspace  ] GC(234) Metaspace: 80538K->80538K(1122304K)
[2022-09-01T19:21:43.615-0800][gc            ] GC(234) Pause Young (Normal) (G1 Evacuation Pause) 315M->60M(512M) 44.405ms
[2022-09-01T19:21:43.615-0800][gc,cpu        ] GC(234) User=0.03s Sys=0.03s Real=0.04s
[2022-09-01T19:39:54.462-0800][gc,start      ] GC(235) Pause Young (Normal) (G1 Evacuation Pause)
[2022-09-01T19:39:54.463-0800][gc,task       ] GC(235) Using 8 workers of 8 for evacuation
[2022-09-01T19:39:54.495-0800][gc,phases     ] GC(235)   Pre Evacuate Collection Set: 1.8ms
[2022-09-01T19:39:54.495-0800][gc,phases     ] GC(235)   Evacuate Collection Set: 20.2ms
[2022-09-01T19:39:54.495-0800][gc,phases     ] GC(235)   Post Evacuate Collection Set: 6.6ms
[2022-09-01T19:39:54.495-0800][gc,phases     ] GC(235)   Other: 5.2ms
[2022-09-01T19:39:54.495-0800][gc,heap       ] GC(235) Eden regions: 255->0(255)
[2022-09-01T19:39:54.495-0800][gc,heap       ] GC(235) Survivor regions: 1->1(32)
[2022-09-01T19:39:54.495-0800][gc,heap       ] GC(235) Old regions: 40->40
[2022-09-01T19:39:54.495-0800][gc,heap       ] GC(235) Humongous regions: 20->20
[2022-09-01T19:39:54.495-0800][gc,metaspace  ] GC(235) Metaspace: 80538K->80538K(1122304K)
[2022-09-01T19:39:54.495-0800][gc            ] GC(235) Pause Young (Normal) (G1 Evacuation Pause) 315M->60M(512M) 33.274ms
[2022-09-01T19:39:54.495-0800][gc,cpu        ] GC(235) User=0.07s Sys=0.03s Real=0.03s
[2022-09-01T19:58:05.398-0800][gc,start      ] GC(236) Pause Young (Normal) (G1 Evacuation Pause)
[2022-09-01T19:58:05.400-0800][gc,task       ] GC(236) Using 8 workers of 8 for evacuation
[2022-09-01T19:58:05.425-0800][gc,phases     ] GC(236)   Pre Evacuate Collection Set: 0.9ms
[2022-09-01T19:58:05.425-0800][gc,phases     ] GC(236)   Evacuate Collection Set: 16.3ms
[2022-09-01T19:58:05.425-0800][gc,phases     ] GC(236)   Post Evacuate Collection Set: 5.5ms
[2022-09-01T19:58:05.425-0800][gc,phases     ] GC(236)   Other: 4.4ms
[2022-09-01T19:58:05.425-0800][gc,heap       ] GC(236) Eden regions: 255->0(255)
[2022-09-01T19:58:05.425-0800][gc,heap       ] GC(236) Survivor regions: 1->1(32)
[2022-09-01T19:58:05.425-0800][gc,heap       ] GC(236) Old regions: 40->40
[2022-09-01T19:58:05.425-0800][gc,heap       ] GC(236) Humongous regions: 20->20
[2022-09-01T19:58:05.425-0800][gc,metaspace  ] GC(236) Metaspace: 80538K->80538K(1122304K)
[2022-09-01T19:58:05.425-0800][gc            ] GC(236) Pause Young (Normal) (G1 Evacuation Pause) 315M->60M(512M) 27.495ms
[2022-09-01T19:58:05.425-0800][gc,cpu        ] GC(236) User=0.05s Sys=0.03s Real=0.03s
[2022-09-01T20:16:13.534-0800][gc,start      ] GC(237) Pause Young (Normal) (G1 Evacuation Pause)
[2022-09-01T20:16:13.535-0800][gc,task       ] GC(237) Using 8 workers of 8 for evacuation
[2022-09-01T20:16:13.559-0800][gc,phases     ] GC(237)   Pre Evacuate Collection Set: 1.0ms
[2022-09-01T20:16:13.559-0800][gc,phases     ] GC(237)   Evacuate Collection Set: 13.2ms
[2022-09-01T20:16:13.559-0800][gc,phases     ] GC(237)   Post Evacuate Collection Set: 8.0ms
[2022-09-01T20:16:13.559-0800][gc,phases     ] GC(237)   Other: 2.8ms
[2022-09-01T20:16:13.559-0800][gc,heap       ] GC(237) Eden regions: 255->0(255)
[2022-09-01T20:16:13.559-0800][gc,heap       ] GC(237) Survivor regions: 1->1(32)
[2022-09-01T20:16:13.559-0800][gc,heap       ] GC(237) Old regions: 40->40
[2022-09-01T20:16:13.559-0800][gc,heap       ] GC(237) Humongous regions: 20->20
[2022-09-01T20:16:13.559-0800][gc,metaspace  ] GC(237) Metaspace: 80538K->80538K(1122304K)
[2022-09-01T20:16:13.560-0800][gc            ] GC(237) Pause Young (Normal) (G1 Evacuation Pause) 315M->60M(512M) 25.521ms
[2022-09-01T20:16:13.560-0800][gc,cpu        ] GC(237) User=0.02s Sys=0.02s Real=0.03s
[2022-09-01T20:34:23.362-0800][gc,start      ] GC(238) Pause Young (Normal) (G1 Evacuation Pause)
[2022-09-01T20:34:23.363-0800][gc,task       ] GC(238) Using 8 workers of 8 for evacuation
[2022-09-01T20:34:23.383-0800][gc,phases     ] GC(238)   Pre Evacuate Collection Set: 0.8ms
[2022-09-01T20:34:23.383-0800][gc,phases     ] GC(238)   Evacuate Collection Set: 9.8ms
[2022-09-01T20:34:23.383-0800][gc,phases     ] GC(238)   Post Evacuate Collection Set: 5.9ms
[2022-09-01T20:34:23.383-0800][gc,phases     ] GC(238)   Other: 5.4ms
[2022-09-01T20:34:23.383-0800][gc,heap       ] GC(238) Eden regions: 255->0(255)
[2022-09-01T20:34:23.383-0800][gc,heap       ] GC(238) Survivor regions: 1->1(32)
[2022-09-01T20:34:23.383-0800][gc,heap       ] GC(238) Old regions: 40->40
[2022-09-01T20:34:23.383-0800][gc,heap       ] GC(238) Humongous regions: 20->20
[2022-09-01T20:34:23.383-0800][gc,metaspace  ] GC(238) Metaspace: 80538K->80538K(1122304K)
[2022-09-01T20:34:23.383-0800][gc            ] GC(238) Pause Young (Normal) (G1 Evacuation Pause) 315M->60M(512M) 21.303ms
[2022-09-01T20:34:23.383-0800][gc,cpu        ] GC(238) User=0.01s Sys=0.02s Real=0.02s
[2022-09-01T20:52:33.252-0800][gc,start      ] GC(239) Pause Young (Normal) (G1 Evacuation Pause)
[2022-09-01T20:52:33.253-0800][gc,task       ] GC(239) Using 8 workers of 8 for evacuation
[2022-09-01T20:52:33.290-0800][gc,phases     ] GC(239)   Pre Evacuate Collection Set: 2.6ms
[2022-09-01T20:52:33.290-0800][gc,phases     ] GC(239)   Evacuate Collection Set: 19.4ms
[2022-09-01T20:52:33.290-0800][gc,phases     ] GC(239)   Post Evacuate Collection Set: 9.9ms
[2022-09-01T20:52:33.290-0800][gc,phases     ] GC(239)   Other: 6.8ms
[2022-09-01T20:52:33.290-0800][gc,heap       ] GC(239) Eden regions: 255->0(255)
[2022-09-01T20:52:33.290-0800][gc,heap       ] GC(239) Survivor regions: 1->1(32)
[2022-09-01T20:52:33.290-0800][gc,heap       ] GC(239) Old regions: 40->40
[2022-09-01T20:52:33.290-0800][gc,heap       ] GC(239) Humongous regions: 20->20
[2022-09-01T20:52:33.290-0800][gc,metaspace  ] GC(239) Metaspace: 80538K->80538K(1122304K)
[2022-09-01T20:52:33.291-0800][gc            ] GC(239) Pause Young (Normal) (G1 Evacuation Pause) 315M->60M(512M) 38.943ms
[2022-09-01T20:52:33.291-0800][gc,cpu        ] GC(239) User=0.01s Sys=0.03s Real=0.04s
[2022-09-01T21:10:39.169-0800][gc,start      ] GC(240) Pause Young (Normal) (G1 Evacuation Pause)
[2022-09-01T21:10:39.172-0800][gc,task       ] GC(240) Using 8 workers of 8 for evacuation
[2022-09-01T21:10:39.201-0800][gc,phases     ] GC(240)   Pre Evacuate Collection Set: 3.9ms
[2022-09-01T21:10:39.201-0800][gc,phases     ] GC(240)   Evacuate Collection Set: 13.7ms
[2022-09-01T21:10:39.201-0800][gc,phases     ] GC(240)   Post Evacuate Collection Set: 5.9ms
[2022-09-01T21:10:39.201-0800][gc,phases     ] GC(240)   Other: 8.5ms
[2022-09-01T21:10:39.201-0800][gc,heap       ] GC(240) Eden regions: 255->0(255)
[2022-09-01T21:10:39.201-0800][gc,heap       ] GC(240) Survivor regions: 1->1(32)
[2022-09-01T21:10:39.201-0800][gc,heap       ] GC(240) Old regions: 40->40
[2022-09-01T21:10:39.201-0800][gc,heap       ] GC(240) Humongous regions: 20->20
[2022-09-01T21:10:39.201-0800][gc,metaspace  ] GC(240) Metaspace: 80538K->80538K(1122304K)
[2022-09-01T21:10:39.201-0800][gc            ] GC(240) Pause Young (Normal) (G1 Evacuation Pause) 315M->60M(512M) 31.543ms
[2022-09-01T21:10:39.201-0800][gc,cpu        ] GC(240) User=0.04s Sys=0.03s Real=0.04s
[2022-09-01T21:28:50.120-0800][gc,start      ] GC(241) Pause Young (Normal) (G1 Evacuation Pause)
[2022-09-01T21:28:50.121-0800][gc,task       ] GC(241) Using 8 workers of 8 for evacuation
[2022-09-01T21:28:50.191-0800][gc,phases     ] GC(241)   Pre Evacuate Collection Set: 0.7ms
[2022-09-01T21:28:50.191-0800][gc,phases     ] GC(241)   Evacuate Collection Set: 54.6ms
[2022-09-01T21:28:50.191-0800][gc,phases     ] GC(241)   Post Evacuate Collection Set: 9.5ms
[2022-09-01T21:28:50.191-0800][gc,phases     ] GC(241)   Other: 6.8ms
[2022-09-01T21:28:50.191-0800][gc,heap       ] GC(241) Eden regions: 255->0(255)
[2022-09-01T21:28:50.191-0800][gc,heap       ] GC(241) Survivor regions: 1->1(32)
[2022-09-01T21:28:50.191-0800][gc,heap       ] GC(241) Old regions: 40->40
[2022-09-01T21:28:50.191-0800][gc,heap       ] GC(241) Humongous regions: 20->20
[2022-09-01T21:28:50.191-0800][gc,metaspace  ] GC(241) Metaspace: 80538K->80538K(1122304K)
[2022-09-01T21:28:50.192-0800][gc            ] GC(241) Pause Young (Normal) (G1 Evacuation Pause) 315M->60M(512M) 71.892ms
[2022-09-01T21:28:50.192-0800][gc,cpu        ] GC(241) User=0.21s Sys=0.05s Real=0.07s
[2022-09-01T21:46:56.546-0800][gc,start      ] GC(242) Pause Young (Normal) (G1 Evacuation Pause)
[2022-09-01T21:46:56.547-0800][gc,task       ] GC(242) Using 8 workers of 8 for evacuation
[2022-09-01T21:46:56.589-0800][gc,phases     ] GC(242)   Pre Evacuate Collection Set: 2.8ms
[2022-09-01T21:46:56.589-0800][gc,phases     ] GC(242)   Evacuate Collection Set: 27.5ms
[2022-09-01T21:46:56.589-0800][gc,phases     ] GC(242)   Post Evacuate Collection Set: 6.9ms
[2022-09-01T21:46:56.589-0800][gc,phases     ] GC(242)   Other: 7.0ms
[2022-09-01T21:46:56.589-0800][gc,heap       ] GC(242) Eden regions: 255->0(255)
[2022-09-01T21:46:56.589-0800][gc,heap       ] GC(242) Survivor regions: 1->1(32)
[2022-09-01T21:46:56.589-0800][gc,heap       ] GC(242) Old regions: 40->40
[2022-09-01T21:46:56.589-0800][gc,heap       ] GC(242) Humongous regions: 20->20
[2022-09-01T21:46:56.589-0800][gc,metaspace  ] GC(242) Metaspace: 80538K->80538K(1122304K)
[2022-09-01T21:46:56.590-0800][gc            ] GC(242) Pause Young (Normal) (G1 Evacuation Pause) 315M->60M(512M) 43.620ms
[2022-09-01T21:46:56.590-0800][gc,cpu        ] GC(242) User=0.03s Sys=0.03s Real=0.05s
[2022-09-01T22:05:07.113-0800][gc,start      ] GC(243) Pause Young (Normal) (G1 Evacuation Pause)
[2022-09-01T22:05:07.114-0800][gc,task       ] GC(243) Using 8 workers of 8 for evacuation
[2022-09-01T22:05:07.132-0800][gc,phases     ] GC(243)   Pre Evacuate Collection Set: 1.2ms
[2022-09-01T22:05:07.132-0800][gc,phases     ] GC(243)   Evacuate Collection Set: 8.8ms
[2022-09-01T22:05:07.132-0800][gc,phases     ] GC(243)   Post Evacuate Collection Set: 4.7ms
[2022-09-01T22:05:07.132-0800][gc,phases     ] GC(243)   Other: 4.5ms
[2022-09-01T22:05:07.132-0800][gc,heap       ] GC(243) Eden regions: 255->0(255)
[2022-09-01T22:05:07.132-0800][gc,heap       ] GC(243) Survivor regions: 1->1(32)
[2022-09-01T22:05:07.132-0800][gc,heap       ] GC(243) Old regions: 40->40
[2022-09-01T22:05:07.132-0800][gc,heap       ] GC(243) Humongous regions: 20->20
[2022-09-01T22:05:07.132-0800][gc,metaspace  ] GC(243) Metaspace: 80538K->80538K(1122304K)
[2022-09-01T22:05:07.132-0800][gc            ] GC(243) Pause Young (Normal) (G1 Evacuation Pause) 315M->60M(512M) 18.985ms
[2022-09-01T22:05:07.132-0800][gc,cpu        ] GC(243) User=0.01s Sys=0.02s Real=0.02s
[2022-09-01T22:23:17.775-0800][gc,start      ] GC(244) Pause Young (Normal) (G1 Evacuation Pause)
[2022-09-01T22:23:17.777-0800][gc,task       ] GC(244) Using 8 workers of 8 for evacuation
[2022-09-01T22:23:17.833-0800][gc,phases     ] GC(244)   Pre Evacuate Collection Set: 3.2ms
[2022-09-01T22:23:17.833-0800][gc,phases     ] GC(244)   Evacuate Collection Set: 28.3ms
[2022-09-01T22:23:17.833-0800][gc,phases     ] GC(244)   Post Evacuate Collection Set: 17.6ms
[2022-09-01T22:23:17.833-0800][gc,phases     ] GC(244)   Other: 10.3ms
[2022-09-01T22:23:17.833-0800][gc,heap       ] GC(244) Eden regions: 255->0(255)
[2022-09-01T22:23:17.833-0800][gc,heap       ] GC(244) Survivor regions: 1->1(32)
[2022-09-01T22:23:17.833-0800][gc,heap       ] GC(244) Old regions: 40->40
[2022-09-01T22:23:17.833-0800][gc,heap       ] GC(244) Humongous regions: 20->20
[2022-09-01T22:23:17.833-0800][gc,metaspace  ] GC(244) Metaspace: 80538K->80538K(1122304K)
[2022-09-01T22:23:17.833-0800][gc            ] GC(244) Pause Young (Normal) (G1 Evacuation Pause) 315M->60M(512M) 58.597ms
[2022-09-01T22:23:17.833-0800][gc,cpu        ] GC(244) User=0.01s Sys=0.04s Real=0.06s
[2022-09-01T22:43:26.342-0800][gc,start      ] GC(245) Pause Young (Normal) (G1 Evacuation Pause)
[2022-09-01T22:43:26.343-0800][gc,task       ] GC(245) Using 8 workers of 8 for evacuation
[2022-09-01T22:43:26.367-0800][gc,phases     ] GC(245)   Pre Evacuate Collection Set: 3.2ms
[2022-09-01T22:43:26.367-0800][gc,phases     ] GC(245)   Evacuate Collection Set: 6.4ms
[2022-09-01T22:43:26.367-0800][gc,phases     ] GC(245)   Post Evacuate Collection Set: 12.7ms
[2022-09-01T22:43:26.367-0800][gc,phases     ] GC(245)   Other: 3.2ms
[2022-09-01T22:43:26.367-0800][gc,heap       ] GC(245) Eden regions: 255->0(255)
[2022-09-01T22:43:26.367-0800][gc,heap       ] GC(245) Survivor regions: 1->1(32)
[2022-09-01T22:43:26.367-0800][gc,heap       ] GC(245) Old regions: 40->40
[2022-09-01T22:43:26.367-0800][gc,heap       ] GC(245) Humongous regions: 20->20
[2022-09-01T22:43:26.367-0800][gc,metaspace  ] GC(245) Metaspace: 80551K->80551K(1122304K)
[2022-09-01T22:43:26.368-0800][gc            ] GC(245) Pause Young (Normal) (G1 Evacuation Pause) 315M->60M(512M) 25.337ms
[2022-09-01T22:43:26.368-0800][gc,cpu        ] GC(245) User=0.01s Sys=0.02s Real=0.02s
[2022-09-01T23:11:16.667-0800][gc,start      ] GC(246) Pause Young (Normal) (G1 Evacuation Pause)
[2022-09-01T23:11:16.669-0800][gc,task       ] GC(246) Using 8 workers of 8 for evacuation
[2022-09-01T23:11:16.719-0800][gc,phases     ] GC(246)   Pre Evacuate Collection Set: 2.3ms
[2022-09-01T23:11:16.719-0800][gc,phases     ] GC(246)   Evacuate Collection Set: 21.3ms
[2022-09-01T23:11:16.719-0800][gc,phases     ] GC(246)   Post Evacuate Collection Set: 19.8ms
[2022-09-01T23:11:16.719-0800][gc,phases     ] GC(246)   Other: 9.5ms
[2022-09-01T23:11:16.719-0800][gc,heap       ] GC(246) Eden regions: 255->0(255)
[2022-09-01T23:11:16.719-0800][gc,heap       ] GC(246) Survivor regions: 1->1(32)
[2022-09-01T23:11:16.719-0800][gc,heap       ] GC(246) Old regions: 40->40
[2022-09-01T23:11:16.719-0800][gc,heap       ] GC(246) Humongous regions: 20->20
[2022-09-01T23:11:16.719-0800][gc,metaspace  ] GC(246) Metaspace: 80553K->80553K(1122304K)
[2022-09-01T23:11:16.719-0800][gc            ] GC(246) Pause Young (Normal) (G1 Evacuation Pause) 315M->60M(512M) 52.671ms
[2022-09-01T23:11:16.720-0800][gc,cpu        ] GC(246) User=0.02s Sys=0.05s Real=0.06s
[2022-09-01T23:23:21.759-0800][gc,start      ] GC(247) Pause Young (Normal) (G1 Evacuation Pause)
[2022-09-01T23:23:21.761-0800][gc,task       ] GC(247) Using 8 workers of 8 for evacuation
[2022-09-01T23:23:21.802-0800][gc,phases     ] GC(247)   Pre Evacuate Collection Set: 0.9ms
[2022-09-01T23:23:21.802-0800][gc,phases     ] GC(247)   Evacuate Collection Set: 30.7ms
[2022-09-01T23:23:21.802-0800][gc,phases     ] GC(247)   Post Evacuate Collection Set: 6.9ms
[2022-09-01T23:23:21.802-0800][gc,phases     ] GC(247)   Other: 5.4ms
[2022-09-01T23:23:21.802-0800][gc,heap       ] GC(247) Eden regions: 255->0(255)
[2022-09-01T23:23:21.802-0800][gc,heap       ] GC(247) Survivor regions: 1->1(32)
[2022-09-01T23:23:21.803-0800][gc,heap       ] GC(247) Old regions: 40->40
[2022-09-01T23:23:21.803-0800][gc,heap       ] GC(247) Humongous regions: 20->20
[2022-09-01T23:23:21.803-0800][gc,metaspace  ] GC(247) Metaspace: 80553K->80553K(1122304K)
[2022-09-01T23:23:21.803-0800][gc            ] GC(247) Pause Young (Normal) (G1 Evacuation Pause) 315M->60M(512M) 43.559ms
[2022-09-01T23:23:21.803-0800][gc,cpu        ] GC(247) User=0.06s Sys=0.04s Real=0.05s
[2022-09-01T23:35:28.061-0800][gc,start      ] GC(248) Pause Young (Normal) (G1 Evacuation Pause)
[2022-09-01T23:35:28.063-0800][gc,task       ] GC(248) Using 8 workers of 8 for evacuation
[2022-09-01T23:35:28.096-0800][gc,phases     ] GC(248)   Pre Evacuate Collection Set: 0.6ms
[2022-09-01T23:35:28.096-0800][gc,phases     ] GC(248)   Evacuate Collection Set: 25.7ms
[2022-09-01T23:35:28.096-0800][gc,phases     ] GC(248)   Post Evacuate Collection Set: 3.6ms
[2022-09-01T23:35:28.096-0800][gc,phases     ] GC(248)   Other: 5.8ms
[2022-09-01T23:35:28.096-0800][gc,heap       ] GC(248) Eden regions: 255->0(255)
[2022-09-01T23:35:28.096-0800][gc,heap       ] GC(248) Survivor regions: 1->1(32)
[2022-09-01T23:35:28.096-0800][gc,heap       ] GC(248) Old regions: 40->40
[2022-09-01T23:35:28.096-0800][gc,heap       ] GC(248) Humongous regions: 20->20
[2022-09-01T23:35:28.096-0800][gc,metaspace  ] GC(248) Metaspace: 80553K->80553K(1122304K)
[2022-09-01T23:35:28.096-0800][gc            ] GC(248) Pause Young (Normal) (G1 Evacuation Pause) 315M->60M(512M) 35.831ms
[2022-09-01T23:35:28.096-0800][gc,cpu        ] GC(248) User=0.06s Sys=0.04s Real=0.03s
[2022-09-01T23:47:33.648-0800][gc,start      ] GC(249) Pause Young (Normal) (G1 Evacuation Pause)
[2022-09-01T23:47:33.649-0800][gc,task       ] GC(249) Using 8 workers of 8 for evacuation
[2022-09-01T23:47:33.681-0800][gc,phases     ] GC(249)   Pre Evacuate Collection Set: 6.8ms
[2022-09-01T23:47:33.681-0800][gc,phases     ] GC(249)   Evacuate Collection Set: 11.1ms
[2022-09-01T23:47:33.681-0800][gc,phases     ] GC(249)   Post Evacuate Collection Set: 3.2ms
[2022-09-01T23:47:33.681-0800][gc,phases     ] GC(249)   Other: 12.3ms
[2022-09-01T23:47:33.681-0800][gc,heap       ] GC(249) Eden regions: 255->0(255)
[2022-09-01T23:47:33.681-0800][gc,heap       ] GC(249) Survivor regions: 1->1(32)
[2022-09-01T23:47:33.681-0800][gc,heap       ] GC(249) Old regions: 40->40
[2022-09-01T23:47:33.681-0800][gc,heap       ] GC(249) Humongous regions: 20->20
[2022-09-01T23:47:33.681-0800][gc,metaspace  ] GC(249) Metaspace: 80553K->80553K(1122304K)
[2022-09-01T23:47:33.681-0800][gc            ] GC(249) Pause Young (Normal) (G1 Evacuation Pause) 315M->60M(512M) 33.414ms
[2022-09-01T23:47:33.681-0800][gc,cpu        ] GC(249) User=0.04s Sys=0.02s Real=0.04s
[2022-09-01T23:59:39.922-0800][gc,start      ] GC(250) Pause Young (Normal) (G1 Evacuation Pause)
[2022-09-01T23:59:39.923-0800][gc,task       ] GC(250) Using 8 workers of 8 for evacuation
[2022-09-01T23:59:39.968-0800][gc,phases     ] GC(250)   Pre Evacuate Collection Set: 1.2ms
[2022-09-01T23:59:39.968-0800][gc,phases     ] GC(250)   Evacuate Collection Set: 21.3ms
[2022-09-01T23:59:39.968-0800][gc,phases     ] GC(250)   Post Evacuate Collection Set: 20.7ms
[2022-09-01T23:59:39.968-0800][gc,phases     ] GC(250)   Other: 3.5ms
[2022-09-01T23:59:39.968-0800][gc,heap       ] GC(250) Eden regions: 255->0(255)
[2022-09-01T23:59:39.968-0800][gc,heap       ] GC(250) Survivor regions: 1->1(32)
[2022-09-01T23:59:39.968-0800][gc,heap       ] GC(250) Old regions: 40->40
[2022-09-01T23:59:39.968-0800][gc,heap       ] GC(250) Humongous regions: 20->20
[2022-09-01T23:59:39.968-0800][gc,metaspace  ] GC(250) Metaspace: 80553K->80553K(1122304K)
[2022-09-01T23:59:39.968-0800][gc            ] GC(250) Pause Young (Normal) (G1 Evacuation Pause) 315M->60M(512M) 46.890ms
[2022-09-01T23:59:39.969-0800][gc,cpu        ] GC(250) User=0.03s Sys=0.03s Real=0.04s
[2022-09-02T00:11:28.059-0800][gc,start      ] GC(251) Pause Young (Normal) (G1 Evacuation Pause)
[2022-09-02T00:11:28.061-0800][gc,task       ] GC(251) Using 8 workers of 8 for evacuation
[2022-09-02T00:11:28.101-0800][gc,phases     ] GC(251)   Pre Evacuate Collection Set: 1.2ms
[2022-09-02T00:11:28.101-0800][gc,phases     ] GC(251)   Evacuate Collection Set: 17.2ms
[2022-09-02T00:11:28.101-0800][gc,phases     ] GC(251)   Post Evacuate Collection Set: 18.5ms
[2022-09-02T00:11:28.101-0800][gc,phases     ] GC(251)   Other: 5.6ms
[2022-09-02T00:11:28.101-0800][gc,heap       ] GC(251) Eden regions: 255->0(255)
[2022-09-02T00:11:28.101-0800][gc,heap       ] GC(251) Survivor regions: 1->1(32)
[2022-09-02T00:11:28.101-0800][gc,heap       ] GC(251) Old regions: 40->40
[2022-09-02T00:11:28.101-0800][gc,heap       ] GC(251) Humongous regions: 20->20
[2022-09-02T00:11:28.101-0800][gc,metaspace  ] GC(251) Metaspace: 80556K->80556K(1122304K)
[2022-09-02T00:11:28.102-0800][gc            ] GC(251) Pause Young (Normal) (G1 Evacuation Pause) 315M->60M(512M) 42.443ms
[2022-09-02T00:11:28.102-0800][gc,cpu        ] GC(251) User=0.05s Sys=0.04s Real=0.05s
[2022-09-02T00:38:31.484-0800][gc,start      ] GC(252) Pause Young (Normal) (G1 Evacuation Pause)
[2022-09-02T00:38:31.486-0800][gc,task       ] GC(252) Using 8 workers of 8 for evacuation
[2022-09-02T00:38:31.542-0800][gc,phases     ] GC(252)   Pre Evacuate Collection Set: 2.4ms
[2022-09-02T00:38:31.542-0800][gc,phases     ] GC(252)   Evacuate Collection Set: 26.4ms
[2022-09-02T00:38:31.542-0800][gc,phases     ] GC(252)   Post Evacuate Collection Set: 17.2ms
[2022-09-02T00:38:31.542-0800][gc,phases     ] GC(252)   Other: 11.6ms
[2022-09-02T00:38:31.542-0800][gc,heap       ] GC(252) Eden regions: 255->0(255)
[2022-09-02T00:38:31.542-0800][gc,heap       ] GC(252) Survivor regions: 1->1(32)
[2022-09-02T00:38:31.542-0800][gc,heap       ] GC(252) Old regions: 40->40
[2022-09-02T00:38:31.542-0800][gc,heap       ] GC(252) Humongous regions: 20->20
[2022-09-02T00:38:31.542-0800][gc,metaspace  ] GC(252) Metaspace: 80559K->80559K(1122304K)
[2022-09-02T00:38:31.545-0800][gc            ] GC(252) Pause Young (Normal) (G1 Evacuation Pause) 315M->60M(512M) 61.188ms
[2022-09-02T00:38:31.545-0800][gc,cpu        ] GC(252) User=0.02s Sys=0.05s Real=0.06s
[2022-09-02T00:50:40.931-0800][gc,start      ] GC(253) Pause Young (Normal) (G1 Evacuation Pause)
[2022-09-02T00:50:40.932-0800][gc,task       ] GC(253) Using 8 workers of 8 for evacuation
[2022-09-02T00:50:41.039-0800][gc,phases     ] GC(253)   Pre Evacuate Collection Set: 2.8ms
[2022-09-02T00:50:41.039-0800][gc,phases     ] GC(253)   Evacuate Collection Set: 83.7ms
[2022-09-02T00:50:41.039-0800][gc,phases     ] GC(253)   Post Evacuate Collection Set: 14.8ms
[2022-09-02T00:50:41.039-0800][gc,phases     ] GC(253)   Other: 7.3ms
[2022-09-02T00:50:41.039-0800][gc,heap       ] GC(253) Eden regions: 255->0(255)
[2022-09-02T00:50:41.039-0800][gc,heap       ] GC(253) Survivor regions: 1->1(32)
[2022-09-02T00:50:41.039-0800][gc,heap       ] GC(253) Old regions: 40->40
[2022-09-02T00:50:41.039-0800][gc,heap       ] GC(253) Humongous regions: 20->20
[2022-09-02T00:50:41.039-0800][gc,metaspace  ] GC(253) Metaspace: 80559K->80559K(1122304K)
[2022-09-02T00:50:41.040-0800][gc            ] GC(253) Pause Young (Normal) (G1 Evacuation Pause) 315M->60M(512M) 108.902ms
[2022-09-02T00:50:41.040-0800][gc,cpu        ] GC(253) User=0.24s Sys=0.06s Real=0.11s
[2022-09-02T01:02:43.957-0800][gc,start      ] GC(254) Pause Young (Normal) (G1 Evacuation Pause)
[2022-09-02T01:02:43.957-0800][gc,task       ] GC(254) Using 8 workers of 8 for evacuation
[2022-09-02T01:02:43.985-0800][gc,phases     ] GC(254)   Pre Evacuate Collection Set: 2.4ms
[2022-09-02T01:02:43.985-0800][gc,phases     ] GC(254)   Evacuate Collection Set: 18.2ms
[2022-09-02T01:02:43.985-0800][gc,phases     ] GC(254)   Post Evacuate Collection Set: 5.0ms
[2022-09-02T01:02:43.985-0800][gc,phases     ] GC(254)   Other: 2.8ms
[2022-09-02T01:02:43.985-0800][gc,heap       ] GC(254) Eden regions: 255->0(255)
[2022-09-02T01:02:43.986-0800][gc,heap       ] GC(254) Survivor regions: 1->1(32)
[2022-09-02T01:02:43.986-0800][gc,heap       ] GC(254) Old regions: 40->40
[2022-09-02T01:02:43.986-0800][gc,heap       ] GC(254) Humongous regions: 20->20
[2022-09-02T01:02:43.986-0800][gc,metaspace  ] GC(254) Metaspace: 80559K->80559K(1122304K)
[2022-09-02T01:02:43.986-0800][gc            ] GC(254) Pause Young (Normal) (G1 Evacuation Pause) 315M->60M(512M) 28.589ms
[2022-09-02T01:02:43.986-0800][gc,cpu        ] GC(254) User=0.03s Sys=0.03s Real=0.03s
[2022-09-02T01:14:49.514-0800][gc,start      ] GC(255) Pause Young (Normal) (G1 Evacuation Pause)
[2022-09-02T01:14:49.516-0800][gc,task       ] GC(255) Using 8 workers of 8 for evacuation
[2022-09-02T01:14:49.541-0800][gc,phases     ] GC(255)   Pre Evacuate Collection Set: 1.2ms
[2022-09-02T01:14:49.541-0800][gc,phases     ] GC(255)   Evacuate Collection Set: 15.5ms
[2022-09-02T01:14:49.541-0800][gc,phases     ] GC(255)   Post Evacuate Collection Set: 4.2ms
[2022-09-02T01:14:49.541-0800][gc,phases     ] GC(255)   Other: 6.3ms
[2022-09-02T01:14:49.541-0800][gc,heap       ] GC(255) Eden regions: 255->0(255)
[2022-09-02T01:14:49.541-0800][gc,heap       ] GC(255) Survivor regions: 1->1(32)
[2022-09-02T01:14:49.541-0800][gc,heap       ] GC(255) Old regions: 40->40
[2022-09-02T01:14:49.541-0800][gc,heap       ] GC(255) Humongous regions: 20->20
[2022-09-02T01:14:49.541-0800][gc,metaspace  ] GC(255) Metaspace: 80559K->80559K(1122304K)
[2022-09-02T01:14:49.542-0800][gc            ] GC(255) Pause Young (Normal) (G1 Evacuation Pause) 315M->60M(512M) 27.601ms
[2022-09-02T01:14:49.542-0800][gc,cpu        ] GC(255) User=0.05s Sys=0.04s Real=0.03s
[2022-09-02T01:26:55.576-0800][gc,start      ] GC(256) Pause Young (Normal) (G1 Evacuation Pause)
[2022-09-02T01:26:55.579-0800][gc,task       ] GC(256) Using 8 workers of 8 for evacuation
[2022-09-02T01:26:55.613-0800][gc,phases     ] GC(256)   Pre Evacuate Collection Set: 1.0ms
[2022-09-02T01:26:55.613-0800][gc,phases     ] GC(256)   Evacuate Collection Set: 25.1ms
[2022-09-02T01:26:55.613-0800][gc,phases     ] GC(256)   Post Evacuate Collection Set: 4.5ms
[2022-09-02T01:26:55.613-0800][gc,phases     ] GC(256)   Other: 6.6ms
[2022-09-02T01:26:55.614-0800][gc,heap       ] GC(256) Eden regions: 255->0(255)
[2022-09-02T01:26:55.614-0800][gc,heap       ] GC(256) Survivor regions: 1->1(32)
[2022-09-02T01:26:55.614-0800][gc,heap       ] GC(256) Old regions: 40->40
[2022-09-02T01:26:55.614-0800][gc,heap       ] GC(256) Humongous regions: 20->20
[2022-09-02T01:26:55.614-0800][gc,metaspace  ] GC(256) Metaspace: 80559K->80559K(1122304K)
[2022-09-02T01:26:55.614-0800][gc            ] GC(256) Pause Young (Normal) (G1 Evacuation Pause) 315M->60M(512M) 37.953ms
[2022-09-02T01:26:55.614-0800][gc,cpu        ] GC(256) User=0.01s Sys=0.03s Real=0.04s
[2022-09-02T01:39:00.580-0800][gc,start      ] GC(257) Pause Young (Normal) (G1 Evacuation Pause)
[2022-09-02T01:39:00.583-0800][gc,task       ] GC(257) Using 8 workers of 8 for evacuation
[2022-09-02T01:39:00.616-0800][gc,phases     ] GC(257)   Pre Evacuate Collection Set: 2.3ms
[2022-09-02T01:39:00.616-0800][gc,phases     ] GC(257)   Evacuate Collection Set: 24.2ms
[2022-09-02T01:39:00.616-0800][gc,phases     ] GC(257)   Post Evacuate Collection Set: 2.1ms
[2022-09-02T01:39:00.617-0800][gc,phases     ] GC(257)   Other: 7.7ms
[2022-09-02T01:39:00.617-0800][gc,heap       ] GC(257) Eden regions: 255->0(255)
[2022-09-02T01:39:00.617-0800][gc,heap       ] GC(257) Survivor regions: 1->1(32)
[2022-09-02T01:39:00.617-0800][gc,heap       ] GC(257) Old regions: 40->40
[2022-09-02T01:39:00.617-0800][gc,heap       ] GC(257) Humongous regions: 20->20
[2022-09-02T01:39:00.617-0800][gc,metaspace  ] GC(257) Metaspace: 80559K->80559K(1122304K)
[2022-09-02T01:39:00.617-0800][gc            ] GC(257) Pause Young (Normal) (G1 Evacuation Pause) 315M->60M(512M) 36.331ms
[2022-09-02T01:39:00.617-0800][gc,cpu        ] GC(257) User=0.02s Sys=0.03s Real=0.03s
[2022-09-02T02:06:51.719-0800][gc,start      ] GC(258) Pause Young (Normal) (G1 Evacuation Pause)
[2022-09-02T02:06:51.721-0800][gc,task       ] GC(258) Using 8 workers of 8 for evacuation
[2022-09-02T02:06:51.740-0800][gc,phases     ] GC(258)   Pre Evacuate Collection Set: 0.6ms
[2022-09-02T02:06:51.740-0800][gc,phases     ] GC(258)   Evacuate Collection Set: 11.5ms
[2022-09-02T02:06:51.740-0800][gc,phases     ] GC(258)   Post Evacuate Collection Set: 3.9ms
[2022-09-02T02:06:51.742-0800][gc,phases     ] GC(258)   Other: 5.0ms
[2022-09-02T02:06:51.742-0800][gc,heap       ] GC(258) Eden regions: 255->0(255)
[2022-09-02T02:06:51.742-0800][gc,heap       ] GC(258) Survivor regions: 1->1(32)
[2022-09-02T02:06:51.742-0800][gc,heap       ] GC(258) Old regions: 40->40
[2022-09-02T02:06:51.742-0800][gc,heap       ] GC(258) Humongous regions: 20->20
[2022-09-02T02:06:51.742-0800][gc,metaspace  ] GC(258) Metaspace: 80559K->80559K(1122304K)
[2022-09-02T02:06:51.742-0800][gc            ] GC(258) Pause Young (Normal) (G1 Evacuation Pause) 315M->60M(512M) 22.577ms
[2022-09-02T02:06:51.742-0800][gc,cpu        ] GC(258) User=0.01s Sys=0.02s Real=0.03s
[2022-09-02T02:18:56.142-0800][gc,start      ] GC(259) Pause Young (Normal) (G1 Evacuation Pause)
[2022-09-02T02:18:56.145-0800][gc,task       ] GC(259) Using 8 workers of 8 for evacuation
[2022-09-02T02:18:56.168-0800][gc,phases     ] GC(259)   Pre Evacuate Collection Set: 2.5ms
[2022-09-02T02:18:56.168-0800][gc,phases     ] GC(259)   Evacuate Collection Set: 14.2ms
[2022-09-02T02:18:56.168-0800][gc,phases     ] GC(259)   Post Evacuate Collection Set: 3.4ms
[2022-09-02T02:18:56.168-0800][gc,phases     ] GC(259)   Other: 5.7ms
[2022-09-02T02:18:56.168-0800][gc,heap       ] GC(259) Eden regions: 255->0(255)
[2022-09-02T02:18:56.168-0800][gc,heap       ] GC(259) Survivor regions: 1->1(32)
[2022-09-02T02:18:56.168-0800][gc,heap       ] GC(259) Old regions: 40->40
[2022-09-02T02:18:56.168-0800][gc,heap       ] GC(259) Humongous regions: 20->20
[2022-09-02T02:18:56.168-0800][gc,metaspace  ] GC(259) Metaspace: 80560K->80560K(1122304K)
[2022-09-02T02:18:56.168-0800][gc            ] GC(259) Pause Young (Normal) (G1 Evacuation Pause) 315M->60M(512M) 25.421ms
[2022-09-02T02:18:56.168-0800][gc,cpu        ] GC(259) User=0.02s Sys=0.04s Real=0.02s
[2022-09-02T02:30:58.188-0800][gc,start      ] GC(260) Pause Young (Normal) (G1 Evacuation Pause)
[2022-09-02T02:30:58.189-0800][gc,task       ] GC(260) Using 8 workers of 8 for evacuation
[2022-09-02T02:30:58.236-0800][gc,phases     ] GC(260)   Pre Evacuate Collection Set: 2.2ms
[2022-09-02T02:30:58.236-0800][gc,phases     ] GC(260)   Evacuate Collection Set: 35.4ms
[2022-09-02T02:30:58.236-0800][gc,phases     ] GC(260)   Post Evacuate Collection Set: 4.4ms
[2022-09-02T02:30:58.236-0800][gc,phases     ] GC(260)   Other: 7.4ms
[2022-09-02T02:30:58.236-0800][gc,heap       ] GC(260) Eden regions: 255->0(255)
[2022-09-02T02:30:58.236-0800][gc,heap       ] GC(260) Survivor regions: 1->1(32)
[2022-09-02T02:30:58.236-0800][gc,heap       ] GC(260) Old regions: 40->40
[2022-09-02T02:30:58.236-0800][gc,heap       ] GC(260) Humongous regions: 20->20
[2022-09-02T02:30:58.236-0800][gc,metaspace  ] GC(260) Metaspace: 80560K->80560K(1122304K)
[2022-09-02T02:30:58.237-0800][gc            ] GC(260) Pause Young (Normal) (G1 Evacuation Pause) 315M->60M(512M) 48.971ms
[2022-09-02T02:30:58.237-0800][gc,cpu        ] GC(260) User=0.02s Sys=0.03s Real=0.05s
[2022-09-02T02:43:06.707-0800][gc,start      ] GC(261) Pause Young (Normal) (G1 Evacuation Pause)
[2022-09-02T02:43:06.710-0800][gc,task       ] GC(261) Using 8 workers of 8 for evacuation
[2022-09-02T02:43:06.765-0800][gc,phases     ] GC(261)   Pre Evacuate Collection Set: 1.8ms
[2022-09-02T02:43:06.765-0800][gc,phases     ] GC(261)   Evacuate Collection Set: 43.4ms
[2022-09-02T02:43:06.765-0800][gc,phases     ] GC(261)   Post Evacuate Collection Set: 5.4ms
[2022-09-02T02:43:06.765-0800][gc,phases     ] GC(261)   Other: 6.9ms
[2022-09-02T02:43:06.765-0800][gc,heap       ] GC(261) Eden regions: 255->0(255)
[2022-09-02T02:43:06.765-0800][gc,heap       ] GC(261) Survivor regions: 1->1(32)
[2022-09-02T02:43:06.765-0800][gc,heap       ] GC(261) Old regions: 40->40
[2022-09-02T02:43:06.765-0800][gc,heap       ] GC(261) Humongous regions: 20->20
[2022-09-02T02:43:06.765-0800][gc,metaspace  ] GC(261) Metaspace: 80560K->80560K(1122304K)
[2022-09-02T02:43:06.765-0800][gc            ] GC(261) Pause Young (Normal) (G1 Evacuation Pause) 315M->60M(512M) 57.495ms
[2022-09-02T02:43:06.765-0800][gc,cpu        ] GC(261) User=0.13s Sys=0.06s Real=0.06s
[2022-09-02T02:55:10.043-0800][gc,start      ] GC(262) Pause Young (Normal) (G1 Evacuation Pause)
[2022-09-02T02:55:10.045-0800][gc,task       ] GC(262) Using 8 workers of 8 for evacuation
[2022-09-02T02:55:10.058-0800][gc,phases     ] GC(262)   Pre Evacuate Collection Set: 0.7ms
[2022-09-02T02:55:10.058-0800][gc,phases     ] GC(262)   Evacuate Collection Set: 8.3ms
[2022-09-02T02:55:10.058-0800][gc,phases     ] GC(262)   Post Evacuate Collection Set: 2.4ms
[2022-09-02T02:55:10.058-0800][gc,phases     ] GC(262)   Other: 3.0ms
[2022-09-02T02:55:10.058-0800][gc,heap       ] GC(262) Eden regions: 255->0(255)
[2022-09-02T02:55:10.058-0800][gc,heap       ] GC(262) Survivor regions: 1->1(32)
[2022-09-02T02:55:10.058-0800][gc,heap       ] GC(262) Old regions: 40->40
[2022-09-02T02:55:10.058-0800][gc,heap       ] GC(262) Humongous regions: 20->20
[2022-09-02T02:55:10.058-0800][gc,metaspace  ] GC(262) Metaspace: 80569K->80569K(1122304K)
[2022-09-02T02:55:10.058-0800][gc            ] GC(262) Pause Young (Normal) (G1 Evacuation Pause) 315M->60M(512M) 14.499ms
[2022-09-02T02:55:10.058-0800][gc,cpu        ] GC(262) User=0.02s Sys=0.01s Real=0.01s
[2022-09-02T03:40:42.287-0800][gc,start      ] GC(263) Pause Young (Normal) (G1 Evacuation Pause)
[2022-09-02T03:40:42.289-0800][gc,task       ] GC(263) Using 8 workers of 8 for evacuation
[2022-09-02T03:40:42.332-0800][gc,phases     ] GC(263)   Pre Evacuate Collection Set: 1.7ms
[2022-09-02T03:40:42.332-0800][gc,phases     ] GC(263)   Evacuate Collection Set: 33.7ms
[2022-09-02T03:40:42.332-0800][gc,phases     ] GC(263)   Post Evacuate Collection Set: 3.1ms
[2022-09-02T03:40:42.332-0800][gc,phases     ] GC(263)   Other: 6.4ms
[2022-09-02T03:40:42.332-0800][gc,heap       ] GC(263) Eden regions: 255->0(255)
[2022-09-02T03:40:42.332-0800][gc,heap       ] GC(263) Survivor regions: 1->1(32)
[2022-09-02T03:40:42.332-0800][gc,heap       ] GC(263) Old regions: 40->40
[2022-09-02T03:40:42.332-0800][gc,heap       ] GC(263) Humongous regions: 20->20
[2022-09-02T03:40:42.332-0800][gc,metaspace  ] GC(263) Metaspace: 80582K->80582K(1122304K)
[2022-09-02T03:40:42.332-0800][gc            ] GC(263) Pause Young (Normal) (G1 Evacuation Pause) 315M->60M(512M) 44.984ms
[2022-09-02T03:40:42.332-0800][gc,cpu        ] GC(263) User=0.09s Sys=0.04s Real=0.05s
[2022-09-02T03:52:44.614-0800][gc,start      ] GC(264) Pause Young (Normal) (G1 Evacuation Pause)
[2022-09-02T03:52:44.616-0800][gc,task       ] GC(264) Using 8 workers of 8 for evacuation
[2022-09-02T03:52:44.696-0800][gc,phases     ] GC(264)   Pre Evacuate Collection Set: 2.1ms
[2022-09-02T03:52:44.696-0800][gc,phases     ] GC(264)   Evacuate Collection Set: 57.3ms
[2022-09-02T03:52:44.696-0800][gc,phases     ] GC(264)   Post Evacuate Collection Set: 17.0ms
[2022-09-02T03:52:44.696-0800][gc,phases     ] GC(264)   Other: 5.5ms
[2022-09-02T03:52:44.696-0800][gc,heap       ] GC(264) Eden regions: 255->0(255)
[2022-09-02T03:52:44.696-0800][gc,heap       ] GC(264) Survivor regions: 1->1(32)
[2022-09-02T03:52:44.696-0800][gc,heap       ] GC(264) Old regions: 40->40
[2022-09-02T03:52:44.696-0800][gc,heap       ] GC(264) Humongous regions: 20->20
[2022-09-02T03:52:44.696-0800][gc,metaspace  ] GC(264) Metaspace: 80582K->80582K(1122304K)
[2022-09-02T03:52:44.696-0800][gc            ] GC(264) Pause Young (Normal) (G1 Evacuation Pause) 315M->60M(512M) 81.922ms
