[2022-09-04T23:02:06.053-0800][gc,heap] Heap region size: 1M
[2022-09-04T23:02:06.057-0800][gc     ] Using G1
[2022-09-04T23:02:06.057-0800][gc,heap,coops] Heap address: 0x00000007e0000000, size: 512 MB, Compressed Oops mode: Zero based, Oop shift amount: 3
[2022-09-04T23:02:08.959-0800][gc,start     ] GC(0) Pause Young (Concurrent Start) (GCLocker Initiated GC)
[2022-09-04T23:02:08.959-0800][gc,task      ] GC(0) Using 8 workers of 8 for evacuation
[2022-09-04T23:02:08.979-0800][gc,phases    ] GC(0)   Pre Evacuate Collection Set: 0.0ms
[2022-09-04T23:02:08.979-0800][gc,phases    ] GC(0)   Evacuate Collection Set: 18.5ms
[2022-09-04T23:02:08.979-0800][gc,phases    ] GC(0)   Post Evacuate Collection Set: 0.8ms
[2022-09-04T23:02:08.979-0800][gc,phases    ] GC(0)   Other: 0.9ms
[2022-09-04T23:02:08.979-0800][gc,heap      ] GC(0) Eden regions: 151->0(250)
[2022-09-04T23:02:08.979-0800][gc,heap      ] GC(0) Survivor regions: 0->6(32)
[2022-09-04T23:02:08.979-0800][gc,heap      ] GC(0) Old regions: 0->0
[2022-09-04T23:02:08.979-0800][gc,heap      ] GC(0) Humongous regions: 0->0
[2022-09-04T23:02:08.979-0800][gc,metaspace ] GC(0) Metaspace: 20621K->20621K(1069056K)
[2022-09-04T23:02:08.979-0800][gc           ] GC(0) Pause Young (Concurrent Start) (GCLocker Initiated GC) 150M->5M(512M) 20.294ms
[2022-09-04T23:02:08.979-0800][gc,cpu       ] GC(0) User=0.04s Sys=0.01s Real=0.02s
[2022-09-04T23:02:08.979-0800][gc           ] GC(1) Concurrent Cycle
[2022-09-04T23:02:08.979-0800][gc,marking   ] GC(1) Concurrent Clear Claimed Marks
[2022-09-04T23:02:08.980-0800][gc,marking   ] GC(1) Concurrent Clear Claimed Marks 0.158ms
[2022-09-04T23:02:08.980-0800][gc,marking   ] GC(1) Concurrent Scan Root Regions
[2022-09-04T23:02:08.981-0800][gc,marking   ] GC(1) Concurrent Scan Root Regions 1.810ms
[2022-09-04T23:02:08.981-0800][gc,marking   ] GC(1) Concurrent Mark (2.938s)
[2022-09-04T23:02:08.981-0800][gc,marking   ] GC(1) Concurrent Mark From Roots
[2022-09-04T23:02:08.981-0800][gc,task      ] GC(1) Using 2 workers of 2 for marking
[2022-09-04T23:02:08.990-0800][gc,marking   ] GC(1) Concurrent Mark From Roots 8.700ms
[2022-09-04T23:02:08.990-0800][gc,marking   ] GC(1) Concurrent Preclean
[2022-09-04T23:02:08.993-0800][gc,marking   ] GC(1) Concurrent Preclean 3.068ms
[2022-09-04T23:02:08.993-0800][gc,marking   ] GC(1) Concurrent Mark (2.938s, 2.949s) 11.855ms
[2022-09-04T23:02:08.995-0800][gc,start     ] GC(1) Pause Remark
[2022-09-04T23:02:09.000-0800][gc,stringtable] GC(1) Cleaned string and symbol table, strings: 7508 processed, 0 removed, symbols: 68205 processed, 81 removed
[2022-09-04T23:02:09.000-0800][gc            ] GC(1) Pause Remark 6M->6M(512M) 5.320ms
[2022-09-04T23:02:09.000-0800][gc,cpu        ] GC(1) User=0.00s Sys=0.00s Real=0.01s
[2022-09-04T23:02:09.000-0800][gc,marking    ] GC(1) Concurrent Rebuild Remembered Sets
[2022-09-04T23:02:09.000-0800][gc,marking    ] GC(1) Concurrent Rebuild Remembered Sets 0.040ms
[2022-09-04T23:02:09.001-0800][gc,start      ] GC(1) Pause Cleanup
[2022-09-04T23:02:09.001-0800][gc            ] GC(1) Pause Cleanup 6M->6M(512M) 0.079ms
[2022-09-04T23:02:09.001-0800][gc,cpu        ] GC(1) User=0.00s Sys=0.00s Real=0.00s
[2022-09-04T23:02:09.001-0800][gc,marking    ] GC(1) Concurrent Cleanup for Next Mark
[2022-09-04T23:02:09.003-0800][gc,marking    ] GC(1) Concurrent Cleanup for Next Mark 2.246ms
[2022-09-04T23:02:09.003-0800][gc            ] GC(1) Concurrent Cycle 23.874ms
[2022-09-04T23:02:11.728-0800][gc,start      ] GC(2) Pause Young (Normal) (G1 Evacuation Pause)
[2022-09-04T23:02:11.728-0800][gc,task       ] GC(2) Using 8 workers of 8 for evacuation
[2022-09-04T23:02:11.757-0800][gc,phases     ] GC(2)   Pre Evacuate Collection Set: 0.0ms
[2022-09-04T23:02:11.757-0800][gc,phases     ] GC(2)   Evacuate Collection Set: 28.1ms
[2022-09-04T23:02:11.757-0800][gc,phases     ] GC(2)   Post Evacuate Collection Set: 0.8ms
[2022-09-04T23:02:11.757-0800][gc,phases     ] GC(2)   Other: 0.2ms
[2022-09-04T23:02:11.757-0800][gc,heap       ] GC(2) Eden regions: 250->0(247)
[2022-09-04T23:02:11.757-0800][gc,heap       ] GC(2) Survivor regions: 6->9(32)
[2022-09-04T23:02:11.757-0800][gc,heap       ] GC(2) Old regions: 0->0
[2022-09-04T23:02:11.757-0800][gc,heap       ] GC(2) Humongous regions: 0->0
[2022-09-04T23:02:11.757-0800][gc,metaspace  ] GC(2) Metaspace: 29738K->29738K(1077248K)
[2022-09-04T23:02:11.757-0800][gc            ] GC(2) Pause Young (Normal) (G1 Evacuation Pause) 255M->9M(512M) 29.291ms
[2022-09-04T23:02:11.757-0800][gc,cpu        ] GC(2) User=0.09s Sys=0.04s Real=0.03s
[2022-09-04T23:02:15.637-0800][gc,start      ] GC(3) Pause Young (Normal) (G1 Evacuation Pause)
[2022-09-04T23:02:15.637-0800][gc,task       ] GC(3) Using 8 workers of 8 for evacuation
[2022-09-04T23:02:15.661-0800][gc,phases     ] GC(3)   Pre Evacuate Collection Set: 0.0ms
[2022-09-04T23:02:15.661-0800][gc,phases     ] GC(3)   Evacuate Collection Set: 23.2ms
[2022-09-04T23:02:15.661-0800][gc,phases     ] GC(3)   Post Evacuate Collection Set: 0.5ms
[2022-09-04T23:02:15.661-0800][gc,phases     ] GC(3)   Other: 0.3ms
[2022-09-04T23:02:15.661-0800][gc,heap       ] GC(3) Eden regions: 247->0(243)
[2022-09-04T23:02:15.661-0800][gc,heap       ] GC(3) Survivor regions: 9->13(32)
[2022-09-04T23:02:15.661-0800][gc,heap       ] GC(3) Old regions: 0->0
[2022-09-04T23:02:15.661-0800][gc,heap       ] GC(3) Humongous regions: 0->0
[2022-09-04T23:02:15.661-0800][gc,metaspace  ] GC(3) Metaspace: 32169K->32169K(1079296K)
[2022-09-04T23:02:15.661-0800][gc            ] GC(3) Pause Young (Normal) (G1 Evacuation Pause) 256M->12M(512M) 24.172ms
[2022-09-04T23:02:15.661-0800][gc,cpu        ] GC(3) User=0.06s Sys=0.04s Real=0.03s
[2022-09-04T23:02:18.134-0800][gc,start      ] GC(4) Pause Young (Concurrent Start) (Metadata GC Threshold)
[2022-09-04T23:02:18.134-0800][gc,task       ] GC(4) Using 8 workers of 8 for evacuation
[2022-09-04T23:02:18.170-0800][gc,phases     ] GC(4)   Pre Evacuate Collection Set: 0.0ms
[2022-09-04T23:02:18.170-0800][gc,phases     ] GC(4)   Evacuate Collection Set: 35.0ms
[2022-09-04T23:02:18.170-0800][gc,phases     ] GC(4)   Post Evacuate Collection Set: 0.7ms
[2022-09-04T23:02:18.170-0800][gc,phases     ] GC(4)   Other: 0.2ms
[2022-09-04T23:02:18.170-0800][gc,heap       ] GC(4) Eden regions: 125->0(240)
[2022-09-04T23:02:18.170-0800][gc,heap       ] GC(4) Survivor regions: 13->16(32)
[2022-09-04T23:02:18.170-0800][gc,heap       ] GC(4) Old regions: 0->0
[2022-09-04T23:02:18.170-0800][gc,heap       ] GC(4) Humongous regions: 0->0
[2022-09-04T23:02:18.170-0800][gc,metaspace  ] GC(4) Metaspace: 34766K->34766K(1081344K)
[2022-09-04T23:02:18.170-0800][gc            ] GC(4) Pause Young (Concurrent Start) (Metadata GC Threshold) 136M->15M(512M) 36.086ms
[2022-09-04T23:02:18.170-0800][gc,cpu        ] GC(4) User=0.11s Sys=0.04s Real=0.04s
[2022-09-04T23:02:18.170-0800][gc            ] GC(5) Concurrent Cycle
[2022-09-04T23:02:18.170-0800][gc,marking    ] GC(5) Concurrent Clear Claimed Marks
[2022-09-04T23:02:18.170-0800][gc,marking    ] GC(5) Concurrent Clear Claimed Marks 0.032ms
[2022-09-04T23:02:18.170-0800][gc,marking    ] GC(5) Concurrent Scan Root Regions
[2022-09-04T23:02:18.175-0800][gc,marking    ] GC(5) Concurrent Scan Root Regions 4.885ms
[2022-09-04T23:02:18.175-0800][gc,marking    ] GC(5) Concurrent Mark (12.131s)
[2022-09-04T23:02:18.175-0800][gc,marking    ] GC(5) Concurrent Mark From Roots
[2022-09-04T23:02:18.175-0800][gc,task       ] GC(5) Using 2 workers of 2 for marking
[2022-09-04T23:02:18.175-0800][gc,marking    ] GC(5) Concurrent Mark From Roots 0.139ms
[2022-09-04T23:02:18.175-0800][gc,marking    ] GC(5) Concurrent Preclean
[2022-09-04T23:02:18.175-0800][gc,marking    ] GC(5) Concurrent Preclean 0.025ms
[2022-09-04T23:02:18.175-0800][gc,marking    ] GC(5) Concurrent Mark (12.131s, 12.131s) 0.207ms
[2022-09-04T23:02:18.176-0800][gc,start      ] GC(5) Pause Remark
[2022-09-04T23:02:18.182-0800][gc,stringtable] GC(5) Cleaned string and symbol table, strings: 14751 processed, 0 removed, symbols: 111125 processed, 300 removed
[2022-09-04T23:02:18.182-0800][gc            ] GC(5) Pause Remark 16M->16M(512M) 6.776ms
[2022-09-04T23:02:18.182-0800][gc,cpu        ] GC(5) User=0.01s Sys=0.01s Real=0.01s
[2022-09-04T23:02:18.182-0800][gc,marking    ] GC(5) Concurrent Rebuild Remembered Sets
[2022-09-04T23:02:18.182-0800][gc,marking    ] GC(5) Concurrent Rebuild Remembered Sets 0.033ms
[2022-09-04T23:02:18.183-0800][gc,start      ] GC(5) Pause Cleanup
[2022-09-04T23:02:18.183-0800][gc            ] GC(5) Pause Cleanup 16M->16M(512M) 0.100ms
[2022-09-04T23:02:18.183-0800][gc,cpu        ] GC(5) User=0.00s Sys=0.00s Real=0.00s
[2022-09-04T23:02:18.183-0800][gc,marking    ] GC(5) Concurrent Cleanup for Next Mark
[2022-09-04T23:02:18.185-0800][gc,marking    ] GC(5) Concurrent Cleanup for Next Mark 2.034ms
[2022-09-04T23:02:18.185-0800][gc            ] GC(5) Concurrent Cycle 15.266ms
[2022-09-04T23:02:23.267-0800][gc,start      ] GC(6) Pause Young (Normal) (G1 Evacuation Pause)
[2022-09-04T23:02:23.267-0800][gc,task       ] GC(6) Using 8 workers of 8 for evacuation
[2022-09-04T23:02:23.316-0800][gc,phases     ] GC(6)   Pre Evacuate Collection Set: 0.0ms
[2022-09-04T23:02:23.316-0800][gc,phases     ] GC(6)   Evacuate Collection Set: 47.1ms
[2022-09-04T23:02:23.316-0800][gc,phases     ] GC(6)   Post Evacuate Collection Set: 1.1ms
[2022-09-04T23:02:23.316-0800][gc,phases     ] GC(6)   Other: 0.2ms
[2022-09-04T23:02:23.316-0800][gc,heap       ] GC(6) Eden regions: 240->0(231)
[2022-09-04T23:02:23.316-0800][gc,heap       ] GC(6) Survivor regions: 16->25(32)
[2022-09-04T23:02:23.316-0800][gc,heap       ] GC(6) Old regions: 0->0
[2022-09-04T23:02:23.316-0800][gc,heap       ] GC(6) Humongous regions: 0->0
[2022-09-04T23:02:23.316-0800][gc,metaspace  ] GC(6) Metaspace: 47742K->47742K(1093632K)
[2022-09-04T23:02:23.316-0800][gc            ] GC(6) Pause Young (Normal) (G1 Evacuation Pause) 255M->24M(512M) 48.579ms
[2022-09-04T23:02:23.316-0800][gc,cpu        ] GC(6) User=0.13s Sys=0.07s Real=0.05s
[2022-09-04T23:02:27.390-0800][gc,start      ] GC(7) Pause Young (Concurrent Start) (Metadata GC Threshold)
[2022-09-04T23:02:27.391-0800][gc,task       ] GC(7) Using 8 workers of 8 for evacuation
[2022-09-04T23:02:27.465-0800][gc,phases     ] GC(7)   Pre Evacuate Collection Set: 0.0ms
[2022-09-04T23:02:27.465-0800][gc,phases     ] GC(7)   Evacuate Collection Set: 72.6ms
[2022-09-04T23:02:27.465-0800][gc,phases     ] GC(7)   Post Evacuate Collection Set: 1.4ms
[2022-09-04T23:02:27.465-0800][gc,phases     ] GC(7)   Other: 0.3ms
[2022-09-04T23:02:27.465-0800][gc,heap       ] GC(7) Eden regions: 163->0(233)
[2022-09-04T23:02:27.465-0800][gc,heap       ] GC(7) Survivor regions: 25->23(32)
[2022-09-04T23:02:27.465-0800][gc,heap       ] GC(7) Old regions: 0->9
[2022-09-04T23:02:27.465-0800][gc,heap       ] GC(7) Humongous regions: 0->0
[2022-09-04T23:02:27.465-0800][gc,metaspace  ] GC(7) Metaspace: 58439K->58439K(1101824K)
[2022-09-04T23:02:27.465-0800][gc            ] GC(7) Pause Young (Concurrent Start) (Metadata GC Threshold) 186M->30M(512M) 74.515ms
[2022-09-04T23:02:27.465-0800][gc,cpu        ] GC(7) User=0.28s Sys=0.08s Real=0.07s
[2022-09-04T23:02:27.465-0800][gc            ] GC(8) Concurrent Cycle
[2022-09-04T23:02:27.465-0800][gc,marking    ] GC(8) Concurrent Clear Claimed Marks
[2022-09-04T23:02:27.465-0800][gc,marking    ] GC(8) Concurrent Clear Claimed Marks 0.090ms
[2022-09-04T23:02:27.465-0800][gc,marking    ] GC(8) Concurrent Scan Root Regions
[2022-09-04T23:02:27.473-0800][gc,marking    ] GC(8) Concurrent Scan Root Regions 7.491ms
[2022-09-04T23:02:27.473-0800][gc,marking    ] GC(8) Concurrent Mark (21.429s)
[2022-09-04T23:02:27.473-0800][gc,marking    ] GC(8) Concurrent Mark From Roots
[2022-09-04T23:02:27.473-0800][gc,task       ] GC(8) Using 2 workers of 2 for marking
[2022-09-04T23:02:27.483-0800][gc,marking    ] GC(8) Concurrent Mark From Roots 10.109ms
[2022-09-04T23:02:27.483-0800][gc,marking    ] GC(8) Concurrent Preclean
[2022-09-04T23:02:27.483-0800][gc,marking    ] GC(8) Concurrent Preclean 0.098ms
[2022-09-04T23:02:27.483-0800][gc,marking    ] GC(8) Concurrent Mark (21.429s, 21.440s) 10.671ms
[2022-09-04T23:02:27.484-0800][gc,start      ] GC(8) Pause Remark
[2022-09-04T23:02:27.497-0800][gc,stringtable] GC(8) Cleaned string and symbol table, strings: 28871 processed, 0 removed, symbols: 169247 processed, 310 removed
[2022-09-04T23:02:27.497-0800][gc            ] GC(8) Pause Remark 32M->32M(512M) 12.620ms
[2022-09-04T23:02:27.497-0800][gc,cpu        ] GC(8) User=0.05s Sys=0.01s Real=0.01s
[2022-09-04T23:02:27.497-0800][gc,marking    ] GC(8) Concurrent Rebuild Remembered Sets
[2022-09-04T23:02:27.508-0800][gc,marking    ] GC(8) Concurrent Rebuild Remembered Sets 11.176ms
[2022-09-04T23:02:27.509-0800][gc,start      ] GC(8) Pause Cleanup
[2022-09-04T23:02:27.510-0800][gc            ] GC(8) Pause Cleanup 32M->32M(512M) 0.117ms
[2022-09-04T23:02:27.510-0800][gc,cpu        ] GC(8) User=0.00s Sys=0.00s Real=0.01s
[2022-09-04T23:02:27.510-0800][gc,marking    ] GC(8) Concurrent Cleanup for Next Mark
[2022-09-04T23:02:27.513-0800][gc,marking    ] GC(8) Concurrent Cleanup for Next Mark 3.451ms
[2022-09-04T23:02:27.513-0800][gc            ] GC(8) Concurrent Cycle 48.134ms
[2022-09-04T23:02:32.870-0800][gc,start      ] GC(9) Pause Young (Normal) (G1 Evacuation Pause)
[2022-09-04T23:02:32.870-0800][gc,task       ] GC(9) Using 8 workers of 8 for evacuation
[2022-09-04T23:02:32.899-0800][gc,phases     ] GC(9)   Pre Evacuate Collection Set: 0.0ms
[2022-09-04T23:02:32.899-0800][gc,phases     ] GC(9)   Evacuate Collection Set: 28.6ms
[2022-09-04T23:02:32.899-0800][gc,phases     ] GC(9)   Post Evacuate Collection Set: 0.9ms
[2022-09-04T23:02:32.899-0800][gc,phases     ] GC(9)   Other: 0.2ms
[2022-09-04T23:02:32.899-0800][gc,heap       ] GC(9) Eden regions: 233->0(233)
[2022-09-04T23:02:32.899-0800][gc,heap       ] GC(9) Survivor regions: 23->23(32)
[2022-09-04T23:02:32.899-0800][gc,heap       ] GC(9) Old regions: 9->13
[2022-09-04T23:02:32.899-0800][gc,heap       ] GC(9) Humongous regions: 0->0
[2022-09-04T23:02:32.899-0800][gc,metaspace  ] GC(9) Metaspace: 69511K->69511K(1112064K)
[2022-09-04T23:02:32.899-0800][gc            ] GC(9) Pause Young (Normal) (G1 Evacuation Pause) 263M->35M(512M) 29.817ms
[2022-09-04T23:02:32.899-0800][gc,cpu        ] GC(9) User=0.12s Sys=0.03s Real=0.02s
[2022-09-04T23:09:47.331-0800][gc,heap,exit  ] Heap
[2022-09-04T23:09:47.348-0800][gc,heap,exit  ]  garbage-first heap   total 524288K, used 276627K [0x00000007e0000000, 0x0000000800000000)
[2022-09-04T23:09:47.351-0800][gc,heap,exit  ]   region size 1024K, 246 young (251904K), 23 survivors (23552K)
[2022-09-04T23:09:47.352-0800][gc,heap,exit  ]  Metaspace       used 76972K, capacity 79108K, committed 79344K, reserved 1118208K
[2022-09-04T23:09:47.357-0800][gc,heap,exit  ]   class space    used 8760K, capacity 9777K, committed 9844K, reserved 1048576K
