[2022-08-30T05:33:31.239-0800][gc,phases     ] GC(87)   Pre Evacuate Collection Set: 0.5ms
[2022-08-30T05:33:31.240-0800][gc,phases     ] GC(87)   Evacuate Collection Set: 14.4ms
[2022-08-30T05:33:31.240-0800][gc,phases     ] GC(87)   Post Evacuate Collection Set: 2.3ms
[2022-08-30T05:33:31.240-0800][gc,phases     ] GC(87)   Other: 16.9ms
[2022-08-30T05:33:31.241-0800][gc,heap       ] GC(87) Eden regions: 255->0(255)
[2022-08-30T05:33:31.241-0800][gc,heap       ] GC(87) Survivor regions: 1->1(32)
[2022-08-30T05:33:31.241-0800][gc,heap       ] GC(87) Old regions: 38->38
[2022-08-30T05:33:31.241-0800][gc,heap       ] GC(87) Humongous regions: 20->20
[2022-08-30T05:33:31.241-0800][gc,metaspace  ] GC(87) Metaspace: 79844K->79844K(1122304K)
[2022-08-30T05:33:31.242-0800][gc            ] GC(87) Pause Young (Normal) (G1 Evacuation Pause) 313M->58M(512M) 36.055ms
[2022-08-30T05:33:31.243-0800][gc,cpu        ] GC(87) User=0.05s Sys=0.03s Real=0.04s
[2022-08-30T05:51:41.710-0800][gc,start      ] GC(88) Pause Young (Normal) (G1 Evacuation Pause)
[2022-08-30T05:51:41.712-0800][gc,task       ] GC(88) Using 8 workers of 8 for evacuation
[2022-08-30T05:51:41.728-0800][gc,phases     ] GC(88)   Pre Evacuate Collection Set: 0.4ms
[2022-08-30T05:51:41.728-0800][gc,phases     ] GC(88)   Evacuate Collection Set: 12.5ms
[2022-08-30T05:51:41.728-0800][gc,phases     ] GC(88)   Post Evacuate Collection Set: 1.0ms
[2022-08-30T05:51:41.728-0800][gc,phases     ] GC(88)   Other: 4.0ms
[2022-08-30T05:51:41.728-0800][gc,heap       ] GC(88) Eden regions: 255->0(255)
[2022-08-30T05:51:41.728-0800][gc,heap       ] GC(88) Survivor regions: 1->1(32)
[2022-08-30T05:51:41.728-0800][gc,heap       ] GC(88) Old regions: 38->38
[2022-08-30T05:51:41.728-0800][gc,heap       ] GC(88) Humongous regions: 20->20
[2022-08-30T05:51:41.728-0800][gc,metaspace  ] GC(88) Metaspace: 79844K->79844K(1122304K)
[2022-08-30T05:51:41.728-0800][gc            ] GC(88) Pause Young (Normal) (G1 Evacuation Pause) 313M->58M(512M) 18.233ms
[2022-08-30T05:51:41.728-0800][gc,cpu        ] GC(88) User=0.04s Sys=0.03s Real=0.01s
[2022-08-30T06:50:53.886-0800][gc,start      ] GC(89) Pause Young (Normal) (G1 Evacuation Pause)
[2022-08-30T06:50:53.888-0800][gc,task       ] GC(89) Using 8 workers of 8 for evacuation
[2022-08-30T06:50:53.911-0800][gc,phases     ] GC(89)   Pre Evacuate Collection Set: 1.1ms
[2022-08-30T06:50:53.912-0800][gc,phases     ] GC(89)   Evacuate Collection Set: 16.7ms
[2022-08-30T06:50:53.912-0800][gc,phases     ] GC(89)   Post Evacuate Collection Set: 3.7ms
[2022-08-30T06:50:53.912-0800][gc,phases     ] GC(89)   Other: 3.7ms
[2022-08-30T06:50:53.912-0800][gc,heap       ] GC(89) Eden regions: 255->0(255)
[2022-08-30T06:50:53.912-0800][gc,heap       ] GC(89) Survivor regions: 1->1(32)
[2022-08-30T06:50:53.912-0800][gc,heap       ] GC(89) Old regions: 38->38
[2022-08-30T06:50:53.912-0800][gc,heap       ] GC(89) Humongous regions: 20->20
[2022-08-30T06:50:53.912-0800][gc,metaspace  ] GC(89) Metaspace: 79874K->79874K(1122304K)
[2022-08-30T06:50:53.912-0800][gc            ] GC(89) Pause Young (Normal) (G1 Evacuation Pause) 313M->58M(512M) 25.417ms
[2022-08-30T06:50:53.912-0800][gc,cpu        ] GC(89) User=0.01s Sys=0.02s Real=0.03s
[2022-08-30T07:24:20.031-0800][gc,start      ] GC(90) Pause Young (Normal) (G1 Evacuation Pause)
[2022-08-30T07:24:20.034-0800][gc,task       ] GC(90) Using 8 workers of 8 for evacuation
[2022-08-30T07:24:20.060-0800][gc,phases     ] GC(90)   Pre Evacuate Collection Set: 2.0ms
[2022-08-30T07:24:20.060-0800][gc,phases     ] GC(90)   Evacuate Collection Set: 18.4ms
[2022-08-30T07:24:20.060-0800][gc,phases     ] GC(90)   Post Evacuate Collection Set: 3.6ms
[2022-08-30T07:24:20.060-0800][gc,phases     ] GC(90)   Other: 5.5ms
[2022-08-30T07:24:20.060-0800][gc,heap       ] GC(90) Eden regions: 255->0(255)
[2022-08-30T07:24:20.060-0800][gc,heap       ] GC(90) Survivor regions: 1->1(32)
[2022-08-30T07:24:20.060-0800][gc,heap       ] GC(90) Old regions: 38->38
[2022-08-30T07:24:20.060-0800][gc,heap       ] GC(90) Humongous regions: 20->20
[2022-08-30T07:24:20.060-0800][gc,metaspace  ] GC(90) Metaspace: 79883K->79883K(1122304K)
[2022-08-30T07:24:20.061-0800][gc            ] GC(90) Pause Young (Normal) (G1 Evacuation Pause) 313M->58M(512M) 29.843ms
[2022-08-30T07:24:20.061-0800][gc,cpu        ] GC(90) User=0.04s Sys=0.03s Real=0.03s
[2022-08-30T07:42:30.318-0800][gc,start      ] GC(91) Pause Young (Normal) (G1 Evacuation Pause)
[2022-08-30T07:42:30.319-0800][gc,task       ] GC(91) Using 8 workers of 8 for evacuation
[2022-08-30T07:42:30.342-0800][gc,phases     ] GC(91)   Pre Evacuate Collection Set: 0.6ms
[2022-08-30T07:42:30.342-0800][gc,phases     ] GC(91)   Evacuate Collection Set: 18.2ms
[2022-08-30T07:42:30.342-0800][gc,phases     ] GC(91)   Post Evacuate Collection Set: 2.7ms
[2022-08-30T07:42:30.342-0800][gc,phases     ] GC(91)   Other: 2.6ms
[2022-08-30T07:42:30.342-0800][gc,heap       ] GC(91) Eden regions: 255->0(255)
[2022-08-30T07:42:30.342-0800][gc,heap       ] GC(91) Survivor regions: 1->1(32)
[2022-08-30T07:42:30.342-0800][gc,heap       ] GC(91) Old regions: 38->38
[2022-08-30T07:42:30.342-0800][gc,heap       ] GC(91) Humongous regions: 20->20
[2022-08-30T07:42:30.342-0800][gc,metaspace  ] GC(91) Metaspace: 79887K->79887K(1122304K)
[2022-08-30T07:42:30.342-0800][gc            ] GC(91) Pause Young (Normal) (G1 Evacuation Pause) 313M->58M(512M) 24.107ms
[2022-08-30T07:42:30.343-0800][gc,cpu        ] GC(91) User=0.03s Sys=0.03s Real=0.03s
[2022-08-30T08:00:43.958-0800][gc,start      ] GC(92) Pause Young (Normal) (G1 Evacuation Pause)
[2022-08-30T08:00:43.959-0800][gc,task       ] GC(92) Using 8 workers of 8 for evacuation
[2022-08-30T08:00:43.978-0800][gc,phases     ] GC(92)   Pre Evacuate Collection Set: 0.6ms
[2022-08-30T08:00:43.978-0800][gc,phases     ] GC(92)   Evacuate Collection Set: 15.6ms
[2022-08-30T08:00:43.978-0800][gc,phases     ] GC(92)   Post Evacuate Collection Set: 1.0ms
[2022-08-30T08:00:43.978-0800][gc,phases     ] GC(92)   Other: 3.4ms
[2022-08-30T08:00:43.978-0800][gc,heap       ] GC(92) Eden regions: 255->0(255)
[2022-08-30T08:00:43.978-0800][gc,heap       ] GC(92) Survivor regions: 1->1(32)
[2022-08-30T08:00:43.978-0800][gc,heap       ] GC(92) Old regions: 38->39
[2022-08-30T08:00:43.979-0800][gc,heap       ] GC(92) Humongous regions: 20->20
[2022-08-30T08:00:43.979-0800][gc,metaspace  ] GC(92) Metaspace: 79888K->79888K(1122304K)
[2022-08-30T08:00:43.979-0800][gc            ] GC(92) Pause Young (Normal) (G1 Evacuation Pause) 313M->58M(512M) 20.465ms
[2022-08-30T08:00:43.979-0800][gc,cpu        ] GC(92) User=0.06s Sys=0.02s Real=0.02s
[2022-08-30T09:01:32.188-0800][gc,start      ] GC(93) Pause Young (Normal) (G1 Evacuation Pause)
[2022-08-30T09:01:32.190-0800][gc,task       ] GC(93) Using 8 workers of 8 for evacuation
[2022-08-30T09:01:32.221-0800][gc,phases     ] GC(93)   Pre Evacuate Collection Set: 1.0ms
[2022-08-30T09:01:32.221-0800][gc,phases     ] GC(93)   Evacuate Collection Set: 12.5ms
[2022-08-30T09:01:32.221-0800][gc,phases     ] GC(93)   Post Evacuate Collection Set: 13.3ms
[2022-08-30T09:01:32.221-0800][gc,phases     ] GC(93)   Other: 6.2ms
[2022-08-30T09:01:32.221-0800][gc,heap       ] GC(93) Eden regions: 255->0(255)
[2022-08-30T09:01:32.221-0800][gc,heap       ] GC(93) Survivor regions: 1->1(32)
[2022-08-30T09:01:32.221-0800][gc,heap       ] GC(93) Old regions: 39->39
[2022-08-30T09:01:32.221-0800][gc,heap       ] GC(93) Humongous regions: 20->20
[2022-08-30T09:01:32.221-0800][gc,metaspace  ] GC(93) Metaspace: 79925K->79925K(1122304K)
[2022-08-30T09:01:32.221-0800][gc            ] GC(93) Pause Young (Normal) (G1 Evacuation Pause) 313M->58M(512M) 33.108ms
[2022-08-30T09:01:32.221-0800][gc,cpu        ] GC(93) User=0.02s Sys=0.03s Real=0.04s
[2022-08-30T09:28:02.693-0800][gc,start      ] GC(94) Pause Young (Normal) (G1 Evacuation Pause)
[2022-08-30T09:28:02.693-0800][gc,task       ] GC(94) Using 8 workers of 8 for evacuation
[2022-08-30T09:28:02.709-0800][gc,phases     ] GC(94)   Pre Evacuate Collection Set: 0.3ms
[2022-08-30T09:28:02.709-0800][gc,phases     ] GC(94)   Evacuate Collection Set: 13.8ms
[2022-08-30T09:28:02.709-0800][gc,phases     ] GC(94)   Post Evacuate Collection Set: 1.0ms
[2022-08-30T09:28:02.709-0800][gc,phases     ] GC(94)   Other: 1.3ms
[2022-08-30T09:28:02.709-0800][gc,heap       ] GC(94) Eden regions: 255->0(255)
[2022-08-30T09:28:02.709-0800][gc,heap       ] GC(94) Survivor regions: 1->1(32)
[2022-08-30T09:28:02.709-0800][gc,heap       ] GC(94) Old regions: 39->39
[2022-08-30T09:28:02.709-0800][gc,heap       ] GC(94) Humongous regions: 20->20
[2022-08-30T09:28:02.709-0800][gc,metaspace  ] GC(94) Metaspace: 79928K->79928K(1122304K)
[2022-08-30T09:28:02.709-0800][gc            ] GC(94) Pause Young (Normal) (G1 Evacuation Pause) 313M->58M(512M) 16.555ms
[2022-08-30T09:28:02.709-0800][gc,cpu        ] GC(94) User=0.02s Sys=0.02s Real=0.01s
[2022-08-30T09:46:15.312-0800][gc,start      ] GC(95) Pause Young (Normal) (G1 Evacuation Pause)
[2022-08-30T09:46:15.313-0800][gc,task       ] GC(95) Using 8 workers of 8 for evacuation
[2022-08-30T09:46:15.331-0800][gc,phases     ] GC(95)   Pre Evacuate Collection Set: 0.6ms
[2022-08-30T09:46:15.331-0800][gc,phases     ] GC(95)   Evacuate Collection Set: 14.5ms
[2022-08-30T09:46:15.331-0800][gc,phases     ] GC(95)   Post Evacuate Collection Set: 1.7ms
[2022-08-30T09:46:15.331-0800][gc,phases     ] GC(95)   Other: 2.5ms
[2022-08-30T09:46:15.331-0800][gc,heap       ] GC(95) Eden regions: 255->0(255)
[2022-08-30T09:46:15.331-0800][gc,heap       ] GC(95) Survivor regions: 1->1(32)
[2022-08-30T09:46:15.331-0800][gc,heap       ] GC(95) Old regions: 39->39
[2022-08-30T09:46:15.331-0800][gc,heap       ] GC(95) Humongous regions: 20->20
[2022-08-30T09:46:15.331-0800][gc,metaspace  ] GC(95) Metaspace: 79930K->79930K(1122304K)
[2022-08-30T09:46:15.331-0800][gc            ] GC(95) Pause Young (Normal) (G1 Evacuation Pause) 313M->58M(512M) 19.439ms
[2022-08-30T09:46:15.331-0800][gc,cpu        ] GC(95) User=0.02s Sys=0.01s Real=0.02s
[2022-08-30T10:27:02.444-0800][gc,start      ] GC(96) Pause Young (Normal) (G1 Evacuation Pause)
[2022-08-30T10:27:02.446-0800][gc,task       ] GC(96) Using 8 workers of 8 for evacuation
[2022-08-30T10:27:02.464-0800][gc,phases     ] GC(96)   Pre Evacuate Collection Set: 5.1ms
[2022-08-30T10:27:02.464-0800][gc,phases     ] GC(96)   Evacuate Collection Set: 10.8ms
[2022-08-30T10:27:02.464-0800][gc,phases     ] GC(96)   Post Evacuate Collection Set: 1.5ms
[2022-08-30T10:27:02.464-0800][gc,phases     ] GC(96)   Other: 3.2ms
[2022-08-30T10:27:02.464-0800][gc,heap       ] GC(96) Eden regions: 255->0(255)
[2022-08-30T10:27:02.464-0800][gc,heap       ] GC(96) Survivor regions: 1->1(32)
[2022-08-30T10:27:02.464-0800][gc,heap       ] GC(96) Old regions: 39->39
[2022-08-30T10:27:02.464-0800][gc,heap       ] GC(96) Humongous regions: 20->20
[2022-08-30T10:27:02.464-0800][gc,metaspace  ] GC(96) Metaspace: 79944K->79944K(1122304K)
[2022-08-30T10:27:02.464-0800][gc            ] GC(96) Pause Young (Normal) (G1 Evacuation Pause) 313M->58M(512M) 20.643ms
[2022-08-30T10:27:02.464-0800][gc,cpu        ] GC(96) User=0.01s Sys=0.02s Real=0.02s
[2022-08-30T10:45:09.267-0800][gc,start      ] GC(97) Pause Young (Normal) (G1 Evacuation Pause)
[2022-08-30T10:45:09.269-0800][gc,task       ] GC(97) Using 8 workers of 8 for evacuation
[2022-08-30T10:45:09.283-0800][gc,phases     ] GC(97)   Pre Evacuate Collection Set: 1.2ms
[2022-08-30T10:45:09.283-0800][gc,phases     ] GC(97)   Evacuate Collection Set: 8.3ms
[2022-08-30T10:45:09.283-0800][gc,phases     ] GC(97)   Post Evacuate Collection Set: 2.0ms
[2022-08-30T10:45:09.283-0800][gc,phases     ] GC(97)   Other: 4.4ms
[2022-08-30T10:45:09.283-0800][gc,heap       ] GC(97) Eden regions: 255->0(255)
[2022-08-30T10:45:09.283-0800][gc,heap       ] GC(97) Survivor regions: 1->1(32)
[2022-08-30T10:45:09.283-0800][gc,heap       ] GC(97) Old regions: 39->39
[2022-08-30T10:45:09.283-0800][gc,heap       ] GC(97) Humongous regions: 20->20
[2022-08-30T10:45:09.283-0800][gc,metaspace  ] GC(97) Metaspace: 79945K->79945K(1122304K)
[2022-08-30T10:45:09.283-0800][gc            ] GC(97) Pause Young (Normal) (G1 Evacuation Pause) 313M->58M(512M) 15.934ms
[2022-08-30T10:45:09.283-0800][gc,cpu        ] GC(97) User=0.02s Sys=0.01s Real=0.02s
[2022-08-30T11:03:15.157-0800][gc,start      ] GC(98) Pause Young (Normal) (G1 Evacuation Pause)
[2022-08-30T11:03:15.159-0800][gc,task       ] GC(98) Using 8 workers of 8 for evacuation
[2022-08-30T11:03:15.179-0800][gc,phases     ] GC(98)   Pre Evacuate Collection Set: 0.7ms
[2022-08-30T11:03:15.179-0800][gc,phases     ] GC(98)   Evacuate Collection Set: 15.2ms
[2022-08-30T11:03:15.179-0800][gc,phases     ] GC(98)   Post Evacuate Collection Set: 2.3ms
[2022-08-30T11:03:15.179-0800][gc,phases     ] GC(98)   Other: 3.7ms
[2022-08-30T11:03:15.179-0800][gc,heap       ] GC(98) Eden regions: 255->0(255)
[2022-08-30T11:03:15.179-0800][gc,heap       ] GC(98) Survivor regions: 1->1(32)
[2022-08-30T11:03:15.179-0800][gc,heap       ] GC(98) Old regions: 39->39
[2022-08-30T11:03:15.179-0800][gc,heap       ] GC(98) Humongous regions: 20->20
[2022-08-30T11:03:15.179-0800][gc,metaspace  ] GC(98) Metaspace: 79947K->79947K(1122304K)
[2022-08-30T11:03:15.179-0800][gc            ] GC(98) Pause Young (Normal) (G1 Evacuation Pause) 313M->58M(512M) 22.065ms
[2022-08-30T11:03:15.179-0800][gc,cpu        ] GC(98) User=0.04s Sys=0.02s Real=0.02s
[2022-08-30T11:21:24.772-0800][gc,start      ] GC(99) Pause Young (Normal) (G1 Evacuation Pause)
[2022-08-30T11:21:24.774-0800][gc,task       ] GC(99) Using 8 workers of 8 for evacuation
[2022-08-30T11:21:24.785-0800][gc,phases     ] GC(99)   Pre Evacuate Collection Set: 0.5ms
[2022-08-30T11:21:24.785-0800][gc,phases     ] GC(99)   Evacuate Collection Set: 8.4ms
[2022-08-30T11:21:24.785-0800][gc,phases     ] GC(99)   Post Evacuate Collection Set: 1.4ms
[2022-08-30T11:21:24.785-0800][gc,phases     ] GC(99)   Other: 2.9ms
[2022-08-30T11:21:24.785-0800][gc,heap       ] GC(99) Eden regions: 255->0(255)
[2022-08-30T11:21:24.785-0800][gc,heap       ] GC(99) Survivor regions: 1->1(32)
[2022-08-30T11:21:24.785-0800][gc,heap       ] GC(99) Old regions: 39->39
[2022-08-30T11:21:24.785-0800][gc,heap       ] GC(99) Humongous regions: 20->20
[2022-08-30T11:21:24.785-0800][gc,metaspace  ] GC(99) Metaspace: 79947K->79947K(1122304K)
[2022-08-30T11:21:24.786-0800][gc            ] GC(99) Pause Young (Normal) (G1 Evacuation Pause) 313M->58M(512M) 13.313ms
[2022-08-30T11:21:24.786-0800][gc,cpu        ] GC(99) User=0.01s Sys=0.01s Real=0.01s
[2022-08-30T14:39:09.504-0800][gc,start      ] GC(100) Pause Young (Normal) (G1 Evacuation Pause)
[2022-08-30T14:39:09.505-0800][gc,task       ] GC(100) Using 8 workers of 8 for evacuation
[2022-08-30T14:39:09.525-0800][gc,phases     ] GC(100)   Pre Evacuate Collection Set: 0.6ms
[2022-08-30T14:39:09.525-0800][gc,phases     ] GC(100)   Evacuate Collection Set: 10.6ms
[2022-08-30T14:39:09.525-0800][gc,phases     ] GC(100)   Post Evacuate Collection Set: 6.9ms
[2022-08-30T14:39:09.525-0800][gc,phases     ] GC(100)   Other: 3.3ms
[2022-08-30T14:39:09.525-0800][gc,heap       ] GC(100) Eden regions: 255->0(255)
[2022-08-30T14:39:09.525-0800][gc,heap       ] GC(100) Survivor regions: 1->1(32)
[2022-08-30T14:39:09.525-0800][gc,heap       ] GC(100) Old regions: 39->39
[2022-08-30T14:39:09.525-0800][gc,heap       ] GC(100) Humongous regions: 20->20
[2022-08-30T14:39:09.525-0800][gc,metaspace  ] GC(100) Metaspace: 79972K->79972K(1122304K)
[2022-08-30T14:39:09.525-0800][gc            ] GC(100) Pause Young (Normal) (G1 Evacuation Pause) 313M->58M(512M) 21.236ms
[2022-08-30T14:39:09.526-0800][gc,cpu        ] GC(100) User=0.05s Sys=0.02s Real=0.02s
[2022-08-30T16:04:38.743-0800][gc,start      ] GC(101) Pause Young (Normal) (G1 Evacuation Pause)
[2022-08-30T16:04:38.745-0800][gc,task       ] GC(101) Using 8 workers of 8 for evacuation
[2022-08-30T16:04:38.766-0800][gc,phases     ] GC(101)   Pre Evacuate Collection Set: 0.9ms
[2022-08-30T16:04:38.766-0800][gc,phases     ] GC(101)   Evacuate Collection Set: 15.7ms
[2022-08-30T16:04:38.766-0800][gc,phases     ] GC(101)   Post Evacuate Collection Set: 2.7ms
[2022-08-30T16:04:38.766-0800][gc,phases     ] GC(101)   Other: 4.1ms
[2022-08-30T16:04:38.766-0800][gc,heap       ] GC(101) Eden regions: 255->0(255)
[2022-08-30T16:04:38.766-0800][gc,heap       ] GC(101) Survivor regions: 1->1(32)
[2022-08-30T16:04:38.766-0800][gc,heap       ] GC(101) Old regions: 39->39
[2022-08-30T16:04:38.766-0800][gc,heap       ] GC(101) Humongous regions: 20->20
[2022-08-30T16:04:38.766-0800][gc,metaspace  ] GC(101) Metaspace: 79976K->79976K(1122304K)
[2022-08-30T16:04:38.767-0800][gc            ] GC(101) Pause Young (Normal) (G1 Evacuation Pause) 313M->58M(512M) 23.658ms
[2022-08-30T16:04:38.767-0800][gc,cpu        ] GC(101) User=0.02s Sys=0.02s Real=0.02s
[2022-08-30T16:22:49.743-0800][gc,start      ] GC(102) Pause Young (Normal) (G1 Evacuation Pause)
[2022-08-30T16:22:49.745-0800][gc,task       ] GC(102) Using 8 workers of 8 for evacuation
[2022-08-30T16:22:49.753-0800][gc,phases     ] GC(102)   Pre Evacuate Collection Set: 0.4ms
[2022-08-30T16:22:49.753-0800][gc,phases     ] GC(102)   Evacuate Collection Set: 4.8ms
[2022-08-30T16:22:49.753-0800][gc,phases     ] GC(102)   Post Evacuate Collection Set: 1.7ms
[2022-08-30T16:22:49.753-0800][gc,phases     ] GC(102)   Other: 2.8ms
[2022-08-30T16:22:49.753-0800][gc,heap       ] GC(102) Eden regions: 255->0(255)
[2022-08-30T16:22:49.753-0800][gc,heap       ] GC(102) Survivor regions: 1->1(32)
[2022-08-30T16:22:49.753-0800][gc,heap       ] GC(102) Old regions: 39->39
[2022-08-30T16:22:49.753-0800][gc,heap       ] GC(102) Humongous regions: 20->20
[2022-08-30T16:22:49.753-0800][gc,metaspace  ] GC(102) Metaspace: 79976K->79976K(1122304K)
[2022-08-30T16:22:49.753-0800][gc            ] GC(102) Pause Young (Normal) (G1 Evacuation Pause) 313M->58M(512M) 9.894ms
[2022-08-30T16:22:49.753-0800][gc,cpu        ] GC(102) User=0.01s Sys=0.01s Real=0.01s
[2022-08-30T16:45:05.772-0800][gc,start      ] GC(103) Pause Young (Normal) (G1 Evacuation Pause)
[2022-08-30T16:45:05.773-0800][gc,task       ] GC(103) Using 8 workers of 8 for evacuation
[2022-08-30T16:45:05.789-0800][gc,phases     ] GC(103)   Pre Evacuate Collection Set: 0.5ms
[2022-08-30T16:45:05.790-0800][gc,phases     ] GC(103)   Evacuate Collection Set: 11.6ms
[2022-08-30T16:45:05.790-0800][gc,phases     ] GC(103)   Post Evacuate Collection Set: 2.5ms
[2022-08-30T16:45:05.790-0800][gc,phases     ] GC(103)   Other: 3.6ms
[2022-08-30T16:45:05.790-0800][gc,heap       ] GC(103) Eden regions: 255->0(255)
[2022-08-30T16:45:05.790-0800][gc,heap       ] GC(103) Survivor regions: 1->1(32)
[2022-08-30T16:45:05.790-0800][gc,heap       ] GC(103) Old regions: 39->39
[2022-08-30T16:45:05.790-0800][gc,heap       ] GC(103) Humongous regions: 20->20
[2022-08-30T16:45:05.790-0800][gc,metaspace  ] GC(103) Metaspace: 79976K->79976K(1122304K)
[2022-08-30T16:45:05.790-0800][gc            ] GC(103) Pause Young (Normal) (G1 Evacuation Pause) 313M->58M(512M) 18.503ms
[2022-08-30T16:45:05.790-0800][gc,cpu        ] GC(103) User=0.02s Sys=0.01s Real=0.02s
[2022-08-30T17:03:17.927-0800][gc,start      ] GC(104) Pause Young (Normal) (G1 Evacuation Pause)
[2022-08-30T17:03:17.930-0800][gc,task       ] GC(104) Using 8 workers of 8 for evacuation
[2022-08-30T17:03:17.943-0800][gc,phases     ] GC(104)   Pre Evacuate Collection Set: 0.6ms
[2022-08-30T17:03:17.943-0800][gc,phases     ] GC(104)   Evacuate Collection Set: 9.9ms
[2022-08-30T17:03:17.943-0800][gc,phases     ] GC(104)   Post Evacuate Collection Set: 2.0ms
[2022-08-30T17:03:17.943-0800][gc,phases     ] GC(104)   Other: 4.0ms
[2022-08-30T17:03:17.943-0800][gc,heap       ] GC(104) Eden regions: 255->0(255)
[2022-08-30T17:03:17.943-0800][gc,heap       ] GC(104) Survivor regions: 1->1(32)
[2022-08-30T17:03:17.943-0800][gc,heap       ] GC(104) Old regions: 39->39
[2022-08-30T17:03:17.943-0800][gc,heap       ] GC(104) Humongous regions: 20->20
[2022-08-30T17:03:17.943-0800][gc,metaspace  ] GC(104) Metaspace: 79976K->79976K(1122304K)
[2022-08-30T17:03:17.943-0800][gc            ] GC(104) Pause Young (Normal) (G1 Evacuation Pause) 313M->58M(512M) 16.631ms
[2022-08-30T17:03:17.944-0800][gc,cpu        ] GC(104) User=0.04s Sys=0.02s Real=0.02s
[2022-08-30T17:21:24.356-0800][gc,start      ] GC(105) Pause Young (Normal) (G1 Evacuation Pause)
[2022-08-30T17:21:24.357-0800][gc,task       ] GC(105) Using 8 workers of 8 for evacuation
[2022-08-30T17:21:24.367-0800][gc,phases     ] GC(105)   Pre Evacuate Collection Set: 0.4ms
[2022-08-30T17:21:24.367-0800][gc,phases     ] GC(105)   Evacuate Collection Set: 7.3ms
[2022-08-30T17:21:24.367-0800][gc,phases     ] GC(105)   Post Evacuate Collection Set: 1.5ms
[2022-08-30T17:21:24.367-0800][gc,phases     ] GC(105)   Other: 1.9ms
[2022-08-30T17:21:24.367-0800][gc,heap       ] GC(105) Eden regions: 255->0(255)
[2022-08-30T17:21:24.367-0800][gc,heap       ] GC(105) Survivor regions: 1->1(32)
[2022-08-30T17:21:24.367-0800][gc,heap       ] GC(105) Old regions: 39->39
[2022-08-30T17:21:24.367-0800][gc,heap       ] GC(105) Humongous regions: 20->20
[2022-08-30T17:21:24.367-0800][gc,metaspace  ] GC(105) Metaspace: 79987K->79987K(1122304K)
[2022-08-30T17:21:24.368-0800][gc            ] GC(105) Pause Young (Normal) (G1 Evacuation Pause) 313M->58M(512M) 11.245ms
[2022-08-30T17:21:24.368-0800][gc,cpu        ] GC(105) User=0.01s Sys=0.00s Real=0.01s
[2022-08-30T17:48:08.522-0800][gc,start      ] GC(106) Pause Young (Normal) (G1 Evacuation Pause)
[2022-08-30T17:48:08.524-0800][gc,task       ] GC(106) Using 8 workers of 8 for evacuation
[2022-08-30T17:48:08.537-0800][gc,phases     ] GC(106)   Pre Evacuate Collection Set: 0.4ms
[2022-08-30T17:48:08.537-0800][gc,phases     ] GC(106)   Evacuate Collection Set: 10.0ms
[2022-08-30T17:48:08.537-0800][gc,phases     ] GC(106)   Post Evacuate Collection Set: 2.2ms
[2022-08-30T17:48:08.537-0800][gc,phases     ] GC(106)   Other: 3.0ms
[2022-08-30T17:48:08.537-0800][gc,heap       ] GC(106) Eden regions: 255->0(255)
[2022-08-30T17:48:08.537-0800][gc,heap       ] GC(106) Survivor regions: 1->1(32)
[2022-08-30T17:48:08.537-0800][gc,heap       ] GC(106) Old regions: 39->39
[2022-08-30T17:48:08.537-0800][gc,heap       ] GC(106) Humongous regions: 20->20
[2022-08-30T17:48:08.537-0800][gc,metaspace  ] GC(106) Metaspace: 79989K->79989K(1122304K)
[2022-08-30T17:48:08.537-0800][gc            ] GC(106) Pause Young (Normal) (G1 Evacuation Pause) 313M->58M(512M) 15.717ms
[2022-08-30T17:48:08.537-0800][gc,cpu        ] GC(106) User=0.04s Sys=0.03s Real=0.01s
[2022-08-30T18:27:12.437-0800][gc,start      ] GC(107) Pause Young (Normal) (G1 Evacuation Pause)
[2022-08-30T18:27:12.439-0800][gc,task       ] GC(107) Using 8 workers of 8 for evacuation
[2022-08-30T18:27:12.456-0800][gc,phases     ] GC(107)   Pre Evacuate Collection Set: 0.8ms
[2022-08-30T18:27:12.456-0800][gc,phases     ] GC(107)   Evacuate Collection Set: 11.9ms
[2022-08-30T18:27:12.456-0800][gc,phases     ] GC(107)   Post Evacuate Collection Set: 2.5ms
[2022-08-30T18:27:12.456-0800][gc,phases     ] GC(107)   Other: 3.8ms
[2022-08-30T18:27:12.456-0800][gc,heap       ] GC(107) Eden regions: 255->0(255)
[2022-08-30T18:27:12.456-0800][gc,heap       ] GC(107) Survivor regions: 1->1(32)
[2022-08-30T18:27:12.456-0800][gc,heap       ] GC(107) Old regions: 39->39
[2022-08-30T18:27:12.456-0800][gc,heap       ] GC(107) Humongous regions: 20->20
[2022-08-30T18:27:12.456-0800][gc,metaspace  ] GC(107) Metaspace: 79993K->79993K(1122304K)
[2022-08-30T18:27:12.456-0800][gc            ] GC(107) Pause Young (Normal) (G1 Evacuation Pause) 313M->58M(512M) 19.143ms
[2022-08-30T18:27:12.456-0800][gc,cpu        ] GC(107) User=0.02s Sys=0.01s Real=0.02s
[2022-08-30T18:45:25.164-0800][gc,start      ] GC(108) Pause Young (Normal) (G1 Evacuation Pause)
[2022-08-30T18:45:25.165-0800][gc,task       ] GC(108) Using 8 workers of 8 for evacuation
[2022-08-30T18:45:25.180-0800][gc,phases     ] GC(108)   Pre Evacuate Collection Set: 0.2ms
[2022-08-30T18:45:25.180-0800][gc,phases     ] GC(108)   Evacuate Collection Set: 11.6ms
[2022-08-30T18:45:25.180-0800][gc,phases     ] GC(108)   Post Evacuate Collection Set: 1.3ms
[2022-08-30T18:45:25.180-0800][gc,phases     ] GC(108)   Other: 2.9ms
[2022-08-30T18:45:25.180-0800][gc,heap       ] GC(108) Eden regions: 255->0(255)
[2022-08-30T18:45:25.180-0800][gc,heap       ] GC(108) Survivor regions: 1->1(32)
[2022-08-30T18:45:25.180-0800][gc,heap       ] GC(108) Old regions: 39->39
[2022-08-30T18:45:25.180-0800][gc,heap       ] GC(108) Humongous regions: 20->20
[2022-08-30T18:45:25.180-0800][gc,metaspace  ] GC(108) Metaspace: 79995K->79995K(1122304K)
[2022-08-30T18:45:25.180-0800][gc            ] GC(108) Pause Young (Normal) (G1 Evacuation Pause) 313M->58M(512M) 16.619ms
[2022-08-30T18:45:25.180-0800][gc,cpu        ] GC(108) User=0.02s Sys=0.01s Real=0.02s
[2022-08-30T19:03:31.546-0800][gc,start      ] GC(109) Pause Young (Normal) (G1 Evacuation Pause)
[2022-08-30T19:03:31.548-0800][gc,task       ] GC(109) Using 8 workers of 8 for evacuation
[2022-08-30T19:03:31.564-0800][gc,phases     ] GC(109)   Pre Evacuate Collection Set: 0.8ms
[2022-08-30T19:03:31.564-0800][gc,phases     ] GC(109)   Evacuate Collection Set: 11.8ms
[2022-08-30T19:03:31.564-0800][gc,phases     ] GC(109)   Post Evacuate Collection Set: 2.3ms
[2022-08-30T19:03:31.565-0800][gc,phases     ] GC(109)   Other: 3.6ms
[2022-08-30T19:03:31.565-0800][gc,heap       ] GC(109) Eden regions: 255->0(255)
[2022-08-30T19:03:31.565-0800][gc,heap       ] GC(109) Survivor regions: 1->1(32)
[2022-08-30T19:03:31.565-0800][gc,heap       ] GC(109) Old regions: 39->39
[2022-08-30T19:03:31.565-0800][gc,heap       ] GC(109) Humongous regions: 20->20
[2022-08-30T19:03:31.565-0800][gc,metaspace  ] GC(109) Metaspace: 79995K->79995K(1122304K)
[2022-08-30T19:03:31.565-0800][gc            ] GC(109) Pause Young (Normal) (G1 Evacuation Pause) 313M->58M(512M) 18.631ms
[2022-08-30T19:03:31.565-0800][gc,cpu        ] GC(109) User=0.02s Sys=0.01s Real=0.02s
[2022-08-30T19:21:39.583-0800][gc,start      ] GC(110) Pause Young (Normal) (G1 Evacuation Pause)
[2022-08-30T19:21:39.584-0800][gc,task       ] GC(110) Using 8 workers of 8 for evacuation
[2022-08-30T19:21:39.589-0800][gc,phases     ] GC(110)   Pre Evacuate Collection Set: 0.2ms
[2022-08-30T19:21:39.590-0800][gc,phases     ] GC(110)   Evacuate Collection Set: 3.8ms
[2022-08-30T19:21:39.590-0800][gc,phases     ] GC(110)   Post Evacuate Collection Set: 0.9ms
[2022-08-30T19:21:39.590-0800][gc,phases     ] GC(110)   Other: 1.7ms
[2022-08-30T19:21:39.590-0800][gc,heap       ] GC(110) Eden regions: 255->0(255)
[2022-08-30T19:21:39.590-0800][gc,heap       ] GC(110) Survivor regions: 1->1(32)
[2022-08-30T19:21:39.590-0800][gc,heap       ] GC(110) Old regions: 39->39
[2022-08-30T19:21:39.590-0800][gc,heap       ] GC(110) Humongous regions: 20->20
[2022-08-30T19:21:39.590-0800][gc,metaspace  ] GC(110) Metaspace: 79995K->79995K(1122304K)
[2022-08-30T19:21:39.590-0800][gc            ] GC(110) Pause Young (Normal) (G1 Evacuation Pause) 313M->58M(512M) 6.709ms
[2022-08-30T19:21:39.590-0800][gc,cpu        ] GC(110) User=0.02s Sys=0.01s Real=0.01s
[2022-08-30T20:19:11.812-0800][gc,start      ] GC(111) Pause Young (Normal) (G1 Evacuation Pause)
[2022-08-30T20:19:11.815-0800][gc,task       ] GC(111) Using 8 workers of 8 for evacuation
[2022-08-30T20:19:11.831-0800][gc,phases     ] GC(111)   Pre Evacuate Collection Set: 0.7ms
[2022-08-30T20:19:11.832-0800][gc,phases     ] GC(111)   Evacuate Collection Set: 12.3ms
[2022-08-30T20:19:11.832-0800][gc,phases     ] GC(111)   Post Evacuate Collection Set: 1.9ms
[2022-08-30T20:19:11.832-0800][gc,phases     ] GC(111)   Other: 5.0ms
[2022-08-30T20:19:11.832-0800][gc,heap       ] GC(111) Eden regions: 255->0(255)
[2022-08-30T20:19:11.832-0800][gc,heap       ] GC(111) Survivor regions: 1->1(32)
[2022-08-30T20:19:11.832-0800][gc,heap       ] GC(111) Old regions: 39->39
[2022-08-30T20:19:11.832-0800][gc,heap       ] GC(111) Humongous regions: 20->20
[2022-08-30T20:19:11.832-0800][gc,metaspace  ] GC(111) Metaspace: 79997K->79997K(1122304K)
[2022-08-30T20:19:11.832-0800][gc            ] GC(111) Pause Young (Normal) (G1 Evacuation Pause) 313M->58M(512M) 20.001ms
[2022-08-30T20:19:11.832-0800][gc,cpu        ] GC(111) User=0.02s Sys=0.01s Real=0.02s
[2022-08-30T20:37:23.523-0800][gc,start      ] GC(112) Pause Young (Normal) (G1 Evacuation Pause)
[2022-08-30T20:37:23.525-0800][gc,task       ] GC(112) Using 8 workers of 8 for evacuation
[2022-08-30T20:37:23.546-0800][gc,phases     ] GC(112)   Pre Evacuate Collection Set: 1.2ms
[2022-08-30T20:37:23.547-0800][gc,phases     ] GC(112)   Evacuate Collection Set: 17.4ms
[2022-08-30T20:37:23.547-0800][gc,phases     ] GC(112)   Post Evacuate Collection Set: 1.7ms
[2022-08-30T20:37:23.547-0800][gc,phases     ] GC(112)   Other: 3.5ms
[2022-08-30T20:37:23.547-0800][gc,heap       ] GC(112) Eden regions: 255->0(255)
[2022-08-30T20:37:23.547-0800][gc,heap       ] GC(112) Survivor regions: 1->1(32)
[2022-08-30T20:37:23.547-0800][gc,heap       ] GC(112) Old regions: 39->39
[2022-08-30T20:37:23.547-0800][gc,heap       ] GC(112) Humongous regions: 20->20
[2022-08-30T20:37:23.547-0800][gc,metaspace  ] GC(112) Metaspace: 80000K->80000K(1122304K)
[2022-08-30T20:37:23.547-0800][gc            ] GC(112) Pause Young (Normal) (G1 Evacuation Pause) 313M->58M(512M) 23.888ms
[2022-08-30T20:37:23.547-0800][gc,cpu        ] GC(112) User=0.02s Sys=0.01s Real=0.02s
[2022-08-30T20:55:35.254-0800][gc,start      ] GC(113) Pause Young (Normal) (G1 Evacuation Pause)
[2022-08-30T20:55:35.257-0800][gc,task       ] GC(113) Using 8 workers of 8 for evacuation
[2022-08-30T20:55:35.277-0800][gc,phases     ] GC(113)   Pre Evacuate Collection Set: 3.6ms
[2022-08-30T20:55:35.277-0800][gc,phases     ] GC(113)   Evacuate Collection Set: 13.0ms
[2022-08-30T20:55:35.277-0800][gc,phases     ] GC(113)   Post Evacuate Collection Set: 2.1ms
[2022-08-30T20:55:35.277-0800][gc,phases     ] GC(113)   Other: 4.2ms
[2022-08-30T20:55:35.277-0800][gc,heap       ] GC(113) Eden regions: 255->0(255)
[2022-08-30T20:55:35.277-0800][gc,heap       ] GC(113) Survivor regions: 1->1(32)
[2022-08-30T20:55:35.277-0800][gc,heap       ] GC(113) Old regions: 39->39
[2022-08-30T20:55:35.277-0800][gc,heap       ] GC(113) Humongous regions: 20->20
[2022-08-30T20:55:35.277-0800][gc,metaspace  ] GC(113) Metaspace: 80000K->80000K(1122304K)
[2022-08-30T20:55:35.277-0800][gc            ] GC(113) Pause Young (Normal) (G1 Evacuation Pause) 313M->58M(512M) 22.798ms
[2022-08-30T20:55:35.277-0800][gc,cpu        ] GC(113) User=0.02s Sys=0.01s Real=0.02s
[2022-08-30T21:29:39.010-0800][gc,start      ] GC(114) Pause Young (Normal) (G1 Evacuation Pause)
[2022-08-30T21:29:39.011-0800][gc,task       ] GC(114) Using 8 workers of 8 for evacuation
[2022-08-30T21:29:39.025-0800][gc,phases     ] GC(114)   Pre Evacuate Collection Set: 0.5ms
[2022-08-30T21:29:39.025-0800][gc,phases     ] GC(114)   Evacuate Collection Set: 10.2ms
[2022-08-30T21:29:39.025-0800][gc,phases     ] GC(114)   Post Evacuate Collection Set: 2.5ms
[2022-08-30T21:29:39.025-0800][gc,phases     ] GC(114)   Other: 2.2ms
[2022-08-30T21:29:39.025-0800][gc,heap       ] GC(114) Eden regions: 255->0(255)
[2022-08-30T21:29:39.025-0800][gc,heap       ] GC(114) Survivor regions: 1->1(32)
[2022-08-30T21:29:39.025-0800][gc,heap       ] GC(114) Old regions: 39->39
[2022-08-30T21:29:39.025-0800][gc,heap       ] GC(114) Humongous regions: 20->20
[2022-08-30T21:29:39.025-0800][gc,metaspace  ] GC(114) Metaspace: 80014K->80014K(1122304K)
[2022-08-30T21:29:39.026-0800][gc            ] GC(114) Pause Young (Normal) (G1 Evacuation Pause) 313M->58M(512M) 15.679ms
[2022-08-30T21:29:39.026-0800][gc,cpu        ] GC(114) User=0.01s Sys=0.01s Real=0.01s
[2022-08-30T21:47:44.565-0800][gc,start      ] GC(115) Pause Young (Normal) (G1 Evacuation Pause)
[2022-08-30T21:47:44.567-0800][gc,task       ] GC(115) Using 8 workers of 8 for evacuation
[2022-08-30T21:47:44.588-0800][gc,phases     ] GC(115)   Pre Evacuate Collection Set: 0.5ms
[2022-08-30T21:47:44.588-0800][gc,phases     ] GC(115)   Evacuate Collection Set: 18.3ms
[2022-08-30T21:47:44.588-0800][gc,phases     ] GC(115)   Post Evacuate Collection Set: 1.0ms
[2022-08-30T21:47:44.588-0800][gc,phases     ] GC(115)   Other: 3.3ms
[2022-08-30T21:47:44.588-0800][gc,heap       ] GC(115) Eden regions: 255->0(255)
[2022-08-30T21:47:44.588-0800][gc,heap       ] GC(115) Survivor regions: 1->1(32)
[2022-08-30T21:47:44.588-0800][gc,heap       ] GC(115) Old regions: 39->39
[2022-08-30T21:47:44.588-0800][gc,heap       ] GC(115) Humongous regions: 20->20
[2022-08-30T21:47:44.588-0800][gc,metaspace  ] GC(115) Metaspace: 80014K->80014K(1122304K)
[2022-08-30T21:47:44.588-0800][gc            ] GC(115) Pause Young (Normal) (G1 Evacuation Pause) 313M->58M(512M) 23.015ms
[2022-08-30T21:47:44.588-0800][gc,cpu        ] GC(115) User=0.02s Sys=0.02s Real=0.02s
[2022-08-30T22:05:54.811-0800][gc,start      ] GC(116) Pause Young (Normal) (G1 Evacuation Pause)
[2022-08-30T22:05:54.812-0800][gc,task       ] GC(116) Using 8 workers of 8 for evacuation
[2022-08-30T22:05:54.828-0800][gc,phases     ] GC(116)   Pre Evacuate Collection Set: 0.4ms
[2022-08-30T22:05:54.828-0800][gc,phases     ] GC(116)   Evacuate Collection Set: 11.4ms
[2022-08-30T22:05:54.828-0800][gc,phases     ] GC(116)   Post Evacuate Collection Set: 3.4ms
[2022-08-30T22:05:54.829-0800][gc,phases     ] GC(116)   Other: 2.3ms
[2022-08-30T22:05:54.829-0800][gc,heap       ] GC(116) Eden regions: 255->0(255)
[2022-08-30T22:05:54.829-0800][gc,heap       ] GC(116) Survivor regions: 1->1(32)
[2022-08-30T22:05:54.829-0800][gc,heap       ] GC(116) Old regions: 39->39
[2022-08-30T22:05:54.829-0800][gc,heap       ] GC(116) Humongous regions: 20->20
[2022-08-30T22:05:54.829-0800][gc,metaspace  ] GC(116) Metaspace: 80015K->80015K(1122304K)
[2022-08-30T22:05:54.829-0800][gc            ] GC(116) Pause Young (Normal) (G1 Evacuation Pause) 313M->58M(512M) 17.659ms
[2022-08-30T22:05:54.829-0800][gc,cpu        ] GC(116) User=0.01s Sys=0.02s Real=0.01s
[2022-08-30T22:24:04.730-0800][gc,start      ] GC(117) Pause Young (Normal) (G1 Evacuation Pause)
[2022-08-30T22:24:04.731-0800][gc,task       ] GC(117) Using 8 workers of 8 for evacuation
[2022-08-30T22:24:04.758-0800][gc,phases     ] GC(117)   Pre Evacuate Collection Set: 1.8ms
[2022-08-30T22:24:04.759-0800][gc,phases     ] GC(117)   Evacuate Collection Set: 21.4ms
[2022-08-30T22:24:04.759-0800][gc,phases     ] GC(117)   Post Evacuate Collection Set: 2.2ms
[2022-08-30T22:24:04.759-0800][gc,phases     ] GC(117)   Other: 3.0ms
[2022-08-30T22:24:04.759-0800][gc,heap       ] GC(117) Eden regions: 255->0(255)
[2022-08-30T22:24:04.759-0800][gc,heap       ] GC(117) Survivor regions: 1->1(32)
[2022-08-30T22:24:04.759-0800][gc,heap       ] GC(117) Old regions: 39->39
[2022-08-30T22:24:04.759-0800][gc,heap       ] GC(117) Humongous regions: 20->20
[2022-08-30T22:24:04.759-0800][gc,metaspace  ] GC(117) Metaspace: 80018K->80018K(1122304K)
[2022-08-30T22:24:04.759-0800][gc            ] GC(117) Pause Young (Normal) (G1 Evacuation Pause) 313M->58M(512M) 28.284ms
[2022-08-30T22:24:04.759-0800][gc,cpu        ] GC(117) User=0.03s Sys=0.04s Real=0.02s
[2022-08-30T22:42:16.009-0800][gc,start      ] GC(118) Pause Young (Normal) (G1 Evacuation Pause)
[2022-08-30T22:42:16.013-0800][gc,task       ] GC(118) Using 8 workers of 8 for evacuation
[2022-08-30T22:42:16.030-0800][gc,phases     ] GC(118)   Pre Evacuate Collection Set: 0.7ms
[2022-08-30T22:42:16.030-0800][gc,phases     ] GC(118)   Evacuate Collection Set: 11.8ms
[2022-08-30T22:42:16.030-0800][gc,phases     ] GC(118)   Post Evacuate Collection Set: 2.8ms
[2022-08-30T22:42:16.030-0800][gc,phases     ] GC(118)   Other: 5.7ms
[2022-08-30T22:42:16.030-0800][gc,heap       ] GC(118) Eden regions: 255->0(255)
[2022-08-30T22:42:16.030-0800][gc,heap       ] GC(118) Survivor regions: 1->1(32)
[2022-08-30T22:42:16.030-0800][gc,heap       ] GC(118) Old regions: 39->39
[2022-08-30T22:42:16.030-0800][gc,heap       ] GC(118) Humongous regions: 20->20
[2022-08-30T22:42:16.030-0800][gc,metaspace  ] GC(118) Metaspace: 80020K->80020K(1122304K)
[2022-08-30T22:42:16.031-0800][gc            ] GC(118) Pause Young (Normal) (G1 Evacuation Pause) 313M->58M(512M) 21.059ms
[2022-08-30T22:42:16.031-0800][gc,cpu        ] GC(118) User=0.02s Sys=0.02s Real=0.03s
[2022-08-30T23:00:29.454-0800][gc,start      ] GC(119) Pause Young (Normal) (G1 Evacuation Pause)
[2022-08-30T23:00:29.456-0800][gc,task       ] GC(119) Using 8 workers of 8 for evacuation
[2022-08-30T23:00:29.473-0800][gc,phases     ] GC(119)   Pre Evacuate Collection Set: 0.7ms
[2022-08-30T23:00:29.473-0800][gc,phases     ] GC(119)   Evacuate Collection Set: 11.2ms
[2022-08-30T23:00:29.473-0800][gc,phases     ] GC(119)   Post Evacuate Collection Set: 2.8ms
[2022-08-30T23:00:29.473-0800][gc,phases     ] GC(119)   Other: 4.3ms
[2022-08-30T23:00:29.473-0800][gc,heap       ] GC(119) Eden regions: 255->0(255)
[2022-08-30T23:00:29.473-0800][gc,heap       ] GC(119) Survivor regions: 1->1(32)
[2022-08-30T23:00:29.473-0800][gc,heap       ] GC(119) Old regions: 39->39
[2022-08-30T23:00:29.473-0800][gc,heap       ] GC(119) Humongous regions: 20->20
[2022-08-30T23:00:29.473-0800][gc,metaspace  ] GC(119) Metaspace: 80020K->80020K(1122304K)
[2022-08-30T23:00:29.473-0800][gc            ] GC(119) Pause Young (Normal) (G1 Evacuation Pause) 313M->58M(512M) 19.367ms
[2022-08-30T23:00:29.473-0800][gc,cpu        ] GC(119) User=0.02s Sys=0.02s Real=0.02s
[2022-08-30T23:18:41.672-0800][gc,start      ] GC(120) Pause Young (Normal) (G1 Evacuation Pause)
[2022-08-30T23:18:41.675-0800][gc,task       ] GC(120) Using 8 workers of 8 for evacuation
[2022-08-30T23:18:41.705-0800][gc,phases     ] GC(120)   Pre Evacuate Collection Set: 0.7ms
[2022-08-30T23:18:41.705-0800][gc,phases     ] GC(120)   Evacuate Collection Set: 18.1ms
[2022-08-30T23:18:41.705-0800][gc,phases     ] GC(120)   Post Evacuate Collection Set: 8.9ms
[2022-08-30T23:18:41.705-0800][gc,phases     ] GC(120)   Other: 5.8ms
[2022-08-30T23:18:41.705-0800][gc,heap       ] GC(120) Eden regions: 255->0(255)
[2022-08-30T23:18:41.705-0800][gc,heap       ] GC(120) Survivor regions: 1->1(32)
[2022-08-30T23:18:41.705-0800][gc,heap       ] GC(120) Old regions: 39->39
[2022-08-30T23:18:41.705-0800][gc,heap       ] GC(120) Humongous regions: 20->20
[2022-08-30T23:18:41.705-0800][gc,metaspace  ] GC(120) Metaspace: 80020K->80020K(1122304K)
[2022-08-30T23:18:41.706-0800][gc            ] GC(120) Pause Young (Normal) (G1 Evacuation Pause) 313M->58M(512M) 33.702ms
[2022-08-30T23:18:41.706-0800][gc,cpu        ] GC(120) User=0.01s Sys=0.03s Real=0.03s
[2022-08-30T23:36:52.011-0800][gc,start      ] GC(121) Pause Young (Normal) (G1 Evacuation Pause)
[2022-08-30T23:36:52.013-0800][gc,task       ] GC(121) Using 8 workers of 8 for evacuation
[2022-08-30T23:36:52.030-0800][gc,phases     ] GC(121)   Pre Evacuate Collection Set: 0.6ms
[2022-08-30T23:36:52.030-0800][gc,phases     ] GC(121)   Evacuate Collection Set: 8.5ms
[2022-08-30T23:36:52.030-0800][gc,phases     ] GC(121)   Post Evacuate Collection Set: 2.0ms
[2022-08-30T23:36:52.030-0800][gc,phases     ] GC(121)   Other: 11.4ms
[2022-08-30T23:36:52.030-0800][gc,heap       ] GC(121) Eden regions: 255->0(255)
[2022-08-30T23:36:52.030-0800][gc,heap       ] GC(121) Survivor regions: 1->1(32)
[2022-08-30T23:36:52.030-0800][gc,heap       ] GC(121) Old regions: 39->39
[2022-08-30T23:36:52.030-0800][gc,heap       ] GC(121) Humongous regions: 20->20
[2022-08-30T23:36:52.030-0800][gc,metaspace  ] GC(121) Metaspace: 80020K->80020K(1122304K)
[2022-08-30T23:36:52.031-0800][gc            ] GC(121) Pause Young (Normal) (G1 Evacuation Pause) 313M->58M(512M) 20.269ms
[2022-08-30T23:36:52.031-0800][gc,cpu        ] GC(121) User=0.01s Sys=0.03s Real=0.02s
[2022-08-31T01:08:40.739-0800][gc,start      ] GC(122) Pause Young (Normal) (G1 Evacuation Pause)
[2022-08-31T01:08:40.740-0800][gc,task       ] GC(122) Using 8 workers of 8 for evacuation
[2022-08-31T01:08:40.764-0800][gc,phases     ] GC(122)   Pre Evacuate Collection Set: 0.9ms
[2022-08-31T01:08:40.764-0800][gc,phases     ] GC(122)   Evacuate Collection Set: 13.4ms
[2022-08-31T01:08:40.764-0800][gc,phases     ] GC(122)   Post Evacuate Collection Set: 5.9ms
[2022-08-31T01:08:40.767-0800][gc,phases     ] GC(122)   Other: 5.3ms
[2022-08-31T01:08:40.767-0800][gc,heap       ] GC(122) Eden regions: 255->0(255)
[2022-08-31T01:08:40.767-0800][gc,heap       ] GC(122) Survivor regions: 1->1(32)
[2022-08-31T01:08:40.767-0800][gc,heap       ] GC(122) Old regions: 39->39
[2022-08-31T01:08:40.767-0800][gc,heap       ] GC(122) Humongous regions: 20->20
[2022-08-31T01:08:40.767-0800][gc,metaspace  ] GC(122) Metaspace: 80025K->80025K(1122304K)
[2022-08-31T01:08:40.767-0800][gc            ] GC(122) Pause Young (Normal) (G1 Evacuation Pause) 313M->59M(512M) 28.507ms
[2022-08-31T01:08:40.768-0800][gc,cpu        ] GC(122) User=0.01s Sys=0.02s Real=0.03s
[2022-08-31T01:26:46.508-0800][gc,start      ] GC(123) Pause Young (Normal) (G1 Evacuation Pause)
[2022-08-31T01:26:46.509-0800][gc,task       ] GC(123) Using 8 workers of 8 for evacuation
[2022-08-31T01:26:46.528-0800][gc,phases     ] GC(123)   Pre Evacuate Collection Set: 0.4ms
[2022-08-31T01:26:46.528-0800][gc,phases     ] GC(123)   Evacuate Collection Set: 16.4ms
[2022-08-31T01:26:46.528-0800][gc,phases     ] GC(123)   Post Evacuate Collection Set: 1.7ms
[2022-08-31T01:26:46.529-0800][gc,phases     ] GC(123)   Other: 1.8ms
[2022-08-31T01:26:46.529-0800][gc,heap       ] GC(123) Eden regions: 255->0(255)
[2022-08-31T01:26:46.529-0800][gc,heap       ] GC(123) Survivor regions: 1->1(32)
[2022-08-31T01:26:46.529-0800][gc,heap       ] GC(123) Old regions: 39->39
[2022-08-31T01:26:46.529-0800][gc,heap       ] GC(123) Humongous regions: 20->20
[2022-08-31T01:26:46.529-0800][gc,metaspace  ] GC(123) Metaspace: 80026K->80026K(1122304K)
[2022-08-31T01:26:46.529-0800][gc            ] GC(123) Pause Young (Normal) (G1 Evacuation Pause) 314M->59M(512M) 20.451ms
[2022-08-31T01:26:46.529-0800][gc,cpu        ] GC(123) User=0.03s Sys=0.02s Real=0.02s
[2022-08-31T01:44:53.454-0800][gc,start      ] GC(124) Pause Young (Normal) (G1 Evacuation Pause)
[2022-08-31T01:44:53.456-0800][gc,task       ] GC(124) Using 8 workers of 8 for evacuation
[2022-08-31T01:44:53.468-0800][gc,phases     ] GC(124)   Pre Evacuate Collection Set: 0.2ms
[2022-08-31T01:44:53.468-0800][gc,phases     ] GC(124)   Evacuate Collection Set: 9.5ms
[2022-08-31T01:44:53.468-0800][gc,phases     ] GC(124)   Post Evacuate Collection Set: 0.8ms
[2022-08-31T01:44:53.468-0800][gc,phases     ] GC(124)   Other: 2.8ms
[2022-08-31T01:44:53.468-0800][gc,heap       ] GC(124) Eden regions: 255->0(255)
[2022-08-31T01:44:53.468-0800][gc,heap       ] GC(124) Survivor regions: 1->1(32)
[2022-08-31T01:44:53.468-0800][gc,heap       ] GC(124) Old regions: 39->39
[2022-08-31T01:44:53.468-0800][gc,heap       ] GC(124) Humongous regions: 20->20
[2022-08-31T01:44:53.468-0800][gc,metaspace  ] GC(124) Metaspace: 80026K->80026K(1122304K)
[2022-08-31T01:44:53.468-0800][gc            ] GC(124) Pause Young (Normal) (G1 Evacuation Pause) 314M->59M(512M) 13.543ms
[2022-08-31T01:44:53.468-0800][gc,cpu        ] GC(124) User=0.02s Sys=0.01s Real=0.01s
[2022-08-31T02:03:02.453-0800][gc,start      ] GC(125) Pause Young (Normal) (G1 Evacuation Pause)
[2022-08-31T02:03:02.454-0800][gc,task       ] GC(125) Using 8 workers of 8 for evacuation
[2022-08-31T02:03:02.479-0800][gc,phases     ] GC(125)   Pre Evacuate Collection Set: 1.0ms
[2022-08-31T02:03:02.480-0800][gc,phases     ] GC(125)   Evacuate Collection Set: 20.4ms
[2022-08-31T02:03:02.480-0800][gc,phases     ] GC(125)   Post Evacuate Collection Set: 1.7ms
[2022-08-31T02:03:02.480-0800][gc,phases     ] GC(125)   Other: 3.3ms
[2022-08-31T02:03:02.480-0800][gc,heap       ] GC(125) Eden regions: 255->0(255)
[2022-08-31T02:03:02.480-0800][gc,heap       ] GC(125) Survivor regions: 1->1(32)
[2022-08-31T02:03:02.480-0800][gc,heap       ] GC(125) Old regions: 39->39
[2022-08-31T02:03:02.480-0800][gc,heap       ] GC(125) Humongous regions: 20->20
[2022-08-31T02:03:02.480-0800][gc,metaspace  ] GC(125) Metaspace: 80026K->80026K(1122304K)
[2022-08-31T02:03:02.480-0800][gc            ] GC(125) Pause Young (Normal) (G1 Evacuation Pause) 314M->59M(512M) 26.462ms
[2022-08-31T02:03:02.480-0800][gc,cpu        ] GC(125) User=0.06s Sys=0.02s Real=0.03s
[2022-08-31T02:21:09.266-0800][gc,start      ] GC(126) Pause Young (Normal) (G1 Evacuation Pause)
[2022-08-31T02:21:09.269-0800][gc,task       ] GC(126) Using 8 workers of 8 for evacuation
[2022-08-31T02:21:09.298-0800][gc,phases     ] GC(126)   Pre Evacuate Collection Set: 0.6ms
[2022-08-31T02:21:09.298-0800][gc,phases     ] GC(126)   Evacuate Collection Set: 22.4ms
[2022-08-31T02:21:09.298-0800][gc,phases     ] GC(126)   Post Evacuate Collection Set: 4.0ms
[2022-08-31T02:21:09.298-0800][gc,phases     ] GC(126)   Other: 5.2ms
[2022-08-31T02:21:09.298-0800][gc,heap       ] GC(126) Eden regions: 255->0(255)
[2022-08-31T02:21:09.298-0800][gc,heap       ] GC(126) Survivor regions: 1->1(32)
[2022-08-31T02:21:09.298-0800][gc,heap       ] GC(126) Old regions: 39->39
[2022-08-31T02:21:09.298-0800][gc,heap       ] GC(126) Humongous regions: 20->20
[2022-08-31T02:21:09.298-0800][gc,metaspace  ] GC(126) Metaspace: 80026K->80026K(1122304K)
[2022-08-31T02:21:09.298-0800][gc            ] GC(126) Pause Young (Normal) (G1 Evacuation Pause) 314M->59M(512M) 32.129ms
[2022-08-31T02:21:09.298-0800][gc,cpu        ] GC(126) User=0.03s Sys=0.02s Real=0.03s
[2022-08-31T02:39:18.498-0800][gc,start      ] GC(127) Pause Young (Normal) (G1 Evacuation Pause)
[2022-08-31T02:39:18.501-0800][gc,task       ] GC(127) Using 8 workers of 8 for evacuation
[2022-08-31T02:39:18.522-0800][gc,phases     ] GC(127)   Pre Evacuate Collection Set: 0.7ms
[2022-08-31T02:39:18.522-0800][gc,phases     ] GC(127)   Evacuate Collection Set: 12.7ms
[2022-08-31T02:39:18.522-0800][gc,phases     ] GC(127)   Post Evacuate Collection Set: 4.5ms
[2022-08-31T02:39:18.522-0800][gc,phases     ] GC(127)   Other: 5.3ms
[2022-08-31T02:39:18.522-0800][gc,heap       ] GC(127) Eden regions: 255->0(255)
[2022-08-31T02:39:18.522-0800][gc,heap       ] GC(127) Survivor regions: 1->1(32)
[2022-08-31T02:39:18.522-0800][gc,heap       ] GC(127) Old regions: 39->39
[2022-08-31T02:39:18.522-0800][gc,heap       ] GC(127) Humongous regions: 20->20
[2022-08-31T02:39:18.522-0800][gc,metaspace  ] GC(127) Metaspace: 80026K->80026K(1122304K)
[2022-08-31T02:39:18.523-0800][gc            ] GC(127) Pause Young (Normal) (G1 Evacuation Pause) 314M->59M(512M) 23.473ms
[2022-08-31T02:39:18.523-0800][gc,cpu        ] GC(127) User=0.01s Sys=0.01s Real=0.03s
[2022-08-31T02:57:28.325-0800][gc,start      ] GC(128) Pause Young (Normal) (G1 Evacuation Pause)
[2022-08-31T02:57:28.329-0800][gc,task       ] GC(128) Using 8 workers of 8 for evacuation
[2022-08-31T02:57:28.356-0800][gc,phases     ] GC(128)   Pre Evacuate Collection Set: 2.2ms
[2022-08-31T02:57:28.356-0800][gc,phases     ] GC(128)   Evacuate Collection Set: 20.4ms
[2022-08-31T02:57:28.356-0800][gc,phases     ] GC(128)   Post Evacuate Collection Set: 2.5ms
[2022-08-31T02:57:28.356-0800][gc,phases     ] GC(128)   Other: 5.9ms
[2022-08-31T02:57:28.356-0800][gc,heap       ] GC(128) Eden regions: 255->0(255)
[2022-08-31T02:57:28.357-0800][gc,heap       ] GC(128) Survivor regions: 1->1(32)
[2022-08-31T02:57:28.357-0800][gc,heap       ] GC(128) Old regions: 39->39
[2022-08-31T02:57:28.357-0800][gc,heap       ] GC(128) Humongous regions: 20->20
[2022-08-31T02:57:28.357-0800][gc,metaspace  ] GC(128) Metaspace: 80026K->80026K(1122304K)
[2022-08-31T02:57:28.357-0800][gc            ] GC(128) Pause Young (Normal) (G1 Evacuation Pause) 314M->59M(512M) 31.319ms
[2022-08-31T02:57:28.357-0800][gc,cpu        ] GC(128) User=0.01s Sys=0.01s Real=0.03s
[2022-08-31T04:02:23.693-0800][gc,start      ] GC(129) Pause Young (Normal) (G1 Evacuation Pause)
[2022-08-31T04:02:23.696-0800][gc,task       ] GC(129) Using 8 workers of 8 for evacuation
[2022-08-31T04:02:23.733-0800][gc,phases     ] GC(129)   Pre Evacuate Collection Set: 0.8ms
[2022-08-31T04:02:23.733-0800][gc,phases     ] GC(129)   Evacuate Collection Set: 19.0ms
[2022-08-31T04:02:23.733-0800][gc,phases     ] GC(129)   Post Evacuate Collection Set: 12.1ms
[2022-08-31T04:02:23.733-0800][gc,phases     ] GC(129)   Other: 7.5ms
[2022-08-31T04:02:23.733-0800][gc,heap       ] GC(129) Eden regions: 255->0(255)
[2022-08-31T04:02:23.733-0800][gc,heap       ] GC(129) Survivor regions: 1->1(32)
[2022-08-31T04:02:23.733-0800][gc,heap       ] GC(129) Old regions: 39->39
[2022-08-31T04:02:23.733-0800][gc,heap       ] GC(129) Humongous regions: 20->20
[2022-08-31T04:02:23.733-0800][gc,metaspace  ] GC(129) Metaspace: 80036K->80036K(1122304K)
[2022-08-31T04:02:23.733-0800][gc            ] GC(129) Pause Young (Normal) (G1 Evacuation Pause) 314M->59M(512M) 39.413ms
[2022-08-31T04:02:23.733-0800][gc,cpu        ] GC(129) User=0.01s Sys=0.03s Real=0.04s
[2022-08-31T04:20:31.346-0800][gc,start      ] GC(130) Pause Young (Normal) (G1 Evacuation Pause)
[2022-08-31T04:20:31.347-0800][gc,task       ] GC(130) Using 8 workers of 8 for evacuation
[2022-08-31T04:20:31.367-0800][gc,phases     ] GC(130)   Pre Evacuate Collection Set: 0.5ms
[2022-08-31T04:20:31.367-0800][gc,phases     ] GC(130)   Evacuate Collection Set: 8.2ms
[2022-08-31T04:20:31.367-0800][gc,phases     ] GC(130)   Post Evacuate Collection Set: 9.7ms
[2022-08-31T04:20:31.367-0800][gc,phases     ] GC(130)   Other: 2.2ms
[2022-08-31T04:20:31.367-0800][gc,heap       ] GC(130) Eden regions: 255->0(255)
[2022-08-31T04:20:31.367-0800][gc,heap       ] GC(130) Survivor regions: 1->1(32)
[2022-08-31T04:20:31.367-0800][gc,heap       ] GC(130) Old regions: 39->39
[2022-08-31T04:20:31.367-0800][gc,heap       ] GC(130) Humongous regions: 20->20
[2022-08-31T04:20:31.367-0800][gc,metaspace  ] GC(130) Metaspace: 80036K->80036K(1122304K)
[2022-08-31T04:20:31.367-0800][gc            ] GC(130) Pause Young (Normal) (G1 Evacuation Pause) 314M->59M(512M) 20.547ms
[2022-08-31T04:20:31.367-0800][gc,cpu        ] GC(130) User=0.01s Sys=0.01s Real=0.02s
[2022-08-31T04:38:42.870-0800][gc,start      ] GC(131) Pause Young (Normal) (G1 Evacuation Pause)
[2022-08-31T04:38:42.873-0800][gc,task       ] GC(131) Using 8 workers of 8 for evacuation
[2022-08-31T04:38:42.888-0800][gc,phases     ] GC(131)   Pre Evacuate Collection Set: 0.9ms
[2022-08-31T04:38:42.888-0800][gc,phases     ] GC(131)   Evacuate Collection Set: 10.7ms
[2022-08-31T04:38:42.888-0800][gc,phases     ] GC(131)   Post Evacuate Collection Set: 2.2ms
[2022-08-31T04:38:42.888-0800][gc,phases     ] GC(131)   Other: 4.0ms
[2022-08-31T04:38:42.888-0800][gc,heap       ] GC(131) Eden regions: 255->0(255)
[2022-08-31T04:38:42.888-0800][gc,heap       ] GC(131) Survivor regions: 1->1(32)
[2022-08-31T04:38:42.888-0800][gc,heap       ] GC(131) Old regions: 39->39
[2022-08-31T04:38:42.888-0800][gc,heap       ] GC(131) Humongous regions: 20->20
[2022-08-31T04:38:42.888-0800][gc,metaspace  ] GC(131) Metaspace: 80041K->80041K(1122304K)
[2022-08-31T04:38:42.899-0800][gc            ] GC(131) Pause Young (Normal) (G1 Evacuation Pause) 314M->59M(512M) 28.923ms
[2022-08-31T04:38:42.900-0800][gc,cpu        ] GC(131) User=0.02s Sys=0.02s Real=0.03s
[2022-08-31T04:56:55.674-0800][gc,start      ] GC(132) Pause Young (Normal) (G1 Evacuation Pause)
[2022-08-31T04:56:55.677-0800][gc,task       ] GC(132) Using 8 workers of 8 for evacuation
[2022-08-31T04:56:55.697-0800][gc,phases     ] GC(132)   Pre Evacuate Collection Set: 0.5ms
[2022-08-31T04:56:55.697-0800][gc,phases     ] GC(132)   Evacuate Collection Set: 16.8ms
[2022-08-31T04:56:55.697-0800][gc,phases     ] GC(132)   Post Evacuate Collection Set: 1.5ms
[2022-08-31T04:56:55.697-0800][gc,phases     ] GC(132)   Other: 4.0ms
[2022-08-31T04:56:55.697-0800][gc,heap       ] GC(132) Eden regions: 255->0(255)
[2022-08-31T04:56:55.697-0800][gc,heap       ] GC(132) Survivor regions: 1->1(32)
[2022-08-31T04:56:55.697-0800][gc,heap       ] GC(132) Old regions: 39->39
[2022-08-31T04:56:55.697-0800][gc,heap       ] GC(132) Humongous regions: 20->20
[2022-08-31T04:56:55.697-0800][gc,metaspace  ] GC(132) Metaspace: 80041K->80041K(1122304K)
[2022-08-31T04:56:55.697-0800][gc            ] GC(132) Pause Young (Normal) (G1 Evacuation Pause) 314M->59M(512M) 22.942ms
[2022-08-31T04:56:55.697-0800][gc,cpu        ] GC(132) User=0.02s Sys=0.02s Real=0.02s
[2022-08-31T05:30:30.013-0800][gc,start      ] GC(133) Pause Young (Normal) (G1 Evacuation Pause)
[2022-08-31T05:30:30.015-0800][gc,task       ] GC(133) Using 8 workers of 8 for evacuation
[2022-08-31T05:30:30.031-0800][gc,phases     ] GC(133)   Pre Evacuate Collection Set: 0.6ms
[2022-08-31T05:30:30.031-0800][gc,phases     ] GC(133)   Evacuate Collection Set: 12.5ms
[2022-08-31T05:30:30.031-0800][gc,phases     ] GC(133)   Post Evacuate Collection Set: 1.5ms
[2022-08-31T05:30:30.031-0800][gc,phases     ] GC(133)   Other: 2.9ms
[2022-08-31T05:30:30.031-0800][gc,heap       ] GC(133) Eden regions: 255->0(255)
[2022-08-31T05:30:30.031-0800][gc,heap       ] GC(133) Survivor regions: 1->1(32)
[2022-08-31T05:30:30.031-0800][gc,heap       ] GC(133) Old regions: 39->39
[2022-08-31T05:30:30.031-0800][gc,heap       ] GC(133) Humongous regions: 20->20
[2022-08-31T05:30:30.031-0800][gc,metaspace  ] GC(133) Metaspace: 80041K->80041K(1122304K)
[2022-08-31T05:30:30.031-0800][gc            ] GC(133) Pause Young (Normal) (G1 Evacuation Pause) 314M->59M(512M) 17.467ms
[2022-08-31T05:30:30.031-0800][gc,cpu        ] GC(133) User=0.02s Sys=0.01s Real=0.02s
[2022-08-31T05:48:37.268-0800][gc,start      ] GC(134) Pause Young (Normal) (G1 Evacuation Pause)
[2022-08-31T05:48:37.271-0800][gc,task       ] GC(134) Using 8 workers of 8 for evacuation
[2022-08-31T05:48:37.284-0800][gc,phases     ] GC(134)   Pre Evacuate Collection Set: 0.6ms
[2022-08-31T05:48:37.284-0800][gc,phases     ] GC(134)   Evacuate Collection Set: 7.2ms
[2022-08-31T05:48:37.284-0800][gc,phases     ] GC(134)   Post Evacuate Collection Set: 2.6ms
[2022-08-31T05:48:37.285-0800][gc,phases     ] GC(134)   Other: 5.8ms
[2022-08-31T05:48:37.285-0800][gc,heap       ] GC(134) Eden regions: 255->0(255)
[2022-08-31T05:48:37.285-0800][gc,heap       ] GC(134) Survivor regions: 1->1(32)
[2022-08-31T05:48:37.285-0800][gc,heap       ] GC(134) Old regions: 39->39
[2022-08-31T05:48:37.285-0800][gc,heap       ] GC(134) Humongous regions: 20->20
[2022-08-31T05:48:37.285-0800][gc,metaspace  ] GC(134) Metaspace: 80041K->80041K(1122304K)
[2022-08-31T05:48:37.285-0800][gc            ] GC(134) Pause Young (Normal) (G1 Evacuation Pause) 314M->59M(512M) 16.328ms
[2022-08-31T05:48:37.285-0800][gc,cpu        ] GC(134) User=0.01s Sys=0.02s Real=0.02s
[2022-08-31T06:06:46.566-0800][gc,start      ] GC(135) Pause Young (Normal) (G1 Evacuation Pause)
[2022-08-31T06:06:46.568-0800][gc,task       ] GC(135) Using 8 workers of 8 for evacuation
[2022-08-31T06:06:46.594-0800][gc,phases     ] GC(135)   Pre Evacuate Collection Set: 0.8ms
[2022-08-31T06:06:46.594-0800][gc,phases     ] GC(135)   Evacuate Collection Set: 20.7ms
[2022-08-31T06:06:46.594-0800][gc,phases     ] GC(135)   Post Evacuate Collection Set: 2.5ms
[2022-08-31T06:06:46.594-0800][gc,phases     ] GC(135)   Other: 3.7ms
[2022-08-31T06:06:46.594-0800][gc,heap       ] GC(135) Eden regions: 255->0(255)
[2022-08-31T06:06:46.594-0800][gc,heap       ] GC(135) Survivor regions: 1->1(32)
[2022-08-31T06:06:46.594-0800][gc,heap       ] GC(135) Old regions: 39->39
[2022-08-31T06:06:46.594-0800][gc,heap       ] GC(135) Humongous regions: 20->20
[2022-08-31T06:06:46.594-0800][gc,metaspace  ] GC(135) Metaspace: 80048K->80048K(1122304K)
[2022-08-31T06:06:46.594-0800][gc            ] GC(135) Pause Young (Normal) (G1 Evacuation Pause) 314M->59M(512M) 27.700ms
[2022-08-31T06:06:46.594-0800][gc,cpu        ] GC(135) User=0.02s Sys=0.02s Real=0.03s
[2022-08-31T06:24:51.370-0800][gc,start      ] GC(136) Pause Young (Normal) (G1 Evacuation Pause)
[2022-08-31T06:24:51.372-0800][gc,task       ] GC(136) Using 8 workers of 8 for evacuation
[2022-08-31T06:24:51.387-0800][gc,phases     ] GC(136)   Pre Evacuate Collection Set: 0.9ms
[2022-08-31T06:24:51.387-0800][gc,phases     ] GC(136)   Evacuate Collection Set: 11.0ms
[2022-08-31T06:24:51.387-0800][gc,phases     ] GC(136)   Post Evacuate Collection Set: 1.9ms
[2022-08-31T06:24:51.387-0800][gc,phases     ] GC(136)   Other: 3.4ms
[2022-08-31T06:24:51.387-0800][gc,heap       ] GC(136) Eden regions: 255->0(255)
[2022-08-31T06:24:51.387-0800][gc,heap       ] GC(136) Survivor regions: 1->1(32)
[2022-08-31T06:24:51.387-0800][gc,heap       ] GC(136) Old regions: 39->39
[2022-08-31T06:24:51.387-0800][gc,heap       ] GC(136) Humongous regions: 20->20
[2022-08-31T06:24:51.387-0800][gc,metaspace  ] GC(136) Metaspace: 80048K->80048K(1122304K)
[2022-08-31T06:24:51.387-0800][gc            ] GC(136) Pause Young (Normal) (G1 Evacuation Pause) 314M->59M(512M) 17.145ms
[2022-08-31T06:24:51.387-0800][gc,cpu        ] GC(136) User=0.04s Sys=0.02s Real=0.01s
[2022-08-31T06:42:59.596-0800][gc,start      ] GC(137) Pause Young (Normal) (G1 Evacuation Pause)
[2022-08-31T06:42:59.598-0800][gc,task       ] GC(137) Using 8 workers of 8 for evacuation
[2022-08-31T06:42:59.629-0800][gc,phases     ] GC(137)   Pre Evacuate Collection Set: 0.8ms
[2022-08-31T06:42:59.629-0800][gc,phases     ] GC(137)   Evacuate Collection Set: 26.8ms
[2022-08-31T06:42:59.629-0800][gc,phases     ] GC(137)   Post Evacuate Collection Set: 1.9ms
[2022-08-31T06:42:59.629-0800][gc,phases     ] GC(137)   Other: 4.1ms
[2022-08-31T06:42:59.629-0800][gc,heap       ] GC(137) Eden regions: 255->0(255)
[2022-08-31T06:42:59.629-0800][gc,heap       ] GC(137) Survivor regions: 1->1(32)
[2022-08-31T06:42:59.629-0800][gc,heap       ] GC(137) Old regions: 39->39
[2022-08-31T06:42:59.629-0800][gc,heap       ] GC(137) Humongous regions: 20->20
[2022-08-31T06:42:59.629-0800][gc,metaspace  ] GC(137) Metaspace: 80048K->80048K(1122304K)
[2022-08-31T06:42:59.630-0800][gc            ] GC(137) Pause Young (Normal) (G1 Evacuation Pause) 314M->59M(512M) 33.504ms
[2022-08-31T06:42:59.630-0800][gc,cpu        ] GC(137) User=0.02s Sys=0.02s Real=0.04s
[2022-08-31T07:01:08.951-0800][gc,start      ] GC(138) Pause Young (Normal) (G1 Evacuation Pause)
[2022-08-31T07:01:08.955-0800][gc,task       ] GC(138) Using 8 workers of 8 for evacuation
[2022-08-31T07:01:08.975-0800][gc,phases     ] GC(138)   Pre Evacuate Collection Set: 0.8ms
[2022-08-31T07:01:08.975-0800][gc,phases     ] GC(138)   Evacuate Collection Set: 11.7ms
[2022-08-31T07:01:08.975-0800][gc,phases     ] GC(138)   Post Evacuate Collection Set: 5.3ms
[2022-08-31T07:01:08.975-0800][gc,phases     ] GC(138)   Other: 6.2ms
[2022-08-31T07:01:08.975-0800][gc,heap       ] GC(138) Eden regions: 255->0(255)
[2022-08-31T07:01:08.975-0800][gc,heap       ] GC(138) Survivor regions: 1->1(32)
[2022-08-31T07:01:08.975-0800][gc,heap       ] GC(138) Old regions: 39->39
[2022-08-31T07:01:08.975-0800][gc,heap       ] GC(138) Humongous regions: 20->20
[2022-08-31T07:01:08.975-0800][gc,metaspace  ] GC(138) Metaspace: 80048K->80048K(1122304K)
[2022-08-31T07:01:08.976-0800][gc            ] GC(138) Pause Young (Normal) (G1 Evacuation Pause) 314M->59M(512M) 24.191ms
[2022-08-31T07:01:08.976-0800][gc,cpu        ] GC(138) User=0.01s Sys=0.01s Real=0.02s
[2022-08-31T07:19:21.180-0800][gc,start      ] GC(139) Pause Young (Normal) (G1 Evacuation Pause)
[2022-08-31T07:19:21.181-0800][gc,task       ] GC(139) Using 8 workers of 8 for evacuation
[2022-08-31T07:19:21.197-0800][gc,phases     ] GC(139)   Pre Evacuate Collection Set: 0.5ms
[2022-08-31T07:19:21.197-0800][gc,phases     ] GC(139)   Evacuate Collection Set: 12.1ms
[2022-08-31T07:19:21.197-0800][gc,phases     ] GC(139)   Post Evacuate Collection Set: 2.5ms
[2022-08-31T07:19:21.198-0800][gc,phases     ] GC(139)   Other: 2.3ms
[2022-08-31T07:19:21.198-0800][gc,heap       ] GC(139) Eden regions: 255->0(255)
[2022-08-31T07:19:21.198-0800][gc,heap       ] GC(139) Survivor regions: 1->1(32)
[2022-08-31T07:19:21.198-0800][gc,heap       ] GC(139) Old regions: 39->39
[2022-08-31T07:19:21.198-0800][gc,heap       ] GC(139) Humongous regions: 20->20
[2022-08-31T07:19:21.198-0800][gc,metaspace  ] GC(139) Metaspace: 80048K->80048K(1122304K)
[2022-08-31T07:19:21.198-0800][gc            ] GC(139) Pause Young (Normal) (G1 Evacuation Pause) 314M->59M(512M) 17.664ms
[2022-08-31T07:19:21.198-0800][gc,cpu        ] GC(139) User=0.01s Sys=0.02s Real=0.01s
[2022-08-31T07:37:29.949-0800][gc,start      ] GC(140) Pause Young (Normal) (G1 Evacuation Pause)
[2022-08-31T07:37:29.951-0800][gc,task       ] GC(140) Using 8 workers of 8 for evacuation
[2022-08-31T07:37:29.960-0800][gc,phases     ] GC(140)   Pre Evacuate Collection Set: 0.5ms
[2022-08-31T07:37:29.960-0800][gc,phases     ] GC(140)   Evacuate Collection Set: 5.7ms
[2022-08-31T07:37:29.960-0800][gc,phases     ] GC(140)   Post Evacuate Collection Set: 2.3ms
[2022-08-31T07:37:29.960-0800][gc,phases     ] GC(140)   Other: 2.8ms
[2022-08-31T07:37:29.960-0800][gc,heap       ] GC(140) Eden regions: 255->0(255)
[2022-08-31T07:37:29.960-0800][gc,heap       ] GC(140) Survivor regions: 1->1(32)
[2022-08-31T07:37:29.960-0800][gc,heap       ] GC(140) Old regions: 39->39
[2022-08-31T07:37:29.960-0800][gc,heap       ] GC(140) Humongous regions: 20->20
[2022-08-31T07:37:29.960-0800][gc,metaspace  ] GC(140) Metaspace: 80048K->80048K(1122304K)
[2022-08-31T07:37:29.960-0800][gc            ] GC(140) Pause Young (Normal) (G1 Evacuation Pause) 314M->59M(512M) 11.396ms
[2022-08-31T07:37:29.960-0800][gc,cpu        ] GC(140) User=0.01s Sys=0.02s Real=0.02s
[2022-08-31T07:55:40.417-0800][gc,start      ] GC(141) Pause Young (Normal) (G1 Evacuation Pause)
[2022-08-31T07:55:40.418-0800][gc,task       ] GC(141) Using 8 workers of 8 for evacuation
[2022-08-31T07:55:40.437-0800][gc,phases     ] GC(141)   Pre Evacuate Collection Set: 0.6ms
[2022-08-31T07:55:40.437-0800][gc,phases     ] GC(141)   Evacuate Collection Set: 12.8ms
[2022-08-31T07:55:40.437-0800][gc,phases     ] GC(141)   Post Evacuate Collection Set: 2.7ms
[2022-08-31T07:55:40.437-0800][gc,phases     ] GC(141)   Other: 3.2ms
[2022-08-31T07:55:40.437-0800][gc,heap       ] GC(141) Eden regions: 255->0(255)
[2022-08-31T07:55:40.437-0800][gc,heap       ] GC(141) Survivor regions: 1->1(32)
[2022-08-31T07:55:40.437-0800][gc,heap       ] GC(141) Old regions: 39->39
[2022-08-31T07:55:40.437-0800][gc,heap       ] GC(141) Humongous regions: 20->20
[2022-08-31T07:55:40.437-0800][gc,metaspace  ] GC(141) Metaspace: 80049K->80049K(1122304K)
[2022-08-31T07:55:40.437-0800][gc            ] GC(141) Pause Young (Normal) (G1 Evacuation Pause) 314M->59M(512M) 19.410ms
[2022-08-31T07:55:40.437-0800][gc,cpu        ] GC(141) User=0.04s Sys=0.03s Real=0.02s
[2022-08-31T08:13:49.004-0800][gc,start      ] GC(142) Pause Young (Normal) (G1 Evacuation Pause)
[2022-08-31T08:13:49.006-0800][gc,task       ] GC(142) Using 8 workers of 8 for evacuation
[2022-08-31T08:13:49.018-0800][gc,phases     ] GC(142)   Pre Evacuate Collection Set: 0.5ms
[2022-08-31T08:13:49.018-0800][gc,phases     ] GC(142)   Evacuate Collection Set: 8.6ms
[2022-08-31T08:13:49.018-0800][gc,phases     ] GC(142)   Post Evacuate Collection Set: 2.3ms
[2022-08-31T08:13:49.018-0800][gc,phases     ] GC(142)   Other: 3.2ms
[2022-08-31T08:13:49.018-0800][gc,heap       ] GC(142) Eden regions: 255->0(255)
[2022-08-31T08:13:49.018-0800][gc,heap       ] GC(142) Survivor regions: 1->1(32)
[2022-08-31T08:13:49.018-0800][gc,heap       ] GC(142) Old regions: 39->39
[2022-08-31T08:13:49.018-0800][gc,heap       ] GC(142) Humongous regions: 20->20
[2022-08-31T08:13:49.018-0800][gc,metaspace  ] GC(142) Metaspace: 80051K->80051K(1122304K)
[2022-08-31T08:13:49.018-0800][gc            ] GC(142) Pause Young (Normal) (G1 Evacuation Pause) 314M->59M(512M) 14.856ms
[2022-08-31T08:13:49.019-0800][gc,cpu        ] GC(142) User=0.00s Sys=0.01s Real=0.01s
[2022-08-31T08:32:00.681-0800][gc,start      ] GC(143) Pause Young (Normal) (G1 Evacuation Pause)
[2022-08-31T08:32:00.685-0800][gc,task       ] GC(143) Using 8 workers of 8 for evacuation
[2022-08-31T08:32:00.717-0800][gc,phases     ] GC(143)   Pre Evacuate Collection Set: 0.7ms
[2022-08-31T08:32:00.717-0800][gc,phases     ] GC(143)   Evacuate Collection Set: 25.9ms
[2022-08-31T08:32:00.717-0800][gc,phases     ] GC(143)   Post Evacuate Collection Set: 1.8ms
[2022-08-31T08:32:00.717-0800][gc,phases     ] GC(143)   Other: 7.3ms
[2022-08-31T08:32:00.717-0800][gc,heap       ] GC(143) Eden regions: 255->0(255)
[2022-08-31T08:32:00.717-0800][gc,heap       ] GC(143) Survivor regions: 1->1(32)
[2022-08-31T08:32:00.717-0800][gc,heap       ] GC(143) Old regions: 39->39
[2022-08-31T08:32:00.717-0800][gc,heap       ] GC(143) Humongous regions: 20->20
[2022-08-31T08:32:00.717-0800][gc,metaspace  ] GC(143) Metaspace: 80062K->80062K(1122304K)
[2022-08-31T08:32:00.717-0800][gc            ] GC(143) Pause Young (Normal) (G1 Evacuation Pause) 314M->59M(512M) 35.764ms
[2022-08-31T08:32:00.717-0800][gc,cpu        ] GC(143) User=0.01s Sys=0.03s Real=0.03s
[2022-08-31T09:04:33.467-0800][gc,start      ] GC(144) Pause Young (Normal) (G1 Evacuation Pause)
[2022-08-31T09:04:33.469-0800][gc,task       ] GC(144) Using 8 workers of 8 for evacuation
[2022-08-31T09:04:33.497-0800][gc,phases     ] GC(144)   Pre Evacuate Collection Set: 1.2ms
[2022-08-31T09:04:33.497-0800][gc,phases     ] GC(144)   Evacuate Collection Set: 18.2ms
[2022-08-31T09:04:33.497-0800][gc,phases     ] GC(144)   Post Evacuate Collection Set: 7.6ms
[2022-08-31T09:04:33.497-0800][gc,phases     ] GC(144)   Other: 2.9ms
[2022-08-31T09:04:33.497-0800][gc,heap       ] GC(144) Eden regions: 255->0(255)
[2022-08-31T09:04:33.497-0800][gc,heap       ] GC(144) Survivor regions: 1->1(32)
[2022-08-31T09:04:33.497-0800][gc,heap       ] GC(144) Old regions: 39->39
[2022-08-31T09:04:33.497-0800][gc,heap       ] GC(144) Humongous regions: 20->20
[2022-08-31T09:04:33.497-0800][gc,metaspace  ] GC(144) Metaspace: 80063K->80063K(1122304K)
[2022-08-31T09:04:33.497-0800][gc            ] GC(144) Pause Young (Normal) (G1 Evacuation Pause) 314M->59M(512M) 30.007ms
[2022-08-31T09:04:33.497-0800][gc,cpu        ] GC(144) User=0.01s Sys=0.02s Real=0.03s
[2022-08-31T09:47:37.081-0800][gc,start      ] GC(145) Pause Young (Normal) (G1 Evacuation Pause)
[2022-08-31T09:47:37.083-0800][gc,task       ] GC(145) Using 8 workers of 8 for evacuation
[2022-08-31T09:47:37.112-0800][gc,phases     ] GC(145)   Pre Evacuate Collection Set: 1.7ms
[2022-08-31T09:47:37.112-0800][gc,phases     ] GC(145)   Evacuate Collection Set: 10.8ms
[2022-08-31T09:47:37.113-0800][gc,phases     ] GC(145)   Post Evacuate Collection Set: 9.5ms
[2022-08-31T09:47:37.113-0800][gc,phases     ] GC(145)   Other: 9.4ms
[2022-08-31T09:47:37.113-0800][gc,heap       ] GC(145) Eden regions: 255->0(255)
[2022-08-31T09:47:37.113-0800][gc,heap       ] GC(145) Survivor regions: 1->1(32)
[2022-08-31T09:47:37.113-0800][gc,heap       ] GC(145) Old regions: 39->39
[2022-08-31T09:47:37.113-0800][gc,heap       ] GC(145) Humongous regions: 20->20
[2022-08-31T09:47:37.113-0800][gc,metaspace  ] GC(145) Metaspace: 80112K->80112K(1122304K)
[2022-08-31T09:47:37.113-0800][gc            ] GC(145) Pause Young (Normal) (G1 Evacuation Pause) 314M->59M(512M) 31.631ms
[2022-08-31T09:47:37.113-0800][gc,cpu        ] GC(145) User=0.02s Sys=0.04s Real=0.03s
[2022-08-31T10:05:45.022-0800][gc,start      ] GC(146) Pause Young (Normal) (G1 Evacuation Pause)
[2022-08-31T10:05:45.024-0800][gc,task       ] GC(146) Using 8 workers of 8 for evacuation
[2022-08-31T10:05:45.053-0800][gc,phases     ] GC(146)   Pre Evacuate Collection Set: 2.5ms
[2022-08-31T10:05:45.053-0800][gc,phases     ] GC(146)   Evacuate Collection Set: 12.5ms
[2022-08-31T10:05:45.053-0800][gc,phases     ] GC(146)   Post Evacuate Collection Set: 7.3ms
[2022-08-31T10:05:45.053-0800][gc,phases     ] GC(146)   Other: 12.2ms
[2022-08-31T10:05:45.053-0800][gc,heap       ] GC(146) Eden regions: 255->0(255)
[2022-08-31T10:05:45.053-0800][gc,heap       ] GC(146) Survivor regions: 1->1(32)
[2022-08-31T10:05:45.053-0800][gc,heap       ] GC(146) Old regions: 39->39
[2022-08-31T10:05:45.053-0800][gc,heap       ] GC(146) Humongous regions: 20->20
[2022-08-31T10:05:45.053-0800][gc,metaspace  ] GC(146) Metaspace: 80112K->80112K(1122304K)
[2022-08-31T10:05:45.054-0800][gc            ] GC(146) Pause Young (Normal) (G1 Evacuation Pause) 314M->59M(512M) 31.994ms
[2022-08-31T10:05:45.054-0800][gc,cpu        ] GC(146) User=0.02s Sys=0.04s Real=0.03s
[2022-08-31T10:23:52.813-0800][gc,start      ] GC(147) Pause Young (Normal) (G1 Evacuation Pause)
[2022-08-31T10:23:52.814-0800][gc,task       ] GC(147) Using 8 workers of 8 for evacuation
[2022-08-31T10:23:52.825-0800][gc,phases     ] GC(147)   Pre Evacuate Collection Set: 0.8ms
[2022-08-31T10:23:52.825-0800][gc,phases     ] GC(147)   Evacuate Collection Set: 5.7ms
[2022-08-31T10:23:52.825-0800][gc,phases     ] GC(147)   Post Evacuate Collection Set: 2.6ms
[2022-08-31T10:23:52.825-0800][gc,phases     ] GC(147)   Other: 2.7ms
[2022-08-31T10:23:52.825-0800][gc,heap       ] GC(147) Eden regions: 255->0(255)
[2022-08-31T10:23:52.825-0800][gc,heap       ] GC(147) Survivor regions: 1->1(32)
[2022-08-31T10:23:52.825-0800][gc,heap       ] GC(147) Old regions: 39->39
[2022-08-31T10:23:52.825-0800][gc,heap       ] GC(147) Humongous regions: 20->20
[2022-08-31T10:23:52.825-0800][gc,metaspace  ] GC(147) Metaspace: 80180K->80180K(1122304K)
[2022-08-31T10:23:52.825-0800][gc            ] GC(147) Pause Young (Normal) (G1 Evacuation Pause) 314M->59M(512M) 11.851ms
[2022-08-31T10:23:52.825-0800][gc,cpu        ] GC(147) User=0.02s Sys=0.02s Real=0.01s
[2022-08-31T10:47:16.912-0800][gc,start      ] GC(148) Pause Young (Normal) (G1 Evacuation Pause)
[2022-08-31T10:47:16.914-0800][gc,task       ] GC(148) Using 8 workers of 8 for evacuation
[2022-08-31T10:47:16.945-0800][gc,phases     ] GC(148)   Pre Evacuate Collection Set: 1.8ms
[2022-08-31T10:47:16.945-0800][gc,phases     ] GC(148)   Evacuate Collection Set: 23.1ms
[2022-08-31T10:47:16.945-0800][gc,phases     ] GC(148)   Post Evacuate Collection Set: 2.4ms
[2022-08-31T10:47:16.945-0800][gc,phases     ] GC(148)   Other: 5.8ms
[2022-08-31T10:47:16.945-0800][gc,heap       ] GC(148) Eden regions: 255->0(255)
[2022-08-31T10:47:16.945-0800][gc,heap       ] GC(148) Survivor regions: 1->1(32)
[2022-08-31T10:47:16.945-0800][gc,heap       ] GC(148) Old regions: 39->39
[2022-08-31T10:47:16.945-0800][gc,heap       ] GC(148) Humongous regions: 20->20
[2022-08-31T10:47:16.945-0800][gc,metaspace  ] GC(148) Metaspace: 80295K->80295K(1122304K)
[2022-08-31T10:47:16.945-0800][gc            ] GC(148) Pause Young (Normal) (G1 Evacuation Pause) 314M->59M(512M) 33.123ms
[2022-08-31T10:47:16.945-0800][gc,cpu        ] GC(148) User=0.07s Sys=0.05s Real=0.03s
[2022-08-31T11:05:29.552-0800][gc,start      ] GC(149) Pause Young (Normal) (G1 Evacuation Pause)
[2022-08-31T11:05:29.554-0800][gc,task       ] GC(149) Using 8 workers of 8 for evacuation
[2022-08-31T11:05:29.574-0800][gc,phases     ] GC(149)   Pre Evacuate Collection Set: 1.5ms
[2022-08-31T11:05:29.574-0800][gc,phases     ] GC(149)   Evacuate Collection Set: 12.3ms
[2022-08-31T11:05:29.574-0800][gc,phases     ] GC(149)   Post Evacuate Collection Set: 2.4ms
[2022-08-31T11:05:29.574-0800][gc,phases     ] GC(149)   Other: 5.4ms
[2022-08-31T11:05:29.574-0800][gc,heap       ] GC(149) Eden regions: 255->0(255)
[2022-08-31T11:05:29.574-0800][gc,heap       ] GC(149) Survivor regions: 1->1(32)
[2022-08-31T11:05:29.574-0800][gc,heap       ] GC(149) Old regions: 39->39
[2022-08-31T11:05:29.574-0800][gc,heap       ] GC(149) Humongous regions: 20->20
[2022-08-31T11:05:29.574-0800][gc,metaspace  ] GC(149) Metaspace: 80298K->80298K(1122304K)
[2022-08-31T11:05:29.574-0800][gc            ] GC(149) Pause Young (Normal) (G1 Evacuation Pause) 314M->59M(512M) 21.550ms
[2022-08-31T11:05:29.574-0800][gc,cpu        ] GC(149) User=0.03s Sys=0.03s Real=0.02s
[2022-08-31T11:23:35.043-0800][gc,start      ] GC(150) Pause Young (Normal) (G1 Evacuation Pause)
[2022-08-31T11:23:35.045-0800][gc,task       ] GC(150) Using 8 workers of 8 for evacuation
[2022-08-31T11:23:35.089-0800][gc,phases     ] GC(150)   Pre Evacuate Collection Set: 0.7ms
[2022-08-31T11:23:35.089-0800][gc,phases     ] GC(150)   Evacuate Collection Set: 36.5ms
[2022-08-31T11:23:35.089-0800][gc,phases     ] GC(150)   Post Evacuate Collection Set: 2.1ms
[2022-08-31T11:23:35.089-0800][gc,phases     ] GC(150)   Other: 6.6ms
[2022-08-31T11:23:35.089-0800][gc,heap       ] GC(150) Eden regions: 255->0(255)
[2022-08-31T11:23:35.089-0800][gc,heap       ] GC(150) Survivor regions: 1->1(32)
[2022-08-31T11:23:35.089-0800][gc,heap       ] GC(150) Old regions: 39->39
[2022-08-31T11:23:35.089-0800][gc,heap       ] GC(150) Humongous regions: 20->20
[2022-08-31T11:23:35.089-0800][gc,metaspace  ] GC(150) Metaspace: 80298K->80298K(1122304K)
[2022-08-31T11:23:35.089-0800][gc            ] GC(150) Pause Young (Normal) (G1 Evacuation Pause) 314M->59M(512M) 45.929ms
[2022-08-31T11:23:35.089-0800][gc,cpu        ] GC(150) User=0.07s Sys=0.04s Real=0.04s
[2022-08-31T11:41:42.631-0800][gc,start      ] GC(151) Pause Young (Normal) (G1 Evacuation Pause)
[2022-08-31T11:41:42.633-0800][gc,task       ] GC(151) Using 8 workers of 8 for evacuation
[2022-08-31T11:41:42.686-0800][gc,phases     ] GC(151)   Pre Evacuate Collection Set: 2.9ms
[2022-08-31T11:41:42.686-0800][gc,phases     ] GC(151)   Evacuate Collection Set: 28.4ms
[2022-08-31T11:41:42.686-0800][gc,phases     ] GC(151)   Post Evacuate Collection Set: 16.4ms
[2022-08-31T11:41:42.686-0800][gc,phases     ] GC(151)   Other: 6.6ms
[2022-08-31T11:41:42.686-0800][gc,heap       ] GC(151) Eden regions: 255->0(255)
[2022-08-31T11:41:42.686-0800][gc,heap       ] GC(151) Survivor regions: 1->1(32)
[2022-08-31T11:41:42.686-0800][gc,heap       ] GC(151) Old regions: 39->39
[2022-08-31T11:41:42.686-0800][gc,heap       ] GC(151) Humongous regions: 20->20
[2022-08-31T11:41:42.686-0800][gc,metaspace  ] GC(151) Metaspace: 80299K->80299K(1122304K)
[2022-08-31T11:41:42.686-0800][gc            ] GC(151) Pause Young (Normal) (G1 Evacuation Pause) 314M->59M(512M) 54.665ms
[2022-08-31T11:41:42.686-0800][gc,cpu        ] GC(151) User=0.01s Sys=0.03s Real=0.05s
[2022-08-31T11:59:52.318-0800][gc,start      ] GC(152) Pause Young (Normal) (G1 Evacuation Pause)
[2022-08-31T11:59:52.319-0800][gc,task       ] GC(152) Using 8 workers of 8 for evacuation
[2022-08-31T11:59:52.338-0800][gc,phases     ] GC(152)   Pre Evacuate Collection Set: 0.6ms
[2022-08-31T11:59:52.338-0800][gc,phases     ] GC(152)   Evacuate Collection Set: 15.8ms
[2022-08-31T11:59:52.338-0800][gc,phases     ] GC(152)   Post Evacuate Collection Set: 1.6ms
[2022-08-31T11:59:52.338-0800][gc,phases     ] GC(152)   Other: 2.1ms
[2022-08-31T11:59:52.338-0800][gc,heap       ] GC(152) Eden regions: 255->0(255)
[2022-08-31T11:59:52.338-0800][gc,heap       ] GC(152) Survivor regions: 1->1(32)
[2022-08-31T11:59:52.338-0800][gc,heap       ] GC(152) Old regions: 39->39
[2022-08-31T11:59:52.338-0800][gc,heap       ] GC(152) Humongous regions: 20->20
[2022-08-31T11:59:52.338-0800][gc,metaspace  ] GC(152) Metaspace: 80300K->80300K(1122304K)
[2022-08-31T11:59:52.338-0800][gc            ] GC(152) Pause Young (Normal) (G1 Evacuation Pause) 314M->59M(512M) 20.209ms
[2022-08-31T11:59:52.338-0800][gc,cpu        ] GC(152) User=0.02s Sys=0.02s Real=0.02s
[2022-08-31T12:34:47.599-0800][gc,start      ] GC(153) Pause Young (Normal) (G1 Evacuation Pause)
[2022-08-31T12:34:47.601-0800][gc,task       ] GC(153) Using 8 workers of 8 for evacuation
[2022-08-31T12:34:47.631-0800][gc,phases     ] GC(153)   Pre Evacuate Collection Set: 0.6ms
[2022-08-31T12:34:47.631-0800][gc,phases     ] GC(153)   Evacuate Collection Set: 12.0ms
[2022-08-31T12:34:47.631-0800][gc,phases     ] GC(153)   Post Evacuate Collection Set: 16.0ms
[2022-08-31T12:34:47.631-0800][gc,phases     ] GC(153)   Other: 3.5ms
[2022-08-31T12:34:47.631-0800][gc,heap       ] GC(153) Eden regions: 255->0(255)
[2022-08-31T12:34:47.631-0800][gc,heap       ] GC(153) Survivor regions: 1->1(32)
[2022-08-31T12:34:47.632-0800][gc,heap       ] GC(153) Old regions: 39->39
[2022-08-31T12:34:47.632-0800][gc,heap       ] GC(153) Humongous regions: 20->20
[2022-08-31T12:34:47.632-0800][gc,metaspace  ] GC(153) Metaspace: 80381K->80381K(1122304K)
[2022-08-31T12:34:47.632-0800][gc            ] GC(153) Pause Young (Normal) (G1 Evacuation Pause) 314M->59M(512M) 32.163ms
[2022-08-31T12:34:47.632-0800][gc,cpu        ] GC(153) User=0.03s Sys=0.02s Real=0.04s
[2022-08-31T12:52:56.791-0800][gc,start      ] GC(154) Pause Young (Normal) (G1 Evacuation Pause)
[2022-08-31T12:52:56.792-0800][gc,task       ] GC(154) Using 8 workers of 8 for evacuation
[2022-08-31T12:52:56.824-0800][gc,phases     ] GC(154)   Pre Evacuate Collection Set: 0.5ms
[2022-08-31T12:52:56.824-0800][gc,phases     ] GC(154)   Evacuate Collection Set: 23.1ms
[2022-08-31T12:52:56.824-0800][gc,phases     ] GC(154)   Post Evacuate Collection Set: 5.9ms
[2022-08-31T12:52:56.824-0800][gc,phases     ] GC(154)   Other: 3.4ms
[2022-08-31T12:52:56.824-0800][gc,heap       ] GC(154) Eden regions: 255->0(255)
[2022-08-31T12:52:56.824-0800][gc,heap       ] GC(154) Survivor regions: 1->1(32)
[2022-08-31T12:52:56.824-0800][gc,heap       ] GC(154) Old regions: 39->39
[2022-08-31T12:52:56.824-0800][gc,heap       ] GC(154) Humongous regions: 20->20
[2022-08-31T12:52:56.824-0800][gc,metaspace  ] GC(154) Metaspace: 80381K->80381K(1122304K)
[2022-08-31T12:52:56.824-0800][gc            ] GC(154) Pause Young (Normal) (G1 Evacuation Pause) 314M->59M(512M) 33.067ms
[2022-08-31T12:52:56.824-0800][gc,cpu        ] GC(154) User=0.02s Sys=0.02s Real=0.03s
[2022-08-31T13:11:05.352-0800][gc,start      ] GC(155) Pause Young (Normal) (G1 Evacuation Pause)
[2022-08-31T13:11:05.354-0800][gc,task       ] GC(155) Using 8 workers of 8 for evacuation
[2022-08-31T13:11:05.367-0800][gc,phases     ] GC(155)   Pre Evacuate Collection Set: 0.6ms
[2022-08-31T13:11:05.367-0800][gc,phases     ] GC(155)   Evacuate Collection Set: 9.1ms
[2022-08-31T13:11:05.367-0800][gc,phases     ] GC(155)   Post Evacuate Collection Set: 1.9ms
[2022-08-31T13:11:05.367-0800][gc,phases     ] GC(155)   Other: 3.6ms
[2022-08-31T13:11:05.367-0800][gc,heap       ] GC(155) Eden regions: 255->0(255)
[2022-08-31T13:11:05.367-0800][gc,heap       ] GC(155) Survivor regions: 1->1(32)
[2022-08-31T13:11:05.367-0800][gc,heap       ] GC(155) Old regions: 39->39
[2022-08-31T13:11:05.367-0800][gc,heap       ] GC(155) Humongous regions: 20->20
[2022-08-31T13:11:05.367-0800][gc,metaspace  ] GC(155) Metaspace: 80381K->80381K(1122304K)
[2022-08-31T13:11:05.367-0800][gc            ] GC(155) Pause Young (Normal) (G1 Evacuation Pause) 314M->59M(512M) 15.304ms
[2022-08-31T13:11:05.367-0800][gc,cpu        ] GC(155) User=0.03s Sys=0.02s Real=0.01s
[2022-08-31T13:44:49.423-0800][gc,start      ] GC(156) Pause Young (Normal) (G1 Evacuation Pause)
[2022-08-31T13:44:49.426-0800][gc,task       ] GC(156) Using 8 workers of 8 for evacuation
[2022-08-31T13:44:49.460-0800][gc,phases     ] GC(156)   Pre Evacuate Collection Set: 0.8ms
[2022-08-31T13:44:49.460-0800][gc,phases     ] GC(156)   Evacuate Collection Set: 28.3ms
[2022-08-31T13:44:49.460-0800][gc,phases     ] GC(156)   Post Evacuate Collection Set: 1.5ms
[2022-08-31T13:44:49.460-0800][gc,phases     ] GC(156)   Other: 6.3ms
[2022-08-31T13:44:49.460-0800][gc,heap       ] GC(156) Eden regions: 255->0(255)
[2022-08-31T13:44:49.460-0800][gc,heap       ] GC(156) Survivor regions: 1->1(32)
[2022-08-31T13:44:49.460-0800][gc,heap       ] GC(156) Old regions: 39->39
[2022-08-31T13:44:49.460-0800][gc,heap       ] GC(156) Humongous regions: 20->20
[2022-08-31T13:44:49.460-0800][gc,metaspace  ] GC(156) Metaspace: 80400K->80400K(1122304K)
[2022-08-31T13:44:49.460-0800][gc            ] GC(156) Pause Young (Normal) (G1 Evacuation Pause) 314M->59M(512M) 36.796ms
[2022-08-31T13:44:49.460-0800][gc,cpu        ] GC(156) User=0.03s Sys=0.03s Real=0.04s
[2022-08-31T14:02:59.101-0800][gc,start      ] GC(157) Pause Young (Normal) (G1 Evacuation Pause)
[2022-08-31T14:02:59.102-0800][gc,task       ] GC(157) Using 8 workers of 8 for evacuation
[2022-08-31T14:02:59.140-0800][gc,phases     ] GC(157)   Pre Evacuate Collection Set: 1.2ms
[2022-08-31T14:02:59.141-0800][gc,phases     ] GC(157)   Evacuate Collection Set: 28.2ms
[2022-08-31T14:02:59.141-0800][gc,phases     ] GC(157)   Post Evacuate Collection Set: 3.1ms
[2022-08-31T14:02:59.141-0800][gc,phases     ] GC(157)   Other: 7.3ms
[2022-08-31T14:02:59.141-0800][gc,heap       ] GC(157) Eden regions: 255->0(255)
[2022-08-31T14:02:59.141-0800][gc,heap       ] GC(157) Survivor regions: 1->1(32)
[2022-08-31T14:02:59.141-0800][gc,heap       ] GC(157) Old regions: 39->39
[2022-08-31T14:02:59.141-0800][gc,heap       ] GC(157) Humongous regions: 20->20
[2022-08-31T14:02:59.141-0800][gc,metaspace  ] GC(157) Metaspace: 80400K->80400K(1122304K)
[2022-08-31T14:02:59.141-0800][gc            ] GC(157) Pause Young (Normal) (G1 Evacuation Pause) 314M->59M(512M) 39.814ms
[2022-08-31T14:02:59.141-0800][gc,cpu        ] GC(157) User=0.02s Sys=0.03s Real=0.04s
[2022-08-31T14:21:08.495-0800][gc,start      ] GC(158) Pause Young (Normal) (G1 Evacuation Pause)
[2022-08-31T14:21:08.498-0800][gc,task       ] GC(158) Using 8 workers of 8 for evacuation
[2022-08-31T14:21:08.534-0800][gc,phases     ] GC(158)   Pre Evacuate Collection Set: 0.8ms
[2022-08-31T14:21:08.534-0800][gc,phases     ] GC(158)   Evacuate Collection Set: 28.5ms
[2022-08-31T14:21:08.534-0800][gc,phases     ] GC(158)   Post Evacuate Collection Set: 3.6ms
[2022-08-31T14:21:08.534-0800][gc,phases     ] GC(158)   Other: 5.9ms
[2022-08-31T14:21:08.534-0800][gc,heap       ] GC(158) Eden regions: 255->0(255)
[2022-08-31T14:21:08.534-0800][gc,heap       ] GC(158) Survivor regions: 1->1(32)
[2022-08-31T14:21:08.534-0800][gc,heap       ] GC(158) Old regions: 39->39
[2022-08-31T14:21:08.534-0800][gc,heap       ] GC(158) Humongous regions: 20->20
[2022-08-31T14:21:08.534-0800][gc,metaspace  ] GC(158) Metaspace: 80400K->80400K(1122304K)
[2022-08-31T14:21:08.534-0800][gc            ] GC(158) Pause Young (Normal) (G1 Evacuation Pause) 314M->59M(512M) 38.950ms
[2022-08-31T14:21:08.535-0800][gc,cpu        ] GC(158) User=0.02s Sys=0.03s Real=0.04s
[2022-08-31T14:39:18.415-0800][gc,start      ] GC(159) Pause Young (Normal) (G1 Evacuation Pause)
[2022-08-31T14:39:18.416-0800][gc,task       ] GC(159) Using 8 workers of 8 for evacuation
[2022-08-31T14:39:18.434-0800][gc,phases     ] GC(159)   Pre Evacuate Collection Set: 0.4ms
[2022-08-31T14:39:18.434-0800][gc,phases     ] GC(159)   Evacuate Collection Set: 13.2ms
[2022-08-31T14:39:18.434-0800][gc,phases     ] GC(159)   Post Evacuate Collection Set: 3.1ms
[2022-08-31T14:39:18.434-0800][gc,phases     ] GC(159)   Other: 2.4ms
[2022-08-31T14:39:18.434-0800][gc,heap       ] GC(159) Eden regions: 255->0(255)
[2022-08-31T14:39:18.434-0800][gc,heap       ] GC(159) Survivor regions: 1->1(32)
[2022-08-31T14:39:18.434-0800][gc,heap       ] GC(159) Old regions: 39->39
[2022-08-31T14:39:18.434-0800][gc,heap       ] GC(159) Humongous regions: 20->20
[2022-08-31T14:39:18.434-0800][gc,metaspace  ] GC(159) Metaspace: 80400K->80400K(1122304K)
[2022-08-31T14:39:18.434-0800][gc            ] GC(159) Pause Young (Normal) (G1 Evacuation Pause) 314M->59M(512M) 19.173ms
[2022-08-31T14:39:18.435-0800][gc,cpu        ] GC(159) User=0.03s Sys=0.03s Real=0.02s
[2022-08-31T15:12:39.026-0800][gc,start      ] GC(160) Pause Young (Normal) (G1 Evacuation Pause)
[2022-08-31T15:12:39.028-0800][gc,task       ] GC(160) Using 8 workers of 8 for evacuation
[2022-08-31T15:12:39.061-0800][gc,phases     ] GC(160)   Pre Evacuate Collection Set: 1.4ms
[2022-08-31T15:12:39.061-0800][gc,phases     ] GC(160)   Evacuate Collection Set: 21.6ms
[2022-08-31T15:12:39.061-0800][gc,phases     ] GC(160)   Post Evacuate Collection Set: 6.1ms
[2022-08-31T15:12:39.061-0800][gc,phases     ] GC(160)   Other: 5.3ms
[2022-08-31T15:12:39.061-0800][gc,heap       ] GC(160) Eden regions: 255->0(255)
[2022-08-31T15:12:39.061-0800][gc,heap       ] GC(160) Survivor regions: 1->1(32)
[2022-08-31T15:12:39.061-0800][gc,heap       ] GC(160) Old regions: 39->39
[2022-08-31T15:12:39.061-0800][gc,heap       ] GC(160) Humongous regions: 20->20
[2022-08-31T15:12:39.061-0800][gc,metaspace  ] GC(160) Metaspace: 80400K->80400K(1122304K)
[2022-08-31T15:12:39.061-0800][gc            ] GC(160) Pause Young (Normal) (G1 Evacuation Pause) 314M->59M(512M) 34.607ms
[2022-08-31T15:12:39.061-0800][gc,cpu        ] GC(160) User=0.05s Sys=0.03s Real=0.04s
[2022-08-31T15:30:52.192-0800][gc,start      ] GC(161) Pause Young (Normal) (G1 Evacuation Pause)
[2022-08-31T15:30:52.193-0800][gc,task       ] GC(161) Using 8 workers of 8 for evacuation
[2022-08-31T15:30:52.213-0800][gc,phases     ] GC(161)   Pre Evacuate Collection Set: 1.3ms
[2022-08-31T15:30:52.213-0800][gc,phases     ] GC(161)   Evacuate Collection Set: 13.9ms
[2022-08-31T15:30:52.213-0800][gc,phases     ] GC(161)   Post Evacuate Collection Set: 2.3ms
[2022-08-31T15:30:52.213-0800][gc,phases     ] GC(161)   Other: 3.9ms
[2022-08-31T15:30:52.213-0800][gc,heap       ] GC(161) Eden regions: 255->0(255)
[2022-08-31T15:30:52.213-0800][gc,heap       ] GC(161) Survivor regions: 1->1(32)
[2022-08-31T15:30:52.213-0800][gc,heap       ] GC(161) Old regions: 39->39
[2022-08-31T15:30:52.213-0800][gc,heap       ] GC(161) Humongous regions: 20->20
[2022-08-31T15:30:52.213-0800][gc,metaspace  ] GC(161) Metaspace: 80400K->80400K(1122304K)
[2022-08-31T15:30:52.213-0800][gc            ] GC(161) Pause Young (Normal) (G1 Evacuation Pause) 314M->59M(512M) 21.549ms
[2022-08-31T15:30:52.213-0800][gc,cpu        ] GC(161) User=0.04s Sys=0.03s Real=0.02s
[2022-08-31T16:00:48.127-0800][gc,start      ] GC(162) Pause Young (Normal) (G1 Evacuation Pause)
[2022-08-31T16:00:48.130-0800][gc,task       ] GC(162) Using 8 workers of 8 for evacuation
[2022-08-31T16:00:48.154-0800][gc,phases     ] GC(162)   Pre Evacuate Collection Set: 0.7ms
[2022-08-31T16:00:48.154-0800][gc,phases     ] GC(162)   Evacuate Collection Set: 16.1ms
[2022-08-31T16:00:48.154-0800][gc,phases     ] GC(162)   Post Evacuate Collection Set: 4.3ms
[2022-08-31T16:00:48.154-0800][gc,phases     ] GC(162)   Other: 6.1ms
[2022-08-31T16:00:48.154-0800][gc,heap       ] GC(162) Eden regions: 255->0(255)
[2022-08-31T16:00:48.154-0800][gc,heap       ] GC(162) Survivor regions: 1->1(32)
[2022-08-31T16:00:48.154-0800][gc,heap       ] GC(162) Old regions: 39->39
[2022-08-31T16:00:48.154-0800][gc,heap       ] GC(162) Humongous regions: 20->20
[2022-08-31T16:00:48.154-0800][gc,metaspace  ] GC(162) Metaspace: 80403K->80403K(1122304K)
[2022-08-31T16:00:48.155-0800][gc            ] GC(162) Pause Young (Normal) (G1 Evacuation Pause) 314M->59M(512M) 27.498ms
[2022-08-31T16:00:48.155-0800][gc,cpu        ] GC(162) User=0.02s Sys=0.02s Real=0.03s
[2022-08-31T16:18:57.716-0800][gc,start      ] GC(163) Pause Young (Normal) (G1 Evacuation Pause)
[2022-08-31T16:18:57.718-0800][gc,task       ] GC(163) Using 8 workers of 8 for evacuation
[2022-08-31T16:18:57.752-0800][gc,phases     ] GC(163)   Pre Evacuate Collection Set: 0.7ms
[2022-08-31T16:18:57.752-0800][gc,phases     ] GC(163)   Evacuate Collection Set: 28.5ms
[2022-08-31T16:18:57.752-0800][gc,phases     ] GC(163)   Post Evacuate Collection Set: 1.2ms
[2022-08-31T16:18:57.752-0800][gc,phases     ] GC(163)   Other: 5.5ms
[2022-08-31T16:18:57.752-0800][gc,heap       ] GC(163) Eden regions: 255->0(255)
[2022-08-31T16:18:57.752-0800][gc,heap       ] GC(163) Survivor regions: 1->1(32)
[2022-08-31T16:18:57.752-0800][gc,heap       ] GC(163) Old regions: 39->39
[2022-08-31T16:18:57.752-0800][gc,heap       ] GC(163) Humongous regions: 20->20
[2022-08-31T16:18:57.752-0800][gc,metaspace  ] GC(163) Metaspace: 80403K->80403K(1122304K)
[2022-08-31T16:18:57.752-0800][gc            ] GC(163) Pause Young (Normal) (G1 Evacuation Pause) 314M->59M(512M) 35.840ms
[2022-08-31T16:18:57.752-0800][gc,cpu        ] GC(163) User=0.03s Sys=0.03s Real=0.04s
[2022-08-31T16:38:25.670-0800][gc,start      ] GC(164) Pause Young (Normal) (G1 Evacuation Pause)
[2022-08-31T16:38:25.672-0800][gc,task       ] GC(164) Using 8 workers of 8 for evacuation
[2022-08-31T16:38:25.703-0800][gc,phases     ] GC(164)   Pre Evacuate Collection Set: 0.8ms
[2022-08-31T16:38:25.704-0800][gc,phases     ] GC(164)   Evacuate Collection Set: 22.8ms
[2022-08-31T16:38:25.704-0800][gc,phases     ] GC(164)   Post Evacuate Collection Set: 5.6ms
[2022-08-31T16:38:25.704-0800][gc,phases     ] GC(164)   Other: 4.2ms
[2022-08-31T16:38:25.704-0800][gc,heap       ] GC(164) Eden regions: 255->0(255)
[2022-08-31T16:38:25.704-0800][gc,heap       ] GC(164) Survivor regions: 1->1(32)
[2022-08-31T16:38:25.704-0800][gc,heap       ] GC(164) Old regions: 39->39
[2022-08-31T16:38:25.704-0800][gc,heap       ] GC(164) Humongous regions: 20->20
[2022-08-31T16:38:25.704-0800][gc,metaspace  ] GC(164) Metaspace: 80404K->80404K(1122304K)
[2022-08-31T16:38:25.705-0800][gc            ] GC(164) Pause Young (Normal) (G1 Evacuation Pause) 314M->59M(512M) 33.676ms
[2022-08-31T16:38:25.705-0800][gc,cpu        ] GC(164) User=0.02s Sys=0.03s Real=0.03s
[2022-08-31T16:56:37.328-0800][gc,start      ] GC(165) Pause Young (Normal) (G1 Evacuation Pause)
[2022-08-31T16:56:37.332-0800][gc,task       ] GC(165) Using 8 workers of 8 for evacuation
[2022-08-31T16:56:37.359-0800][gc,phases     ] GC(165)   Pre Evacuate Collection Set: 0.8ms
[2022-08-31T16:56:37.359-0800][gc,phases     ] GC(165)   Evacuate Collection Set: 19.5ms
[2022-08-31T16:56:37.359-0800][gc,phases     ] GC(165)   Post Evacuate Collection Set: 5.3ms
[2022-08-31T16:56:37.359-0800][gc,phases     ] GC(165)   Other: 4.9ms
[2022-08-31T16:56:37.359-0800][gc,heap       ] GC(165) Eden regions: 255->0(255)
[2022-08-31T16:56:37.359-0800][gc,heap       ] GC(165) Survivor regions: 1->1(32)
[2022-08-31T16:56:37.359-0800][gc,heap       ] GC(165) Old regions: 39->39
[2022-08-31T16:56:37.359-0800][gc,heap       ] GC(165) Humongous regions: 20->20
[2022-08-31T16:56:37.359-0800][gc,metaspace  ] GC(165) Metaspace: 80404K->80404K(1122304K)
[2022-08-31T16:56:37.360-0800][gc            ] GC(165) Pause Young (Normal) (G1 Evacuation Pause) 314M->59M(512M) 30.766ms
[2022-08-31T16:56:37.360-0800][gc,cpu        ] GC(165) User=0.02s Sys=0.02s Real=0.04s
[2022-08-31T17:19:17.548-0800][gc,start      ] GC(166) Pause Young (Normal) (G1 Evacuation Pause)
[2022-08-31T17:19:17.550-0800][gc,task       ] GC(166) Using 8 workers of 8 for evacuation
[2022-08-31T17:19:17.572-0800][gc,phases     ] GC(166)   Pre Evacuate Collection Set: 0.5ms
[2022-08-31T17:19:17.572-0800][gc,phases     ] GC(166)   Evacuate Collection Set: 19.7ms
[2022-08-31T17:19:17.572-0800][gc,phases     ] GC(166)   Post Evacuate Collection Set: 1.3ms
[2022-08-31T17:19:17.572-0800][gc,phases     ] GC(166)   Other: 3.0ms
[2022-08-31T17:19:17.572-0800][gc,heap       ] GC(166) Eden regions: 255->0(255)
[2022-08-31T17:19:17.572-0800][gc,heap       ] GC(166) Survivor regions: 1->1(32)
[2022-08-31T17:19:17.572-0800][gc,heap       ] GC(166) Old regions: 39->39
[2022-08-31T17:19:17.572-0800][gc,heap       ] GC(166) Humongous regions: 20->20
[2022-08-31T17:19:17.572-0800][gc,metaspace  ] GC(166) Metaspace: 80404K->80404K(1122304K)
[2022-08-31T17:19:17.572-0800][gc            ] GC(166) Pause Young (Normal) (G1 Evacuation Pause) 314M->59M(512M) 24.485ms
[2022-08-31T17:19:17.572-0800][gc,cpu        ] GC(166) User=0.03s Sys=0.02s Real=0.03s
[2022-08-31T18:00:21.136-0800][gc,start      ] GC(167) Pause Young (Normal) (G1 Evacuation Pause)
[2022-08-31T18:00:21.137-0800][gc,task       ] GC(167) Using 8 workers of 8 for evacuation
[2022-08-31T18:00:21.162-0800][gc,phases     ] GC(167)   Pre Evacuate Collection Set: 2.0ms
[2022-08-31T18:00:21.162-0800][gc,phases     ] GC(167)   Evacuate Collection Set: 14.1ms
[2022-08-31T18:00:21.162-0800][gc,phases     ] GC(167)   Post Evacuate Collection Set: 3.3ms
[2022-08-31T18:00:21.162-0800][gc,phases     ] GC(167)   Other: 6.8ms
[2022-08-31T18:00:21.162-0800][gc,heap       ] GC(167) Eden regions: 255->0(255)
[2022-08-31T18:00:21.162-0800][gc,heap       ] GC(167) Survivor regions: 1->1(32)
[2022-08-31T18:00:21.162-0800][gc,heap       ] GC(167) Old regions: 39->39
[2022-08-31T18:00:21.162-0800][gc,heap       ] GC(167) Humongous regions: 20->20
[2022-08-31T18:00:21.162-0800][gc,metaspace  ] GC(167) Metaspace: 80410K->80410K(1122304K)
[2022-08-31T18:00:21.162-0800][gc            ] GC(167) Pause Young (Normal) (G1 Evacuation Pause) 314M->59M(512M) 26.396ms
[2022-08-31T18:00:21.162-0800][gc,cpu        ] GC(167) User=0.04s Sys=0.03s Real=0.03s
[2022-08-31T18:18:32.997-0800][gc,start      ] GC(168) Pause Young (Normal) (G1 Evacuation Pause)
[2022-08-31T18:18:33.001-0800][gc,task       ] GC(168) Using 8 workers of 8 for evacuation
[2022-08-31T18:18:33.020-0800][gc,phases     ] GC(168)   Pre Evacuate Collection Set: 1.7ms
[2022-08-31T18:18:33.020-0800][gc,phases     ] GC(168)   Evacuate Collection Set: 11.1ms
[2022-08-31T18:18:33.020-0800][gc,phases     ] GC(168)   Post Evacuate Collection Set: 4.9ms
[2022-08-31T18:18:33.020-0800][gc,phases     ] GC(168)   Other: 5.2ms
[2022-08-31T18:18:33.020-0800][gc,heap       ] GC(168) Eden regions: 255->0(255)
[2022-08-31T18:18:33.020-0800][gc,heap       ] GC(168) Survivor regions: 1->1(32)
[2022-08-31T18:18:33.020-0800][gc,heap       ] GC(168) Old regions: 39->39
[2022-08-31T18:18:33.020-0800][gc,heap       ] GC(168) Humongous regions: 20->20
[2022-08-31T18:18:33.020-0800][gc,metaspace  ] GC(168) Metaspace: 80410K->80410K(1122304K)
[2022-08-31T18:18:33.020-0800][gc            ] GC(168) Pause Young (Normal) (G1 Evacuation Pause) 314M->59M(512M) 23.161ms
[2022-08-31T18:18:33.020-0800][gc,cpu        ] GC(168) User=0.02s Sys=0.03s Real=0.03s
[2022-08-31T18:36:39.013-0800][gc,start      ] GC(169) Pause Young (Normal) (G1 Evacuation Pause)
[2022-08-31T18:36:39.014-0800][gc,task       ] GC(169) Using 8 workers of 8 for evacuation
[2022-08-31T18:36:39.046-0800][gc,phases     ] GC(169)   Pre Evacuate Collection Set: 0.7ms
[2022-08-31T18:36:39.046-0800][gc,phases     ] GC(169)   Evacuate Collection Set: 26.9ms
[2022-08-31T18:36:39.046-0800][gc,phases     ] GC(169)   Post Evacuate Collection Set: 1.4ms
[2022-08-31T18:36:39.046-0800][gc,phases     ] GC(169)   Other: 4.4ms
[2022-08-31T18:36:39.046-0800][gc,heap       ] GC(169) Eden regions: 255->0(255)
[2022-08-31T18:36:39.046-0800][gc,heap       ] GC(169) Survivor regions: 1->1(32)
[2022-08-31T18:36:39.046-0800][gc,heap       ] GC(169) Old regions: 39->39
[2022-08-31T18:36:39.046-0800][gc,heap       ] GC(169) Humongous regions: 20->20
[2022-08-31T18:36:39.046-0800][gc,metaspace  ] GC(169) Metaspace: 80410K->80410K(1122304K)
[2022-08-31T18:36:39.046-0800][gc            ] GC(169) Pause Young (Normal) (G1 Evacuation Pause) 314M->59M(512M) 33.281ms
[2022-08-31T18:36:39.046-0800][gc,cpu        ] GC(169) User=0.08s Sys=0.03s Real=0.03s
[2022-08-31T18:54:49.050-0800][gc,start      ] GC(170) Pause Young (Normal) (G1 Evacuation Pause)
[2022-08-31T18:54:49.051-0800][gc,task       ] GC(170) Using 8 workers of 8 for evacuation
[2022-08-31T18:54:49.077-0800][gc,phases     ] GC(170)   Pre Evacuate Collection Set: 1.3ms
[2022-08-31T18:54:49.077-0800][gc,phases     ] GC(170)   Evacuate Collection Set: 17.5ms
[2022-08-31T18:54:49.077-0800][gc,phases     ] GC(170)   Post Evacuate Collection Set: 5.7ms
[2022-08-31T18:54:49.077-0800][gc,phases     ] GC(170)   Other: 2.7ms
[2022-08-31T18:54:49.077-0800][gc,heap       ] GC(170) Eden regions: 255->0(255)
[2022-08-31T18:54:49.077-0800][gc,heap       ] GC(170) Survivor regions: 1->1(32)
[2022-08-31T18:54:49.077-0800][gc,heap       ] GC(170) Old regions: 39->39
[2022-08-31T18:54:49.077-0800][gc,heap       ] GC(170) Humongous regions: 20->20
[2022-08-31T18:54:49.077-0800][gc,metaspace  ] GC(170) Metaspace: 80410K->80410K(1122304K)
[2022-08-31T18:54:49.078-0800][gc            ] GC(170) Pause Young (Normal) (G1 Evacuation Pause) 314M->59M(512M) 27.355ms
[2022-08-31T18:54:49.078-0800][gc,cpu        ] GC(170) User=0.02s Sys=0.03s Real=0.02s
[2022-08-31T19:32:50.525-0800][gc,start      ] GC(171) Pause Young (Normal) (G1 Evacuation Pause)
[2022-08-31T19:32:50.528-0800][gc,task       ] GC(171) Using 8 workers of 8 for evacuation
[2022-08-31T19:32:50.574-0800][gc,phases     ] GC(171)   Pre Evacuate Collection Set: 3.3ms
[2022-08-31T19:32:50.574-0800][gc,phases     ] GC(171)   Evacuate Collection Set: 28.6ms
[2022-08-31T19:32:50.574-0800][gc,phases     ] GC(171)   Post Evacuate Collection Set: 4.4ms
[2022-08-31T19:32:50.574-0800][gc,phases     ] GC(171)   Other: 13.7ms
[2022-08-31T19:32:50.574-0800][gc,heap       ] GC(171) Eden regions: 255->0(255)
[2022-08-31T19:32:50.574-0800][gc,heap       ] GC(171) Survivor regions: 1->1(32)
[2022-08-31T19:32:50.574-0800][gc,heap       ] GC(171) Old regions: 39->39
[2022-08-31T19:32:50.574-0800][gc,heap       ] GC(171) Humongous regions: 20->20
[2022-08-31T19:32:50.574-0800][gc,metaspace  ] GC(171) Metaspace: 80410K->80410K(1122304K)
[2022-08-31T19:32:50.574-0800][gc            ] GC(171) Pause Young (Normal) (G1 Evacuation Pause) 314M->59M(512M) 49.237ms
[2022-08-31T19:32:50.574-0800][gc,cpu        ] GC(171) User=0.02s Sys=0.04s Real=0.05s
[2022-08-31T19:50:56.302-0800][gc,start      ] GC(172) Pause Young (Normal) (G1 Evacuation Pause)
[2022-08-31T19:50:56.304-0800][gc,task       ] GC(172) Using 8 workers of 8 for evacuation
[2022-08-31T19:50:56.327-0800][gc,phases     ] GC(172)   Pre Evacuate Collection Set: 2.2ms
[2022-08-31T19:50:56.327-0800][gc,phases     ] GC(172)   Evacuate Collection Set: 12.3ms
[2022-08-31T19:50:56.327-0800][gc,phases     ] GC(172)   Post Evacuate Collection Set: 4.1ms
[2022-08-31T19:50:56.327-0800][gc,phases     ] GC(172)   Other: 5.9ms
[2022-08-31T19:50:56.327-0800][gc,heap       ] GC(172) Eden regions: 255->0(255)
[2022-08-31T19:50:56.327-0800][gc,heap       ] GC(172) Survivor regions: 1->1(32)
[2022-08-31T19:50:56.327-0800][gc,heap       ] GC(172) Old regions: 39->39
[2022-08-31T19:50:56.327-0800][gc,heap       ] GC(172) Humongous regions: 20->20
[2022-08-31T19:50:56.327-0800][gc,metaspace  ] GC(172) Metaspace: 80410K->80410K(1122304K)
[2022-08-31T19:50:56.327-0800][gc            ] GC(172) Pause Young (Normal) (G1 Evacuation Pause) 314M->59M(512M) 24.750ms
[2022-08-31T19:50:56.327-0800][gc,cpu        ] GC(172) User=0.03s Sys=0.03s Real=0.02s
[2022-08-31T20:09:05.868-0800][gc,start      ] GC(173) Pause Young (Normal) (G1 Evacuation Pause)
[2022-08-31T20:09:05.872-0800][gc,task       ] GC(173) Using 8 workers of 8 for evacuation
[2022-08-31T20:09:05.913-0800][gc,phases     ] GC(173)   Pre Evacuate Collection Set: 18.8ms
[2022-08-31T20:09:05.913-0800][gc,phases     ] GC(173)   Evacuate Collection Set: 12.8ms
[2022-08-31T20:09:05.913-0800][gc,phases     ] GC(173)   Post Evacuate Collection Set: 3.7ms
[2022-08-31T20:09:05.913-0800][gc,phases     ] GC(173)   Other: 9.7ms
[2022-08-31T20:09:05.913-0800][gc,heap       ] GC(173) Eden regions: 255->0(255)
[2022-08-31T20:09:05.913-0800][gc,heap       ] GC(173) Survivor regions: 1->1(32)
[2022-08-31T20:09:05.913-0800][gc,heap       ] GC(173) Old regions: 39->39
[2022-08-31T20:09:05.913-0800][gc,heap       ] GC(173) Humongous regions: 20->20
[2022-08-31T20:09:05.913-0800][gc,metaspace  ] GC(173) Metaspace: 80410K->80410K(1122304K)
[2022-08-31T20:09:05.913-0800][gc            ] GC(173) Pause Young (Normal) (G1 Evacuation Pause) 314M->59M(512M) 44.325ms
[2022-08-31T20:09:05.913-0800][gc,cpu        ] GC(173) User=0.01s Sys=0.02s Real=0.05s
[2022-08-31T20:27:12.728-0800][gc,start      ] GC(174) Pause Young (Normal) (G1 Evacuation Pause)
[2022-08-31T20:27:12.729-0800][gc,task       ] GC(174) Using 8 workers of 8 for evacuation
[2022-08-31T20:27:12.757-0800][gc,phases     ] GC(174)   Pre Evacuate Collection Set: 1.3ms
[2022-08-31T20:27:12.757-0800][gc,phases     ] GC(174)   Evacuate Collection Set: 13.9ms
[2022-08-31T20:27:12.757-0800][gc,phases     ] GC(174)   Post Evacuate Collection Set: 8.3ms
[2022-08-31T20:27:12.757-0800][gc,phases     ] GC(174)   Other: 5.7ms
[2022-08-31T20:27:12.757-0800][gc,heap       ] GC(174) Eden regions: 255->0(255)
[2022-08-31T20:27:12.757-0800][gc,heap       ] GC(174) Survivor regions: 1->1(32)
[2022-08-31T20:27:12.757-0800][gc,heap       ] GC(174) Old regions: 39->39
[2022-08-31T20:27:12.757-0800][gc,heap       ] GC(174) Humongous regions: 20->20
[2022-08-31T20:27:12.757-0800][gc,metaspace  ] GC(174) Metaspace: 80410K->80410K(1122304K)
[2022-08-31T20:27:12.758-0800][gc            ] GC(174) Pause Young (Normal) (G1 Evacuation Pause) 314M->59M(512M) 29.357ms
[2022-08-31T20:27:12.758-0800][gc,cpu        ] GC(174) User=0.02s Sys=0.03s Real=0.03s
[2022-08-31T20:45:23.478-0800][gc,start      ] GC(175) Pause Young (Normal) (G1 Evacuation Pause)
[2022-08-31T20:45:23.479-0800][gc,task       ] GC(175) Using 8 workers of 8 for evacuation
[2022-08-31T20:45:23.495-0800][gc,phases     ] GC(175)   Pre Evacuate Collection Set: 2.2ms
[2022-08-31T20:45:23.495-0800][gc,phases     ] GC(175)   Evacuate Collection Set: 6.1ms
[2022-08-31T20:45:23.495-0800][gc,phases     ] GC(175)   Post Evacuate Collection Set: 4.4ms
[2022-08-31T20:45:23.495-0800][gc,phases     ] GC(175)   Other: 5.2ms
[2022-08-31T20:45:23.495-0800][gc,heap       ] GC(175) Eden regions: 255->0(255)
[2022-08-31T20:45:23.495-0800][gc,heap       ] GC(175) Survivor regions: 1->1(32)
[2022-08-31T20:45:23.495-0800][gc,heap       ] GC(175) Old regions: 39->39
[2022-08-31T20:45:23.495-0800][gc,heap       ] GC(175) Humongous regions: 20->20
[2022-08-31T20:45:23.495-0800][gc,metaspace  ] GC(175) Metaspace: 80410K->80410K(1122304K)
[2022-08-31T20:45:23.495-0800][gc            ] GC(175) Pause Young (Normal) (G1 Evacuation Pause) 314M->59M(512M) 17.868ms
[2022-08-31T20:45:23.495-0800][gc,cpu        ] GC(175) User=0.01s Sys=0.02s Real=0.02s
[2022-08-31T21:03:28.584-0800][gc,start      ] GC(176) Pause Young (Normal) (G1 Evacuation Pause)
[2022-08-31T21:03:28.586-0800][gc,task       ] GC(176) Using 8 workers of 8 for evacuation
