[2022-08-28T18:58:17.907-0800][gc,heap] Heap region size: 1M
[2022-08-28T18:58:17.911-0800][gc     ] Using G1
[2022-08-28T18:58:17.911-0800][gc,heap,coops] Heap address: 0x00000007e0000000, size: 512 MB, Compressed Oops mode: Zero based, Oop shift amount: 3
[2022-08-28T18:58:20.801-0800][gc,start     ] GC(0) Pause Young (Concurrent Start) (Metadata GC Threshold)
[2022-08-28T18:58:20.801-0800][gc,task      ] GC(0) Using 8 workers of 8 for evacuation
[2022-08-28T18:58:20.820-0800][gc,phases    ] GC(0)   Pre Evacuate Collection Set: 0.0ms
[2022-08-28T18:58:20.820-0800][gc,phases    ] GC(0)   Evacuate Collection Set: 17.4ms
[2022-08-28T18:58:20.820-0800][gc,phases    ] GC(0)   Post Evacuate Collection Set: 0.9ms
[2022-08-28T18:58:20.820-0800][gc,phases    ] GC(0)   Other: 0.8ms
[2022-08-28T18:58:20.820-0800][gc,heap      ] GC(0) Eden regions: 149->0(250)
[2022-08-28T18:58:20.820-0800][gc,heap      ] GC(0) Survivor regions: 0->6(32)
[2022-08-28T18:58:20.820-0800][gc,heap      ] GC(0) Old regions: 0->0
[2022-08-28T18:58:20.820-0800][gc,heap      ] GC(0) Humongous regions: 0->0
[2022-08-28T18:58:20.820-0800][gc,metaspace ] GC(0) Metaspace: 20584K->20584K(1069056K)
[2022-08-28T18:58:20.820-0800][gc           ] GC(0) Pause Young (Concurrent Start) (Metadata GC Threshold) 148M->5M(512M) 19.227ms
[2022-08-28T18:58:20.820-0800][gc,cpu       ] GC(0) User=0.03s Sys=0.02s Real=0.02s
[2022-08-28T18:58:20.820-0800][gc           ] GC(1) Concurrent Cycle
[2022-08-28T18:58:20.820-0800][gc,marking   ] GC(1) Concurrent Clear Claimed Marks
[2022-08-28T18:58:20.820-0800][gc,marking   ] GC(1) Concurrent Clear Claimed Marks 0.044ms
[2022-08-28T18:58:20.820-0800][gc,marking   ] GC(1) Concurrent Scan Root Regions
[2022-08-28T18:58:20.824-0800][gc,marking   ] GC(1) Concurrent Scan Root Regions 3.296ms
[2022-08-28T18:58:20.824-0800][gc,marking   ] GC(1) Concurrent Mark (2.925s)
[2022-08-28T18:58:20.824-0800][gc,marking   ] GC(1) Concurrent Mark From Roots
[2022-08-28T18:58:20.824-0800][gc,task      ] GC(1) Using 2 workers of 2 for marking
[2022-08-28T18:58:20.824-0800][gc,marking   ] GC(1) Concurrent Mark From Roots 0.217ms
[2022-08-28T18:58:20.824-0800][gc,marking   ] GC(1) Concurrent Preclean
[2022-08-28T18:58:20.824-0800][gc,marking   ] GC(1) Concurrent Preclean 0.030ms
[2022-08-28T18:58:20.824-0800][gc,marking   ] GC(1) Concurrent Mark (2.925s, 2.925s) 0.679ms
[2022-08-28T18:58:20.825-0800][gc,start     ] GC(1) Pause Remark
[2022-08-28T18:58:20.829-0800][gc,stringtable] GC(1) Cleaned string and symbol table, strings: 7695 processed, 0 removed, symbols: 66780 processed, 76 removed
[2022-08-28T18:58:20.829-0800][gc            ] GC(1) Pause Remark 6M->6M(512M) 4.326ms
[2022-08-28T18:58:20.829-0800][gc,cpu        ] GC(1) User=0.01s Sys=0.00s Real=0.00s
[2022-08-28T18:58:20.829-0800][gc,marking    ] GC(1) Concurrent Rebuild Remembered Sets
[2022-08-28T18:58:20.829-0800][gc,marking    ] GC(1) Concurrent Rebuild Remembered Sets 0.065ms
[2022-08-28T18:58:20.830-0800][gc,start      ] GC(1) Pause Cleanup
[2022-08-28T18:58:20.830-0800][gc            ] GC(1) Pause Cleanup 6M->6M(512M) 0.089ms
[2022-08-28T18:58:20.830-0800][gc,cpu        ] GC(1) User=0.00s Sys=0.00s Real=0.00s
[2022-08-28T18:58:20.830-0800][gc,marking    ] GC(1) Concurrent Cleanup for Next Mark
[2022-08-28T18:58:20.836-0800][gc,marking    ] GC(1) Concurrent Cleanup for Next Mark 6.494ms
[2022-08-28T18:58:20.837-0800][gc            ] GC(1) Concurrent Cycle 16.351ms
[2022-08-28T18:58:23.339-0800][gc,start      ] GC(2) Pause Young (Normal) (G1 Evacuation Pause)
[2022-08-28T18:58:23.339-0800][gc,task       ] GC(2) Using 8 workers of 8 for evacuation
[2022-08-28T18:58:23.368-0800][gc,phases     ] GC(2)   Pre Evacuate Collection Set: 0.0ms
[2022-08-28T18:58:23.368-0800][gc,phases     ] GC(2)   Evacuate Collection Set: 28.8ms
[2022-08-28T18:58:23.368-0800][gc,phases     ] GC(2)   Post Evacuate Collection Set: 0.7ms
[2022-08-28T18:58:23.368-0800][gc,phases     ] GC(2)   Other: 0.2ms
[2022-08-28T18:58:23.368-0800][gc,heap       ] GC(2) Eden regions: 250->0(246)
[2022-08-28T18:58:23.368-0800][gc,heap       ] GC(2) Survivor regions: 6->10(32)
[2022-08-28T18:58:23.368-0800][gc,heap       ] GC(2) Old regions: 0->0
[2022-08-28T18:58:23.368-0800][gc,heap       ] GC(2) Humongous regions: 0->0
[2022-08-28T18:58:23.368-0800][gc,metaspace  ] GC(2) Metaspace: 30180K->30180K(1077248K)
[2022-08-28T18:58:23.368-0800][gc            ] GC(2) Pause Young (Normal) (G1 Evacuation Pause) 255M->9M(512M) 29.777ms
[2022-08-28T18:58:23.369-0800][gc,cpu        ] GC(2) User=0.10s Sys=0.04s Real=0.03s
[2022-08-28T18:58:26.791-0800][gc,start      ] GC(3) Pause Young (Normal) (G1 Evacuation Pause)
[2022-08-28T18:58:26.791-0800][gc,task       ] GC(3) Using 8 workers of 8 for evacuation
[2022-08-28T18:58:26.819-0800][gc,phases     ] GC(3)   Pre Evacuate Collection Set: 0.0ms
[2022-08-28T18:58:26.819-0800][gc,phases     ] GC(3)   Evacuate Collection Set: 27.2ms
[2022-08-28T18:58:26.819-0800][gc,phases     ] GC(3)   Post Evacuate Collection Set: 0.6ms
[2022-08-28T18:58:26.819-0800][gc,phases     ] GC(3)   Other: 0.2ms
[2022-08-28T18:58:26.819-0800][gc,heap       ] GC(3) Eden regions: 246->0(243)
[2022-08-28T18:58:26.819-0800][gc,heap       ] GC(3) Survivor regions: 10->13(32)
[2022-08-28T18:58:26.819-0800][gc,heap       ] GC(3) Old regions: 0->0
[2022-08-28T18:58:26.819-0800][gc,heap       ] GC(3) Humongous regions: 0->0
[2022-08-28T18:58:26.819-0800][gc,metaspace  ] GC(3) Metaspace: 32390K->32390K(1079296K)
[2022-08-28T18:58:26.819-0800][gc            ] GC(3) Pause Young (Normal) (G1 Evacuation Pause) 255M->12M(512M) 28.017ms
[2022-08-28T18:58:26.819-0800][gc,cpu        ] GC(3) User=0.08s Sys=0.04s Real=0.02s
[2022-08-28T18:58:29.049-0800][gc,start      ] GC(4) Pause Young (Concurrent Start) (Metadata GC Threshold)
[2022-08-28T18:58:29.049-0800][gc,task       ] GC(4) Using 8 workers of 8 for evacuation
[2022-08-28T18:58:29.079-0800][gc,phases     ] GC(4)   Pre Evacuate Collection Set: 0.0ms
[2022-08-28T18:58:29.079-0800][gc,phases     ] GC(4)   Evacuate Collection Set: 30.0ms
[2022-08-28T18:58:29.079-0800][gc,phases     ] GC(4)   Post Evacuate Collection Set: 0.7ms
[2022-08-28T18:58:29.079-0800][gc,phases     ] GC(4)   Other: 0.1ms
[2022-08-28T18:58:29.079-0800][gc,heap       ] GC(4) Eden regions: 113->0(240)
[2022-08-28T18:58:29.079-0800][gc,heap       ] GC(4) Survivor regions: 13->16(32)
[2022-08-28T18:58:29.079-0800][gc,heap       ] GC(4) Old regions: 0->0
[2022-08-28T18:58:29.079-0800][gc,heap       ] GC(4) Humongous regions: 0->0
[2022-08-28T18:58:29.079-0800][gc,metaspace  ] GC(4) Metaspace: 34913K->34913K(1081344K)
[2022-08-28T18:58:29.079-0800][gc            ] GC(4) Pause Young (Concurrent Start) (Metadata GC Threshold) 125M->15M(512M) 30.947ms
[2022-08-28T18:58:29.079-0800][gc,cpu        ] GC(4) User=0.08s Sys=0.03s Real=0.03s
[2022-08-28T18:58:29.080-0800][gc            ] GC(5) Concurrent Cycle
[2022-08-28T18:58:29.080-0800][gc,marking    ] GC(5) Concurrent Clear Claimed Marks
[2022-08-28T18:58:29.080-0800][gc,marking    ] GC(5) Concurrent Clear Claimed Marks 0.035ms
[2022-08-28T18:58:29.080-0800][gc,marking    ] GC(5) Concurrent Scan Root Regions
[2022-08-28T18:58:29.084-0800][gc,marking    ] GC(5) Concurrent Scan Root Regions 4.315ms
[2022-08-28T18:58:29.084-0800][gc,marking    ] GC(5) Concurrent Mark (11.185s)
[2022-08-28T18:58:29.084-0800][gc,marking    ] GC(5) Concurrent Mark From Roots
[2022-08-28T18:58:29.084-0800][gc,task       ] GC(5) Using 2 workers of 2 for marking
[2022-08-28T18:58:29.084-0800][gc,marking    ] GC(5) Concurrent Mark From Roots 0.136ms
[2022-08-28T18:58:29.084-0800][gc,marking    ] GC(5) Concurrent Preclean
[2022-08-28T18:58:29.084-0800][gc,marking    ] GC(5) Concurrent Preclean 0.020ms
[2022-08-28T18:58:29.084-0800][gc,marking    ] GC(5) Concurrent Mark (11.185s, 11.185s) 0.177ms
[2022-08-28T18:58:29.085-0800][gc,start      ] GC(5) Pause Remark
[2022-08-28T18:58:29.091-0800][gc,stringtable] GC(5) Cleaned string and symbol table, strings: 14702 processed, 0 removed, symbols: 111533 processed, 301 removed
[2022-08-28T18:58:29.091-0800][gc            ] GC(5) Pause Remark 15M->15M(512M) 6.000ms
[2022-08-28T18:58:29.091-0800][gc,cpu        ] GC(5) User=0.01s Sys=0.01s Real=0.01s
[2022-08-28T18:58:29.091-0800][gc,marking    ] GC(5) Concurrent Rebuild Remembered Sets
[2022-08-28T18:58:29.091-0800][gc,marking    ] GC(5) Concurrent Rebuild Remembered Sets 0.030ms
[2022-08-28T18:58:29.093-0800][gc,start      ] GC(5) Pause Cleanup
[2022-08-28T18:58:29.093-0800][gc            ] GC(5) Pause Cleanup 15M->15M(512M) 0.112ms
[2022-08-28T18:58:29.093-0800][gc,cpu        ] GC(5) User=0.00s Sys=0.00s Real=0.00s
[2022-08-28T18:58:29.093-0800][gc,marking    ] GC(5) Concurrent Cleanup for Next Mark
[2022-08-28T18:58:29.096-0800][gc,marking    ] GC(5) Concurrent Cleanup for Next Mark 2.868ms
[2022-08-28T18:58:29.096-0800][gc            ] GC(5) Concurrent Cycle 16.813ms
[2022-08-28T18:58:33.908-0800][gc,start      ] GC(6) Pause Young (Normal) (G1 Evacuation Pause)
[2022-08-28T18:58:33.908-0800][gc,task       ] GC(6) Using 8 workers of 8 for evacuation
[2022-08-28T18:58:33.948-0800][gc,phases     ] GC(6)   Pre Evacuate Collection Set: 0.0ms
[2022-08-28T18:58:33.948-0800][gc,phases     ] GC(6)   Evacuate Collection Set: 39.3ms
[2022-08-28T18:58:33.948-0800][gc,phases     ] GC(6)   Post Evacuate Collection Set: 1.2ms
[2022-08-28T18:58:33.948-0800][gc,phases     ] GC(6)   Other: 0.2ms
[2022-08-28T18:58:33.948-0800][gc,heap       ] GC(6) Eden regions: 240->0(230)
[2022-08-28T18:58:33.948-0800][gc,heap       ] GC(6) Survivor regions: 16->26(32)
[2022-08-28T18:58:33.948-0800][gc,heap       ] GC(6) Old regions: 0->0
[2022-08-28T18:58:33.948-0800][gc,heap       ] GC(6) Humongous regions: 0->0
[2022-08-28T18:58:33.948-0800][gc,metaspace  ] GC(6) Metaspace: 47923K->47923K(1093632K)
[2022-08-28T18:58:33.948-0800][gc            ] GC(6) Pause Young (Normal) (G1 Evacuation Pause) 255M->25M(512M) 40.821ms
[2022-08-28T18:58:33.948-0800][gc,cpu        ] GC(6) User=0.11s Sys=0.06s Real=0.04s
[2022-08-28T18:58:37.576-0800][gc,start      ] GC(7) Pause Young (Concurrent Start) (Metadata GC Threshold)
[2022-08-28T18:58:37.576-0800][gc,task       ] GC(7) Using 8 workers of 8 for evacuation
[2022-08-28T18:58:37.640-0800][gc,phases     ] GC(7)   Pre Evacuate Collection Set: 0.0ms
[2022-08-28T18:58:37.640-0800][gc,phases     ] GC(7)   Evacuate Collection Set: 60.4ms
[2022-08-28T18:58:37.640-0800][gc,phases     ] GC(7)   Post Evacuate Collection Set: 3.2ms
[2022-08-28T18:58:37.640-0800][gc,phases     ] GC(7)   Other: 0.2ms
[2022-08-28T18:58:37.640-0800][gc,heap       ] GC(7) Eden regions: 159->0(234)
[2022-08-28T18:58:37.640-0800][gc,heap       ] GC(7) Survivor regions: 26->22(32)
[2022-08-28T18:58:37.640-0800][gc,heap       ] GC(7) Old regions: 0->9
[2022-08-28T18:58:37.640-0800][gc,heap       ] GC(7) Humongous regions: 0->0
[2022-08-28T18:58:37.640-0800][gc,metaspace  ] GC(7) Metaspace: 58606K->58606K(1101824K)
[2022-08-28T18:58:37.640-0800][gc            ] GC(7) Pause Young (Concurrent Start) (Metadata GC Threshold) 184M->30M(512M) 63.942ms
[2022-08-28T18:58:37.640-0800][gc,cpu        ] GC(7) User=0.21s Sys=0.07s Real=0.07s
[2022-08-28T18:58:37.640-0800][gc            ] GC(8) Concurrent Cycle
[2022-08-28T18:58:37.640-0800][gc,marking    ] GC(8) Concurrent Clear Claimed Marks
[2022-08-28T18:58:37.640-0800][gc,marking    ] GC(8) Concurrent Clear Claimed Marks 0.052ms
[2022-08-28T18:58:37.640-0800][gc,marking    ] GC(8) Concurrent Scan Root Regions
[2022-08-28T18:58:37.647-0800][gc,marking    ] GC(8) Concurrent Scan Root Regions 6.208ms
[2022-08-28T18:58:37.647-0800][gc,marking    ] GC(8) Concurrent Mark (19.748s)
[2022-08-28T18:58:37.647-0800][gc,marking    ] GC(8) Concurrent Mark From Roots
[2022-08-28T18:58:37.647-0800][gc,task       ] GC(8) Using 2 workers of 2 for marking
[2022-08-28T18:58:37.654-0800][gc,marking    ] GC(8) Concurrent Mark From Roots 6.605ms
[2022-08-28T18:58:37.654-0800][gc,marking    ] GC(8) Concurrent Preclean
[2022-08-28T18:58:37.654-0800][gc,marking    ] GC(8) Concurrent Preclean 0.061ms
[2022-08-28T18:58:37.654-0800][gc,marking    ] GC(8) Concurrent Mark (19.748s, 19.755s) 6.742ms
[2022-08-28T18:58:37.654-0800][gc,start      ] GC(8) Pause Remark
[2022-08-28T18:58:37.670-0800][gc,stringtable] GC(8) Cleaned string and symbol table, strings: 29343 processed, 0 removed, symbols: 169875 processed, 310 removed
[2022-08-28T18:58:37.670-0800][gc            ] GC(8) Pause Remark 31M->31M(512M) 15.428ms
[2022-08-28T18:58:37.670-0800][gc,cpu        ] GC(8) User=0.07s Sys=0.02s Real=0.02s
[2022-08-28T18:58:37.670-0800][gc,marking    ] GC(8) Concurrent Rebuild Remembered Sets
[2022-08-28T18:58:37.675-0800][gc,marking    ] GC(8) Concurrent Rebuild Remembered Sets 5.304ms
[2022-08-28T18:58:37.678-0800][gc,start      ] GC(8) Pause Cleanup
[2022-08-28T18:58:37.678-0800][gc            ] GC(8) Pause Cleanup 31M->31M(512M) 0.089ms
[2022-08-28T18:58:37.678-0800][gc,cpu        ] GC(8) User=0.00s Sys=0.00s Real=0.00s
[2022-08-28T18:58:37.678-0800][gc,marking    ] GC(8) Concurrent Cleanup for Next Mark
[2022-08-28T18:58:37.678-0800][gc,marking    ] GC(8) Concurrent Cleanup for Next Mark 0.731ms
[2022-08-28T18:58:37.678-0800][gc            ] GC(8) Concurrent Cycle 38.170ms
[2022-08-28T18:58:42.703-0800][gc,start      ] GC(9) Pause Young (Normal) (G1 Evacuation Pause)
[2022-08-28T18:58:42.703-0800][gc,task       ] GC(9) Using 8 workers of 8 for evacuation
[2022-08-28T18:58:42.727-0800][gc,phases     ] GC(9)   Pre Evacuate Collection Set: 0.0ms
[2022-08-28T18:58:42.727-0800][gc,phases     ] GC(9)   Evacuate Collection Set: 23.2ms
[2022-08-28T18:58:42.727-0800][gc,phases     ] GC(9)   Post Evacuate Collection Set: 0.9ms
[2022-08-28T18:58:42.727-0800][gc,phases     ] GC(9)   Other: 0.2ms
[2022-08-28T18:58:42.727-0800][gc,heap       ] GC(9) Eden regions: 234->0(233)
[2022-08-28T18:58:42.727-0800][gc,heap       ] GC(9) Survivor regions: 22->23(32)
[2022-08-28T18:58:42.727-0800][gc,heap       ] GC(9) Old regions: 9->13
[2022-08-28T18:58:42.727-0800][gc,heap       ] GC(9) Humongous regions: 0->0
[2022-08-28T18:58:42.727-0800][gc,metaspace  ] GC(9) Metaspace: 69564K->69564K(1112064K)
[2022-08-28T18:58:42.727-0800][gc            ] GC(9) Pause Young (Normal) (G1 Evacuation Pause) 264M->35M(512M) 24.441ms
[2022-08-28T18:58:42.727-0800][gc,cpu        ] GC(9) User=0.08s Sys=0.01s Real=0.02s
[2022-08-28T19:08:03.709-0800][gc,start      ] GC(10) Pause Young (Normal) (G1 Evacuation Pause)
[2022-08-28T19:08:03.711-0800][gc,task       ] GC(10) Using 8 workers of 8 for evacuation
[2022-08-28T19:08:03.756-0800][gc,phases     ] GC(10)   Pre Evacuate Collection Set: 0.2ms
[2022-08-28T19:08:03.756-0800][gc,phases     ] GC(10)   Evacuate Collection Set: 43.2ms
[2022-08-28T19:08:03.756-0800][gc,phases     ] GC(10)   Post Evacuate Collection Set: 1.0ms
[2022-08-28T19:08:03.756-0800][gc,phases     ] GC(10)   Other: 2.8ms
[2022-08-28T19:08:03.756-0800][gc,heap       ] GC(10) Eden regions: 233->0(239)
[2022-08-28T19:08:03.756-0800][gc,heap       ] GC(10) Survivor regions: 23->17(32)
[2022-08-28T19:08:03.756-0800][gc,heap       ] GC(10) Old regions: 13->22
[2022-08-28T19:08:03.756-0800][gc,heap       ] GC(10) Humongous regions: 12->12
[2022-08-28T19:08:03.756-0800][gc,metaspace  ] GC(10) Metaspace: 76862K->76862K(1118208K)
[2022-08-28T19:08:03.756-0800][gc            ] GC(10) Pause Young (Normal) (G1 Evacuation Pause) 280M->50M(512M) 47.127ms
[2022-08-28T19:08:03.756-0800][gc,cpu        ] GC(10) User=0.12s Sys=0.07s Real=0.05s
[2022-08-28T19:24:26.653-0800][gc,start      ] GC(11) Pause Young (Normal) (G1 Evacuation Pause)
[2022-08-28T19:24:26.653-0800][gc,task       ] GC(11) Using 8 workers of 8 for evacuation
[2022-08-28T19:24:26.691-0800][gc,phases     ] GC(11)   Pre Evacuate Collection Set: 0.1ms
[2022-08-28T19:24:26.691-0800][gc,phases     ] GC(11)   Evacuate Collection Set: 35.8ms
[2022-08-28T19:24:26.691-0800][gc,phases     ] GC(11)   Post Evacuate Collection Set: 1.3ms
[2022-08-28T19:24:26.691-0800][gc,phases     ] GC(11)   Other: 0.7ms
[2022-08-28T19:24:26.691-0800][gc,heap       ] GC(11) Eden regions: 239->0(241)
[2022-08-28T19:24:26.691-0800][gc,heap       ] GC(11) Survivor regions: 17->15(32)
[2022-08-28T19:24:26.691-0800][gc,heap       ] GC(11) Old regions: 22->22
[2022-08-28T19:24:26.691-0800][gc,heap       ] GC(11) Humongous regions: 12->12
[2022-08-28T19:24:26.691-0800][gc,metaspace  ] GC(11) Metaspace: 77377K->77377K(1120256K)
[2022-08-28T19:24:26.691-0800][gc            ] GC(11) Pause Young (Normal) (G1 Evacuation Pause) 289M->48M(512M) 37.996ms
[2022-08-28T19:24:26.691-0800][gc,cpu        ] GC(11) User=0.06s Sys=0.06s Real=0.04s
[2022-08-28T19:41:14.671-0800][gc,start      ] GC(12) Pause Young (Normal) (G1 Evacuation Pause)
[2022-08-28T19:41:14.672-0800][gc,task       ] GC(12) Using 8 workers of 8 for evacuation
[2022-08-28T19:41:14.726-0800][gc,phases     ] GC(12)   Pre Evacuate Collection Set: 0.3ms
[2022-08-28T19:41:14.726-0800][gc,phases     ] GC(12)   Evacuate Collection Set: 51.8ms
[2022-08-28T19:41:14.726-0800][gc,phases     ] GC(12)   Post Evacuate Collection Set: 1.2ms
[2022-08-28T19:41:14.726-0800][gc,phases     ] GC(12)   Other: 1.9ms
[2022-08-28T19:41:14.726-0800][gc,heap       ] GC(12) Eden regions: 241->0(241)
[2022-08-28T19:41:14.726-0800][gc,heap       ] GC(12) Survivor regions: 15->15(32)
[2022-08-28T19:41:14.726-0800][gc,heap       ] GC(12) Old regions: 22->22
[2022-08-28T19:41:14.726-0800][gc,heap       ] GC(12) Humongous regions: 12->12
[2022-08-28T19:41:14.726-0800][gc,metaspace  ] GC(12) Metaspace: 77483K->77483K(1120256K)
[2022-08-28T19:41:14.726-0800][gc            ] GC(12) Pause Young (Normal) (G1 Evacuation Pause) 289M->48M(512M) 55.101ms
[2022-08-28T19:41:14.726-0800][gc,cpu        ] GC(12) User=0.10s Sys=0.09s Real=0.05s
[2022-08-28T19:58:05.752-0800][gc,start      ] GC(13) Pause Young (Normal) (G1 Evacuation Pause)
[2022-08-28T19:58:05.754-0800][gc,task       ] GC(13) Using 8 workers of 8 for evacuation
[2022-08-28T19:58:05.805-0800][gc,phases     ] GC(13)   Pre Evacuate Collection Set: 0.4ms
[2022-08-28T19:58:05.805-0800][gc,phases     ] GC(13)   Evacuate Collection Set: 48.7ms
[2022-08-28T19:58:05.805-0800][gc,phases     ] GC(13)   Post Evacuate Collection Set: 1.1ms
[2022-08-28T19:58:05.805-0800][gc,phases     ] GC(13)   Other: 3.1ms
[2022-08-28T19:58:05.805-0800][gc,heap       ] GC(13) Eden regions: 241->0(241)
[2022-08-28T19:58:05.805-0800][gc,heap       ] GC(13) Survivor regions: 15->15(32)
[2022-08-28T19:58:05.805-0800][gc,heap       ] GC(13) Old regions: 22->22
[2022-08-28T19:58:05.805-0800][gc,heap       ] GC(13) Humongous regions: 12->12
[2022-08-28T19:58:05.805-0800][gc,metaspace  ] GC(13) Metaspace: 77722K->77722K(1120256K)
[2022-08-28T19:58:05.805-0800][gc            ] GC(13) Pause Young (Normal) (G1 Evacuation Pause) 289M->48M(512M) 53.241ms
[2022-08-28T19:58:05.805-0800][gc,cpu        ] GC(13) User=0.09s Sys=0.08s Real=0.05s
[2022-08-28T20:15:15.607-0800][gc,start      ] GC(14) Pause Young (Normal) (G1 Evacuation Pause)
[2022-08-28T20:15:15.609-0800][gc,task       ] GC(14) Using 8 workers of 8 for evacuation
[2022-08-28T20:15:15.670-0800][gc,phases     ] GC(14)   Pre Evacuate Collection Set: 0.5ms
[2022-08-28T20:15:15.670-0800][gc,phases     ] GC(14)   Evacuate Collection Set: 58.2ms
[2022-08-28T20:15:15.670-0800][gc,phases     ] GC(14)   Post Evacuate Collection Set: 1.3ms
[2022-08-28T20:15:15.670-0800][gc,phases     ] GC(14)   Other: 3.1ms
[2022-08-28T20:15:15.670-0800][gc,heap       ] GC(14) Eden regions: 241->0(240)
[2022-08-28T20:15:15.670-0800][gc,heap       ] GC(14) Survivor regions: 15->16(32)
[2022-08-28T20:15:15.670-0800][gc,heap       ] GC(14) Old regions: 22->22
[2022-08-28T20:15:15.670-0800][gc,heap       ] GC(14) Humongous regions: 14->14
[2022-08-28T20:15:15.670-0800][gc,metaspace  ] GC(14) Metaspace: 77809K->77809K(1120256K)
[2022-08-28T20:15:15.671-0800][gc            ] GC(14) Pause Young (Normal) (G1 Evacuation Pause) 291M->51M(512M) 63.077ms
[2022-08-28T20:15:15.671-0800][gc,cpu        ] GC(14) User=0.11s Sys=0.12s Real=0.07s
[2022-08-28T20:32:19.320-0800][gc,start      ] GC(15) Pause Young (Normal) (G1 Evacuation Pause)
[2022-08-28T20:32:19.321-0800][gc,task       ] GC(15) Using 8 workers of 8 for evacuation
[2022-08-28T20:32:19.371-0800][gc,phases     ] GC(15)   Pre Evacuate Collection Set: 0.4ms
[2022-08-28T20:32:19.371-0800][gc,phases     ] GC(15)   Evacuate Collection Set: 46.9ms
[2022-08-28T20:32:19.371-0800][gc,phases     ] GC(15)   Post Evacuate Collection Set: 1.4ms
[2022-08-28T20:32:19.371-0800][gc,phases     ] GC(15)   Other: 1.7ms
[2022-08-28T20:32:19.371-0800][gc,heap       ] GC(15) Eden regions: 240->0(240)
[2022-08-28T20:32:19.371-0800][gc,heap       ] GC(15) Survivor regions: 16->16(32)
[2022-08-28T20:32:19.371-0800][gc,heap       ] GC(15) Old regions: 22->22
[2022-08-28T20:32:19.371-0800][gc,heap       ] GC(15) Humongous regions: 14->14
[2022-08-28T20:32:19.371-0800][gc,metaspace  ] GC(15) Metaspace: 77825K->77825K(1120256K)
[2022-08-28T20:32:19.371-0800][gc            ] GC(15) Pause Young (Normal) (G1 Evacuation Pause) 291M->51M(512M) 50.602ms
[2022-08-28T20:32:19.371-0800][gc,cpu        ] GC(15) User=0.10s Sys=0.08s Real=0.05s
[2022-08-28T20:49:27.013-0800][gc,start      ] GC(16) Pause Young (Normal) (G1 Evacuation Pause)
[2022-08-28T20:49:27.014-0800][gc,task       ] GC(16) Using 8 workers of 8 for evacuation
[2022-08-28T20:49:27.069-0800][gc,phases     ] GC(16)   Pre Evacuate Collection Set: 0.2ms
[2022-08-28T20:49:27.069-0800][gc,phases     ] GC(16)   Evacuate Collection Set: 53.3ms
[2022-08-28T20:49:27.069-0800][gc,phases     ] GC(16)   Post Evacuate Collection Set: 1.2ms
[2022-08-28T20:49:27.070-0800][gc,phases     ] GC(16)   Other: 2.2ms
[2022-08-28T20:49:27.070-0800][gc,heap       ] GC(16) Eden regions: 240->0(241)
[2022-08-28T20:49:27.070-0800][gc,heap       ] GC(16) Survivor regions: 16->15(32)
[2022-08-28T20:49:27.070-0800][gc,heap       ] GC(16) Old regions: 22->22
[2022-08-28T20:49:27.070-0800][gc,heap       ] GC(16) Humongous regions: 14->14
[2022-08-28T20:49:27.070-0800][gc,metaspace  ] GC(16) Metaspace: 77840K->77840K(1120256K)
[2022-08-28T20:49:27.070-0800][gc            ] GC(16) Pause Young (Normal) (G1 Evacuation Pause) 291M->50M(512M) 56.756ms
[2022-08-28T20:49:27.070-0800][gc,cpu        ] GC(16) User=0.12s Sys=0.11s Real=0.06s
[2022-08-28T21:06:39.263-0800][gc,start      ] GC(17) Pause Young (Normal) (G1 Evacuation Pause)
[2022-08-28T21:06:39.264-0800][gc,task       ] GC(17) Using 8 workers of 8 for evacuation
[2022-08-28T21:06:39.301-0800][gc,phases     ] GC(17)   Pre Evacuate Collection Set: 0.1ms
[2022-08-28T21:06:39.301-0800][gc,phases     ] GC(17)   Evacuate Collection Set: 35.9ms
[2022-08-28T21:06:39.301-0800][gc,phases     ] GC(17)   Post Evacuate Collection Set: 0.9ms
[2022-08-28T21:06:39.302-0800][gc,phases     ] GC(17)   Other: 1.7ms
[2022-08-28T21:06:39.302-0800][gc,heap       ] GC(17) Eden regions: 241->0(240)
[2022-08-28T21:06:39.302-0800][gc,heap       ] GC(17) Survivor regions: 15->16(32)
[2022-08-28T21:06:39.302-0800][gc,heap       ] GC(17) Old regions: 22->22
[2022-08-28T21:06:39.302-0800][gc,heap       ] GC(17) Humongous regions: 16->16
[2022-08-28T21:06:39.302-0800][gc,metaspace  ] GC(17) Metaspace: 77846K->77846K(1120256K)
[2022-08-28T21:06:39.302-0800][gc            ] GC(17) Pause Young (Normal) (G1 Evacuation Pause) 293M->53M(512M) 38.688ms
[2022-08-28T21:06:39.302-0800][gc,cpu        ] GC(17) User=0.09s Sys=0.02s Real=0.04s
[2022-08-28T21:38:06.788-0800][gc,start      ] GC(18) Pause Young (Normal) (G1 Evacuation Pause)
[2022-08-28T21:38:06.788-0800][gc,task       ] GC(18) Using 8 workers of 8 for evacuation
[2022-08-28T21:38:06.819-0800][gc,phases     ] GC(18)   Pre Evacuate Collection Set: 0.1ms
[2022-08-28T21:38:06.819-0800][gc,phases     ] GC(18)   Evacuate Collection Set: 29.4ms
[2022-08-28T21:38:06.819-0800][gc,phases     ] GC(18)   Post Evacuate Collection Set: 0.9ms
[2022-08-28T21:38:06.819-0800][gc,phases     ] GC(18)   Other: 0.7ms
[2022-08-28T21:38:06.819-0800][gc,heap       ] GC(18) Eden regions: 240->0(239)
[2022-08-28T21:38:06.819-0800][gc,heap       ] GC(18) Survivor regions: 16->17(32)
[2022-08-28T21:38:06.819-0800][gc,heap       ] GC(18) Old regions: 22->22
[2022-08-28T21:38:06.819-0800][gc,heap       ] GC(18) Humongous regions: 16->16
[2022-08-28T21:38:06.819-0800][gc,metaspace  ] GC(18) Metaspace: 79004K->79004K(1120256K)
[2022-08-28T21:38:06.819-0800][gc            ] GC(18) Pause Young (Normal) (G1 Evacuation Pause) 293M->54M(512M) 31.290ms
[2022-08-28T21:38:06.819-0800][gc,cpu        ] GC(18) User=0.09s Sys=0.02s Real=0.03s
[2022-08-28T21:55:04.194-0800][gc,start      ] GC(19) Pause Young (Normal) (G1 Evacuation Pause)
[2022-08-28T21:55:04.196-0800][gc,task       ] GC(19) Using 8 workers of 8 for evacuation
[2022-08-28T21:55:04.245-0800][gc,phases     ] GC(19)   Pre Evacuate Collection Set: 0.2ms
[2022-08-28T21:55:04.246-0800][gc,phases     ] GC(19)   Evacuate Collection Set: 48.2ms
[2022-08-28T21:55:04.246-0800][gc,phases     ] GC(19)   Post Evacuate Collection Set: 0.8ms
[2022-08-28T21:55:04.246-0800][gc,phases     ] GC(19)   Other: 2.5ms
[2022-08-28T21:55:04.246-0800][gc,heap       ] GC(19) Eden regions: 239->0(240)
[2022-08-28T21:55:04.246-0800][gc,heap       ] GC(19) Survivor regions: 17->16(32)
[2022-08-28T21:55:04.246-0800][gc,heap       ] GC(19) Old regions: 22->22
[2022-08-28T21:55:04.246-0800][gc,heap       ] GC(19) Humongous regions: 18->18
[2022-08-28T21:55:04.246-0800][gc,metaspace  ] GC(19) Metaspace: 79012K->79012K(1120256K)
[2022-08-28T21:55:04.246-0800][gc            ] GC(19) Pause Young (Normal) (G1 Evacuation Pause) 295M->55M(512M) 51.638ms
[2022-08-28T21:55:04.246-0800][gc,cpu        ] GC(19) User=0.17s Sys=0.04s Real=0.05s
[2022-08-28T22:27:33.028-0800][gc,start      ] GC(20) Pause Young (Normal) (G1 Evacuation Pause)
[2022-08-28T22:27:33.029-0800][gc,task       ] GC(20) Using 8 workers of 8 for evacuation
[2022-08-28T22:27:33.079-0800][gc,phases     ] GC(20)   Pre Evacuate Collection Set: 0.1ms
[2022-08-28T22:27:33.079-0800][gc,phases     ] GC(20)   Evacuate Collection Set: 48.6ms
[2022-08-28T22:27:33.079-0800][gc,phases     ] GC(20)   Post Evacuate Collection Set: 0.6ms
[2022-08-28T22:27:33.079-0800][gc,phases     ] GC(20)   Other: 1.4ms
[2022-08-28T22:27:33.079-0800][gc,heap       ] GC(20) Eden regions: 240->0(240)
[2022-08-28T22:27:33.079-0800][gc,heap       ] GC(20) Survivor regions: 16->16(32)
[2022-08-28T22:27:33.079-0800][gc,heap       ] GC(20) Old regions: 22->22
[2022-08-28T22:27:33.079-0800][gc,heap       ] GC(20) Humongous regions: 18->18
[2022-08-28T22:27:33.079-0800][gc,metaspace  ] GC(20) Metaspace: 79023K->79023K(1120256K)
[2022-08-28T22:27:33.079-0800][gc            ] GC(20) Pause Young (Normal) (G1 Evacuation Pause) 295M->55M(512M) 50.806ms
[2022-08-28T22:27:33.079-0800][gc,cpu        ] GC(20) User=0.15s Sys=0.03s Real=0.05s
[2022-08-28T22:44:35.435-0800][gc,start      ] GC(21) Pause Young (Normal) (G1 Evacuation Pause)
[2022-08-28T22:44:35.436-0800][gc,task       ] GC(21) Using 8 workers of 8 for evacuation
[2022-08-28T22:44:35.476-0800][gc,phases     ] GC(21)   Pre Evacuate Collection Set: 0.2ms
[2022-08-28T22:44:35.476-0800][gc,phases     ] GC(21)   Evacuate Collection Set: 37.5ms
[2022-08-28T22:44:35.476-0800][gc,phases     ] GC(21)   Post Evacuate Collection Set: 0.8ms
[2022-08-28T22:44:35.476-0800][gc,phases     ] GC(21)   Other: 2.5ms
[2022-08-28T22:44:35.476-0800][gc,heap       ] GC(21) Eden regions: 240->0(239)
[2022-08-28T22:44:35.476-0800][gc,heap       ] GC(21) Survivor regions: 16->17(32)
[2022-08-28T22:44:35.476-0800][gc,heap       ] GC(21) Old regions: 22->22
[2022-08-28T22:44:35.476-0800][gc,heap       ] GC(21) Humongous regions: 18->18
[2022-08-28T22:44:35.476-0800][gc,metaspace  ] GC(21) Metaspace: 79034K->79034K(1120256K)
[2022-08-28T22:44:35.476-0800][gc            ] GC(21) Pause Young (Normal) (G1 Evacuation Pause) 295M->56M(512M) 41.038ms
[2022-08-28T22:44:35.476-0800][gc,cpu        ] GC(21) User=0.14s Sys=0.03s Real=0.04s
[2022-08-28T23:01:31.958-0800][gc,start      ] GC(22) Pause Young (Normal) (G1 Evacuation Pause)
[2022-08-28T23:01:31.960-0800][gc,task       ] GC(22) Using 8 workers of 8 for evacuation
[2022-08-28T23:01:32.002-0800][gc,phases     ] GC(22)   Pre Evacuate Collection Set: 0.2ms
[2022-08-28T23:01:32.002-0800][gc,phases     ] GC(22)   Evacuate Collection Set: 40.7ms
[2022-08-28T23:01:32.003-0800][gc,phases     ] GC(22)   Post Evacuate Collection Set: 0.7ms
[2022-08-28T23:01:32.003-0800][gc,phases     ] GC(22)   Other: 2.5ms
[2022-08-28T23:01:32.003-0800][gc,heap       ] GC(22) Eden regions: 239->0(240)
[2022-08-28T23:01:32.003-0800][gc,heap       ] GC(22) Survivor regions: 17->16(32)
[2022-08-28T23:01:32.003-0800][gc,heap       ] GC(22) Old regions: 22->22
[2022-08-28T23:01:32.003-0800][gc,heap       ] GC(22) Humongous regions: 18->18
[2022-08-28T23:01:32.003-0800][gc,metaspace  ] GC(22) Metaspace: 79036K->79036K(1120256K)
[2022-08-28T23:01:32.003-0800][gc            ] GC(22) Pause Young (Normal) (G1 Evacuation Pause) 295M->55M(512M) 44.160ms
[2022-08-28T23:01:32.003-0800][gc,cpu        ] GC(22) User=0.14s Sys=0.03s Real=0.05s
[2022-08-28T23:18:36.028-0800][gc,start      ] GC(23) Pause Young (Normal) (G1 Evacuation Pause)
[2022-08-28T23:18:36.030-0800][gc,task       ] GC(23) Using 8 workers of 8 for evacuation
[2022-08-28T23:18:36.080-0800][gc,phases     ] GC(23)   Pre Evacuate Collection Set: 0.2ms
[2022-08-28T23:18:36.080-0800][gc,phases     ] GC(23)   Evacuate Collection Set: 48.8ms
[2022-08-28T23:18:36.080-0800][gc,phases     ] GC(23)   Post Evacuate Collection Set: 1.0ms
[2022-08-28T23:18:36.080-0800][gc,phases     ] GC(23)   Other: 2.9ms
[2022-08-28T23:18:36.080-0800][gc,heap       ] GC(23) Eden regions: 240->0(244)
[2022-08-28T23:18:36.080-0800][gc,heap       ] GC(23) Survivor regions: 16->12(32)
[2022-08-28T23:18:36.080-0800][gc,heap       ] GC(23) Old regions: 22->27
[2022-08-28T23:18:36.080-0800][gc,heap       ] GC(23) Humongous regions: 18->18
[2022-08-28T23:18:36.080-0800][gc,metaspace  ] GC(23) Metaspace: 79050K->79050K(1120256K)
[2022-08-28T23:18:36.080-0800][gc            ] GC(23) Pause Young (Normal) (G1 Evacuation Pause) 295M->56M(512M) 52.783ms
[2022-08-28T23:18:36.080-0800][gc,cpu        ] GC(23) User=0.16s Sys=0.05s Real=0.06s
[2022-08-29T00:20:30.350-0800][gc,start      ] GC(24) Pause Young (Normal) (G1 Evacuation Pause)
[2022-08-29T00:20:30.352-0800][gc,task       ] GC(24) Using 8 workers of 8 for evacuation
[2022-08-29T00:20:30.403-0800][gc,phases     ] GC(24)   Pre Evacuate Collection Set: 0.3ms
[2022-08-29T00:20:30.403-0800][gc,phases     ] GC(24)   Evacuate Collection Set: 49.2ms
[2022-08-29T00:20:30.403-0800][gc,phases     ] GC(24)   Post Evacuate Collection Set: 1.3ms
[2022-08-29T00:20:30.403-0800][gc,phases     ] GC(24)   Other: 2.2ms
[2022-08-29T00:20:30.403-0800][gc,heap       ] GC(24) Eden regions: 244->0(250)
[2022-08-29T00:20:30.403-0800][gc,heap       ] GC(24) Survivor regions: 12->6(32)
[2022-08-29T00:20:30.403-0800][gc,heap       ] GC(24) Old regions: 27->33
[2022-08-29T00:20:30.403-0800][gc,heap       ] GC(24) Humongous regions: 18->18
[2022-08-29T00:20:30.403-0800][gc,metaspace  ] GC(24) Metaspace: 79077K->79077K(1120256K)
[2022-08-29T00:20:30.403-0800][gc            ] GC(24) Pause Young (Normal) (G1 Evacuation Pause) 300M->55M(512M) 53.062ms
[2022-08-29T00:20:30.403-0800][gc,cpu        ] GC(24) User=0.14s Sys=0.09s Real=0.05s
[2022-08-29T00:38:14.408-0800][gc,start      ] GC(25) Pause Young (Normal) (G1 Evacuation Pause)
[2022-08-29T00:38:14.410-0800][gc,task       ] GC(25) Using 8 workers of 8 for evacuation
[2022-08-29T00:38:14.445-0800][gc,phases     ] GC(25)   Pre Evacuate Collection Set: 0.1ms
[2022-08-29T00:38:14.445-0800][gc,phases     ] GC(25)   Evacuate Collection Set: 33.5ms
[2022-08-29T00:38:14.445-0800][gc,phases     ] GC(25)   Post Evacuate Collection Set: 0.7ms
[2022-08-29T00:38:14.445-0800][gc,phases     ] GC(25)   Other: 2.1ms
[2022-08-29T00:38:14.445-0800][gc,heap       ] GC(25) Eden regions: 250->0(253)
[2022-08-29T00:38:14.445-0800][gc,heap       ] GC(25) Survivor regions: 6->3(32)
[2022-08-29T00:38:14.445-0800][gc,heap       ] GC(25) Old regions: 33->36
[2022-08-29T00:38:14.445-0800][gc,heap       ] GC(25) Humongous regions: 18->18
[2022-08-29T00:38:14.445-0800][gc,metaspace  ] GC(25) Metaspace: 79089K->79089K(1120256K)
[2022-08-29T00:38:14.445-0800][gc            ] GC(25) Pause Young (Normal) (G1 Evacuation Pause) 305M->55M(512M) 36.466ms
[2022-08-29T00:38:14.445-0800][gc,cpu        ] GC(25) User=0.12s Sys=0.04s Real=0.04s
[2022-08-29T00:56:12.620-0800][gc,start      ] GC(26) Pause Young (Normal) (G1 Evacuation Pause)
[2022-08-29T00:56:12.622-0800][gc,task       ] GC(26) Using 8 workers of 8 for evacuation
[2022-08-29T00:56:12.641-0800][gc,phases     ] GC(26)   Pre Evacuate Collection Set: 0.2ms
[2022-08-29T00:56:12.641-0800][gc,phases     ] GC(26)   Evacuate Collection Set: 17.3ms
[2022-08-29T00:56:12.641-0800][gc,phases     ] GC(26)   Post Evacuate Collection Set: 0.5ms
[2022-08-29T00:56:12.641-0800][gc,phases     ] GC(26)   Other: 2.9ms
[2022-08-29T00:56:12.641-0800][gc,heap       ] GC(26) Eden regions: 253->0(254)
[2022-08-29T00:56:12.641-0800][gc,heap       ] GC(26) Survivor regions: 3->2(32)
[2022-08-29T00:56:12.641-0800][gc,heap       ] GC(26) Old regions: 36->36
[2022-08-29T00:56:12.641-0800][gc,heap       ] GC(26) Humongous regions: 18->18
[2022-08-29T00:56:12.641-0800][gc,metaspace  ] GC(26) Metaspace: 79092K->79092K(1120256K)
[2022-08-29T00:56:12.641-0800][gc            ] GC(26) Pause Young (Normal) (G1 Evacuation Pause) 308M->55M(512M) 20.960ms
[2022-08-29T00:56:12.641-0800][gc,cpu        ] GC(26) User=0.10s Sys=0.03s Real=0.02s
[2022-08-29T01:14:14.738-0800][gc,start      ] GC(27) Pause Young (Normal) (G1 Evacuation Pause)
[2022-08-29T01:14:14.741-0800][gc,task       ] GC(27) Using 8 workers of 8 for evacuation
[2022-08-29T01:14:14.765-0800][gc,phases     ] GC(27)   Pre Evacuate Collection Set: 0.3ms
[2022-08-29T01:14:14.765-0800][gc,phases     ] GC(27)   Evacuate Collection Set: 22.3ms
[2022-08-29T01:14:14.765-0800][gc,phases     ] GC(27)   Post Evacuate Collection Set: 0.9ms
[2022-08-29T01:14:14.765-0800][gc,phases     ] GC(27)   Other: 3.3ms
[2022-08-29T01:14:14.765-0800][gc,heap       ] GC(27) Eden regions: 254->0(254)
[2022-08-29T01:14:14.765-0800][gc,heap       ] GC(27) Survivor regions: 2->2(32)
[2022-08-29T01:14:14.765-0800][gc,heap       ] GC(27) Old regions: 36->37
[2022-08-29T01:14:14.765-0800][gc,heap       ] GC(27) Humongous regions: 18->18
[2022-08-29T01:14:14.765-0800][gc,metaspace  ] GC(27) Metaspace: 79093K->79093K(1120256K)
[2022-08-29T01:14:14.765-0800][gc            ] GC(27) Pause Young (Normal) (G1 Evacuation Pause) 309M->55M(512M) 26.779ms
[2022-08-29T01:14:14.765-0800][gc,cpu        ] GC(27) User=0.06s Sys=0.02s Real=0.03s
[2022-08-29T02:20:47.013-0800][gc,start      ] GC(28) Pause Young (Normal) (G1 Evacuation Pause)
[2022-08-29T02:20:47.014-0800][gc,task       ] GC(28) Using 8 workers of 8 for evacuation
[2022-08-29T02:20:47.036-0800][gc,phases     ] GC(28)   Pre Evacuate Collection Set: 0.2ms
[2022-08-29T02:20:47.036-0800][gc,phases     ] GC(28)   Evacuate Collection Set: 20.1ms
[2022-08-29T02:20:47.036-0800][gc,phases     ] GC(28)   Post Evacuate Collection Set: 0.6ms
[2022-08-29T02:20:47.036-0800][gc,phases     ] GC(28)   Other: 2.8ms
[2022-08-29T02:20:47.036-0800][gc,heap       ] GC(28) Eden regions: 254->0(254)
[2022-08-29T02:20:47.036-0800][gc,heap       ] GC(28) Survivor regions: 2->2(32)
[2022-08-29T02:20:47.036-0800][gc,heap       ] GC(28) Old regions: 37->37
[2022-08-29T02:20:47.036-0800][gc,heap       ] GC(28) Humongous regions: 18->18
[2022-08-29T02:20:47.036-0800][gc,metaspace  ] GC(28) Metaspace: 79133K->79133K(1120256K)
[2022-08-29T02:20:47.036-0800][gc            ] GC(28) Pause Young (Normal) (G1 Evacuation Pause) 309M->55M(512M) 23.828ms
[2022-08-29T02:20:47.037-0800][gc,cpu        ] GC(28) User=0.08s Sys=0.01s Real=0.02s
[2022-08-29T02:38:43.848-0800][gc,start      ] GC(29) Pause Young (Normal) (G1 Evacuation Pause)
[2022-08-29T02:38:43.850-0800][gc,task       ] GC(29) Using 8 workers of 8 for evacuation
[2022-08-29T02:38:43.867-0800][gc,phases     ] GC(29)   Pre Evacuate Collection Set: 0.2ms
[2022-08-29T02:38:43.868-0800][gc,phases     ] GC(29)   Evacuate Collection Set: 15.3ms
[2022-08-29T02:38:43.868-0800][gc,phases     ] GC(29)   Post Evacuate Collection Set: 0.8ms
[2022-08-29T02:38:43.868-0800][gc,phases     ] GC(29)   Other: 2.9ms
[2022-08-29T02:38:43.868-0800][gc,heap       ] GC(29) Eden regions: 254->0(254)
[2022-08-29T02:38:43.868-0800][gc,heap       ] GC(29) Survivor regions: 2->2(32)
[2022-08-29T02:38:43.868-0800][gc,heap       ] GC(29) Old regions: 37->37
[2022-08-29T02:38:43.868-0800][gc,heap       ] GC(29) Humongous regions: 18->18
[2022-08-29T02:38:43.868-0800][gc,metaspace  ] GC(29) Metaspace: 79136K->79136K(1120256K)
[2022-08-29T02:38:43.868-0800][gc            ] GC(29) Pause Young (Normal) (G1 Evacuation Pause) 309M->55M(512M) 19.376ms
[2022-08-29T02:38:43.868-0800][gc,cpu        ] GC(29) User=0.03s Sys=0.01s Real=0.02s
[2022-08-29T02:56:47.441-0800][gc,start      ] GC(30) Pause Young (Normal) (G1 Evacuation Pause)
[2022-08-29T02:56:47.443-0800][gc,task       ] GC(30) Using 8 workers of 8 for evacuation
[2022-08-29T02:56:47.454-0800][gc,phases     ] GC(30)   Pre Evacuate Collection Set: 0.1ms
[2022-08-29T02:56:47.454-0800][gc,phases     ] GC(30)   Evacuate Collection Set: 10.0ms
[2022-08-29T02:56:47.454-0800][gc,phases     ] GC(30)   Post Evacuate Collection Set: 0.9ms
[2022-08-29T02:56:47.454-0800][gc,phases     ] GC(30)   Other: 2.1ms
[2022-08-29T02:56:47.454-0800][gc,heap       ] GC(30) Eden regions: 254->0(254)
[2022-08-29T02:56:47.454-0800][gc,heap       ] GC(30) Survivor regions: 2->2(32)
[2022-08-29T02:56:47.454-0800][gc,heap       ] GC(30) Old regions: 37->37
[2022-08-29T02:56:47.454-0800][gc,heap       ] GC(30) Humongous regions: 18->18
[2022-08-29T02:56:47.454-0800][gc,metaspace  ] GC(30) Metaspace: 79143K->79143K(1120256K)
[2022-08-29T02:56:47.455-0800][gc            ] GC(30) Pause Young (Normal) (G1 Evacuation Pause) 309M->55M(512M) 13.250ms
[2022-08-29T02:56:47.455-0800][gc,cpu        ] GC(30) User=0.02s Sys=0.01s Real=0.01s
[2022-08-29T04:18:25.182-0800][gc,start      ] GC(31) Pause Young (Normal) (G1 Evacuation Pause)
[2022-08-29T04:18:25.184-0800][gc,task       ] GC(31) Using 8 workers of 8 for evacuation
[2022-08-29T04:18:25.199-0800][gc,phases     ] GC(31)   Pre Evacuate Collection Set: 0.2ms
[2022-08-29T04:18:25.199-0800][gc,phases     ] GC(31)   Evacuate Collection Set: 13.2ms
[2022-08-29T04:18:25.199-0800][gc,phases     ] GC(31)   Post Evacuate Collection Set: 0.8ms
[2022-08-29T04:18:25.199-0800][gc,phases     ] GC(31)   Other: 2.9ms
[2022-08-29T04:18:25.199-0800][gc,heap       ] GC(31) Eden regions: 254->0(254)
[2022-08-29T04:18:25.199-0800][gc,heap       ] GC(31) Survivor regions: 2->2(32)
[2022-08-29T04:18:25.199-0800][gc,heap       ] GC(31) Old regions: 37->37
[2022-08-29T04:18:25.199-0800][gc,heap       ] GC(31) Humongous regions: 18->18
[2022-08-29T04:18:25.199-0800][gc,metaspace  ] GC(31) Metaspace: 79180K->79180K(1120256K)
[2022-08-29T04:18:25.199-0800][gc            ] GC(31) Pause Young (Normal) (G1 Evacuation Pause) 309M->55M(512M) 17.277ms
[2022-08-29T04:18:25.199-0800][gc,cpu        ] GC(31) User=0.03s Sys=0.01s Real=0.01s
[2022-08-29T04:36:20.746-0800][gc,start      ] GC(32) Pause Young (Normal) (G1 Evacuation Pause)
[2022-08-29T04:36:20.748-0800][gc,task       ] GC(32) Using 8 workers of 8 for evacuation
[2022-08-29T04:36:20.759-0800][gc,phases     ] GC(32)   Pre Evacuate Collection Set: 0.2ms
[2022-08-29T04:36:20.759-0800][gc,phases     ] GC(32)   Evacuate Collection Set: 9.5ms
[2022-08-29T04:36:20.759-0800][gc,phases     ] GC(32)   Post Evacuate Collection Set: 1.1ms
[2022-08-29T04:36:20.759-0800][gc,phases     ] GC(32)   Other: 3.0ms
[2022-08-29T04:36:20.759-0800][gc,heap       ] GC(32) Eden regions: 254->0(254)
[2022-08-29T04:36:20.759-0800][gc,heap       ] GC(32) Survivor regions: 2->2(32)
[2022-08-29T04:36:20.759-0800][gc,heap       ] GC(32) Old regions: 37->37
[2022-08-29T04:36:20.760-0800][gc,heap       ] GC(32) Humongous regions: 18->18
[2022-08-29T04:36:20.760-0800][gc,metaspace  ] GC(32) Metaspace: 79187K->79187K(1120256K)
[2022-08-29T04:36:20.760-0800][gc            ] GC(32) Pause Young (Normal) (G1 Evacuation Pause) 309M->55M(512M) 13.963ms
[2022-08-29T04:36:20.760-0800][gc,cpu        ] GC(32) User=0.02s Sys=0.00s Real=0.02s
[2022-08-29T04:54:21.134-0800][gc,start      ] GC(33) Pause Young (Normal) (G1 Evacuation Pause)
[2022-08-29T04:54:21.136-0800][gc,task       ] GC(33) Using 8 workers of 8 for evacuation
[2022-08-29T04:54:21.147-0800][gc,phases     ] GC(33)   Pre Evacuate Collection Set: 0.3ms
[2022-08-29T04:54:21.147-0800][gc,phases     ] GC(33)   Evacuate Collection Set: 8.9ms
[2022-08-29T04:54:21.147-0800][gc,phases     ] GC(33)   Post Evacuate Collection Set: 1.2ms
[2022-08-29T04:54:21.147-0800][gc,phases     ] GC(33)   Other: 3.2ms
[2022-08-29T04:54:21.147-0800][gc,heap       ] GC(33) Eden regions: 254->0(254)
[2022-08-29T04:54:21.147-0800][gc,heap       ] GC(33) Survivor regions: 2->2(32)
[2022-08-29T04:54:21.148-0800][gc,heap       ] GC(33) Old regions: 37->37
[2022-08-29T04:54:21.148-0800][gc,heap       ] GC(33) Humongous regions: 18->18
[2022-08-29T04:54:21.148-0800][gc,metaspace  ] GC(33) Metaspace: 79211K->79211K(1120256K)
[2022-08-29T04:54:21.148-0800][gc            ] GC(33) Pause Young (Normal) (G1 Evacuation Pause) 309M->55M(512M) 13.722ms
[2022-08-29T04:54:21.148-0800][gc,cpu        ] GC(33) User=0.03s Sys=0.00s Real=0.01s
[2022-08-29T05:12:25.900-0800][gc,start      ] GC(34) Pause Young (Normal) (G1 Evacuation Pause)
[2022-08-29T05:12:25.902-0800][gc,task       ] GC(34) Using 8 workers of 8 for evacuation
[2022-08-29T05:12:25.913-0800][gc,phases     ] GC(34)   Pre Evacuate Collection Set: 0.2ms
[2022-08-29T05:12:25.913-0800][gc,phases     ] GC(34)   Evacuate Collection Set: 8.8ms
[2022-08-29T05:12:25.913-0800][gc,phases     ] GC(34)   Post Evacuate Collection Set: 0.8ms
[2022-08-29T05:12:25.913-0800][gc,phases     ] GC(34)   Other: 2.7ms
[2022-08-29T05:12:25.913-0800][gc,heap       ] GC(34) Eden regions: 254->0(255)
[2022-08-29T05:12:25.913-0800][gc,heap       ] GC(34) Survivor regions: 2->1(32)
[2022-08-29T05:12:25.913-0800][gc,heap       ] GC(34) Old regions: 37->37
[2022-08-29T05:12:25.913-0800][gc,heap       ] GC(34) Humongous regions: 18->18
[2022-08-29T05:12:25.913-0800][gc,metaspace  ] GC(34) Metaspace: 79214K->79214K(1120256K)
[2022-08-29T05:12:25.913-0800][gc            ] GC(34) Pause Young (Normal) (G1 Evacuation Pause) 309M->55M(512M) 12.805ms
[2022-08-29T05:12:25.913-0800][gc,cpu        ] GC(34) User=0.02s Sys=0.01s Real=0.01s
[2022-08-29T06:16:51.089-0800][gc,start      ] GC(35) Pause Young (Normal) (G1 Evacuation Pause)
[2022-08-29T06:16:51.090-0800][gc,task       ] GC(35) Using 8 workers of 8 for evacuation
[2022-08-29T06:16:51.107-0800][gc,phases     ] GC(35)   Pre Evacuate Collection Set: 0.3ms
[2022-08-29T06:16:51.107-0800][gc,phases     ] GC(35)   Evacuate Collection Set: 14.5ms
[2022-08-29T06:16:51.107-0800][gc,phases     ] GC(35)   Post Evacuate Collection Set: 1.0ms
[2022-08-29T06:16:51.107-0800][gc,phases     ] GC(35)   Other: 2.6ms
[2022-08-29T06:16:51.107-0800][gc,heap       ] GC(35) Eden regions: 255->0(255)
[2022-08-29T06:16:51.107-0800][gc,heap       ] GC(35) Survivor regions: 1->1(32)
[2022-08-29T06:16:51.107-0800][gc,heap       ] GC(35) Old regions: 37->37
[2022-08-29T06:16:51.107-0800][gc,heap       ] GC(35) Humongous regions: 18->18
[2022-08-29T06:16:51.107-0800][gc,metaspace  ] GC(35) Metaspace: 79219K->79219K(1120256K)
[2022-08-29T06:16:51.107-0800][gc            ] GC(35) Pause Young (Normal) (G1 Evacuation Pause) 310M->55M(512M) 18.541ms
[2022-08-29T06:16:51.107-0800][gc,cpu        ] GC(35) User=0.03s Sys=0.00s Real=0.02s
[2022-08-29T06:34:57.709-0800][gc,start      ] GC(36) Pause Young (Normal) (G1 Evacuation Pause)
[2022-08-29T06:34:57.711-0800][gc,task       ] GC(36) Using 8 workers of 8 for evacuation
[2022-08-29T06:34:57.724-0800][gc,phases     ] GC(36)   Pre Evacuate Collection Set: 0.2ms
[2022-08-29T06:34:57.724-0800][gc,phases     ] GC(36)   Evacuate Collection Set: 11.9ms
[2022-08-29T06:34:57.724-0800][gc,phases     ] GC(36)   Post Evacuate Collection Set: 0.7ms
[2022-08-29T06:34:57.724-0800][gc,phases     ] GC(36)   Other: 2.8ms
[2022-08-29T06:34:57.724-0800][gc,heap       ] GC(36) Eden regions: 255->0(255)
[2022-08-29T06:34:57.724-0800][gc,heap       ] GC(36) Survivor regions: 1->1(32)
[2022-08-29T06:34:57.724-0800][gc,heap       ] GC(36) Old regions: 37->37
[2022-08-29T06:34:57.724-0800][gc,heap       ] GC(36) Humongous regions: 18->18
[2022-08-29T06:34:57.724-0800][gc,metaspace  ] GC(36) Metaspace: 79223K->79223K(1120256K)
[2022-08-29T06:34:57.725-0800][gc            ] GC(36) Pause Young (Normal) (G1 Evacuation Pause) 310M->55M(512M) 15.730ms
[2022-08-29T06:34:57.725-0800][gc,cpu        ] GC(36) User=0.02s Sys=0.00s Real=0.02s
[2022-08-29T06:53:07.626-0800][gc,start      ] GC(37) Pause Young (Normal) (G1 Evacuation Pause)
[2022-08-29T06:53:07.628-0800][gc,task       ] GC(37) Using 8 workers of 8 for evacuation
[2022-08-29T06:53:07.638-0800][gc,phases     ] GC(37)   Pre Evacuate Collection Set: 0.2ms
[2022-08-29T06:53:07.639-0800][gc,phases     ] GC(37)   Evacuate Collection Set: 8.3ms
[2022-08-29T06:53:07.639-0800][gc,phases     ] GC(37)   Post Evacuate Collection Set: 1.0ms
[2022-08-29T06:53:07.639-0800][gc,phases     ] GC(37)   Other: 3.0ms
[2022-08-29T06:53:07.639-0800][gc,heap       ] GC(37) Eden regions: 255->0(255)
[2022-08-29T06:53:07.639-0800][gc,heap       ] GC(37) Survivor regions: 1->1(32)
[2022-08-29T06:53:07.639-0800][gc,heap       ] GC(37) Old regions: 37->37
[2022-08-29T06:53:07.639-0800][gc,heap       ] GC(37) Humongous regions: 18->18
[2022-08-29T06:53:07.639-0800][gc,metaspace  ] GC(37) Metaspace: 79230K->79230K(1120256K)
[2022-08-29T06:53:07.639-0800][gc            ] GC(37) Pause Young (Normal) (G1 Evacuation Pause) 310M->55M(512M) 12.808ms
[2022-08-29T06:53:07.639-0800][gc,cpu        ] GC(37) User=0.02s Sys=0.00s Real=0.01s
[2022-08-29T08:37:50.574-0800][gc,start      ] GC(38) Pause Young (Normal) (G1 Evacuation Pause)
[2022-08-29T08:37:50.575-0800][gc,task       ] GC(38) Using 8 workers of 8 for evacuation
[2022-08-29T08:37:50.585-0800][gc,phases     ] GC(38)   Pre Evacuate Collection Set: 0.4ms
[2022-08-29T08:37:50.585-0800][gc,phases     ] GC(38)   Evacuate Collection Set: 7.0ms
[2022-08-29T08:37:50.585-0800][gc,phases     ] GC(38)   Post Evacuate Collection Set: 1.7ms
[2022-08-29T08:37:50.585-0800][gc,phases     ] GC(38)   Other: 2.8ms
[2022-08-29T08:37:50.585-0800][gc,heap       ] GC(38) Eden regions: 255->0(255)
[2022-08-29T08:37:50.586-0800][gc,heap       ] GC(38) Survivor regions: 1->1(32)
[2022-08-29T08:37:50.586-0800][gc,heap       ] GC(38) Old regions: 37->37
[2022-08-29T08:37:50.586-0800][gc,heap       ] GC(38) Humongous regions: 18->18
[2022-08-29T08:37:50.586-0800][gc,metaspace  ] GC(38) Metaspace: 79248K->79248K(1120256K)
[2022-08-29T08:37:50.586-0800][gc            ] GC(38) Pause Young (Normal) (G1 Evacuation Pause) 310M->55M(512M) 12.037ms
[2022-08-29T08:37:50.586-0800][gc,cpu        ] GC(38) User=0.03s Sys=0.01s Real=0.01s
[2022-08-29T09:04:50.719-0800][gc,start      ] GC(39) Pause Young (Normal) (G1 Evacuation Pause)
[2022-08-29T09:04:50.719-0800][gc,task       ] GC(39) Using 8 workers of 8 for evacuation
[2022-08-29T09:04:50.730-0800][gc,phases     ] GC(39)   Pre Evacuate Collection Set: 0.2ms
[2022-08-29T09:04:50.730-0800][gc,phases     ] GC(39)   Evacuate Collection Set: 8.9ms
[2022-08-29T09:04:50.730-0800][gc,phases     ] GC(39)   Post Evacuate Collection Set: 1.2ms
[2022-08-29T09:04:50.730-0800][gc,phases     ] GC(39)   Other: 1.6ms
[2022-08-29T09:04:50.730-0800][gc,heap       ] GC(39) Eden regions: 255->0(255)
[2022-08-29T09:04:50.730-0800][gc,heap       ] GC(39) Survivor regions: 1->1(32)
[2022-08-29T09:04:50.731-0800][gc,heap       ] GC(39) Old regions: 37->38
[2022-08-29T09:04:50.731-0800][gc,heap       ] GC(39) Humongous regions: 18->18
[2022-08-29T09:04:50.731-0800][gc,metaspace  ] GC(39) Metaspace: 79292K->79292K(1120256K)
[2022-08-29T09:04:50.731-0800][gc            ] GC(39) Pause Young (Normal) (G1 Evacuation Pause) 310M->55M(512M) 12.086ms
[2022-08-29T09:04:50.731-0800][gc,cpu        ] GC(39) User=0.02s Sys=0.01s Real=0.02s
[2022-08-29T09:35:07.453-0800][gc,start      ] GC(40) Pause Young (Normal) (G1 Evacuation Pause)
[2022-08-29T09:35:07.454-0800][gc,task       ] GC(40) Using 8 workers of 8 for evacuation
[2022-08-29T09:35:07.474-0800][gc,phases     ] GC(40)   Pre Evacuate Collection Set: 0.5ms
[2022-08-29T09:35:07.474-0800][gc,phases     ] GC(40)   Evacuate Collection Set: 15.2ms
[2022-08-29T09:35:07.474-0800][gc,phases     ] GC(40)   Post Evacuate Collection Set: 1.8ms
[2022-08-29T09:35:07.474-0800][gc,phases     ] GC(40)   Other: 3.5ms
[2022-08-29T09:35:07.474-0800][gc,heap       ] GC(40) Eden regions: 255->0(255)
[2022-08-29T09:35:07.474-0800][gc,heap       ] GC(40) Survivor regions: 1->1(32)
[2022-08-29T09:35:07.474-0800][gc,heap       ] GC(40) Old regions: 38->38
[2022-08-29T09:35:07.474-0800][gc,heap       ] GC(40) Humongous regions: 18->18
[2022-08-29T09:35:07.474-0800][gc,metaspace  ] GC(40) Metaspace: 79330K->79330K(1120256K)
[2022-08-29T09:35:07.474-0800][gc            ] GC(40) Pause Young (Normal) (G1 Evacuation Pause) 310M->55M(512M) 21.250ms
[2022-08-29T09:35:07.474-0800][gc,cpu        ] GC(40) User=0.02s Sys=0.01s Real=0.02s
[2022-08-29T09:53:17.977-0800][gc,start      ] GC(41) Pause Young (Normal) (G1 Evacuation Pause)
[2022-08-29T09:53:17.979-0800][gc,task       ] GC(41) Using 8 workers of 8 for evacuation
[2022-08-29T09:53:17.997-0800][gc,phases     ] GC(41)   Pre Evacuate Collection Set: 0.6ms
[2022-08-29T09:53:17.997-0800][gc,phases     ] GC(41)   Evacuate Collection Set: 14.7ms
[2022-08-29T09:53:17.997-0800][gc,phases     ] GC(41)   Post Evacuate Collection Set: 1.8ms
[2022-08-29T09:53:17.997-0800][gc,phases     ] GC(41)   Other: 3.0ms
[2022-08-29T09:53:17.997-0800][gc,heap       ] GC(41) Eden regions: 255->0(255)
[2022-08-29T09:53:17.997-0800][gc,heap       ] GC(41) Survivor regions: 1->1(32)
[2022-08-29T09:53:17.997-0800][gc,heap       ] GC(41) Old regions: 38->38
[2022-08-29T09:53:17.997-0800][gc,heap       ] GC(41) Humongous regions: 18->18
[2022-08-29T09:53:17.997-0800][gc,metaspace  ] GC(41) Metaspace: 79331K->79331K(1120256K)
[2022-08-29T09:53:17.997-0800][gc            ] GC(41) Pause Young (Normal) (G1 Evacuation Pause) 310M->55M(512M) 20.279ms
[2022-08-29T09:53:17.997-0800][gc,cpu        ] GC(41) User=0.03s Sys=0.02s Real=0.02s
[2022-08-29T10:11:25.501-0800][gc,start      ] GC(42) Pause Young (Normal) (G1 Evacuation Pause)
[2022-08-29T10:11:25.502-0800][gc,task       ] GC(42) Using 8 workers of 8 for evacuation
[2022-08-29T10:11:25.521-0800][gc,phases     ] GC(42)   Pre Evacuate Collection Set: 0.5ms
[2022-08-29T10:11:25.521-0800][gc,phases     ] GC(42)   Evacuate Collection Set: 15.2ms
[2022-08-29T10:11:25.521-0800][gc,phases     ] GC(42)   Post Evacuate Collection Set: 1.5ms
[2022-08-29T10:11:25.521-0800][gc,phases     ] GC(42)   Other: 3.2ms
[2022-08-29T10:11:25.521-0800][gc,heap       ] GC(42) Eden regions: 255->0(255)
[2022-08-29T10:11:25.521-0800][gc,heap       ] GC(42) Survivor regions: 1->1(32)
[2022-08-29T10:11:25.521-0800][gc,heap       ] GC(42) Old regions: 38->38
[2022-08-29T10:11:25.521-0800][gc,heap       ] GC(42) Humongous regions: 18->18
[2022-08-29T10:11:25.521-0800][gc,metaspace  ] GC(42) Metaspace: 79333K->79333K(1120256K)
[2022-08-29T10:11:25.521-0800][gc            ] GC(42) Pause Young (Normal) (G1 Evacuation Pause) 310M->55M(512M) 20.514ms
[2022-08-29T10:11:25.521-0800][gc,cpu        ] GC(42) User=0.04s Sys=0.02s Real=0.02s
[2022-08-29T10:29:30.005-0800][gc,start      ] GC(43) Pause Young (Normal) (G1 Evacuation Pause)
[2022-08-29T10:29:30.007-0800][gc,task       ] GC(43) Using 8 workers of 8 for evacuation
[2022-08-29T10:29:30.024-0800][gc,phases     ] GC(43)   Pre Evacuate Collection Set: 0.5ms
[2022-08-29T10:29:30.024-0800][gc,phases     ] GC(43)   Evacuate Collection Set: 14.4ms
[2022-08-29T10:29:30.024-0800][gc,phases     ] GC(43)   Post Evacuate Collection Set: 1.2ms
[2022-08-29T10:29:30.024-0800][gc,phases     ] GC(43)   Other: 3.1ms
[2022-08-29T10:29:30.024-0800][gc,heap       ] GC(43) Eden regions: 255->0(255)
[2022-08-29T10:29:30.024-0800][gc,heap       ] GC(43) Survivor regions: 1->1(32)
[2022-08-29T10:29:30.024-0800][gc,heap       ] GC(43) Old regions: 38->38
[2022-08-29T10:29:30.024-0800][gc,heap       ] GC(43) Humongous regions: 18->18
[2022-08-29T10:29:30.024-0800][gc,metaspace  ] GC(43) Metaspace: 79338K->79338K(1120256K)
[2022-08-29T10:29:30.024-0800][gc            ] GC(43) Pause Young (Normal) (G1 Evacuation Pause) 310M->55M(512M) 19.382ms
[2022-08-29T10:29:30.024-0800][gc,cpu        ] GC(43) User=0.01s Sys=0.01s Real=0.02s
[2022-08-29T10:47:38.203-0800][gc,start      ] GC(44) Pause Young (Normal) (G1 Evacuation Pause)
[2022-08-29T10:47:38.204-0800][gc,task       ] GC(44) Using 8 workers of 8 for evacuation
[2022-08-29T10:47:38.212-0800][gc,phases     ] GC(44)   Pre Evacuate Collection Set: 0.4ms
[2022-08-29T10:47:38.212-0800][gc,phases     ] GC(44)   Evacuate Collection Set: 5.3ms
[2022-08-29T10:47:38.212-0800][gc,phases     ] GC(44)   Post Evacuate Collection Set: 1.4ms
[2022-08-29T10:47:38.212-0800][gc,phases     ] GC(44)   Other: 2.3ms
[2022-08-29T10:47:38.212-0800][gc,heap       ] GC(44) Eden regions: 255->0(255)
[2022-08-29T10:47:38.212-0800][gc,heap       ] GC(44) Survivor regions: 1->1(32)
[2022-08-29T10:47:38.212-0800][gc,heap       ] GC(44) Old regions: 38->38
[2022-08-29T10:47:38.212-0800][gc,heap       ] GC(44) Humongous regions: 18->18
[2022-08-29T10:47:38.213-0800][gc,metaspace  ] GC(44) Metaspace: 79349K->79349K(1120256K)
[2022-08-29T10:47:38.213-0800][gc            ] GC(44) Pause Young (Normal) (G1 Evacuation Pause) 310M->55M(512M) 9.619ms
[2022-08-29T10:47:38.213-0800][gc,cpu        ] GC(44) User=0.02s Sys=0.02s Real=0.01s
[2022-08-29T11:05:44.202-0800][gc,start      ] GC(45) Pause Young (Normal) (G1 Evacuation Pause)
[2022-08-29T11:05:44.202-0800][gc,task       ] GC(45) Using 8 workers of 8 for evacuation
[2022-08-29T11:05:44.216-0800][gc,phases     ] GC(45)   Pre Evacuate Collection Set: 0.4ms
[2022-08-29T11:05:44.216-0800][gc,phases     ] GC(45)   Evacuate Collection Set: 10.1ms
[2022-08-29T11:05:44.216-0800][gc,phases     ] GC(45)   Post Evacuate Collection Set: 1.6ms
[2022-08-29T11:05:44.216-0800][gc,phases     ] GC(45)   Other: 2.0ms
[2022-08-29T11:05:44.216-0800][gc,heap       ] GC(45) Eden regions: 255->0(255)
[2022-08-29T11:05:44.216-0800][gc,heap       ] GC(45) Survivor regions: 1->1(32)
[2022-08-29T11:05:44.216-0800][gc,heap       ] GC(45) Old regions: 38->38
[2022-08-29T11:05:44.216-0800][gc,heap       ] GC(45) Humongous regions: 18->18
[2022-08-29T11:05:44.216-0800][gc,metaspace  ] GC(45) Metaspace: 79349K->79349K(1120256K)
[2022-08-29T11:05:44.216-0800][gc            ] GC(45) Pause Young (Normal) (G1 Evacuation Pause) 310M->55M(512M) 14.556ms
[2022-08-29T11:05:44.216-0800][gc,cpu        ] GC(45) User=0.01s Sys=0.01s Real=0.01s
[2022-08-29T11:50:18.324-0800][gc,start      ] GC(46) Pause Young (Normal) (G1 Evacuation Pause)
[2022-08-29T11:50:18.327-0800][gc,task       ] GC(46) Using 8 workers of 8 for evacuation
[2022-08-29T11:50:18.339-0800][gc,phases     ] GC(46)   Pre Evacuate Collection Set: 0.2ms
[2022-08-29T11:50:18.339-0800][gc,phases     ] GC(46)   Evacuate Collection Set: 10.4ms
[2022-08-29T11:50:18.339-0800][gc,phases     ] GC(46)   Post Evacuate Collection Set: 0.8ms
[2022-08-29T11:50:18.339-0800][gc,phases     ] GC(46)   Other: 3.4ms
[2022-08-29T11:50:18.339-0800][gc,heap       ] GC(46) Eden regions: 255->0(255)
[2022-08-29T11:50:18.339-0800][gc,heap       ] GC(46) Survivor regions: 1->1(32)
[2022-08-29T11:50:18.339-0800][gc,heap       ] GC(46) Old regions: 38->38
[2022-08-29T11:50:18.339-0800][gc,heap       ] GC(46) Humongous regions: 18->18
[2022-08-29T11:50:18.339-0800][gc,metaspace  ] GC(46) Metaspace: 79366K->79366K(1122304K)
[2022-08-29T11:50:18.339-0800][gc            ] GC(46) Pause Young (Normal) (G1 Evacuation Pause) 310M->55M(512M) 14.951ms
[2022-08-29T11:50:18.339-0800][gc,cpu        ] GC(46) User=0.04s Sys=0.01s Real=0.01s
[2022-08-29T12:08:31.188-0800][gc,start      ] GC(47) Pause Young (Normal) (G1 Evacuation Pause)
[2022-08-29T12:08:31.191-0800][gc,task       ] GC(47) Using 8 workers of 8 for evacuation
[2022-08-29T12:08:31.204-0800][gc,phases     ] GC(47)   Pre Evacuate Collection Set: 0.3ms
[2022-08-29T12:08:31.204-0800][gc,phases     ] GC(47)   Evacuate Collection Set: 10.5ms
[2022-08-29T12:08:31.204-0800][gc,phases     ] GC(47)   Post Evacuate Collection Set: 1.3ms
[2022-08-29T12:08:31.204-0800][gc,phases     ] GC(47)   Other: 3.8ms
[2022-08-29T12:08:31.204-0800][gc,heap       ] GC(47) Eden regions: 255->0(255)
[2022-08-29T12:08:31.204-0800][gc,heap       ] GC(47) Survivor regions: 1->1(32)
[2022-08-29T12:08:31.204-0800][gc,heap       ] GC(47) Old regions: 38->38
[2022-08-29T12:08:31.204-0800][gc,heap       ] GC(47) Humongous regions: 18->18
[2022-08-29T12:08:31.204-0800][gc,metaspace  ] GC(47) Metaspace: 79367K->79367K(1122304K)
[2022-08-29T12:08:31.205-0800][gc            ] GC(47) Pause Young (Normal) (G1 Evacuation Pause) 310M->55M(512M) 16.051ms
[2022-08-29T12:08:31.205-0800][gc,cpu        ] GC(47) User=0.02s Sys=0.01s Real=0.02s
[2022-08-29T12:26:39.991-0800][gc,start      ] GC(48) Pause Young (Normal) (G1 Evacuation Pause)
[2022-08-29T12:26:39.993-0800][gc,task       ] GC(48) Using 8 workers of 8 for evacuation
[2022-08-29T12:26:40.003-0800][gc,phases     ] GC(48)   Pre Evacuate Collection Set: 0.2ms
[2022-08-29T12:26:40.003-0800][gc,phases     ] GC(48)   Evacuate Collection Set: 7.9ms
[2022-08-29T12:26:40.003-0800][gc,phases     ] GC(48)   Post Evacuate Collection Set: 0.8ms
[2022-08-29T12:26:40.003-0800][gc,phases     ] GC(48)   Other: 3.4ms
[2022-08-29T12:26:40.003-0800][gc,heap       ] GC(48) Eden regions: 255->0(255)
[2022-08-29T12:26:40.003-0800][gc,heap       ] GC(48) Survivor regions: 1->1(32)
[2022-08-29T12:26:40.003-0800][gc,heap       ] GC(48) Old regions: 38->38
[2022-08-29T12:26:40.003-0800][gc,heap       ] GC(48) Humongous regions: 18->18
[2022-08-29T12:26:40.003-0800][gc,metaspace  ] GC(48) Metaspace: 79367K->79367K(1122304K)
[2022-08-29T12:26:40.003-0800][gc            ] GC(48) Pause Young (Normal) (G1 Evacuation Pause) 310M->55M(512M) 12.510ms
[2022-08-29T12:26:40.003-0800][gc,cpu        ] GC(48) User=0.02s Sys=0.00s Real=0.01s
[2022-08-29T14:05:35.198-0800][gc,start      ] GC(49) Pause Young (Normal) (G1 Evacuation Pause)
[2022-08-29T14:05:35.200-0800][gc,task       ] GC(49) Using 8 workers of 8 for evacuation
[2022-08-29T14:05:35.211-0800][gc,phases     ] GC(49)   Pre Evacuate Collection Set: 0.3ms
[2022-08-29T14:05:35.211-0800][gc,phases     ] GC(49)   Evacuate Collection Set: 8.9ms
[2022-08-29T14:05:35.211-0800][gc,phases     ] GC(49)   Post Evacuate Collection Set: 0.9ms
[2022-08-29T14:05:35.211-0800][gc,phases     ] GC(49)   Other: 3.1ms
[2022-08-29T14:05:35.211-0800][gc,heap       ] GC(49) Eden regions: 255->0(255)
[2022-08-29T14:05:35.211-0800][gc,heap       ] GC(49) Survivor regions: 1->1(32)
[2022-08-29T14:05:35.211-0800][gc,heap       ] GC(49) Old regions: 38->38
[2022-08-29T14:05:35.211-0800][gc,heap       ] GC(49) Humongous regions: 18->18
[2022-08-29T14:05:35.211-0800][gc,metaspace  ] GC(49) Metaspace: 79381K->79381K(1122304K)
[2022-08-29T14:05:35.211-0800][gc            ] GC(49) Pause Young (Normal) (G1 Evacuation Pause) 310M->55M(512M) 13.346ms
[2022-08-29T14:05:35.211-0800][gc,cpu        ] GC(49) User=0.02s Sys=0.01s Real=0.02s
[2022-08-29T14:23:42.113-0800][gc,start      ] GC(50) Pause Young (Normal) (G1 Evacuation Pause)
[2022-08-29T14:23:42.115-0800][gc,task       ] GC(50) Using 8 workers of 8 for evacuation
[2022-08-29T14:23:42.125-0800][gc,phases     ] GC(50)   Pre Evacuate Collection Set: 0.2ms
[2022-08-29T14:23:42.125-0800][gc,phases     ] GC(50)   Evacuate Collection Set: 7.3ms
[2022-08-29T14:23:42.125-0800][gc,phases     ] GC(50)   Post Evacuate Collection Set: 0.9ms
[2022-08-29T14:23:42.125-0800][gc,phases     ] GC(50)   Other: 3.3ms
[2022-08-29T14:23:42.125-0800][gc,heap       ] GC(50) Eden regions: 255->0(255)
[2022-08-29T14:23:42.125-0800][gc,heap       ] GC(50) Survivor regions: 1->1(32)
[2022-08-29T14:23:42.125-0800][gc,heap       ] GC(50) Old regions: 38->38
[2022-08-29T14:23:42.125-0800][gc,heap       ] GC(50) Humongous regions: 18->18
[2022-08-29T14:23:42.125-0800][gc,metaspace  ] GC(50) Metaspace: 79386K->79386K(1122304K)
[2022-08-29T14:23:42.125-0800][gc            ] GC(50) Pause Young (Normal) (G1 Evacuation Pause) 310M->55M(512M) 11.918ms
[2022-08-29T14:23:42.125-0800][gc,cpu        ] GC(50) User=0.03s Sys=0.01s Real=0.01s
[2022-08-29T14:41:49.257-0800][gc,start      ] GC(51) Pause Young (Normal) (G1 Evacuation Pause)
[2022-08-29T14:41:49.258-0800][gc,task       ] GC(51) Using 8 workers of 8 for evacuation
[2022-08-29T14:41:49.281-0800][gc,phases     ] GC(51)   Pre Evacuate Collection Set: 0.4ms
[2022-08-29T14:41:49.281-0800][gc,phases     ] GC(51)   Evacuate Collection Set: 17.6ms
[2022-08-29T14:41:49.281-0800][gc,phases     ] GC(51)   Post Evacuate Collection Set: 2.2ms
[2022-08-29T14:41:49.281-0800][gc,phases     ] GC(51)   Other: 4.1ms
[2022-08-29T14:41:49.281-0800][gc,heap       ] GC(51) Eden regions: 255->0(255)
[2022-08-29T14:41:49.281-0800][gc,heap       ] GC(51) Survivor regions: 1->1(32)
[2022-08-29T14:41:49.281-0800][gc,heap       ] GC(51) Old regions: 38->38
[2022-08-29T14:41:49.281-0800][gc,heap       ] GC(51) Humongous regions: 18->18
[2022-08-29T14:41:49.281-0800][gc,metaspace  ] GC(51) Metaspace: 79389K->79389K(1122304K)
[2022-08-29T14:41:49.281-0800][gc            ] GC(51) Pause Young (Normal) (G1 Evacuation Pause) 310M->55M(512M) 24.538ms
[2022-08-29T14:41:49.281-0800][gc,cpu        ] GC(51) User=0.01s Sys=0.01s Real=0.03s
[2022-08-29T14:59:57.101-0800][gc,start      ] GC(52) Pause Young (Normal) (G1 Evacuation Pause)
[2022-08-29T14:59:57.103-0800][gc,task       ] GC(52) Using 8 workers of 8 for evacuation
[2022-08-29T14:59:57.116-0800][gc,phases     ] GC(52)   Pre Evacuate Collection Set: 0.2ms
[2022-08-29T14:59:57.116-0800][gc,phases     ] GC(52)   Evacuate Collection Set: 10.8ms
[2022-08-29T14:59:57.116-0800][gc,phases     ] GC(52)   Post Evacuate Collection Set: 0.9ms
[2022-08-29T14:59:57.116-0800][gc,phases     ] GC(52)   Other: 3.4ms
[2022-08-29T14:59:57.116-0800][gc,heap       ] GC(52) Eden regions: 255->0(255)
[2022-08-29T14:59:57.116-0800][gc,heap       ] GC(52) Survivor regions: 1->1(32)
[2022-08-29T14:59:57.116-0800][gc,heap       ] GC(52) Old regions: 38->38
[2022-08-29T14:59:57.116-0800][gc,heap       ] GC(52) Humongous regions: 18->18
[2022-08-29T14:59:57.116-0800][gc,metaspace  ] GC(52) Metaspace: 79415K->79415K(1122304K)
[2022-08-29T14:59:57.116-0800][gc            ] GC(52) Pause Young (Normal) (G1 Evacuation Pause) 310M->55M(512M) 15.366ms
[2022-08-29T14:59:57.116-0800][gc,cpu        ] GC(52) User=0.01s Sys=0.00s Real=0.01s
[2022-08-29T15:20:39.984-0800][gc,start      ] GC(53) Pause Young (Normal) (G1 Evacuation Pause)
[2022-08-29T15:20:39.986-0800][gc,task       ] GC(53) Using 8 workers of 8 for evacuation
[2022-08-29T15:20:39.999-0800][gc,phases     ] GC(53)   Pre Evacuate Collection Set: 0.5ms
[2022-08-29T15:20:39.999-0800][gc,phases     ] GC(53)   Evacuate Collection Set: 10.3ms
[2022-08-29T15:20:39.999-0800][gc,phases     ] GC(53)   Post Evacuate Collection Set: 1.3ms
[2022-08-29T15:20:39.999-0800][gc,phases     ] GC(53)   Other: 2.6ms
[2022-08-29T15:20:39.999-0800][gc,heap       ] GC(53) Eden regions: 255->0(255)
[2022-08-29T15:20:39.999-0800][gc,heap       ] GC(53) Survivor regions: 1->1(32)
[2022-08-29T15:20:39.999-0800][gc,heap       ] GC(53) Old regions: 38->38
[2022-08-29T15:20:39.999-0800][gc,heap       ] GC(53) Humongous regions: 18->18
[2022-08-29T15:20:39.999-0800][gc,metaspace  ] GC(53) Metaspace: 79485K->79485K(1122304K)
[2022-08-29T15:20:39.999-0800][gc            ] GC(53) Pause Young (Normal) (G1 Evacuation Pause) 310M->55M(512M) 14.797ms
[2022-08-29T15:20:39.999-0800][gc,cpu        ] GC(53) User=0.02s Sys=0.01s Real=0.01s
[2022-08-29T15:41:48.981-0800][gc,start      ] GC(54) Pause Young (Normal) (G1 Evacuation Pause)
[2022-08-29T15:41:48.983-0800][gc,task       ] GC(54) Using 8 workers of 8 for evacuation
[2022-08-29T15:41:49.000-0800][gc,phases     ] GC(54)   Pre Evacuate Collection Set: 0.6ms
[2022-08-29T15:41:49.000-0800][gc,phases     ] GC(54)   Evacuate Collection Set: 12.2ms
[2022-08-29T15:41:49.001-0800][gc,phases     ] GC(54)   Post Evacuate Collection Set: 2.7ms
[2022-08-29T15:41:49.001-0800][gc,phases     ] GC(54)   Other: 4.2ms
[2022-08-29T15:41:49.001-0800][gc,heap       ] GC(54) Eden regions: 255->0(255)
[2022-08-29T15:41:49.001-0800][gc,heap       ] GC(54) Survivor regions: 1->1(32)
[2022-08-29T15:41:49.001-0800][gc,heap       ] GC(54) Old regions: 38->38
[2022-08-29T15:41:49.001-0800][gc,heap       ] GC(54) Humongous regions: 18->18
[2022-08-29T15:41:49.001-0800][gc,metaspace  ] GC(54) Metaspace: 79495K->79495K(1122304K)
[2022-08-29T15:41:49.001-0800][gc            ] GC(54) Pause Young (Normal) (G1 Evacuation Pause) 310M->55M(512M) 19.739ms
[2022-08-29T15:41:49.001-0800][gc,cpu        ] GC(54) User=0.02s Sys=0.01s Real=0.02s
[2022-08-29T16:33:31.528-0800][gc,start      ] GC(55) Pause Young (Normal) (G1 Evacuation Pause)
[2022-08-29T16:33:31.531-0800][gc,task       ] GC(55) Using 8 workers of 8 for evacuation
[2022-08-29T16:33:31.547-0800][gc,phases     ] GC(55)   Pre Evacuate Collection Set: 0.5ms
[2022-08-29T16:33:31.547-0800][gc,phases     ] GC(55)   Evacuate Collection Set: 12.5ms
[2022-08-29T16:33:31.547-0800][gc,phases     ] GC(55)   Post Evacuate Collection Set: 1.7ms
[2022-08-29T16:33:31.547-0800][gc,phases     ] GC(55)   Other: 3.6ms
[2022-08-29T16:33:31.547-0800][gc,heap       ] GC(55) Eden regions: 255->0(255)
[2022-08-29T16:33:31.547-0800][gc,heap       ] GC(55) Survivor regions: 1->1(32)
[2022-08-29T16:33:31.547-0800][gc,heap       ] GC(55) Old regions: 38->38
[2022-08-29T16:33:31.547-0800][gc,heap       ] GC(55) Humongous regions: 18->18
[2022-08-29T16:33:31.547-0800][gc,metaspace  ] GC(55) Metaspace: 79503K->79503K(1122304K)
[2022-08-29T16:33:31.547-0800][gc            ] GC(55) Pause Young (Normal) (G1 Evacuation Pause) 310M->55M(512M) 18.562ms
[2022-08-29T16:33:31.547-0800][gc,cpu        ] GC(55) User=0.04s Sys=0.02s Real=0.02s
[2022-08-29T17:11:42.027-0800][gc,start      ] GC(56) Pause Young (Normal) (G1 Evacuation Pause)
[2022-08-29T17:11:42.028-0800][gc,task       ] GC(56) Using 8 workers of 8 for evacuation
[2022-08-29T17:11:42.046-0800][gc,phases     ] GC(56)   Pre Evacuate Collection Set: 0.5ms
[2022-08-29T17:11:42.046-0800][gc,phases     ] GC(56)   Evacuate Collection Set: 13.9ms
[2022-08-29T17:11:42.046-0800][gc,phases     ] GC(56)   Post Evacuate Collection Set: 2.0ms
[2022-08-29T17:11:42.046-0800][gc,phases     ] GC(56)   Other: 3.1ms
[2022-08-29T17:11:42.046-0800][gc,heap       ] GC(56) Eden regions: 255->0(255)
[2022-08-29T17:11:42.046-0800][gc,heap       ] GC(56) Survivor regions: 1->1(32)
[2022-08-29T17:11:42.046-0800][gc,heap       ] GC(56) Old regions: 38->38
[2022-08-29T17:11:42.046-0800][gc,heap       ] GC(56) Humongous regions: 18->18
[2022-08-29T17:11:42.046-0800][gc,metaspace  ] GC(56) Metaspace: 79543K->79543K(1122304K)
[2022-08-29T17:11:42.046-0800][gc            ] GC(56) Pause Young (Normal) (G1 Evacuation Pause) 310M->56M(512M) 19.695ms
[2022-08-29T17:11:42.046-0800][gc,cpu        ] GC(56) User=0.02s Sys=0.02s Real=0.02s
[2022-08-29T17:29:50.538-0800][gc,start      ] GC(57) Pause Young (Normal) (G1 Evacuation Pause)
[2022-08-29T17:29:50.539-0800][gc,task       ] GC(57) Using 8 workers of 8 for evacuation
[2022-08-29T17:29:50.549-0800][gc,phases     ] GC(57)   Pre Evacuate Collection Set: 0.5ms
[2022-08-29T17:29:50.549-0800][gc,phases     ] GC(57)   Evacuate Collection Set: 5.9ms
[2022-08-29T17:29:50.549-0800][gc,phases     ] GC(57)   Post Evacuate Collection Set: 1.9ms
[2022-08-29T17:29:50.549-0800][gc,phases     ] GC(57)   Other: 2.5ms
[2022-08-29T17:29:50.549-0800][gc,heap       ] GC(57) Eden regions: 255->0(255)
[2022-08-29T17:29:50.549-0800][gc,heap       ] GC(57) Survivor regions: 1->1(32)
[2022-08-29T17:29:50.549-0800][gc,heap       ] GC(57) Old regions: 38->38
[2022-08-29T17:29:50.549-0800][gc,heap       ] GC(57) Humongous regions: 20->20
[2022-08-29T17:29:50.549-0800][gc,metaspace  ] GC(57) Metaspace: 79564K->79564K(1122304K)
[2022-08-29T17:29:50.549-0800][gc            ] GC(57) Pause Young (Normal) (G1 Evacuation Pause) 313M->58M(512M) 11.065ms
[2022-08-29T17:29:50.549-0800][gc,cpu        ] GC(57) User=0.03s Sys=0.02s Real=0.01s
[2022-08-29T17:47:57.145-0800][gc,start      ] GC(58) Pause Young (Normal) (G1 Evacuation Pause)
[2022-08-29T17:47:57.146-0800][gc,task       ] GC(58) Using 8 workers of 8 for evacuation
[2022-08-29T17:47:57.158-0800][gc,phases     ] GC(58)   Pre Evacuate Collection Set: 0.3ms
[2022-08-29T17:47:57.158-0800][gc,phases     ] GC(58)   Evacuate Collection Set: 9.1ms
[2022-08-29T17:47:57.158-0800][gc,phases     ] GC(58)   Post Evacuate Collection Set: 1.6ms
[2022-08-29T17:47:57.158-0800][gc,phases     ] GC(58)   Other: 2.3ms
[2022-08-29T17:47:57.158-0800][gc,heap       ] GC(58) Eden regions: 255->0(255)
[2022-08-29T17:47:57.158-0800][gc,heap       ] GC(58) Survivor regions: 1->1(32)
[2022-08-29T17:47:57.158-0800][gc,heap       ] GC(58) Old regions: 38->38
[2022-08-29T17:47:57.158-0800][gc,heap       ] GC(58) Humongous regions: 20->20
[2022-08-29T17:47:57.158-0800][gc,metaspace  ] GC(58) Metaspace: 79568K->79568K(1122304K)
[2022-08-29T17:47:57.158-0800][gc            ] GC(58) Pause Young (Normal) (G1 Evacuation Pause) 313M->58M(512M) 13.667ms
[2022-08-29T17:47:57.158-0800][gc,cpu        ] GC(58) User=0.01s Sys=0.01s Real=0.01s
[2022-08-29T18:06:04.751-0800][gc,start      ] GC(59) Pause Young (Normal) (G1 Evacuation Pause)
[2022-08-29T18:06:04.753-0800][gc,task       ] GC(59) Using 8 workers of 8 for evacuation
[2022-08-29T18:06:04.764-0800][gc,phases     ] GC(59)   Pre Evacuate Collection Set: 0.3ms
[2022-08-29T18:06:04.765-0800][gc,phases     ] GC(59)   Evacuate Collection Set: 9.1ms
[2022-08-29T18:06:04.765-0800][gc,phases     ] GC(59)   Post Evacuate Collection Set: 1.6ms
[2022-08-29T18:06:04.765-0800][gc,phases     ] GC(59)   Other: 2.7ms
[2022-08-29T18:06:04.765-0800][gc,heap       ] GC(59) Eden regions: 255->0(255)
[2022-08-29T18:06:04.765-0800][gc,heap       ] GC(59) Survivor regions: 1->1(32)
[2022-08-29T18:06:04.765-0800][gc,heap       ] GC(59) Old regions: 38->38
[2022-08-29T18:06:04.765-0800][gc,heap       ] GC(59) Humongous regions: 20->20
[2022-08-29T18:06:04.765-0800][gc,metaspace  ] GC(59) Metaspace: 79571K->79571K(1122304K)
[2022-08-29T18:06:04.765-0800][gc            ] GC(59) Pause Young (Normal) (G1 Evacuation Pause) 313M->58M(512M) 13.843ms
[2022-08-29T18:06:04.765-0800][gc,cpu        ] GC(59) User=0.01s Sys=0.01s Real=0.01s
[2022-08-29T18:43:45.908-0800][gc,start      ] GC(60) Pause Young (Normal) (G1 Evacuation Pause)
[2022-08-29T18:43:45.909-0800][gc,task       ] GC(60) Using 8 workers of 8 for evacuation
[2022-08-29T18:43:45.927-0800][gc,phases     ] GC(60)   Pre Evacuate Collection Set: 1.5ms
[2022-08-29T18:43:45.927-0800][gc,phases     ] GC(60)   Evacuate Collection Set: 13.3ms
[2022-08-29T18:43:45.927-0800][gc,phases     ] GC(60)   Post Evacuate Collection Set: 1.8ms
[2022-08-29T18:43:45.927-0800][gc,phases     ] GC(60)   Other: 3.0ms
[2022-08-29T18:43:45.927-0800][gc,heap       ] GC(60) Eden regions: 255->0(255)
[2022-08-29T18:43:45.927-0800][gc,heap       ] GC(60) Survivor regions: 1->1(32)
[2022-08-29T18:43:45.927-0800][gc,heap       ] GC(60) Old regions: 38->38
[2022-08-29T18:43:45.927-0800][gc,heap       ] GC(60) Humongous regions: 20->20
[2022-08-29T18:43:45.927-0800][gc,metaspace  ] GC(60) Metaspace: 79573K->79573K(1122304K)
[2022-08-29T18:43:45.928-0800][gc            ] GC(60) Pause Young (Normal) (G1 Evacuation Pause) 313M->58M(512M) 19.692ms
[2022-08-29T18:43:45.928-0800][gc,cpu        ] GC(60) User=0.02s Sys=0.01s Real=0.02s
[2022-08-29T19:01:51.124-0800][gc,start      ] GC(61) Pause Young (Normal) (G1 Evacuation Pause)
[2022-08-29T19:01:51.126-0800][gc,task       ] GC(61) Using 8 workers of 8 for evacuation
[2022-08-29T19:01:51.142-0800][gc,phases     ] GC(61)   Pre Evacuate Collection Set: 0.4ms
[2022-08-29T19:01:51.142-0800][gc,phases     ] GC(61)   Evacuate Collection Set: 13.0ms
[2022-08-29T19:01:51.142-0800][gc,phases     ] GC(61)   Post Evacuate Collection Set: 1.9ms
[2022-08-29T19:01:51.142-0800][gc,phases     ] GC(61)   Other: 2.4ms
[2022-08-29T19:01:51.142-0800][gc,heap       ] GC(61) Eden regions: 255->0(255)
[2022-08-29T19:01:51.142-0800][gc,heap       ] GC(61) Survivor regions: 1->1(32)
[2022-08-29T19:01:51.142-0800][gc,heap       ] GC(61) Old regions: 38->38
[2022-08-29T19:01:51.142-0800][gc,heap       ] GC(61) Humongous regions: 20->20
[2022-08-29T19:01:51.142-0800][gc,metaspace  ] GC(61) Metaspace: 79574K->79574K(1122304K)
[2022-08-29T19:01:51.142-0800][gc            ] GC(61) Pause Young (Normal) (G1 Evacuation Pause) 313M->58M(512M) 17.855ms
[2022-08-29T19:01:51.142-0800][gc,cpu        ] GC(61) User=0.01s Sys=0.01s Real=0.02s
[2022-08-29T19:20:02.818-0800][gc,start      ] GC(62) Pause Young (Normal) (G1 Evacuation Pause)
[2022-08-29T19:20:02.819-0800][gc,task       ] GC(62) Using 8 workers of 8 for evacuation
[2022-08-29T19:20:02.826-0800][gc,phases     ] GC(62)   Pre Evacuate Collection Set: 0.2ms
[2022-08-29T19:20:02.826-0800][gc,phases     ] GC(62)   Evacuate Collection Set: 5.2ms
[2022-08-29T19:20:02.826-0800][gc,phases     ] GC(62)   Post Evacuate Collection Set: 0.9ms
[2022-08-29T19:20:02.826-0800][gc,phases     ] GC(62)   Other: 1.5ms
[2022-08-29T19:20:02.826-0800][gc,heap       ] GC(62) Eden regions: 255->0(255)
[2022-08-29T19:20:02.826-0800][gc,heap       ] GC(62) Survivor regions: 1->1(32)
[2022-08-29T19:20:02.826-0800][gc,heap       ] GC(62) Old regions: 38->38
[2022-08-29T19:20:02.826-0800][gc,heap       ] GC(62) Humongous regions: 20->20
[2022-08-29T19:20:02.826-0800][gc,metaspace  ] GC(62) Metaspace: 79574K->79574K(1122304K)
[2022-08-29T19:20:02.826-0800][gc            ] GC(62) Pause Young (Normal) (G1 Evacuation Pause) 313M->58M(512M) 7.853ms
[2022-08-29T19:20:02.826-0800][gc,cpu        ] GC(62) User=0.01s Sys=0.01s Real=0.01s
[2022-08-29T19:38:14.661-0800][gc,start      ] GC(63) Pause Young (Normal) (G1 Evacuation Pause)
[2022-08-29T19:38:14.662-0800][gc,task       ] GC(63) Using 8 workers of 8 for evacuation
[2022-08-29T19:38:14.681-0800][gc,phases     ] GC(63)   Pre Evacuate Collection Set: 0.3ms
[2022-08-29T19:38:14.681-0800][gc,phases     ] GC(63)   Evacuate Collection Set: 10.5ms
[2022-08-29T19:38:14.681-0800][gc,phases     ] GC(63)   Post Evacuate Collection Set: 7.6ms
[2022-08-29T19:38:14.681-0800][gc,phases     ] GC(63)   Other: 1.5ms
[2022-08-29T19:38:14.681-0800][gc,heap       ] GC(63) Eden regions: 255->0(255)
[2022-08-29T19:38:14.681-0800][gc,heap       ] GC(63) Survivor regions: 1->1(32)
[2022-08-29T19:38:14.681-0800][gc,heap       ] GC(63) Old regions: 38->38
[2022-08-29T19:38:14.681-0800][gc,heap       ] GC(63) Humongous regions: 20->20
[2022-08-29T19:38:14.681-0800][gc,metaspace  ] GC(63) Metaspace: 79574K->79574K(1122304K)
[2022-08-29T19:38:14.682-0800][gc            ] GC(63) Pause Young (Normal) (G1 Evacuation Pause) 313M->58M(512M) 20.337ms
[2022-08-29T19:38:14.682-0800][gc,cpu        ] GC(63) User=0.01s Sys=0.01s Real=0.02s
[2022-08-29T19:56:20.733-0800][gc,start      ] GC(64) Pause Young (Normal) (G1 Evacuation Pause)
[2022-08-29T19:56:20.734-0800][gc,task       ] GC(64) Using 8 workers of 8 for evacuation
[2022-08-29T19:56:20.747-0800][gc,phases     ] GC(64)   Pre Evacuate Collection Set: 0.5ms
[2022-08-29T19:56:20.747-0800][gc,phases     ] GC(64)   Evacuate Collection Set: 9.5ms
[2022-08-29T19:56:20.747-0800][gc,phases     ] GC(64)   Post Evacuate Collection Set: 1.7ms
[2022-08-29T19:56:20.747-0800][gc,phases     ] GC(64)   Other: 2.0ms
[2022-08-29T19:56:20.747-0800][gc,heap       ] GC(64) Eden regions: 255->0(255)
[2022-08-29T19:56:20.747-0800][gc,heap       ] GC(64) Survivor regions: 1->1(32)
[2022-08-29T19:56:20.747-0800][gc,heap       ] GC(64) Old regions: 38->38
[2022-08-29T19:56:20.747-0800][gc,heap       ] GC(64) Humongous regions: 20->20
[2022-08-29T19:56:20.747-0800][gc,metaspace  ] GC(64) Metaspace: 79576K->79576K(1122304K)
[2022-08-29T19:56:20.747-0800][gc            ] GC(64) Pause Young (Normal) (G1 Evacuation Pause) 313M->58M(512M) 13.841ms
[2022-08-29T19:56:20.747-0800][gc,cpu        ] GC(64) User=0.04s Sys=0.02s Real=0.01s
[2022-08-29T20:14:31.282-0800][gc,start      ] GC(65) Pause Young (Normal) (G1 Evacuation Pause)
[2022-08-29T20:14:31.283-0800][gc,task       ] GC(65) Using 8 workers of 8 for evacuation
[2022-08-29T20:14:31.295-0800][gc,phases     ] GC(65)   Pre Evacuate Collection Set: 0.4ms
[2022-08-29T20:14:31.295-0800][gc,phases     ] GC(65)   Evacuate Collection Set: 8.9ms
[2022-08-29T20:14:31.295-0800][gc,phases     ] GC(65)   Post Evacuate Collection Set: 1.8ms
[2022-08-29T20:14:31.295-0800][gc,phases     ] GC(65)   Other: 3.6ms
[2022-08-29T20:14:31.295-0800][gc,heap       ] GC(65) Eden regions: 255->0(255)
[2022-08-29T20:14:31.295-0800][gc,heap       ] GC(65) Survivor regions: 1->1(32)
[2022-08-29T20:14:31.295-0800][gc,heap       ] GC(65) Old regions: 38->38
[2022-08-29T20:14:31.295-0800][gc,heap       ] GC(65) Humongous regions: 20->20
[2022-08-29T20:14:31.295-0800][gc,metaspace  ] GC(65) Metaspace: 79577K->79577K(1122304K)
[2022-08-29T20:14:31.295-0800][gc            ] GC(65) Pause Young (Normal) (G1 Evacuation Pause) 313M->58M(512M) 13.231ms
[2022-08-29T20:14:31.295-0800][gc,cpu        ] GC(65) User=0.03s Sys=0.03s Real=0.01s
[2022-08-29T20:32:41.208-0800][gc,start      ] GC(66) Pause Young (Normal) (G1 Evacuation Pause)
[2022-08-29T20:32:41.210-0800][gc,task       ] GC(66) Using 8 workers of 8 for evacuation
[2022-08-29T20:32:41.221-0800][gc,phases     ] GC(66)   Pre Evacuate Collection Set: 0.2ms
[2022-08-29T20:32:41.221-0800][gc,phases     ] GC(66)   Evacuate Collection Set: 8.7ms
[2022-08-29T20:32:41.221-0800][gc,phases     ] GC(66)   Post Evacuate Collection Set: 2.0ms
[2022-08-29T20:32:41.221-0800][gc,phases     ] GC(66)   Other: 2.6ms
[2022-08-29T20:32:41.222-0800][gc,heap       ] GC(66) Eden regions: 255->0(255)
[2022-08-29T20:32:41.222-0800][gc,heap       ] GC(66) Survivor regions: 1->1(32)
[2022-08-29T20:32:41.222-0800][gc,heap       ] GC(66) Old regions: 38->38
[2022-08-29T20:32:41.222-0800][gc,heap       ] GC(66) Humongous regions: 20->20
[2022-08-29T20:32:41.222-0800][gc,metaspace  ] GC(66) Metaspace: 79577K->79577K(1122304K)
[2022-08-29T20:32:41.222-0800][gc            ] GC(66) Pause Young (Normal) (G1 Evacuation Pause) 313M->58M(512M) 13.833ms
[2022-08-29T20:32:41.222-0800][gc,cpu        ] GC(66) User=0.01s Sys=0.00s Real=0.02s
[2022-08-29T20:50:51.261-0800][gc,start      ] GC(67) Pause Young (Normal) (G1 Evacuation Pause)
[2022-08-29T20:50:51.263-0800][gc,task       ] GC(67) Using 8 workers of 8 for evacuation
[2022-08-29T20:50:51.279-0800][gc,phases     ] GC(67)   Pre Evacuate Collection Set: 0.6ms
[2022-08-29T20:50:51.279-0800][gc,phases     ] GC(67)   Evacuate Collection Set: 12.3ms
[2022-08-29T20:50:51.279-0800][gc,phases     ] GC(67)   Post Evacuate Collection Set: 2.2ms
[2022-08-29T20:50:51.279-0800][gc,phases     ] GC(67)   Other: 3.4ms
[2022-08-29T20:50:51.280-0800][gc,heap       ] GC(67) Eden regions: 255->0(255)
[2022-08-29T20:50:51.280-0800][gc,heap       ] GC(67) Survivor regions: 1->1(32)
[2022-08-29T20:50:51.280-0800][gc,heap       ] GC(67) Old regions: 38->38
[2022-08-29T20:50:51.280-0800][gc,heap       ] GC(67) Humongous regions: 20->20
[2022-08-29T20:50:51.280-0800][gc,metaspace  ] GC(67) Metaspace: 79578K->79578K(1122304K)
[2022-08-29T20:50:51.280-0800][gc            ] GC(67) Pause Young (Normal) (G1 Evacuation Pause) 313M->58M(512M) 18.632ms
[2022-08-29T20:50:51.280-0800][gc,cpu        ] GC(67) User=0.02s Sys=0.01s Real=0.02s
[2022-08-29T21:09:01.530-0800][gc,start      ] GC(68) Pause Young (Normal) (G1 Evacuation Pause)
[2022-08-29T21:09:01.532-0800][gc,task       ] GC(68) Using 8 workers of 8 for evacuation
[2022-08-29T21:09:01.550-0800][gc,phases     ] GC(68)   Pre Evacuate Collection Set: 0.7ms
[2022-08-29T21:09:01.550-0800][gc,phases     ] GC(68)   Evacuate Collection Set: 13.8ms
[2022-08-29T21:09:01.550-0800][gc,phases     ] GC(68)   Post Evacuate Collection Set: 2.0ms
[2022-08-29T21:09:01.550-0800][gc,phases     ] GC(68)   Other: 4.0ms
[2022-08-29T21:09:01.550-0800][gc,heap       ] GC(68) Eden regions: 255->0(255)
[2022-08-29T21:09:01.550-0800][gc,heap       ] GC(68) Survivor regions: 1->1(32)
[2022-08-29T21:09:01.550-0800][gc,heap       ] GC(68) Old regions: 38->38
[2022-08-29T21:09:01.550-0800][gc,heap       ] GC(68) Humongous regions: 20->20
[2022-08-29T21:09:01.550-0800][gc,metaspace  ] GC(68) Metaspace: 79578K->79578K(1122304K)
[2022-08-29T21:09:01.551-0800][gc            ] GC(68) Pause Young (Normal) (G1 Evacuation Pause) 313M->58M(512M) 20.507ms
[2022-08-29T21:09:01.551-0800][gc,cpu        ] GC(68) User=0.02s Sys=0.01s Real=0.02s
[2022-08-29T21:27:14.871-0800][gc,start      ] GC(69) Pause Young (Normal) (G1 Evacuation Pause)
[2022-08-29T21:27:14.873-0800][gc,task       ] GC(69) Using 8 workers of 8 for evacuation
[2022-08-29T21:27:14.889-0800][gc,phases     ] GC(69)   Pre Evacuate Collection Set: 0.5ms
[2022-08-29T21:27:14.889-0800][gc,phases     ] GC(69)   Evacuate Collection Set: 11.5ms
[2022-08-29T21:27:14.889-0800][gc,phases     ] GC(69)   Post Evacuate Collection Set: 2.4ms
[2022-08-29T21:27:14.889-0800][gc,phases     ] GC(69)   Other: 3.4ms
[2022-08-29T21:27:14.889-0800][gc,heap       ] GC(69) Eden regions: 255->0(255)
[2022-08-29T21:27:14.889-0800][gc,heap       ] GC(69) Survivor regions: 1->1(32)
[2022-08-29T21:27:14.889-0800][gc,heap       ] GC(69) Old regions: 38->38
[2022-08-29T21:27:14.889-0800][gc,heap       ] GC(69) Humongous regions: 20->20
[2022-08-29T21:27:14.889-0800][gc,metaspace  ] GC(69) Metaspace: 79582K->79582K(1122304K)
[2022-08-29T21:27:14.890-0800][gc            ] GC(69) Pause Young (Normal) (G1 Evacuation Pause) 313M->58M(512M) 18.159ms
[2022-08-29T21:27:14.890-0800][gc,cpu        ] GC(69) User=0.03s Sys=0.02s Real=0.02s
[2022-08-29T21:45:24.904-0800][gc,start      ] GC(70) Pause Young (Normal) (G1 Evacuation Pause)
[2022-08-29T21:45:24.906-0800][gc,task       ] GC(70) Using 8 workers of 8 for evacuation
[2022-08-29T21:45:24.923-0800][gc,phases     ] GC(70)   Pre Evacuate Collection Set: 0.5ms
[2022-08-29T21:45:24.923-0800][gc,phases     ] GC(70)   Evacuate Collection Set: 13.6ms
[2022-08-29T21:45:24.923-0800][gc,phases     ] GC(70)   Post Evacuate Collection Set: 1.9ms
[2022-08-29T21:45:24.923-0800][gc,phases     ] GC(70)   Other: 2.7ms
[2022-08-29T21:45:24.923-0800][gc,heap       ] GC(70) Eden regions: 255->0(255)
[2022-08-29T21:45:24.923-0800][gc,heap       ] GC(70) Survivor regions: 1->1(32)
[2022-08-29T21:45:24.923-0800][gc,heap       ] GC(70) Old regions: 38->38
[2022-08-29T21:45:24.923-0800][gc,heap       ] GC(70) Humongous regions: 20->20
[2022-08-29T21:45:24.923-0800][gc,metaspace  ] GC(70) Metaspace: 79582K->79582K(1122304K)
[2022-08-29T21:45:24.923-0800][gc            ] GC(70) Pause Young (Normal) (G1 Evacuation Pause) 313M->58M(512M) 18.798ms
[2022-08-29T21:45:24.923-0800][gc,cpu        ] GC(70) User=0.03s Sys=0.02s Real=0.02s
[2022-08-29T22:03:55.753-0800][gc,start      ] GC(71) Pause Young (Normal) (G1 Evacuation Pause)
[2022-08-29T22:03:55.754-0800][gc,task       ] GC(71) Using 8 workers of 8 for evacuation
[2022-08-29T22:03:55.772-0800][gc,phases     ] GC(71)   Pre Evacuate Collection Set: 0.5ms
[2022-08-29T22:03:55.772-0800][gc,phases     ] GC(71)   Evacuate Collection Set: 13.3ms
[2022-08-29T22:03:55.772-0800][gc,phases     ] GC(71)   Post Evacuate Collection Set: 3.2ms
[2022-08-29T22:03:55.772-0800][gc,phases     ] GC(71)   Other: 1.9ms
[2022-08-29T22:03:55.772-0800][gc,heap       ] GC(71) Eden regions: 255->0(255)
[2022-08-29T22:03:55.772-0800][gc,heap       ] GC(71) Survivor regions: 1->1(32)
[2022-08-29T22:03:55.772-0800][gc,heap       ] GC(71) Old regions: 38->38
[2022-08-29T22:03:55.772-0800][gc,heap       ] GC(71) Humongous regions: 20->20
[2022-08-29T22:03:55.772-0800][gc,metaspace  ] GC(71) Metaspace: 79583K->79583K(1122304K)
[2022-08-29T22:03:55.773-0800][gc            ] GC(71) Pause Young (Normal) (G1 Evacuation Pause) 313M->58M(512M) 19.092ms
[2022-08-29T22:03:55.773-0800][gc,cpu        ] GC(71) User=0.02s Sys=0.03s Real=0.02s
[2022-08-29T22:32:48.325-0800][gc,start      ] GC(72) Pause Young (Normal) (G1 Evacuation Pause)
[2022-08-29T22:32:48.326-0800][gc,task       ] GC(72) Using 8 workers of 8 for evacuation
[2022-08-29T22:32:48.338-0800][gc,phases     ] GC(72)   Pre Evacuate Collection Set: 0.6ms
[2022-08-29T22:32:48.338-0800][gc,phases     ] GC(72)   Evacuate Collection Set: 8.2ms
[2022-08-29T22:32:48.338-0800][gc,phases     ] GC(72)   Post Evacuate Collection Set: 1.6ms
[2022-08-29T22:32:48.338-0800][gc,phases     ] GC(72)   Other: 2.3ms
[2022-08-29T22:32:48.338-0800][gc,heap       ] GC(72) Eden regions: 255->0(255)
[2022-08-29T22:32:48.338-0800][gc,heap       ] GC(72) Survivor regions: 1->1(32)
[2022-08-29T22:32:48.338-0800][gc,heap       ] GC(72) Old regions: 38->38
[2022-08-29T22:32:48.338-0800][gc,heap       ] GC(72) Humongous regions: 20->20
[2022-08-29T22:32:48.338-0800][gc,metaspace  ] GC(72) Metaspace: 79657K->79657K(1122304K)
[2022-08-29T22:32:48.338-0800][gc            ] GC(72) Pause Young (Normal) (G1 Evacuation Pause) 313M->58M(512M) 12.955ms
[2022-08-29T22:32:48.339-0800][gc,cpu        ] GC(72) User=0.02s Sys=0.02s Real=0.01s
[2022-08-29T22:50:57.576-0800][gc,start      ] GC(73) Pause Young (Normal) (G1 Evacuation Pause)
[2022-08-29T22:50:57.577-0800][gc,task       ] GC(73) Using 8 workers of 8 for evacuation
[2022-08-29T22:50:57.603-0800][gc,phases     ] GC(73)   Pre Evacuate Collection Set: 0.3ms
[2022-08-29T22:50:57.603-0800][gc,phases     ] GC(73)   Evacuate Collection Set: 21.4ms
[2022-08-29T22:50:57.603-0800][gc,phases     ] GC(73)   Post Evacuate Collection Set: 3.5ms
[2022-08-29T22:50:57.604-0800][gc,phases     ] GC(73)   Other: 1.7ms
[2022-08-29T22:50:57.604-0800][gc,heap       ] GC(73) Eden regions: 255->0(255)
[2022-08-29T22:50:57.604-0800][gc,heap       ] GC(73) Survivor regions: 1->1(32)
[2022-08-29T22:50:57.604-0800][gc,heap       ] GC(73) Old regions: 38->38
[2022-08-29T22:50:57.604-0800][gc,heap       ] GC(73) Humongous regions: 20->20
[2022-08-29T22:50:57.604-0800][gc,metaspace  ] GC(73) Metaspace: 79657K->79657K(1122304K)
[2022-08-29T22:50:57.604-0800][gc            ] GC(73) Pause Young (Normal) (G1 Evacuation Pause) 313M->58M(512M) 27.257ms
[2022-08-29T22:50:57.604-0800][gc,cpu        ] GC(73) User=0.01s Sys=0.02s Real=0.03s
[2022-08-29T23:09:07.885-0800][gc,start      ] GC(74) Pause Young (Normal) (G1 Evacuation Pause)
[2022-08-29T23:09:07.885-0800][gc,task       ] GC(74) Using 8 workers of 8 for evacuation
[2022-08-29T23:09:07.933-0800][gc,phases     ] GC(74)   Pre Evacuate Collection Set: 0.9ms
[2022-08-29T23:09:07.949-0800][gc,phases     ] GC(74)   Evacuate Collection Set: 40.4ms
[2022-08-29T23:09:07.949-0800][gc,phases     ] GC(74)   Post Evacuate Collection Set: 3.9ms
[2022-08-29T23:09:07.949-0800][gc,phases     ] GC(74)   Other: 3.4ms
[2022-08-29T23:09:07.949-0800][gc,heap       ] GC(74) Eden regions: 255->0(255)
[2022-08-29T23:09:07.949-0800][gc,heap       ] GC(74) Survivor regions: 1->1(32)
[2022-08-29T23:09:07.949-0800][gc,heap       ] GC(74) Old regions: 38->38
[2022-08-29T23:09:07.949-0800][gc,heap       ] GC(74) Humongous regions: 20->20
[2022-08-29T23:09:07.949-0800][gc,metaspace  ] GC(74) Metaspace: 79657K->79657K(1122304K)
[2022-08-29T23:09:07.949-0800][gc            ] GC(74) Pause Young (Normal) (G1 Evacuation Pause) 313M->58M(512M) 64.264ms
[2022-08-29T23:09:07.949-0800][gc,cpu        ] GC(74) User=0.02s Sys=0.06s Real=0.06s
[2022-08-29T23:27:16.107-0800][gc,start      ] GC(75) Pause Young (Normal) (G1 Evacuation Pause)
[2022-08-29T23:27:16.109-0800][gc,task       ] GC(75) Using 8 workers of 8 for evacuation
[2022-08-29T23:27:16.142-0800][gc,phases     ] GC(75)   Pre Evacuate Collection Set: 0.9ms
[2022-08-29T23:27:16.142-0800][gc,phases     ] GC(75)   Evacuate Collection Set: 26.2ms
[2022-08-29T23:27:16.142-0800][gc,phases     ] GC(75)   Post Evacuate Collection Set: 2.8ms
[2022-08-29T23:27:16.142-0800][gc,phases     ] GC(75)   Other: 4.5ms
[2022-08-29T23:27:16.142-0800][gc,heap       ] GC(75) Eden regions: 255->0(255)
[2022-08-29T23:27:16.142-0800][gc,heap       ] GC(75) Survivor regions: 1->1(32)
[2022-08-29T23:27:16.142-0800][gc,heap       ] GC(75) Old regions: 38->38
[2022-08-29T23:27:16.142-0800][gc,heap       ] GC(75) Humongous regions: 20->20
[2022-08-29T23:27:16.142-0800][gc,metaspace  ] GC(75) Metaspace: 79670K->79670K(1122304K)
[2022-08-29T23:27:16.142-0800][gc            ] GC(75) Pause Young (Normal) (G1 Evacuation Pause) 313M->58M(512M) 34.578ms
[2022-08-29T23:27:16.142-0800][gc,cpu        ] GC(75) User=0.02s Sys=0.02s Real=0.04s
[2022-08-29T23:45:16.862-0800][gc,start      ] GC(76) Pause Young (Normal) (G1 Evacuation Pause)
[2022-08-29T23:45:16.863-0800][gc,task       ] GC(76) Using 8 workers of 8 for evacuation
[2022-08-29T23:45:16.882-0800][gc,phases     ] GC(76)   Pre Evacuate Collection Set: 0.4ms
[2022-08-29T23:45:16.882-0800][gc,phases     ] GC(76)   Evacuate Collection Set: 16.8ms
[2022-08-29T23:45:16.882-0800][gc,phases     ] GC(76)   Post Evacuate Collection Set: 1.3ms
[2022-08-29T23:45:16.882-0800][gc,phases     ] GC(76)   Other: 1.3ms
[2022-08-29T23:45:16.882-0800][gc,heap       ] GC(76) Eden regions: 255->0(255)
[2022-08-29T23:45:16.882-0800][gc,heap       ] GC(76) Survivor regions: 1->1(32)
[2022-08-29T23:45:16.882-0800][gc,heap       ] GC(76) Old regions: 38->38
[2022-08-29T23:45:16.882-0800][gc,heap       ] GC(76) Humongous regions: 20->20
[2022-08-29T23:45:16.882-0800][gc,metaspace  ] GC(76) Metaspace: 79671K->79671K(1122304K)
[2022-08-29T23:45:16.882-0800][gc            ] GC(76) Pause Young (Normal) (G1 Evacuation Pause) 313M->58M(512M) 19.873ms
[2022-08-29T23:45:16.882-0800][gc,cpu        ] GC(76) User=0.01s Sys=0.01s Real=0.02s
