[2022-09-13T08:13:45.629-0800][gc,phases     ] GC(87)   Pre Evacuate Collection Set: 0.7ms
[2022-09-13T08:13:45.629-0800][gc,phases     ] GC(87)   Evacuate Collection Set: 10.3ms
[2022-09-13T08:13:45.629-0800][gc,phases     ] GC(87)   Post Evacuate Collection Set: 3.1ms
[2022-09-13T08:13:45.629-0800][gc,phases     ] GC(87)   Other: 16.4ms
[2022-09-13T08:13:45.629-0800][gc,heap       ] GC(87) Eden regions: 255->0(255)
[2022-09-13T08:13:45.629-0800][gc,heap       ] GC(87) Survivor regions: 1->1(32)
[2022-09-13T08:13:45.629-0800][gc,heap       ] GC(87) Old regions: 38->38
[2022-09-13T08:13:45.629-0800][gc,heap       ] GC(87) Humongous regions: 14->14
[2022-09-13T08:13:45.629-0800][gc,metaspace  ] GC(87) Metaspace: 79821K->79821K(1122304K)
[2022-09-13T08:13:45.630-0800][gc            ] GC(87) Pause Young (Normal) (G1 Evacuation Pause) 307M->52M(512M) 31.506ms
[2022-09-13T08:13:45.630-0800][gc,cpu        ] GC(87) User=0.03s Sys=0.02s Real=0.04s
[2022-09-13T08:32:47.286-0800][gc,start      ] GC(88) Pause Young (Normal) (G1 Evacuation Pause)
[2022-09-13T08:32:47.287-0800][gc,task       ] GC(88) Using 8 workers of 8 for evacuation
[2022-09-13T08:32:47.303-0800][gc,phases     ] GC(88)   Pre Evacuate Collection Set: 0.8ms
[2022-09-13T08:32:47.303-0800][gc,phases     ] GC(88)   Evacuate Collection Set: 10.5ms
[2022-09-13T08:32:47.303-0800][gc,phases     ] GC(88)   Post Evacuate Collection Set: 3.8ms
[2022-09-13T08:32:47.303-0800][gc,phases     ] GC(88)   Other: 2.2ms
[2022-09-13T08:32:47.303-0800][gc,heap       ] GC(88) Eden regions: 255->0(255)
[2022-09-13T08:32:47.303-0800][gc,heap       ] GC(88) Survivor regions: 1->1(32)
[2022-09-13T08:32:47.303-0800][gc,heap       ] GC(88) Old regions: 38->38
[2022-09-13T08:32:47.303-0800][gc,heap       ] GC(88) Humongous regions: 14->14
[2022-09-13T08:32:47.303-0800][gc,metaspace  ] GC(88) Metaspace: 79821K->79821K(1122304K)
[2022-09-13T08:32:47.303-0800][gc            ] GC(88) Pause Young (Normal) (G1 Evacuation Pause) 307M->52M(512M) 17.460ms
[2022-09-13T08:32:47.303-0800][gc,cpu        ] GC(88) User=0.01s Sys=0.02s Real=0.02s
[2022-09-13T08:51:49.539-0800][gc,start      ] GC(89) Pause Young (Normal) (G1 Evacuation Pause)
[2022-09-13T08:51:49.540-0800][gc,task       ] GC(89) Using 8 workers of 8 for evacuation
[2022-09-13T08:51:49.555-0800][gc,phases     ] GC(89)   Pre Evacuate Collection Set: 1.1ms
[2022-09-13T08:51:49.555-0800][gc,phases     ] GC(89)   Evacuate Collection Set: 9.9ms
[2022-09-13T08:51:49.555-0800][gc,phases     ] GC(89)   Post Evacuate Collection Set: 2.8ms
[2022-09-13T08:51:49.555-0800][gc,phases     ] GC(89)   Other: 2.3ms
[2022-09-13T08:51:49.555-0800][gc,heap       ] GC(89) Eden regions: 255->0(255)
[2022-09-13T08:51:49.555-0800][gc,heap       ] GC(89) Survivor regions: 1->1(32)
[2022-09-13T08:51:49.555-0800][gc,heap       ] GC(89) Old regions: 38->38
[2022-09-13T08:51:49.555-0800][gc,heap       ] GC(89) Humongous regions: 14->14
[2022-09-13T08:51:49.555-0800][gc,metaspace  ] GC(89) Metaspace: 79821K->79821K(1122304K)
[2022-09-13T08:51:49.555-0800][gc            ] GC(89) Pause Young (Normal) (G1 Evacuation Pause) 307M->52M(512M) 16.406ms
[2022-09-13T08:51:49.556-0800][gc,cpu        ] GC(89) User=0.01s Sys=0.01s Real=0.02s
[2022-09-13T09:10:53.642-0800][gc,start      ] GC(90) Pause Young (Normal) (G1 Evacuation Pause)
[2022-09-13T09:10:53.643-0800][gc,task       ] GC(90) Using 8 workers of 8 for evacuation
[2022-09-13T09:10:53.669-0800][gc,phases     ] GC(90)   Pre Evacuate Collection Set: 1.2ms
[2022-09-13T09:10:53.669-0800][gc,phases     ] GC(90)   Evacuate Collection Set: 13.7ms
[2022-09-13T09:10:53.669-0800][gc,phases     ] GC(90)   Post Evacuate Collection Set: 4.2ms
[2022-09-13T09:10:53.669-0800][gc,phases     ] GC(90)   Other: 10.8ms
[2022-09-13T09:10:53.669-0800][gc,heap       ] GC(90) Eden regions: 255->0(255)
[2022-09-13T09:10:53.669-0800][gc,heap       ] GC(90) Survivor regions: 1->1(32)
[2022-09-13T09:10:53.669-0800][gc,heap       ] GC(90) Old regions: 38->38
[2022-09-13T09:10:53.669-0800][gc,heap       ] GC(90) Humongous regions: 14->14
[2022-09-13T09:10:53.669-0800][gc,metaspace  ] GC(90) Metaspace: 79821K->79821K(1122304K)
[2022-09-13T09:10:53.670-0800][gc            ] GC(90) Pause Young (Normal) (G1 Evacuation Pause) 307M->52M(512M) 28.005ms
[2022-09-13T09:10:53.670-0800][gc,cpu        ] GC(90) User=0.01s Sys=0.03s Real=0.03s
[2022-09-13T09:29:55.249-0800][gc,start      ] GC(91) Pause Young (Normal) (G1 Evacuation Pause)
[2022-09-13T09:29:55.251-0800][gc,task       ] GC(91) Using 8 workers of 8 for evacuation
[2022-09-13T09:29:55.273-0800][gc,phases     ] GC(91)   Pre Evacuate Collection Set: 3.8ms
[2022-09-13T09:29:55.273-0800][gc,phases     ] GC(91)   Evacuate Collection Set: 7.8ms
[2022-09-13T09:29:55.273-0800][gc,phases     ] GC(91)   Post Evacuate Collection Set: 4.4ms
[2022-09-13T09:29:55.273-0800][gc,phases     ] GC(91)   Other: 12.1ms
[2022-09-13T09:29:55.274-0800][gc,heap       ] GC(91) Eden regions: 255->0(255)
[2022-09-13T09:29:55.274-0800][gc,heap       ] GC(91) Survivor regions: 1->1(32)
[2022-09-13T09:29:55.274-0800][gc,heap       ] GC(91) Old regions: 38->38
[2022-09-13T09:29:55.274-0800][gc,heap       ] GC(91) Humongous regions: 14->14
[2022-09-13T09:29:55.274-0800][gc,metaspace  ] GC(91) Metaspace: 79821K->79821K(1122304K)
[2022-09-13T09:29:55.274-0800][gc            ] GC(91) Pause Young (Normal) (G1 Evacuation Pause) 307M->52M(512M) 25.335ms
[2022-09-13T09:29:55.274-0800][gc,cpu        ] GC(91) User=0.00s Sys=0.02s Real=0.03s
[2022-09-13T09:38:50.700-0800][gc,heap,exit  ] Heap
[2022-09-13T09:38:50.702-0800][gc,heap,exit  ]  garbage-first heap   total 524288K, used 135647K [0x00000007e0000000, 0x0000000800000000)
[2022-09-13T09:38:50.703-0800][gc,heap,exit  ]   region size 1024K, 82 young (83968K), 1 survivors (1024K)
[2022-09-13T09:38:50.703-0800][gc,heap,exit  ]  Metaspace       used 80004K, capacity 82319K, committed 82428K, reserved 1122304K
[2022-09-13T09:38:50.704-0800][gc,heap,exit  ]   class space    used 8952K, capacity 10093K, committed 10112K, reserved 1048576K
