[2022-08-25T09:10:33.687-0800][gc,heap] Heap region size: 1M
[2022-08-25T09:10:33.690-0800][gc     ] Using G1
[2022-08-25T09:10:33.690-0800][gc,heap,coops] Heap address: 0x00000007e0000000, size: 512 MB, Compressed Oops mode: Zero based, Oop shift amount: 3
[2022-08-25T09:10:36.405-0800][gc,start     ] GC(0) Pause Young (Concurrent Start) (Metadata GC Threshold)
[2022-08-25T09:10:36.406-0800][gc,task      ] GC(0) Using 8 workers of 8 for evacuation
[2022-08-25T09:10:36.422-0800][gc,phases    ] GC(0)   Pre Evacuate Collection Set: 0.0ms
[2022-08-25T09:10:36.422-0800][gc,phases    ] GC(0)   Evacuate Collection Set: 15.2ms
[2022-08-25T09:10:36.422-0800][gc,phases    ] GC(0)   Post Evacuate Collection Set: 0.7ms
[2022-08-25T09:10:36.422-0800][gc,phases    ] GC(0)   Other: 0.8ms
[2022-08-25T09:10:36.422-0800][gc,heap      ] GC(0) Eden regions: 149->0(250)
[2022-08-25T09:10:36.422-0800][gc,heap      ] GC(0) Survivor regions: 0->6(32)
[2022-08-25T09:10:36.422-0800][gc,heap      ] GC(0) Old regions: 0->0
[2022-08-25T09:10:36.422-0800][gc,heap      ] GC(0) Humongous regions: 0->0
[2022-08-25T09:10:36.422-0800][gc,metaspace ] GC(0) Metaspace: 20716K->20716K(1069056K)
[2022-08-25T09:10:36.422-0800][gc           ] GC(0) Pause Young (Concurrent Start) (Metadata GC Threshold) 149M->5M(512M) 16.824ms
[2022-08-25T09:10:36.422-0800][gc,cpu       ] GC(0) User=0.06s Sys=0.01s Real=0.02s
[2022-08-25T09:10:36.422-0800][gc           ] GC(1) Concurrent Cycle
[2022-08-25T09:10:36.423-0800][gc,marking   ] GC(1) Concurrent Clear Claimed Marks
[2022-08-25T09:10:36.423-0800][gc,marking   ] GC(1) Concurrent Clear Claimed Marks 0.015ms
[2022-08-25T09:10:36.423-0800][gc,marking   ] GC(1) Concurrent Scan Root Regions
[2022-08-25T09:10:36.424-0800][gc,marking   ] GC(1) Concurrent Scan Root Regions 1.688ms
[2022-08-25T09:10:36.424-0800][gc,marking   ] GC(1) Concurrent Mark (2.745s)
[2022-08-25T09:10:36.424-0800][gc,marking   ] GC(1) Concurrent Mark From Roots
[2022-08-25T09:10:36.424-0800][gc,task      ] GC(1) Using 2 workers of 2 for marking
[2022-08-25T09:10:36.424-0800][gc,marking   ] GC(1) Concurrent Mark From Roots 0.112ms
[2022-08-25T09:10:36.424-0800][gc,marking   ] GC(1) Concurrent Preclean
[2022-08-25T09:10:36.424-0800][gc,marking   ] GC(1) Concurrent Preclean 0.025ms
[2022-08-25T09:10:36.424-0800][gc,marking   ] GC(1) Concurrent Mark (2.745s, 2.745s) 0.168ms
[2022-08-25T09:10:36.425-0800][gc,start     ] GC(1) Pause Remark
[2022-08-25T09:10:36.429-0800][gc,stringtable] GC(1) Cleaned string and symbol table, strings: 7525 processed, 0 removed, symbols: 68072 processed, 81 removed
[2022-08-25T09:10:36.429-0800][gc            ] GC(1) Pause Remark 6M->6M(512M) 4.328ms
[2022-08-25T09:10:36.429-0800][gc,cpu        ] GC(1) User=0.00s Sys=0.00s Real=0.00s
[2022-08-25T09:10:36.429-0800][gc,marking    ] GC(1) Concurrent Rebuild Remembered Sets
[2022-08-25T09:10:36.429-0800][gc,marking    ] GC(1) Concurrent Rebuild Remembered Sets 0.128ms
[2022-08-25T09:10:36.430-0800][gc,start      ] GC(1) Pause Cleanup
[2022-08-25T09:10:36.430-0800][gc            ] GC(1) Pause Cleanup 6M->6M(512M) 0.088ms
[2022-08-25T09:10:36.430-0800][gc,cpu        ] GC(1) User=0.00s Sys=0.00s Real=0.00s
[2022-08-25T09:10:36.430-0800][gc,marking    ] GC(1) Concurrent Cleanup for Next Mark
[2022-08-25T09:10:36.440-0800][gc,marking    ] GC(1) Concurrent Cleanup for Next Mark 9.959ms
[2022-08-25T09:10:36.441-0800][gc            ] GC(1) Concurrent Cycle 18.374ms
[2022-08-25T09:10:39.171-0800][gc,start      ] GC(2) Pause Young (Normal) (G1 Evacuation Pause)
[2022-08-25T09:10:39.184-0800][gc,task       ] GC(2) Using 8 workers of 8 for evacuation
[2022-08-25T09:10:39.202-0800][gc,phases     ] GC(2)   Pre Evacuate Collection Set: 0.0ms
[2022-08-25T09:10:39.202-0800][gc,phases     ] GC(2)   Evacuate Collection Set: 17.5ms
[2022-08-25T09:10:39.202-0800][gc,phases     ] GC(2)   Post Evacuate Collection Set: 0.6ms
[2022-08-25T09:10:39.202-0800][gc,phases     ] GC(2)   Other: 12.6ms
[2022-08-25T09:10:39.202-0800][gc,heap       ] GC(2) Eden regions: 250->0(245)
[2022-08-25T09:10:39.202-0800][gc,heap       ] GC(2) Survivor regions: 6->11(32)
[2022-08-25T09:10:39.203-0800][gc,heap       ] GC(2) Old regions: 0->0
[2022-08-25T09:10:39.203-0800][gc,heap       ] GC(2) Humongous regions: 0->0
[2022-08-25T09:10:39.203-0800][gc,metaspace  ] GC(2) Metaspace: 30175K->30175K(1077248K)
[2022-08-25T09:10:39.203-0800][gc            ] GC(2) Pause Young (Normal) (G1 Evacuation Pause) 255M->10M(512M) 31.271ms
[2022-08-25T09:10:39.203-0800][gc,cpu        ] GC(2) User=0.10s Sys=0.03s Real=0.03s
[2022-08-25T09:10:42.402-0800][gc,start      ] GC(3) Pause Young (Normal) (G1 Evacuation Pause)
[2022-08-25T09:10:42.402-0800][gc,task       ] GC(3) Using 8 workers of 8 for evacuation
[2022-08-25T09:10:42.427-0800][gc,phases     ] GC(3)   Pre Evacuate Collection Set: 0.0ms
[2022-08-25T09:10:42.427-0800][gc,phases     ] GC(3)   Evacuate Collection Set: 24.9ms
[2022-08-25T09:10:42.427-0800][gc,phases     ] GC(3)   Post Evacuate Collection Set: 0.6ms
[2022-08-25T09:10:42.427-0800][gc,phases     ] GC(3)   Other: 0.1ms
[2022-08-25T09:10:42.427-0800][gc,heap       ] GC(3) Eden regions: 245->0(242)
[2022-08-25T09:10:42.427-0800][gc,heap       ] GC(3) Survivor regions: 11->14(32)
[2022-08-25T09:10:42.427-0800][gc,heap       ] GC(3) Old regions: 0->0
[2022-08-25T09:10:42.427-0800][gc,heap       ] GC(3) Humongous regions: 0->0
[2022-08-25T09:10:42.427-0800][gc,metaspace  ] GC(3) Metaspace: 32406K->32406K(1079296K)
[2022-08-25T09:10:42.427-0800][gc            ] GC(3) Pause Young (Normal) (G1 Evacuation Pause) 255M->13M(512M) 25.683ms
[2022-08-25T09:10:42.427-0800][gc,cpu        ] GC(3) User=0.11s Sys=0.04s Real=0.02s
[2022-08-25T09:10:44.251-0800][gc,start      ] GC(4) Pause Young (Concurrent Start) (Metadata GC Threshold)
[2022-08-25T09:10:44.251-0800][gc,task       ] GC(4) Using 8 workers of 8 for evacuation
[2022-08-25T09:10:44.279-0800][gc,phases     ] GC(4)   Pre Evacuate Collection Set: 0.0ms
[2022-08-25T09:10:44.279-0800][gc,phases     ] GC(4)   Evacuate Collection Set: 27.4ms
[2022-08-25T09:10:44.279-0800][gc,phases     ] GC(4)   Post Evacuate Collection Set: 0.6ms
[2022-08-25T09:10:44.279-0800][gc,phases     ] GC(4)   Other: 0.2ms
[2022-08-25T09:10:44.279-0800][gc,heap       ] GC(4) Eden regions: 96->0(241)
[2022-08-25T09:10:44.279-0800][gc,heap       ] GC(4) Survivor regions: 14->15(32)
[2022-08-25T09:10:44.279-0800][gc,heap       ] GC(4) Old regions: 0->0
[2022-08-25T09:10:44.279-0800][gc,heap       ] GC(4) Humongous regions: 0->0
[2022-08-25T09:10:44.279-0800][gc,metaspace  ] GC(4) Metaspace: 34759K->34759K(1081344K)
[2022-08-25T09:10:44.279-0800][gc            ] GC(4) Pause Young (Concurrent Start) (Metadata GC Threshold) 108M->15M(512M) 28.313ms
[2022-08-25T09:10:44.279-0800][gc,cpu        ] GC(4) User=0.06s Sys=0.03s Real=0.02s
[2022-08-25T09:10:44.279-0800][gc            ] GC(5) Concurrent Cycle
[2022-08-25T09:10:44.279-0800][gc,marking    ] GC(5) Concurrent Clear Claimed Marks
[2022-08-25T09:10:44.279-0800][gc,marking    ] GC(5) Concurrent Clear Claimed Marks 0.030ms
[2022-08-25T09:10:44.279-0800][gc,marking    ] GC(5) Concurrent Scan Root Regions
[2022-08-25T09:10:44.284-0800][gc,marking    ] GC(5) Concurrent Scan Root Regions 4.216ms
[2022-08-25T09:10:44.284-0800][gc,marking    ] GC(5) Concurrent Mark (10.604s)
[2022-08-25T09:10:44.284-0800][gc,marking    ] GC(5) Concurrent Mark From Roots
[2022-08-25T09:10:44.284-0800][gc,task       ] GC(5) Using 2 workers of 2 for marking
[2022-08-25T09:10:44.284-0800][gc,marking    ] GC(5) Concurrent Mark From Roots 0.110ms
[2022-08-25T09:10:44.284-0800][gc,marking    ] GC(5) Concurrent Preclean
[2022-08-25T09:10:44.284-0800][gc,marking    ] GC(5) Concurrent Preclean 0.023ms
[2022-08-25T09:10:44.284-0800][gc,marking    ] GC(5) Concurrent Mark (10.604s, 10.604s) 0.167ms
[2022-08-25T09:10:44.284-0800][gc,start      ] GC(5) Pause Remark
[2022-08-25T09:10:44.290-0800][gc,stringtable] GC(5) Cleaned string and symbol table, strings: 14740 processed, 0 removed, symbols: 111100 processed, 300 removed
[2022-08-25T09:10:44.290-0800][gc            ] GC(5) Pause Remark 15M->15M(512M) 5.410ms
[2022-08-25T09:10:44.290-0800][gc,cpu        ] GC(5) User=0.01s Sys=0.01s Real=0.01s
[2022-08-25T09:10:44.290-0800][gc,marking    ] GC(5) Concurrent Rebuild Remembered Sets
[2022-08-25T09:10:44.290-0800][gc,marking    ] GC(5) Concurrent Rebuild Remembered Sets 0.037ms
[2022-08-25T09:10:44.290-0800][gc,start      ] GC(5) Pause Cleanup
[2022-08-25T09:10:44.290-0800][gc            ] GC(5) Pause Cleanup 15M->15M(512M) 0.084ms
[2022-08-25T09:10:44.290-0800][gc,cpu        ] GC(5) User=0.00s Sys=0.00s Real=0.00s
[2022-08-25T09:10:44.290-0800][gc,marking    ] GC(5) Concurrent Cleanup for Next Mark
[2022-08-25T09:10:44.292-0800][gc,marking    ] GC(5) Concurrent Cleanup for Next Mark 1.456ms
[2022-08-25T09:10:44.292-0800][gc            ] GC(5) Concurrent Cycle 12.354ms
[2022-08-25T09:10:49.045-0800][gc,start      ] GC(6) Pause Young (Normal) (G1 Evacuation Pause)
[2022-08-25T09:10:49.045-0800][gc,task       ] GC(6) Using 8 workers of 8 for evacuation
[2022-08-25T09:10:49.090-0800][gc,phases     ] GC(6)   Pre Evacuate Collection Set: 0.0ms
[2022-08-25T09:10:49.090-0800][gc,phases     ] GC(6)   Evacuate Collection Set: 44.2ms
[2022-08-25T09:10:49.090-0800][gc,phases     ] GC(6)   Post Evacuate Collection Set: 0.9ms
[2022-08-25T09:10:49.090-0800][gc,phases     ] GC(6)   Other: 0.2ms
[2022-08-25T09:10:49.090-0800][gc,heap       ] GC(6) Eden regions: 241->0(231)
[2022-08-25T09:10:49.090-0800][gc,heap       ] GC(6) Survivor regions: 15->25(32)
[2022-08-25T09:10:49.090-0800][gc,heap       ] GC(6) Old regions: 0->0
[2022-08-25T09:10:49.090-0800][gc,heap       ] GC(6) Humongous regions: 0->0
[2022-08-25T09:10:49.090-0800][gc,metaspace  ] GC(6) Metaspace: 47846K->47846K(1093632K)
[2022-08-25T09:10:49.090-0800][gc            ] GC(6) Pause Young (Normal) (G1 Evacuation Pause) 256M->24M(512M) 45.404ms
[2022-08-25T09:10:49.090-0800][gc,cpu        ] GC(6) User=0.14s Sys=0.05s Real=0.05s
[2022-08-25T09:10:52.623-0800][gc,start      ] GC(7) Pause Young (Concurrent Start) (Metadata GC Threshold)
[2022-08-25T09:10:52.623-0800][gc,task       ] GC(7) Using 8 workers of 8 for evacuation
[2022-08-25T09:10:52.674-0800][gc,phases     ] GC(7)   Pre Evacuate Collection Set: 0.0ms
[2022-08-25T09:10:52.674-0800][gc,phases     ] GC(7)   Evacuate Collection Set: 49.5ms
[2022-08-25T09:10:52.674-0800][gc,phases     ] GC(7)   Post Evacuate Collection Set: 1.0ms
[2022-08-25T09:10:52.674-0800][gc,phases     ] GC(7)   Other: 0.2ms
[2022-08-25T09:10:52.674-0800][gc,heap       ] GC(7) Eden regions: 159->0(235)
[2022-08-25T09:10:52.674-0800][gc,heap       ] GC(7) Survivor regions: 25->21(32)
[2022-08-25T09:10:52.674-0800][gc,heap       ] GC(7) Old regions: 0->10
[2022-08-25T09:10:52.674-0800][gc,heap       ] GC(7) Humongous regions: 0->0
[2022-08-25T09:10:52.674-0800][gc,metaspace  ] GC(7) Metaspace: 58437K->58437K(1101824K)
[2022-08-25T09:10:52.674-0800][gc            ] GC(7) Pause Young (Concurrent Start) (Metadata GC Threshold) 182M->30M(512M) 50.808ms
[2022-08-25T09:10:52.674-0800][gc,cpu        ] GC(7) User=0.10s Sys=0.05s Real=0.05s
[2022-08-25T09:10:52.674-0800][gc            ] GC(8) Concurrent Cycle
[2022-08-25T09:10:52.674-0800][gc,marking    ] GC(8) Concurrent Clear Claimed Marks
[2022-08-25T09:10:52.674-0800][gc,marking    ] GC(8) Concurrent Clear Claimed Marks 0.052ms
[2022-08-25T09:10:52.674-0800][gc,marking    ] GC(8) Concurrent Scan Root Regions
[2022-08-25T09:10:52.679-0800][gc,marking    ] GC(8) Concurrent Scan Root Regions 5.637ms
[2022-08-25T09:10:52.680-0800][gc,marking    ] GC(8) Concurrent Mark (19.000s)
[2022-08-25T09:10:52.680-0800][gc,marking    ] GC(8) Concurrent Mark From Roots
[2022-08-25T09:10:52.680-0800][gc,task       ] GC(8) Using 2 workers of 2 for marking
[2022-08-25T09:10:52.688-0800][gc,marking    ] GC(8) Concurrent Mark From Roots 8.696ms
[2022-08-25T09:10:52.689-0800][gc,marking    ] GC(8) Concurrent Preclean
[2022-08-25T09:10:52.689-0800][gc,marking    ] GC(8) Concurrent Preclean 0.059ms
[2022-08-25T09:10:52.689-0800][gc,marking    ] GC(8) Concurrent Mark (19.000s, 19.009s) 9.139ms
[2022-08-25T09:10:52.689-0800][gc,start      ] GC(8) Pause Remark
[2022-08-25T09:10:52.698-0800][gc,stringtable] GC(8) Cleaned string and symbol table, strings: 28950 processed, 0 removed, symbols: 169260 processed, 311 removed
[2022-08-25T09:10:52.699-0800][gc            ] GC(8) Pause Remark 32M->32M(512M) 9.384ms
[2022-08-25T09:10:52.699-0800][gc,cpu        ] GC(8) User=0.03s Sys=0.01s Real=0.01s
[2022-08-25T09:10:52.699-0800][gc,marking    ] GC(8) Concurrent Rebuild Remembered Sets
[2022-08-25T09:10:52.703-0800][gc,marking    ] GC(8) Concurrent Rebuild Remembered Sets 4.442ms
[2022-08-25T09:10:52.703-0800][gc,start      ] GC(8) Pause Cleanup
[2022-08-25T09:10:52.703-0800][gc            ] GC(8) Pause Cleanup 32M->32M(512M) 0.148ms
[2022-08-25T09:10:52.703-0800][gc,cpu        ] GC(8) User=0.00s Sys=0.00s Real=0.00s
[2022-08-25T09:10:52.704-0800][gc,marking    ] GC(8) Concurrent Cleanup for Next Mark
[2022-08-25T09:10:52.704-0800][gc,marking    ] GC(8) Concurrent Cleanup for Next Mark 0.732ms
[2022-08-25T09:10:52.704-0800][gc            ] GC(8) Concurrent Cycle 30.545ms
[2022-08-25T09:10:57.285-0800][gc,start      ] GC(9) Pause Young (Normal) (G1 Evacuation Pause)
[2022-08-25T09:10:57.286-0800][gc,task       ] GC(9) Using 8 workers of 8 for evacuation
[2022-08-25T09:10:57.305-0800][gc,phases     ] GC(9)   Pre Evacuate Collection Set: 0.0ms
[2022-08-25T09:10:57.305-0800][gc,phases     ] GC(9)   Evacuate Collection Set: 18.8ms
[2022-08-25T09:10:57.305-0800][gc,phases     ] GC(9)   Post Evacuate Collection Set: 0.7ms
[2022-08-25T09:10:57.305-0800][gc,phases     ] GC(9)   Other: 0.2ms
[2022-08-25T09:10:57.305-0800][gc,heap       ] GC(9) Eden regions: 235->0(233)
[2022-08-25T09:10:57.305-0800][gc,heap       ] GC(9) Survivor regions: 21->23(32)
[2022-08-25T09:10:57.305-0800][gc,heap       ] GC(9) Old regions: 10->13
[2022-08-25T09:10:57.305-0800][gc,heap       ] GC(9) Humongous regions: 0->0
[2022-08-25T09:10:57.305-0800][gc,metaspace  ] GC(9) Metaspace: 69642K->69642K(1112064K)
[2022-08-25T09:10:57.305-0800][gc            ] GC(9) Pause Young (Normal) (G1 Evacuation Pause) 265M->35M(512M) 19.843ms
[2022-08-25T09:10:57.305-0800][gc,cpu        ] GC(9) User=0.07s Sys=0.02s Real=0.02s
[2022-08-25T09:14:46.540-0800][gc,heap,exit  ] Heap
[2022-08-25T09:14:46.555-0800][gc,heap,exit  ]  garbage-first heap   total 524288K, used 187694K [0x00000007e0000000, 0x0000000800000000)
[2022-08-25T09:14:46.557-0800][gc,heap,exit  ]   region size 1024K, 161 young (164864K), 23 survivors (23552K)
[2022-08-25T09:14:46.558-0800][gc,heap,exit  ]  Metaspace       used 76428K, capacity 78668K, committed 78832K, reserved 1118208K
[2022-08-25T09:14:46.558-0800][gc,heap,exit  ]   class space    used 8767K, capacity 9788K, committed 9856K, reserved 1048576K
